
Warning-[LNX_OS_VERUN] Unsupported Linux version
  Linux version 'Fedora release 39 (Thirty Nine)' is not supported on 'x86_64'
  officially, assuming linux compatibility by default. Set VCS_ARCH_OVERRIDE 
  to linux or suse32 to override.
  Please refer to release notes for information on supported platforms.


Warning-[LINX_KRNL] Unsupported Linux kernel
  Linux kernel '6.8.8-200.fc39.x86_64' is not supported.
  Supported versions are 2.4* or 2.6*.

                         Chronologic VCS (TM)
            Version R-2020.12 -- Thu May  9 01:09:03 2024
               Copyright (c) 1991-2020 by Synopsys Inc.
                         ALL RIGHTS RESERVED

This program is proprietary and confidential information of Synopsys Inc.
and may be used and disclosed only as authorized in a license agreement
controlling such use and disclosure.

Parsing design file '/home/morris/uvm-1.2/src/uvm.sv'
Parsing included file '/home/morris/uvm-1.2/src/uvm_pkg.sv'.
Parsing included file '/home/morris/uvm-1.2/src/uvm_macros.svh'.
Parsing included file '/home/morris/uvm-1.2/src/macros/uvm_version_defines.svh'.
Back to file '/home/morris/uvm-1.2/src/uvm_macros.svh'.
Parsing included file '/home/morris/uvm-1.2/src/macros/uvm_global_defines.svh'.
Back to file '/home/morris/uvm-1.2/src/uvm_macros.svh'.
Parsing included file '/home/morris/uvm-1.2/src/macros/uvm_message_defines.svh'.
Back to file '/home/morris/uvm-1.2/src/uvm_macros.svh'.
Parsing included file '/home/morris/uvm-1.2/src/macros/uvm_phase_defines.svh'.
Back to file '/home/morris/uvm-1.2/src/uvm_macros.svh'.
Parsing included file '/home/morris/uvm-1.2/src/macros/uvm_object_defines.svh'.
Back to file '/home/morris/uvm-1.2/src/uvm_macros.svh'.
Parsing included file '/home/morris/uvm-1.2/src/macros/uvm_printer_defines.svh'.
Back to file '/home/morris/uvm-1.2/src/uvm_macros.svh'.
Parsing included file '/home/morris/uvm-1.2/src/macros/uvm_tlm_defines.svh'.
Parsing included file '/home/morris/uvm-1.2/src/tlm1/uvm_tlm_imps.svh'.
Back to file '/home/morris/uvm-1.2/src/macros/uvm_tlm_defines.svh'.
Back to file '/home/morris/uvm-1.2/src/uvm_macros.svh'.
Parsing included file '/home/morris/uvm-1.2/src/macros/uvm_sequence_defines.svh'.
Back to file '/home/morris/uvm-1.2/src/uvm_macros.svh'.
Parsing included file '/home/morris/uvm-1.2/src/macros/uvm_callback_defines.svh'.
Back to file '/home/morris/uvm-1.2/src/uvm_macros.svh'.
Parsing included file '/home/morris/uvm-1.2/src/macros/uvm_reg_defines.svh'.
Back to file '/home/morris/uvm-1.2/src/uvm_macros.svh'.
Parsing included file '/home/morris/uvm-1.2/src/macros/uvm_deprecated_defines.svh'.
Back to file '/home/morris/uvm-1.2/src/uvm_macros.svh'.
Back to file '/home/morris/uvm-1.2/src/uvm_pkg.sv'.
Parsing included file '/home/morris/uvm-1.2/src/dpi/uvm_dpi.svh'.
Parsing included file '/home/morris/uvm-1.2/src/dpi/uvm_hdl.svh'.
Back to file '/home/morris/uvm-1.2/src/dpi/uvm_dpi.svh'.
Parsing included file '/home/morris/uvm-1.2/src/dpi/uvm_svcmd_dpi.svh'.
Back to file '/home/morris/uvm-1.2/src/dpi/uvm_dpi.svh'.
Parsing included file '/home/morris/uvm-1.2/src/dpi/uvm_regex.svh'.
Back to file '/home/morris/uvm-1.2/src/dpi/uvm_dpi.svh'.
Back to file '/home/morris/uvm-1.2/src/uvm_pkg.sv'.
Parsing included file '/home/morris/uvm-1.2/src/base/uvm_base.svh'.
Parsing included file '/home/morris/uvm-1.2/src/base/uvm_coreservice.svh'.
Back to file '/home/morris/uvm-1.2/src/base/uvm_base.svh'.
Parsing included file '/home/morris/uvm-1.2/src/base/uvm_version.svh'.
Back to file '/home/morris/uvm-1.2/src/base/uvm_base.svh'.
Parsing included file '/home/morris/uvm-1.2/src/base/uvm_object_globals.svh'.
Back to file '/home/morris/uvm-1.2/src/base/uvm_base.svh'.
Parsing included file '/home/morris/uvm-1.2/src/base/uvm_misc.svh'.
Back to file '/home/morris/uvm-1.2/src/base/uvm_base.svh'.
Parsing included file '/home/morris/uvm-1.2/src/base/uvm_object.svh'.
Back to file '/home/morris/uvm-1.2/src/base/uvm_base.svh'.
Parsing included file '/home/morris/uvm-1.2/src/base/uvm_pool.svh'.
Back to file '/home/morris/uvm-1.2/src/base/uvm_base.svh'.
Parsing included file '/home/morris/uvm-1.2/src/base/uvm_queue.svh'.
Back to file '/home/morris/uvm-1.2/src/base/uvm_base.svh'.
Parsing included file '/home/morris/uvm-1.2/src/base/uvm_factory.svh'.
Back to file '/home/morris/uvm-1.2/src/base/uvm_base.svh'.
Parsing included file '/home/morris/uvm-1.2/src/base/uvm_registry.svh'.
Back to file '/home/morris/uvm-1.2/src/base/uvm_base.svh'.
Parsing included file '/home/morris/uvm-1.2/src/base/uvm_spell_chkr.svh'.
Back to file '/home/morris/uvm-1.2/src/base/uvm_base.svh'.
Parsing included file '/home/morris/uvm-1.2/src/base/uvm_resource.svh'.
Back to file '/home/morris/uvm-1.2/src/base/uvm_base.svh'.
Parsing included file '/home/morris/uvm-1.2/src/base/uvm_resource_specializations.svh'.
Back to file '/home/morris/uvm-1.2/src/base/uvm_base.svh'.
Parsing included file '/home/morris/uvm-1.2/src/base/uvm_resource_db.svh'.
Back to file '/home/morris/uvm-1.2/src/base/uvm_base.svh'.
Parsing included file '/home/morris/uvm-1.2/src/base/uvm_config_db.svh'.
Back to file '/home/morris/uvm-1.2/src/base/uvm_base.svh'.
Parsing included file '/home/morris/uvm-1.2/src/base/uvm_printer.svh'.
Back to file '/home/morris/uvm-1.2/src/base/uvm_base.svh'.
Parsing included file '/home/morris/uvm-1.2/src/base/uvm_comparer.svh'.
Back to file '/home/morris/uvm-1.2/src/base/uvm_base.svh'.
Parsing included file '/home/morris/uvm-1.2/src/base/uvm_packer.svh'.
Back to file '/home/morris/uvm-1.2/src/base/uvm_base.svh'.
Parsing included file '/home/morris/uvm-1.2/src/base/uvm_links.svh'.
Back to file '/home/morris/uvm-1.2/src/base/uvm_base.svh'.
Parsing included file '/home/morris/uvm-1.2/src/base/uvm_tr_database.svh'.
Back to file '/home/morris/uvm-1.2/src/base/uvm_base.svh'.
Parsing included file '/home/morris/uvm-1.2/src/base/uvm_tr_stream.svh'.
Back to file '/home/morris/uvm-1.2/src/base/uvm_base.svh'.
Parsing included file '/home/morris/uvm-1.2/src/base/uvm_recorder.svh'.
Back to file '/home/morris/uvm-1.2/src/base/uvm_base.svh'.
Parsing included file '/home/morris/uvm-1.2/src/base/uvm_event_callback.svh'.
Back to file '/home/morris/uvm-1.2/src/base/uvm_base.svh'.
Parsing included file '/home/morris/uvm-1.2/src/base/uvm_event.svh'.
Back to file '/home/morris/uvm-1.2/src/base/uvm_base.svh'.
Parsing included file '/home/morris/uvm-1.2/src/base/uvm_barrier.svh'.
Back to file '/home/morris/uvm-1.2/src/base/uvm_base.svh'.
Parsing included file '/home/morris/uvm-1.2/src/base/uvm_callback.svh'.
Back to file '/home/morris/uvm-1.2/src/base/uvm_base.svh'.
Parsing included file '/home/morris/uvm-1.2/src/base/uvm_report_message.svh'.
Back to file '/home/morris/uvm-1.2/src/base/uvm_base.svh'.
Parsing included file '/home/morris/uvm-1.2/src/base/uvm_report_catcher.svh'.
Back to file '/home/morris/uvm-1.2/src/base/uvm_base.svh'.
Parsing included file '/home/morris/uvm-1.2/src/base/uvm_report_server.svh'.
Back to file '/home/morris/uvm-1.2/src/base/uvm_base.svh'.
Parsing included file '/home/morris/uvm-1.2/src/base/uvm_report_handler.svh'.
Back to file '/home/morris/uvm-1.2/src/base/uvm_base.svh'.
Parsing included file '/home/morris/uvm-1.2/src/base/uvm_report_object.svh'.
Back to file '/home/morris/uvm-1.2/src/base/uvm_base.svh'.
Parsing included file '/home/morris/uvm-1.2/src/base/uvm_transaction.svh'.
Back to file '/home/morris/uvm-1.2/src/base/uvm_base.svh'.
Parsing included file '/home/morris/uvm-1.2/src/base/uvm_phase.svh'.
Back to file '/home/morris/uvm-1.2/src/base/uvm_base.svh'.
Parsing included file '/home/morris/uvm-1.2/src/base/uvm_domain.svh'.
Back to file '/home/morris/uvm-1.2/src/base/uvm_base.svh'.
Parsing included file '/home/morris/uvm-1.2/src/base/uvm_bottomup_phase.svh'.
Back to file '/home/morris/uvm-1.2/src/base/uvm_base.svh'.
Parsing included file '/home/morris/uvm-1.2/src/base/uvm_topdown_phase.svh'.
Back to file '/home/morris/uvm-1.2/src/base/uvm_base.svh'.
Parsing included file '/home/morris/uvm-1.2/src/base/uvm_task_phase.svh'.
Back to file '/home/morris/uvm-1.2/src/base/uvm_base.svh'.
Parsing included file '/home/morris/uvm-1.2/src/base/uvm_common_phases.svh'.
Back to file '/home/morris/uvm-1.2/src/base/uvm_base.svh'.
Parsing included file '/home/morris/uvm-1.2/src/base/uvm_runtime_phases.svh'.
Back to file '/home/morris/uvm-1.2/src/base/uvm_base.svh'.
Parsing included file '/home/morris/uvm-1.2/src/base/uvm_component.svh'.
Parsing included file '/home/morris/uvm-1.2/src/base/uvm_root.svh'.
Back to file '/home/morris/uvm-1.2/src/base/uvm_component.svh'.
Back to file '/home/morris/uvm-1.2/src/base/uvm_base.svh'.
Parsing included file '/home/morris/uvm-1.2/src/base/uvm_objection.svh'.
Back to file '/home/morris/uvm-1.2/src/base/uvm_base.svh'.
Parsing included file '/home/morris/uvm-1.2/src/base/uvm_heartbeat.svh'.
Back to file '/home/morris/uvm-1.2/src/base/uvm_base.svh'.
Parsing included file '/home/morris/uvm-1.2/src/base/uvm_globals.svh'.
Back to file '/home/morris/uvm-1.2/src/base/uvm_base.svh'.
Parsing included file '/home/morris/uvm-1.2/src/base/uvm_cmdline_processor.svh'.
Back to file '/home/morris/uvm-1.2/src/base/uvm_base.svh'.
Parsing included file '/home/morris/uvm-1.2/src/base/uvm_traversal.svh'.
Back to file '/home/morris/uvm-1.2/src/base/uvm_base.svh'.
Back to file '/home/morris/uvm-1.2/src/uvm_pkg.sv'.
Parsing included file '/home/morris/uvm-1.2/src/dap/uvm_dap.svh'.
Parsing included file '/home/morris/uvm-1.2/src/dap/uvm_set_get_dap_base.svh'.
Back to file '/home/morris/uvm-1.2/src/dap/uvm_dap.svh'.
Parsing included file '/home/morris/uvm-1.2/src/dap/uvm_simple_lock_dap.svh'.
Back to file '/home/morris/uvm-1.2/src/dap/uvm_dap.svh'.
Parsing included file '/home/morris/uvm-1.2/src/dap/uvm_get_to_lock_dap.svh'.
Back to file '/home/morris/uvm-1.2/src/dap/uvm_dap.svh'.
Parsing included file '/home/morris/uvm-1.2/src/dap/uvm_set_before_get_dap.svh'.
Back to file '/home/morris/uvm-1.2/src/dap/uvm_dap.svh'.
Back to file '/home/morris/uvm-1.2/src/uvm_pkg.sv'.
Parsing included file '/home/morris/uvm-1.2/src/tlm1/uvm_tlm.svh'.
Parsing included file '/home/morris/uvm-1.2/src/tlm1/uvm_tlm_ifs.svh'.
Back to file '/home/morris/uvm-1.2/src/tlm1/uvm_tlm.svh'.
Parsing included file '/home/morris/uvm-1.2/src/tlm1/uvm_sqr_ifs.svh'.
Back to file '/home/morris/uvm-1.2/src/tlm1/uvm_tlm.svh'.
Parsing included file '/home/morris/uvm-1.2/src/base/uvm_port_base.svh'.
Back to file '/home/morris/uvm-1.2/src/tlm1/uvm_tlm.svh'.
Parsing included file '/home/morris/uvm-1.2/src/tlm1/uvm_imps.svh'.
Back to file '/home/morris/uvm-1.2/src/tlm1/uvm_tlm.svh'.
Parsing included file '/home/morris/uvm-1.2/src/tlm1/uvm_ports.svh'.
Back to file '/home/morris/uvm-1.2/src/tlm1/uvm_tlm.svh'.
Parsing included file '/home/morris/uvm-1.2/src/tlm1/uvm_exports.svh'.
Back to file '/home/morris/uvm-1.2/src/tlm1/uvm_tlm.svh'.
Parsing included file '/home/morris/uvm-1.2/src/tlm1/uvm_analysis_port.svh'.
Back to file '/home/morris/uvm-1.2/src/tlm1/uvm_tlm.svh'.
Parsing included file '/home/morris/uvm-1.2/src/tlm1/uvm_tlm_fifo_base.svh'.
Back to file '/home/morris/uvm-1.2/src/tlm1/uvm_tlm.svh'.
Parsing included file '/home/morris/uvm-1.2/src/tlm1/uvm_tlm_fifos.svh'.
Back to file '/home/morris/uvm-1.2/src/tlm1/uvm_tlm.svh'.
Parsing included file '/home/morris/uvm-1.2/src/tlm1/uvm_tlm_req_rsp.svh'.
Back to file '/home/morris/uvm-1.2/src/tlm1/uvm_tlm.svh'.
Parsing included file '/home/morris/uvm-1.2/src/tlm1/uvm_sqr_connections.svh'.
Back to file '/home/morris/uvm-1.2/src/tlm1/uvm_tlm.svh'.
Back to file '/home/morris/uvm-1.2/src/uvm_pkg.sv'.
Parsing included file '/home/morris/uvm-1.2/src/comps/uvm_comps.svh'.
Parsing included file '/home/morris/uvm-1.2/src/comps/uvm_pair.svh'.
Back to file '/home/morris/uvm-1.2/src/comps/uvm_comps.svh'.
Parsing included file '/home/morris/uvm-1.2/src/comps/uvm_policies.svh'.
Back to file '/home/morris/uvm-1.2/src/comps/uvm_comps.svh'.
Parsing included file '/home/morris/uvm-1.2/src/comps/uvm_in_order_comparator.svh'.
Back to file '/home/morris/uvm-1.2/src/comps/uvm_comps.svh'.
Parsing included file '/home/morris/uvm-1.2/src/comps/uvm_algorithmic_comparator.svh'.
Back to file '/home/morris/uvm-1.2/src/comps/uvm_comps.svh'.
Parsing included file '/home/morris/uvm-1.2/src/comps/uvm_random_stimulus.svh'.
Back to file '/home/morris/uvm-1.2/src/comps/uvm_comps.svh'.
Parsing included file '/home/morris/uvm-1.2/src/comps/uvm_subscriber.svh'.
Back to file '/home/morris/uvm-1.2/src/comps/uvm_comps.svh'.
Parsing included file '/home/morris/uvm-1.2/src/comps/uvm_monitor.svh'.
Back to file '/home/morris/uvm-1.2/src/comps/uvm_comps.svh'.
Parsing included file '/home/morris/uvm-1.2/src/comps/uvm_driver.svh'.
Back to file '/home/morris/uvm-1.2/src/comps/uvm_comps.svh'.
Parsing included file '/home/morris/uvm-1.2/src/comps/uvm_push_driver.svh'.
Back to file '/home/morris/uvm-1.2/src/comps/uvm_comps.svh'.
Parsing included file '/home/morris/uvm-1.2/src/comps/uvm_scoreboard.svh'.
Back to file '/home/morris/uvm-1.2/src/comps/uvm_comps.svh'.
Parsing included file '/home/morris/uvm-1.2/src/comps/uvm_agent.svh'.
Back to file '/home/morris/uvm-1.2/src/comps/uvm_comps.svh'.
Parsing included file '/home/morris/uvm-1.2/src/comps/uvm_env.svh'.
Back to file '/home/morris/uvm-1.2/src/comps/uvm_comps.svh'.
Parsing included file '/home/morris/uvm-1.2/src/comps/uvm_test.svh'.
Back to file '/home/morris/uvm-1.2/src/comps/uvm_comps.svh'.
Back to file '/home/morris/uvm-1.2/src/uvm_pkg.sv'.
Parsing included file '/home/morris/uvm-1.2/src/seq/uvm_seq.svh'.
Parsing included file '/home/morris/uvm-1.2/src/seq/uvm_sequence_item.svh'.
Back to file '/home/morris/uvm-1.2/src/seq/uvm_seq.svh'.
Parsing included file '/home/morris/uvm-1.2/src/seq/uvm_sequencer_base.svh'.
Back to file '/home/morris/uvm-1.2/src/seq/uvm_seq.svh'.
Parsing included file '/home/morris/uvm-1.2/src/seq/uvm_sequencer_analysis_fifo.svh'.
Back to file '/home/morris/uvm-1.2/src/seq/uvm_seq.svh'.
Parsing included file '/home/morris/uvm-1.2/src/seq/uvm_sequencer_param_base.svh'.
Back to file '/home/morris/uvm-1.2/src/seq/uvm_seq.svh'.
Parsing included file '/home/morris/uvm-1.2/src/seq/uvm_sequencer.svh'.
Back to file '/home/morris/uvm-1.2/src/seq/uvm_seq.svh'.
Parsing included file '/home/morris/uvm-1.2/src/seq/uvm_push_sequencer.svh'.
Back to file '/home/morris/uvm-1.2/src/seq/uvm_seq.svh'.
Parsing included file '/home/morris/uvm-1.2/src/seq/uvm_sequence_base.svh'.
Back to file '/home/morris/uvm-1.2/src/seq/uvm_seq.svh'.
Parsing included file '/home/morris/uvm-1.2/src/seq/uvm_sequence.svh'.
Back to file '/home/morris/uvm-1.2/src/seq/uvm_seq.svh'.
Parsing included file '/home/morris/uvm-1.2/src/seq/uvm_sequence_library.svh'.
Back to file '/home/morris/uvm-1.2/src/seq/uvm_seq.svh'.
Parsing included file '/home/morris/uvm-1.2/src/seq/uvm_sequence_builtin.svh'.
Back to file '/home/morris/uvm-1.2/src/seq/uvm_seq.svh'.
Back to file '/home/morris/uvm-1.2/src/uvm_pkg.sv'.
Parsing included file '/home/morris/uvm-1.2/src/tlm2/uvm_tlm2.svh'.
Parsing included file '/home/morris/uvm-1.2/src/tlm2/uvm_tlm2_defines.svh'.
Back to file '/home/morris/uvm-1.2/src/tlm2/uvm_tlm2.svh'.
Parsing included file '/home/morris/uvm-1.2/src/tlm2/uvm_tlm2_time.svh'.
Back to file '/home/morris/uvm-1.2/src/tlm2/uvm_tlm2.svh'.
Parsing included file '/home/morris/uvm-1.2/src/tlm2/uvm_tlm2_generic_payload.svh'.
Back to file '/home/morris/uvm-1.2/src/tlm2/uvm_tlm2.svh'.
Parsing included file '/home/morris/uvm-1.2/src/tlm2/uvm_tlm2_ifs.svh'.
Back to file '/home/morris/uvm-1.2/src/tlm2/uvm_tlm2.svh'.
Parsing included file '/home/morris/uvm-1.2/src/tlm2/uvm_tlm2_imps.svh'.
Back to file '/home/morris/uvm-1.2/src/tlm2/uvm_tlm2.svh'.
Parsing included file '/home/morris/uvm-1.2/src/tlm2/uvm_tlm2_ports.svh'.
Back to file '/home/morris/uvm-1.2/src/tlm2/uvm_tlm2.svh'.
Parsing included file '/home/morris/uvm-1.2/src/tlm2/uvm_tlm2_exports.svh'.
Back to file '/home/morris/uvm-1.2/src/tlm2/uvm_tlm2.svh'.
Parsing included file '/home/morris/uvm-1.2/src/tlm2/uvm_tlm2_sockets_base.svh'.
Back to file '/home/morris/uvm-1.2/src/tlm2/uvm_tlm2.svh'.
Parsing included file '/home/morris/uvm-1.2/src/tlm2/uvm_tlm2_sockets.svh'.
Back to file '/home/morris/uvm-1.2/src/tlm2/uvm_tlm2.svh'.
Back to file '/home/morris/uvm-1.2/src/uvm_pkg.sv'.
Parsing included file '/home/morris/uvm-1.2/src/reg/uvm_reg_model.svh'.
Parsing included file '/home/morris/uvm-1.2/src/reg/uvm_reg_item.svh'.
Back to file '/home/morris/uvm-1.2/src/reg/uvm_reg_model.svh'.
Parsing included file '/home/morris/uvm-1.2/src/reg/uvm_reg_adapter.svh'.
Back to file '/home/morris/uvm-1.2/src/reg/uvm_reg_model.svh'.
Parsing included file '/home/morris/uvm-1.2/src/reg/uvm_reg_predictor.svh'.
Back to file '/home/morris/uvm-1.2/src/reg/uvm_reg_model.svh'.
Parsing included file '/home/morris/uvm-1.2/src/reg/uvm_reg_sequence.svh'.
Back to file '/home/morris/uvm-1.2/src/reg/uvm_reg_model.svh'.
Parsing included file '/home/morris/uvm-1.2/src/reg/uvm_reg_cbs.svh'.
Back to file '/home/morris/uvm-1.2/src/reg/uvm_reg_model.svh'.
Parsing included file '/home/morris/uvm-1.2/src/reg/uvm_reg_backdoor.svh'.
Back to file '/home/morris/uvm-1.2/src/reg/uvm_reg_model.svh'.
Parsing included file '/home/morris/uvm-1.2/src/reg/uvm_reg_field.svh'.
Back to file '/home/morris/uvm-1.2/src/reg/uvm_reg_model.svh'.
Parsing included file '/home/morris/uvm-1.2/src/reg/uvm_vreg_field.svh'.
Back to file '/home/morris/uvm-1.2/src/reg/uvm_reg_model.svh'.
Parsing included file '/home/morris/uvm-1.2/src/reg/uvm_reg.svh'.
Back to file '/home/morris/uvm-1.2/src/reg/uvm_reg_model.svh'.
Parsing included file '/home/morris/uvm-1.2/src/reg/uvm_reg_indirect.svh'.
Back to file '/home/morris/uvm-1.2/src/reg/uvm_reg_model.svh'.
Parsing included file '/home/morris/uvm-1.2/src/reg/uvm_reg_fifo.svh'.
Back to file '/home/morris/uvm-1.2/src/reg/uvm_reg_model.svh'.
Parsing included file '/home/morris/uvm-1.2/src/reg/uvm_reg_file.svh'.
Back to file '/home/morris/uvm-1.2/src/reg/uvm_reg_model.svh'.
Parsing included file '/home/morris/uvm-1.2/src/reg/uvm_mem_mam.svh'.
Back to file '/home/morris/uvm-1.2/src/reg/uvm_reg_model.svh'.
Parsing included file '/home/morris/uvm-1.2/src/reg/uvm_vreg.svh'.
Back to file '/home/morris/uvm-1.2/src/reg/uvm_reg_model.svh'.
Parsing included file '/home/morris/uvm-1.2/src/reg/uvm_mem.svh'.
Back to file '/home/morris/uvm-1.2/src/reg/uvm_reg_model.svh'.
Parsing included file '/home/morris/uvm-1.2/src/reg/uvm_reg_map.svh'.
Back to file '/home/morris/uvm-1.2/src/reg/uvm_reg_model.svh'.
Parsing included file '/home/morris/uvm-1.2/src/reg/uvm_reg_block.svh'.
Back to file '/home/morris/uvm-1.2/src/reg/uvm_reg_model.svh'.
Parsing included file '/home/morris/uvm-1.2/src/reg/sequences/uvm_reg_hw_reset_seq.svh'.
Back to file '/home/morris/uvm-1.2/src/reg/uvm_reg_model.svh'.
Parsing included file '/home/morris/uvm-1.2/src/reg/sequences/uvm_reg_bit_bash_seq.svh'.
Back to file '/home/morris/uvm-1.2/src/reg/uvm_reg_model.svh'.
Parsing included file '/home/morris/uvm-1.2/src/reg/sequences/uvm_mem_walk_seq.svh'.
Back to file '/home/morris/uvm-1.2/src/reg/uvm_reg_model.svh'.
Parsing included file '/home/morris/uvm-1.2/src/reg/sequences/uvm_mem_access_seq.svh'.
Back to file '/home/morris/uvm-1.2/src/reg/uvm_reg_model.svh'.
Parsing included file '/home/morris/uvm-1.2/src/reg/sequences/uvm_reg_access_seq.svh'.
Back to file '/home/morris/uvm-1.2/src/reg/uvm_reg_model.svh'.
Parsing included file '/home/morris/uvm-1.2/src/reg/sequences/uvm_reg_mem_shared_access_seq.svh'.
Back to file '/home/morris/uvm-1.2/src/reg/uvm_reg_model.svh'.
Parsing included file '/home/morris/uvm-1.2/src/reg/sequences/uvm_reg_mem_built_in_seq.svh'.
Back to file '/home/morris/uvm-1.2/src/reg/uvm_reg_model.svh'.
Parsing included file '/home/morris/uvm-1.2/src/reg/sequences/uvm_reg_mem_hdl_paths_seq.svh'.
Back to file '/home/morris/uvm-1.2/src/reg/uvm_reg_model.svh'.
Back to file '/home/morris/uvm-1.2/src/uvm_pkg.sv'.
Back to file '/home/morris/uvm-1.2/src/uvm.sv'.
Parsing design file 'top.sv'
Parsing included file 'complex_pkg.sv'.
Back to file 'top.sv'.
Parsing included file 'ifftw.sv'.
Back to file 'top.sv'.
Parsing included file 'fftw.sv'.
Back to file 'top.sv'.
Parsing included file 'msg_items.sv'.
Back to file 'top.sv'.
Parsing included file 'seq.sv'.
Back to file 'top.sv'.
Parsing included file 'seqr.sv'.
Back to file 'top.sv'.
Parsing included file 'drvr.sv'.
Back to file 'top.sv'.
Parsing included file 'agent.sv'.
Back to file 'top.sv'.
Parsing included file 'ifft_sb.sv'.
Back to file 'top.sv'.
Parsing included file 'fft_sb.sv'.
Back to file 'top.sv'.
Parsing included file 'encode.sv'.
Back to file 'top.sv'.
Parsing included file 'point_accum.sv'.
Back to file 'top.sv'.
Parsing included file 'comparator.sv'.
Back to file 'top.sv'.
Parsing included file 'in_mon.sv'.
Back to file 'top.sv'.
Parsing included file 'out_mon.sv'.
Back to file 'top.sv'.
Parsing included file 'decode.sv'.
Back to file 'top.sv'.
Parsing included file 'env.sv'.
Back to file 'top.sv'.
Parsing included file 'test.sv'.
Back to file 'top.sv'.
Parsing included file 'intf.sv'.
Back to file 'top.sv'.
Parsing design file 'duts/dut.svp'
Parsing included file 'fftw.sv'.
Back to file 'duts/dut.svp'.
Top Level Modules:
       top
TimeScale is 1 ns / 1 ns
Starting vcs inline pass...

8 modules and 0 UDP read.
recompiling package vcs_paramclassrepository
recompiling package _vcs_DPI_package
recompiling package uvm_pkg
recompiling package complex_pkg
recompiling package tb_pkg
recompiling module dut_intf
recompiling module top
recompiling module ofdmdec
All of 8 modules done
rm -f _cuarc*.so _csrc*.so pre_vcsobj_*.so share_vcsobj_*.so
if [ -x ../simv ]; then chmod a-x ../simv; fi
g++  -o ../simv      -m32 -m32 -rdynamic  -Wl,-rpath='$ORIGIN'/simv.daidir -Wl,-rpath=./simv.daidir -Wl,-rpath=/apps/synopsys/VCS_current/vcs/R-2020.12/linux/lib -L/apps/synopsys/VCS_current/vcs/R-2020.12/linux/lib  -Wl,-rpath-link=./  uvm_dpi.o   objs/amcQw_d.o  _584733_archive_1.so  SIM_l.o      rmapats_mop.o rmapats.o rmar.o rmar_nd.o  rmar_llvm_0_1.o rmar_llvm_0_0.o           -lvirsim -lerrorinf -lsnpsmalloc -lvfs    -lvcsnew -lsimprofile -luclinative /apps/synopsys/VCS_current/vcs/R-2020.12/linux/lib/vcs_tls.o   -Wl,-whole-archive  -lvcsucli    -Wl,-no-whole-archive      ./../simv.daidir/vc_hdrs.o    /apps/synopsys/VCS_current/vcs/R-2020.12/linux/lib/vcs_save_restore_new.o /apps/synopsys/VCS_current/vcs/R-2020.12/linux/lib/ctype-stubs_32.a -ldl  -lc -lm -lpthread -ldl 
../simv up to date
CPU time: 4.256 seconds to compile + .398 seconds to elab + .295 seconds to link
Chronologic VCS simulator copyright 1991-2020
Contains Synopsys proprietary information.
Compiler version R-2020.12; Runtime version R-2020.12;  May  9 01:09 2024
UVM_INFO /home/morris/uvm-1.2/src/base/uvm_root.svh(392) @ 0: reporter [UVM/RELNOTES] 
----------------------------------------------------------------
UVM-1.2
(C) 2007-2014 Mentor Graphics Corporation
(C) 2007-2014 Cadence Design Systems, Inc.
(C) 2006-2014 Synopsys, Inc.
(C) 2011-2013 Cypress Semiconductor Corp.
(C) 2013-2014 NVIDIA Corporation
----------------------------------------------------------------

  ***********       IMPORTANT RELEASE NOTES         ************

  You are using a version of the UVM library that has been compiled
  with `UVM_NO_DEPRECATED undefined.
  See http://www.eda.org/svdb/view.php?id=3313 for more details.

  You are using a version of the UVM library that has been compiled
  with `UVM_OBJECT_DO_NOT_NEED_CONSTRUCTOR undefined.
  See http://www.eda.org/svdb/view.php?id=3770 for more details.

      (Specify +UVM_NO_RELNOTES to turn off this notice)

UVM_INFO @ 0: reporter [RNTST] Running test tb...
UVM_INFO drvr.sv(28) @ 0: uvm_test_top.env0.agent_h.drvr_h [DRVR] Vif obtained successfully!
UVM_INFO in_mon.sv(22) @ 0: uvm_test_top.env0.in_mon_h [IN_MON] Vif obtained successfully!
UVM_INFO out_mon.sv(22) @ 0: uvm_test_top.env0.out_mon_h [OUT_MON] Vif obtained successfully!
UVM_INFO /home/morris/uvm-1.2/src/base/uvm_root.svh(579) @ 0: reporter [UVMTOP] UVM testbench topology:
------------------------------------------------------------------
Name                       Type                        Size  Value
------------------------------------------------------------------
uvm_test_top               tb                          -     @340 
  env0                     env                         -     @353 
    agent_h                agent                       -     @362 
      drvr_h               drvr                        -     @580 
        enc_in             uvm_analysis_port           -     @609 
        ifft_out           uvm_tlm_analysis_fifo #(T)  -     @619 
          analysis_export  uvm_analysis_imp            -     @668 
          get_ap           uvm_analysis_port           -     @658 
          get_peek_export  uvm_get_peek_imp            -     @638 
          put_ap           uvm_analysis_port           -     @648 
          put_export       uvm_put_imp                 -     @628 
        rsp_port           uvm_analysis_port           -     @599 
        seq_item_port      uvm_seq_item_pull_port      -     @589 
      seqr_h               seqr                        -     @443 
        rsp_export         uvm_analysis_export         -     @452 
        seq_item_export    uvm_seq_item_pull_imp       -     @570 
        arbitration_queue  array                       0     -    
        lock_queue         array                       0     -    
        num_last_reqs      integral                    32    'd1  
        num_last_rsps      integral                    32    'd1  
    comparator_h           comparator                  -     @407 
      comparator_fifo0     uvm_tlm_analysis_fifo #(T)  -     @686 
        analysis_export    uvm_analysis_imp            -     @735 
        get_ap             uvm_analysis_port           -     @725 
        get_peek_export    uvm_get_peek_imp            -     @705 
        put_ap             uvm_analysis_port           -     @715 
        put_export         uvm_put_imp                 -     @695 
      comparator_fifo1     uvm_tlm_analysis_fifo #(T)  -     @745 
        analysis_export    uvm_analysis_imp            -     @794 
        get_ap             uvm_analysis_port           -     @784 
        get_peek_export    uvm_get_peek_imp            -     @764 
        put_ap             uvm_analysis_port           -     @774 
        put_export         uvm_put_imp                 -     @754 
    decode_sb_h            decode_sb                   -     @434 
      decode_fifo          uvm_tlm_analysis_fifo #(T)  -     @804 
        analysis_export    uvm_analysis_imp            -     @853 
        get_ap             uvm_analysis_port           -     @843 
        get_peek_export    uvm_get_peek_imp            -     @823 
        put_ap             uvm_analysis_port           -     @833 
        put_export         uvm_put_imp                 -     @813 
      decode_port          uvm_analysis_port           -     @863 
    encodebit_h            encodebit                   -     @371 
      enc_fifo             uvm_tlm_analysis_fifo #(T)  -     @883 
        analysis_export    uvm_analysis_imp            -     @932 
        get_ap             uvm_analysis_port           -     @922 
        get_peek_export    uvm_get_peek_imp            -     @902 
        put_ap             uvm_analysis_port           -     @912 
        put_export         uvm_put_imp                 -     @892 
      enc_out              uvm_analysis_port           -     @873 
    fft_sb_h               fft_sb                      -     @389 
      fft_in               uvm_tlm_analysis_fifo #(T)  -     @942 
        analysis_export    uvm_analysis_imp            -     @991 
        get_ap             uvm_analysis_port           -     @981 
        get_peek_export    uvm_get_peek_imp            -     @961 
        put_ap             uvm_analysis_port           -     @971 
        put_export         uvm_put_imp                 -     @951 
      fft_out              uvm_analysis_port           -     @1001
    ifft_sb_h              ifft_sb                     -     @380 
      ifft_in_fifo         uvm_tlm_analysis_fifo #(T)  -     @1011
        analysis_export    uvm_analysis_imp            -     @1060
        get_ap             uvm_analysis_port           -     @1050
        get_peek_export    uvm_get_peek_imp            -     @1030
        put_ap             uvm_analysis_port           -     @1040
        put_export         uvm_put_imp                 -     @1020
      ifft_out             uvm_analysis_port           -     @1070
    in_mon_h               in_mon                      -     @416 
      in_mon_port          uvm_analysis_port           -     @1080
    out_mon_h              out_mon                     -     @425 
      out_mon_port         uvm_analysis_port           -     @1093
    point_accum_h          point_accum                 -     @398 
      point_fifo           uvm_tlm_analysis_fifo #(T)  -     @1106
        analysis_export    uvm_analysis_imp            -     @1155
        get_ap             uvm_analysis_port           -     @1145
        get_peek_export    uvm_get_peek_imp            -     @1125
        put_ap             uvm_analysis_port           -     @1135
        put_export         uvm_put_imp                 -     @1115
      point_port           uvm_analysis_port           -     @1165
------------------------------------------------------------------

UVM_INFO out_mon.sv(31) @ 4991: uvm_test_top.env0.out_mon_h [OUT_MON] GOT AN OUTPUT!: 153524895e81
UVM_INFO out_mon.sv(31) @ 9971: uvm_test_top.env0.out_mon_h [OUT_MON] GOT AN OUTPUT!: 84d609f05663
UVM_INFO out_mon.sv(31) @ 14951: uvm_test_top.env0.out_mon_h [OUT_MON] GOT AN OUTPUT!: b97b0ddf998d
UVM_INFO out_mon.sv(31) @ 19931: uvm_test_top.env0.out_mon_h [OUT_MON] GOT AN OUTPUT!: c28465375212
UVM_INFO out_mon.sv(31) @ 24911: uvm_test_top.env0.out_mon_h [OUT_MON] GOT AN OUTPUT!: f3e301d7cd0d
UVM_INFO out_mon.sv(31) @ 29891: uvm_test_top.env0.out_mon_h [OUT_MON] GOT AN OUTPUT!: 23f1768dcd3d
UVM_INFO out_mon.sv(31) @ 34871: uvm_test_top.env0.out_mon_h [OUT_MON] GOT AN OUTPUT!: d457ed2df78c
UVM_INFO out_mon.sv(31) @ 39851: uvm_test_top.env0.out_mon_h [OUT_MON] GOT AN OUTPUT!: fde9f93724c6
UVM_INFO out_mon.sv(31) @ 44831: uvm_test_top.env0.out_mon_h [OUT_MON] GOT AN OUTPUT!: f784c513d2aa
UVM_INFO out_mon.sv(31) @ 49811: uvm_test_top.env0.out_mon_h [OUT_MON] GOT AN OUTPUT!: aff7e5d27277
UVM_INFO out_mon.sv(31) @ 54791: uvm_test_top.env0.out_mon_h [OUT_MON] GOT AN OUTPUT!: 32d612ecdb8f
UVM_INFO out_mon.sv(31) @ 59771: uvm_test_top.env0.out_mon_h [OUT_MON] GOT AN OUTPUT!: 3069f27696ce
UVM_INFO out_mon.sv(31) @ 64751: uvm_test_top.env0.out_mon_h [OUT_MON] GOT AN OUTPUT!: 007ae8ca4ec5
UVM_INFO out_mon.sv(31) @ 69731: uvm_test_top.env0.out_mon_h [OUT_MON] GOT AN OUTPUT!: 58495c8e28bd
UVM_INFO out_mon.sv(31) @ 74711: uvm_test_top.env0.out_mon_h [OUT_MON] GOT AN OUTPUT!: ab582da72665
UVM_INFO out_mon.sv(31) @ 79691: uvm_test_top.env0.out_mon_h [OUT_MON] GOT AN OUTPUT!: ef626373870a
UVM_INFO out_mon.sv(31) @ 84671: uvm_test_top.env0.out_mon_h [OUT_MON] GOT AN OUTPUT!: 3b2280642120
UVM_INFO out_mon.sv(31) @ 89651: uvm_test_top.env0.out_mon_h [OUT_MON] GOT AN OUTPUT!: 7845aacccc9d
UVM_INFO out_mon.sv(31) @ 94631: uvm_test_top.env0.out_mon_h [OUT_MON] GOT AN OUTPUT!: 203e9683b813
UVM_INFO out_mon.sv(31) @ 99611: uvm_test_top.env0.out_mon_h [OUT_MON] GOT AN OUTPUT!: bc380da7d653
UVM_INFO out_mon.sv(31) @ 104591: uvm_test_top.env0.out_mon_h [OUT_MON] GOT AN OUTPUT!: 9fdd6ba62ad5
UVM_INFO out_mon.sv(31) @ 109571: uvm_test_top.env0.out_mon_h [OUT_MON] GOT AN OUTPUT!: 174a02563eae
UVM_INFO out_mon.sv(31) @ 114551: uvm_test_top.env0.out_mon_h [OUT_MON] GOT AN OUTPUT!: ffe91dc572cf
UVM_INFO out_mon.sv(31) @ 119531: uvm_test_top.env0.out_mon_h [OUT_MON] GOT AN OUTPUT!: 84492309650a
UVM_INFO out_mon.sv(31) @ 124511: uvm_test_top.env0.out_mon_h [OUT_MON] GOT AN OUTPUT!: 730aca314c3c
UVM_INFO out_mon.sv(31) @ 129491: uvm_test_top.env0.out_mon_h [OUT_MON] GOT AN OUTPUT!: 68bdf22e618a
UVM_INFO out_mon.sv(31) @ 134471: uvm_test_top.env0.out_mon_h [OUT_MON] GOT AN OUTPUT!: c4b3414b34d8
UVM_INFO out_mon.sv(31) @ 139451: uvm_test_top.env0.out_mon_h [OUT_MON] GOT AN OUTPUT!: 20f3788a1289
UVM_INFO out_mon.sv(31) @ 144431: uvm_test_top.env0.out_mon_h [OUT_MON] GOT AN OUTPUT!: c50deb0265b6
UVM_INFO out_mon.sv(31) @ 149411: uvm_test_top.env0.out_mon_h [OUT_MON] GOT AN OUTPUT!: 4bf9c61513ae
UVM_INFO out_mon.sv(31) @ 154391: uvm_test_top.env0.out_mon_h [OUT_MON] GOT AN OUTPUT!: 7502bc0fdd2a
UVM_INFO out_mon.sv(31) @ 159371: uvm_test_top.env0.out_mon_h [OUT_MON] GOT AN OUTPUT!: d79a0b97be71
UVM_INFO out_mon.sv(31) @ 164351: uvm_test_top.env0.out_mon_h [OUT_MON] GOT AN OUTPUT!: f24185f2554f
UVM_INFO out_mon.sv(31) @ 169331: uvm_test_top.env0.out_mon_h [OUT_MON] GOT AN OUTPUT!: cc603b06333a
UVM_INFO out_mon.sv(31) @ 174311: uvm_test_top.env0.out_mon_h [OUT_MON] GOT AN OUTPUT!: 23327eaa4b15
UVM_INFO out_mon.sv(31) @ 179291: uvm_test_top.env0.out_mon_h [OUT_MON] GOT AN OUTPUT!: d99bf19c4bd9
UVM_INFO out_mon.sv(31) @ 184271: uvm_test_top.env0.out_mon_h [OUT_MON] GOT AN OUTPUT!: 23076235fb4c
UVM_INFO out_mon.sv(31) @ 189251: uvm_test_top.env0.out_mon_h [OUT_MON] GOT AN OUTPUT!: a1559fb9a18f
UVM_INFO out_mon.sv(31) @ 194231: uvm_test_top.env0.out_mon_h [OUT_MON] GOT AN OUTPUT!: 6da9f8cd60b7
UVM_INFO out_mon.sv(31) @ 199211: uvm_test_top.env0.out_mon_h [OUT_MON] GOT AN OUTPUT!: c4569f7d945c
UVM_INFO out_mon.sv(31) @ 204191: uvm_test_top.env0.out_mon_h [OUT_MON] GOT AN OUTPUT!: cbc05bde3789
UVM_INFO out_mon.sv(31) @ 209171: uvm_test_top.env0.out_mon_h [OUT_MON] GOT AN OUTPUT!: ae3249233ed0
UVM_INFO out_mon.sv(31) @ 214151: uvm_test_top.env0.out_mon_h [OUT_MON] GOT AN OUTPUT!: fec0d7c7fc51
UVM_INFO out_mon.sv(31) @ 219131: uvm_test_top.env0.out_mon_h [OUT_MON] GOT AN OUTPUT!: 212f961d7f0c
UVM_INFO out_mon.sv(31) @ 224111: uvm_test_top.env0.out_mon_h [OUT_MON] GOT AN OUTPUT!: 2ccec257edc8
UVM_INFO out_mon.sv(31) @ 229091: uvm_test_top.env0.out_mon_h [OUT_MON] GOT AN OUTPUT!: 825a77f2ed3d
UVM_INFO out_mon.sv(31) @ 234071: uvm_test_top.env0.out_mon_h [OUT_MON] GOT AN OUTPUT!: 0cdb1205007e
UVM_INFO out_mon.sv(31) @ 239051: uvm_test_top.env0.out_mon_h [OUT_MON] GOT AN OUTPUT!: e5816dd9e739
UVM_INFO out_mon.sv(31) @ 244031: uvm_test_top.env0.out_mon_h [OUT_MON] GOT AN OUTPUT!: d28f1febf6d3
UVM_INFO out_mon.sv(31) @ 249011: uvm_test_top.env0.out_mon_h [OUT_MON] GOT AN OUTPUT!: d92f85148878
UVM_INFO out_mon.sv(31) @ 253991: uvm_test_top.env0.out_mon_h [OUT_MON] GOT AN OUTPUT!: da595b8b4b49
UVM_INFO out_mon.sv(31) @ 258971: uvm_test_top.env0.out_mon_h [OUT_MON] GOT AN OUTPUT!: f2ae3f0caf2a
UVM_INFO out_mon.sv(31) @ 263951: uvm_test_top.env0.out_mon_h [OUT_MON] GOT AN OUTPUT!: 1563583f3886
UVM_INFO out_mon.sv(31) @ 268931: uvm_test_top.env0.out_mon_h [OUT_MON] GOT AN OUTPUT!: 1a0c8e2ff29c
UVM_INFO out_mon.sv(31) @ 273911: uvm_test_top.env0.out_mon_h [OUT_MON] GOT AN OUTPUT!: 3599fa7dbc26
UVM_INFO out_mon.sv(31) @ 278891: uvm_test_top.env0.out_mon_h [OUT_MON] GOT AN OUTPUT!: 9617738bb4a3
UVM_INFO out_mon.sv(31) @ 283871: uvm_test_top.env0.out_mon_h [OUT_MON] GOT AN OUTPUT!: 99a82fd292b3
UVM_INFO out_mon.sv(31) @ 288851: uvm_test_top.env0.out_mon_h [OUT_MON] GOT AN OUTPUT!: d8565f290d44
UVM_INFO out_mon.sv(31) @ 293831: uvm_test_top.env0.out_mon_h [OUT_MON] GOT AN OUTPUT!: f8fdf79b36cb
UVM_INFO out_mon.sv(31) @ 298811: uvm_test_top.env0.out_mon_h [OUT_MON] GOT AN OUTPUT!: 091ae628db5a
UVM_INFO out_mon.sv(31) @ 303791: uvm_test_top.env0.out_mon_h [OUT_MON] GOT AN OUTPUT!: cfc12982e2ed
UVM_INFO out_mon.sv(31) @ 308771: uvm_test_top.env0.out_mon_h [OUT_MON] GOT AN OUTPUT!: 536cda9fb665
UVM_INFO out_mon.sv(31) @ 313751: uvm_test_top.env0.out_mon_h [OUT_MON] GOT AN OUTPUT!: 8ae2b5be94df
UVM_INFO out_mon.sv(31) @ 318731: uvm_test_top.env0.out_mon_h [OUT_MON] GOT AN OUTPUT!: f1197931ff44
UVM_INFO out_mon.sv(31) @ 323711: uvm_test_top.env0.out_mon_h [OUT_MON] GOT AN OUTPUT!: 740cd0090b2a
UVM_INFO out_mon.sv(31) @ 328691: uvm_test_top.env0.out_mon_h [OUT_MON] GOT AN OUTPUT!: f6adab6fcf0e
UVM_INFO out_mon.sv(31) @ 333671: uvm_test_top.env0.out_mon_h [OUT_MON] GOT AN OUTPUT!: 5daddc5ebc9a
UVM_INFO out_mon.sv(31) @ 338651: uvm_test_top.env0.out_mon_h [OUT_MON] GOT AN OUTPUT!: df72fdf102c3
UVM_INFO out_mon.sv(31) @ 343631: uvm_test_top.env0.out_mon_h [OUT_MON] GOT AN OUTPUT!: 0eed5679e94e
UVM_INFO out_mon.sv(31) @ 348611: uvm_test_top.env0.out_mon_h [OUT_MON] GOT AN OUTPUT!: d9766731340a
UVM_INFO out_mon.sv(31) @ 353591: uvm_test_top.env0.out_mon_h [OUT_MON] GOT AN OUTPUT!: 6fb9b60e8a38
UVM_INFO out_mon.sv(31) @ 358571: uvm_test_top.env0.out_mon_h [OUT_MON] GOT AN OUTPUT!: d187792bc4b8
UVM_INFO out_mon.sv(31) @ 363551: uvm_test_top.env0.out_mon_h [OUT_MON] GOT AN OUTPUT!: 74bf94c65d93
UVM_INFO out_mon.sv(31) @ 368531: uvm_test_top.env0.out_mon_h [OUT_MON] GOT AN OUTPUT!: 3f2c04b7ca59
UVM_INFO out_mon.sv(31) @ 373511: uvm_test_top.env0.out_mon_h [OUT_MON] GOT AN OUTPUT!: cb69dbfcde4d
UVM_INFO out_mon.sv(31) @ 378491: uvm_test_top.env0.out_mon_h [OUT_MON] GOT AN OUTPUT!: b0b7d9a4266d
UVM_INFO out_mon.sv(31) @ 383471: uvm_test_top.env0.out_mon_h [OUT_MON] GOT AN OUTPUT!: 45e2763b49ca
UVM_INFO out_mon.sv(31) @ 388451: uvm_test_top.env0.out_mon_h [OUT_MON] GOT AN OUTPUT!: 172db6937195
UVM_INFO out_mon.sv(31) @ 393431: uvm_test_top.env0.out_mon_h [OUT_MON] GOT AN OUTPUT!: 071a46749b04
UVM_INFO out_mon.sv(31) @ 398411: uvm_test_top.env0.out_mon_h [OUT_MON] GOT AN OUTPUT!: d261f7980769
UVM_INFO out_mon.sv(31) @ 403391: uvm_test_top.env0.out_mon_h [OUT_MON] GOT AN OUTPUT!: 6ebab4018d88
UVM_INFO out_mon.sv(31) @ 408371: uvm_test_top.env0.out_mon_h [OUT_MON] GOT AN OUTPUT!: 7cd92890042d
UVM_INFO out_mon.sv(31) @ 413351: uvm_test_top.env0.out_mon_h [OUT_MON] GOT AN OUTPUT!: c530c75c9c2e
UVM_INFO out_mon.sv(31) @ 418331: uvm_test_top.env0.out_mon_h [OUT_MON] GOT AN OUTPUT!: 77e40841451c
UVM_INFO out_mon.sv(31) @ 423311: uvm_test_top.env0.out_mon_h [OUT_MON] GOT AN OUTPUT!: a7a6fd9e0729
UVM_INFO out_mon.sv(31) @ 428291: uvm_test_top.env0.out_mon_h [OUT_MON] GOT AN OUTPUT!: 37901c356786
UVM_INFO out_mon.sv(31) @ 433271: uvm_test_top.env0.out_mon_h [OUT_MON] GOT AN OUTPUT!: 3408dab7c63d
UVM_INFO out_mon.sv(31) @ 438251: uvm_test_top.env0.out_mon_h [OUT_MON] GOT AN OUTPUT!: 4ea76655c470
UVM_INFO out_mon.sv(31) @ 443231: uvm_test_top.env0.out_mon_h [OUT_MON] GOT AN OUTPUT!: f504737199ba
UVM_INFO out_mon.sv(31) @ 448211: uvm_test_top.env0.out_mon_h [OUT_MON] GOT AN OUTPUT!: 3ab35e4779fa
UVM_INFO out_mon.sv(31) @ 453191: uvm_test_top.env0.out_mon_h [OUT_MON] GOT AN OUTPUT!: 8e05d524f61a
UVM_INFO out_mon.sv(31) @ 458171: uvm_test_top.env0.out_mon_h [OUT_MON] GOT AN OUTPUT!: f000b9876137
UVM_INFO out_mon.sv(31) @ 463151: uvm_test_top.env0.out_mon_h [OUT_MON] GOT AN OUTPUT!: 2737963921c0
UVM_INFO out_mon.sv(31) @ 468131: uvm_test_top.env0.out_mon_h [OUT_MON] GOT AN OUTPUT!: 259f26461ab6
UVM_INFO out_mon.sv(31) @ 473111: uvm_test_top.env0.out_mon_h [OUT_MON] GOT AN OUTPUT!: 99837d5f0fdc
UVM_INFO out_mon.sv(31) @ 478091: uvm_test_top.env0.out_mon_h [OUT_MON] GOT AN OUTPUT!: 61578603ff78
UVM_INFO out_mon.sv(31) @ 483071: uvm_test_top.env0.out_mon_h [OUT_MON] GOT AN OUTPUT!: 5a9b7e8d80db
UVM_INFO out_mon.sv(31) @ 488051: uvm_test_top.env0.out_mon_h [OUT_MON] GOT AN OUTPUT!: c3b6cfed2b79
UVM_INFO out_mon.sv(31) @ 493031: uvm_test_top.env0.out_mon_h [OUT_MON] GOT AN OUTPUT!: 28e4fabcee61
UVM_INFO out_mon.sv(31) @ 498011: uvm_test_top.env0.out_mon_h [OUT_MON] GOT AN OUTPUT!: 940917f578a1
UVM_INFO out_mon.sv(31) @ 502991: uvm_test_top.env0.out_mon_h [OUT_MON] GOT AN OUTPUT!: 779186639650
UVM_INFO out_mon.sv(31) @ 507971: uvm_test_top.env0.out_mon_h [OUT_MON] GOT AN OUTPUT!: 8c59f5b48835
UVM_INFO out_mon.sv(31) @ 512951: uvm_test_top.env0.out_mon_h [OUT_MON] GOT AN OUTPUT!: 9a8a29b175c1
UVM_INFO out_mon.sv(31) @ 517931: uvm_test_top.env0.out_mon_h [OUT_MON] GOT AN OUTPUT!: e574c501b498
UVM_INFO out_mon.sv(31) @ 522911: uvm_test_top.env0.out_mon_h [OUT_MON] GOT AN OUTPUT!: b27b4b8c4273
UVM_INFO out_mon.sv(31) @ 527891: uvm_test_top.env0.out_mon_h [OUT_MON] GOT AN OUTPUT!: 22e6ec50168a
UVM_INFO out_mon.sv(31) @ 532871: uvm_test_top.env0.out_mon_h [OUT_MON] GOT AN OUTPUT!: 58d14e4b80a8
UVM_INFO out_mon.sv(31) @ 537851: uvm_test_top.env0.out_mon_h [OUT_MON] GOT AN OUTPUT!: 9efda9ca8ca1
UVM_INFO out_mon.sv(31) @ 542831: uvm_test_top.env0.out_mon_h [OUT_MON] GOT AN OUTPUT!: 0bb90e3466e6
UVM_INFO out_mon.sv(31) @ 547811: uvm_test_top.env0.out_mon_h [OUT_MON] GOT AN OUTPUT!: d6c09f2fb52a
UVM_INFO out_mon.sv(31) @ 552791: uvm_test_top.env0.out_mon_h [OUT_MON] GOT AN OUTPUT!: 5a1d2ab5f48d
UVM_INFO out_mon.sv(31) @ 557771: uvm_test_top.env0.out_mon_h [OUT_MON] GOT AN OUTPUT!: 75ff9e6de638
UVM_INFO out_mon.sv(31) @ 562751: uvm_test_top.env0.out_mon_h [OUT_MON] GOT AN OUTPUT!: cfa87964e3c8
UVM_INFO out_mon.sv(31) @ 567731: uvm_test_top.env0.out_mon_h [OUT_MON] GOT AN OUTPUT!: 2345caff4113
UVM_INFO out_mon.sv(31) @ 572711: uvm_test_top.env0.out_mon_h [OUT_MON] GOT AN OUTPUT!: a0c96bb7aec7
UVM_INFO out_mon.sv(31) @ 577691: uvm_test_top.env0.out_mon_h [OUT_MON] GOT AN OUTPUT!: 0bddb6059dba
UVM_INFO out_mon.sv(31) @ 582671: uvm_test_top.env0.out_mon_h [OUT_MON] GOT AN OUTPUT!: 16abc48295b9
UVM_INFO out_mon.sv(31) @ 587651: uvm_test_top.env0.out_mon_h [OUT_MON] GOT AN OUTPUT!: 2fd392269ab4
UVM_INFO out_mon.sv(31) @ 592631: uvm_test_top.env0.out_mon_h [OUT_MON] GOT AN OUTPUT!: bb3b7f339086
UVM_INFO out_mon.sv(31) @ 597611: uvm_test_top.env0.out_mon_h [OUT_MON] GOT AN OUTPUT!: 6df5fa2794f2
UVM_INFO out_mon.sv(31) @ 602591: uvm_test_top.env0.out_mon_h [OUT_MON] GOT AN OUTPUT!: 452132ce5ebd
UVM_INFO out_mon.sv(31) @ 607571: uvm_test_top.env0.out_mon_h [OUT_MON] GOT AN OUTPUT!: 4fcd8449a4e4
UVM_INFO out_mon.sv(31) @ 612551: uvm_test_top.env0.out_mon_h [OUT_MON] GOT AN OUTPUT!: 43cfcaa879a9
UVM_INFO out_mon.sv(31) @ 617531: uvm_test_top.env0.out_mon_h [OUT_MON] GOT AN OUTPUT!: 95a8a165a98e
UVM_INFO out_mon.sv(31) @ 622511: uvm_test_top.env0.out_mon_h [OUT_MON] GOT AN OUTPUT!: 8b6afbe51e0b
UVM_INFO out_mon.sv(31) @ 627491: uvm_test_top.env0.out_mon_h [OUT_MON] GOT AN OUTPUT!: 8290efc83dc9
UVM_INFO out_mon.sv(31) @ 632471: uvm_test_top.env0.out_mon_h [OUT_MON] GOT AN OUTPUT!: 60e536b14875
UVM_INFO out_mon.sv(31) @ 637451: uvm_test_top.env0.out_mon_h [OUT_MON] GOT AN OUTPUT!: e8568fcdbf6b
UVM_INFO out_mon.sv(31) @ 642431: uvm_test_top.env0.out_mon_h [OUT_MON] GOT AN OUTPUT!: 65e7883fb4ae
UVM_INFO out_mon.sv(31) @ 647411: uvm_test_top.env0.out_mon_h [OUT_MON] GOT AN OUTPUT!: f3819b3e4592
UVM_INFO out_mon.sv(31) @ 652391: uvm_test_top.env0.out_mon_h [OUT_MON] GOT AN OUTPUT!: 44df2884e02d
UVM_INFO out_mon.sv(31) @ 657371: uvm_test_top.env0.out_mon_h [OUT_MON] GOT AN OUTPUT!: b75f4b69b0c2
UVM_INFO out_mon.sv(31) @ 662351: uvm_test_top.env0.out_mon_h [OUT_MON] GOT AN OUTPUT!: 1cf61eb3050d
UVM_INFO out_mon.sv(31) @ 667331: uvm_test_top.env0.out_mon_h [OUT_MON] GOT AN OUTPUT!: 79fdec039d18
UVM_INFO out_mon.sv(31) @ 672311: uvm_test_top.env0.out_mon_h [OUT_MON] GOT AN OUTPUT!: ae1bd1761c86
UVM_INFO out_mon.sv(31) @ 677291: uvm_test_top.env0.out_mon_h [OUT_MON] GOT AN OUTPUT!: c02441bf643b
UVM_INFO out_mon.sv(31) @ 682271: uvm_test_top.env0.out_mon_h [OUT_MON] GOT AN OUTPUT!: 44f9d8efe953
UVM_INFO out_mon.sv(31) @ 687251: uvm_test_top.env0.out_mon_h [OUT_MON] GOT AN OUTPUT!: 196256ac225b
UVM_INFO out_mon.sv(31) @ 692231: uvm_test_top.env0.out_mon_h [OUT_MON] GOT AN OUTPUT!: 66fae273e204
UVM_INFO out_mon.sv(31) @ 697211: uvm_test_top.env0.out_mon_h [OUT_MON] GOT AN OUTPUT!: ac037350b4d8
UVM_INFO out_mon.sv(31) @ 702191: uvm_test_top.env0.out_mon_h [OUT_MON] GOT AN OUTPUT!: 3e4d120344b8
UVM_INFO out_mon.sv(31) @ 707171: uvm_test_top.env0.out_mon_h [OUT_MON] GOT AN OUTPUT!: 81123987b6e5
UVM_INFO out_mon.sv(31) @ 712151: uvm_test_top.env0.out_mon_h [OUT_MON] GOT AN OUTPUT!: c5dca1890f2b
UVM_INFO out_mon.sv(31) @ 717131: uvm_test_top.env0.out_mon_h [OUT_MON] GOT AN OUTPUT!: 905d811b85c8
UVM_INFO out_mon.sv(31) @ 722111: uvm_test_top.env0.out_mon_h [OUT_MON] GOT AN OUTPUT!: b55527d5f9a1
UVM_INFO out_mon.sv(31) @ 727091: uvm_test_top.env0.out_mon_h [OUT_MON] GOT AN OUTPUT!: 8c6e1f223a04
UVM_INFO out_mon.sv(31) @ 732071: uvm_test_top.env0.out_mon_h [OUT_MON] GOT AN OUTPUT!: 2d23585c8096
UVM_INFO out_mon.sv(31) @ 737051: uvm_test_top.env0.out_mon_h [OUT_MON] GOT AN OUTPUT!: 6e931419b412
UVM_INFO out_mon.sv(31) @ 742031: uvm_test_top.env0.out_mon_h [OUT_MON] GOT AN OUTPUT!: 227096ace2b1
UVM_INFO out_mon.sv(31) @ 747011: uvm_test_top.env0.out_mon_h [OUT_MON] GOT AN OUTPUT!: c2d555c38eed
UVM_INFO out_mon.sv(31) @ 751991: uvm_test_top.env0.out_mon_h [OUT_MON] GOT AN OUTPUT!: 8b2b2bb11bf5
UVM_INFO out_mon.sv(31) @ 756971: uvm_test_top.env0.out_mon_h [OUT_MON] GOT AN OUTPUT!: b403adc12227
UVM_INFO out_mon.sv(31) @ 761951: uvm_test_top.env0.out_mon_h [OUT_MON] GOT AN OUTPUT!: 49ff84a8e4a7
UVM_INFO out_mon.sv(31) @ 766931: uvm_test_top.env0.out_mon_h [OUT_MON] GOT AN OUTPUT!: d7a6e7ef90b9
UVM_INFO out_mon.sv(31) @ 771911: uvm_test_top.env0.out_mon_h [OUT_MON] GOT AN OUTPUT!: da5649e5bbdb
UVM_INFO out_mon.sv(31) @ 776891: uvm_test_top.env0.out_mon_h [OUT_MON] GOT AN OUTPUT!: ba0fc983b151
UVM_INFO out_mon.sv(31) @ 781871: uvm_test_top.env0.out_mon_h [OUT_MON] GOT AN OUTPUT!: bc5ea146dd2a
UVM_INFO out_mon.sv(31) @ 786851: uvm_test_top.env0.out_mon_h [OUT_MON] GOT AN OUTPUT!: 2a45fae62045
UVM_INFO out_mon.sv(31) @ 791831: uvm_test_top.env0.out_mon_h [OUT_MON] GOT AN OUTPUT!: a1058375427c
UVM_INFO out_mon.sv(31) @ 796811: uvm_test_top.env0.out_mon_h [OUT_MON] GOT AN OUTPUT!: 4614724f3cfe
UVM_INFO out_mon.sv(31) @ 801791: uvm_test_top.env0.out_mon_h [OUT_MON] GOT AN OUTPUT!: 55f268dfaa6f
UVM_INFO out_mon.sv(31) @ 806771: uvm_test_top.env0.out_mon_h [OUT_MON] GOT AN OUTPUT!: 460d862321f0
UVM_INFO out_mon.sv(31) @ 811751: uvm_test_top.env0.out_mon_h [OUT_MON] GOT AN OUTPUT!: 719738769140
UVM_INFO out_mon.sv(31) @ 816731: uvm_test_top.env0.out_mon_h [OUT_MON] GOT AN OUTPUT!: 0976280da9f6
UVM_INFO out_mon.sv(31) @ 821711: uvm_test_top.env0.out_mon_h [OUT_MON] GOT AN OUTPUT!: bf1ac52831c0
UVM_INFO out_mon.sv(31) @ 826691: uvm_test_top.env0.out_mon_h [OUT_MON] GOT AN OUTPUT!: 625f74de7139
UVM_INFO out_mon.sv(31) @ 831671: uvm_test_top.env0.out_mon_h [OUT_MON] GOT AN OUTPUT!: 6a6ab01c873c
UVM_INFO out_mon.sv(31) @ 836651: uvm_test_top.env0.out_mon_h [OUT_MON] GOT AN OUTPUT!: 21932a24d362
UVM_INFO out_mon.sv(31) @ 841631: uvm_test_top.env0.out_mon_h [OUT_MON] GOT AN OUTPUT!: ec3515b14ee1
UVM_INFO out_mon.sv(31) @ 846611: uvm_test_top.env0.out_mon_h [OUT_MON] GOT AN OUTPUT!: e29d178bee43
UVM_INFO out_mon.sv(31) @ 851591: uvm_test_top.env0.out_mon_h [OUT_MON] GOT AN OUTPUT!: b5e3c9360486
UVM_INFO out_mon.sv(31) @ 856571: uvm_test_top.env0.out_mon_h [OUT_MON] GOT AN OUTPUT!: 97cb25f69dc1
UVM_INFO out_mon.sv(31) @ 861551: uvm_test_top.env0.out_mon_h [OUT_MON] GOT AN OUTPUT!: 9da28d67e25a
UVM_INFO out_mon.sv(31) @ 866531: uvm_test_top.env0.out_mon_h [OUT_MON] GOT AN OUTPUT!: d627075b7b2c
UVM_INFO out_mon.sv(31) @ 871511: uvm_test_top.env0.out_mon_h [OUT_MON] GOT AN OUTPUT!: 0a5d0cade671
UVM_INFO out_mon.sv(31) @ 876491: uvm_test_top.env0.out_mon_h [OUT_MON] GOT AN OUTPUT!: e17c3b60e5b6
UVM_INFO out_mon.sv(31) @ 881471: uvm_test_top.env0.out_mon_h [OUT_MON] GOT AN OUTPUT!: dfc2f714ce9e
UVM_INFO out_mon.sv(31) @ 886451: uvm_test_top.env0.out_mon_h [OUT_MON] GOT AN OUTPUT!: 78585cb8f755
UVM_INFO out_mon.sv(31) @ 891431: uvm_test_top.env0.out_mon_h [OUT_MON] GOT AN OUTPUT!: 2a3a200b12a0
UVM_INFO out_mon.sv(31) @ 896411: uvm_test_top.env0.out_mon_h [OUT_MON] GOT AN OUTPUT!: 6009723d8cb4
UVM_INFO out_mon.sv(31) @ 901391: uvm_test_top.env0.out_mon_h [OUT_MON] GOT AN OUTPUT!: 8af5dddcf00d
UVM_INFO out_mon.sv(31) @ 906371: uvm_test_top.env0.out_mon_h [OUT_MON] GOT AN OUTPUT!: b0994bcc4279
UVM_INFO out_mon.sv(31) @ 911351: uvm_test_top.env0.out_mon_h [OUT_MON] GOT AN OUTPUT!: 63da9ef064fd
UVM_INFO out_mon.sv(31) @ 916331: uvm_test_top.env0.out_mon_h [OUT_MON] GOT AN OUTPUT!: e0d27be2738f
UVM_INFO out_mon.sv(31) @ 921311: uvm_test_top.env0.out_mon_h [OUT_MON] GOT AN OUTPUT!: c39a03c129e3
UVM_INFO out_mon.sv(31) @ 926291: uvm_test_top.env0.out_mon_h [OUT_MON] GOT AN OUTPUT!: 92431df93db1
UVM_INFO out_mon.sv(31) @ 931271: uvm_test_top.env0.out_mon_h [OUT_MON] GOT AN OUTPUT!: 119f449cbc95
UVM_INFO out_mon.sv(31) @ 936251: uvm_test_top.env0.out_mon_h [OUT_MON] GOT AN OUTPUT!: 1d34e0a178ed
UVM_INFO out_mon.sv(31) @ 941231: uvm_test_top.env0.out_mon_h [OUT_MON] GOT AN OUTPUT!: 7a15521e5bf8
UVM_INFO out_mon.sv(31) @ 946211: uvm_test_top.env0.out_mon_h [OUT_MON] GOT AN OUTPUT!: dcb78d5fc452
UVM_INFO out_mon.sv(31) @ 951191: uvm_test_top.env0.out_mon_h [OUT_MON] GOT AN OUTPUT!: 19e7846afd46
UVM_INFO out_mon.sv(31) @ 956171: uvm_test_top.env0.out_mon_h [OUT_MON] GOT AN OUTPUT!: 3a928c487d90
UVM_INFO out_mon.sv(31) @ 961151: uvm_test_top.env0.out_mon_h [OUT_MON] GOT AN OUTPUT!: eac1172d616a
UVM_INFO out_mon.sv(31) @ 966131: uvm_test_top.env0.out_mon_h [OUT_MON] GOT AN OUTPUT!: 7b57845bbcaa
UVM_INFO out_mon.sv(31) @ 971111: uvm_test_top.env0.out_mon_h [OUT_MON] GOT AN OUTPUT!: 6f0f7c520260
UVM_INFO out_mon.sv(31) @ 976091: uvm_test_top.env0.out_mon_h [OUT_MON] GOT AN OUTPUT!: 4a4dbaa1608b
UVM_INFO out_mon.sv(31) @ 981071: uvm_test_top.env0.out_mon_h [OUT_MON] GOT AN OUTPUT!: 1dfea6831e25
UVM_INFO out_mon.sv(31) @ 986051: uvm_test_top.env0.out_mon_h [OUT_MON] GOT AN OUTPUT!: 0583320504a2
UVM_INFO out_mon.sv(31) @ 991031: uvm_test_top.env0.out_mon_h [OUT_MON] GOT AN OUTPUT!: 8f7c4964b014
UVM_INFO out_mon.sv(31) @ 996011: uvm_test_top.env0.out_mon_h [OUT_MON] GOT AN OUTPUT!: c9c03df2034b
UVM_INFO out_mon.sv(31) @ 1000991: uvm_test_top.env0.out_mon_h [OUT_MON] GOT AN OUTPUT!: 68305c907547
UVM_INFO out_mon.sv(31) @ 1005971: uvm_test_top.env0.out_mon_h [OUT_MON] GOT AN OUTPUT!: 3e9786af7a39
UVM_INFO out_mon.sv(31) @ 1010951: uvm_test_top.env0.out_mon_h [OUT_MON] GOT AN OUTPUT!: 058ab451e5d0
UVM_INFO out_mon.sv(31) @ 1015931: uvm_test_top.env0.out_mon_h [OUT_MON] GOT AN OUTPUT!: 22502c7c458c
UVM_INFO out_mon.sv(31) @ 1020911: uvm_test_top.env0.out_mon_h [OUT_MON] GOT AN OUTPUT!: e9b70722406a
UVM_INFO out_mon.sv(31) @ 1025891: uvm_test_top.env0.out_mon_h [OUT_MON] GOT AN OUTPUT!: 95f9116affe8
UVM_INFO out_mon.sv(31) @ 1030871: uvm_test_top.env0.out_mon_h [OUT_MON] GOT AN OUTPUT!: e79e4be48173
UVM_INFO out_mon.sv(31) @ 1035851: uvm_test_top.env0.out_mon_h [OUT_MON] GOT AN OUTPUT!: 295becfe0523
UVM_INFO out_mon.sv(31) @ 1040831: uvm_test_top.env0.out_mon_h [OUT_MON] GOT AN OUTPUT!: 0eefa4e165c9
UVM_INFO out_mon.sv(31) @ 1045811: uvm_test_top.env0.out_mon_h [OUT_MON] GOT AN OUTPUT!: a704398372df
UVM_INFO out_mon.sv(31) @ 1050791: uvm_test_top.env0.out_mon_h [OUT_MON] GOT AN OUTPUT!: 5814d4836567
UVM_INFO out_mon.sv(31) @ 1055771: uvm_test_top.env0.out_mon_h [OUT_MON] GOT AN OUTPUT!: a0419d3125b0
UVM_INFO out_mon.sv(31) @ 1060751: uvm_test_top.env0.out_mon_h [OUT_MON] GOT AN OUTPUT!: 103982d2bf49
UVM_INFO out_mon.sv(31) @ 1065731: uvm_test_top.env0.out_mon_h [OUT_MON] GOT AN OUTPUT!: b91ad900b720
UVM_INFO out_mon.sv(31) @ 1070711: uvm_test_top.env0.out_mon_h [OUT_MON] GOT AN OUTPUT!: 054c1cb16f93
UVM_INFO out_mon.sv(31) @ 1075691: uvm_test_top.env0.out_mon_h [OUT_MON] GOT AN OUTPUT!: b461e34b822a
UVM_INFO out_mon.sv(31) @ 1080671: uvm_test_top.env0.out_mon_h [OUT_MON] GOT AN OUTPUT!: 71f8c8d72e5d
UVM_INFO out_mon.sv(31) @ 1085651: uvm_test_top.env0.out_mon_h [OUT_MON] GOT AN OUTPUT!: 3f9d3a26a984
UVM_INFO out_mon.sv(31) @ 1090631: uvm_test_top.env0.out_mon_h [OUT_MON] GOT AN OUTPUT!: a9a82b8d7f39
UVM_INFO out_mon.sv(31) @ 1095611: uvm_test_top.env0.out_mon_h [OUT_MON] GOT AN OUTPUT!: 7f1c127f0052
UVM_INFO out_mon.sv(31) @ 1100591: uvm_test_top.env0.out_mon_h [OUT_MON] GOT AN OUTPUT!: 8489592b96d0
UVM_INFO out_mon.sv(31) @ 1105571: uvm_test_top.env0.out_mon_h [OUT_MON] GOT AN OUTPUT!: 59ea6ef52997
UVM_INFO out_mon.sv(31) @ 1110551: uvm_test_top.env0.out_mon_h [OUT_MON] GOT AN OUTPUT!: 8b87db5277a6
UVM_INFO out_mon.sv(31) @ 1115531: uvm_test_top.env0.out_mon_h [OUT_MON] GOT AN OUTPUT!: 85d3bb797c00
UVM_INFO out_mon.sv(31) @ 1120511: uvm_test_top.env0.out_mon_h [OUT_MON] GOT AN OUTPUT!: e44c0fe8d669
UVM_INFO out_mon.sv(31) @ 1125491: uvm_test_top.env0.out_mon_h [OUT_MON] GOT AN OUTPUT!: 53620ca81959
UVM_INFO out_mon.sv(31) @ 1130471: uvm_test_top.env0.out_mon_h [OUT_MON] GOT AN OUTPUT!: fd49c5d735cf
UVM_INFO out_mon.sv(31) @ 1135451: uvm_test_top.env0.out_mon_h [OUT_MON] GOT AN OUTPUT!: 39e590e4d851
UVM_INFO out_mon.sv(31) @ 1140431: uvm_test_top.env0.out_mon_h [OUT_MON] GOT AN OUTPUT!: f9a46983cd77
UVM_INFO out_mon.sv(31) @ 1145411: uvm_test_top.env0.out_mon_h [OUT_MON] GOT AN OUTPUT!: 23654a3758d8
UVM_INFO out_mon.sv(31) @ 1150391: uvm_test_top.env0.out_mon_h [OUT_MON] GOT AN OUTPUT!: dd4d9b0e9ac4
UVM_INFO out_mon.sv(31) @ 1155371: uvm_test_top.env0.out_mon_h [OUT_MON] GOT AN OUTPUT!: 78b1b8e6f2b7
UVM_INFO out_mon.sv(31) @ 1160351: uvm_test_top.env0.out_mon_h [OUT_MON] GOT AN OUTPUT!: 78ee864d5a30
UVM_INFO out_mon.sv(31) @ 1165331: uvm_test_top.env0.out_mon_h [OUT_MON] GOT AN OUTPUT!: ed5377d6c7b5
UVM_INFO out_mon.sv(31) @ 1170311: uvm_test_top.env0.out_mon_h [OUT_MON] GOT AN OUTPUT!: 15f5d4878707
UVM_INFO out_mon.sv(31) @ 1175291: uvm_test_top.env0.out_mon_h [OUT_MON] GOT AN OUTPUT!: 0b9776a1ade9
UVM_INFO out_mon.sv(31) @ 1180271: uvm_test_top.env0.out_mon_h [OUT_MON] GOT AN OUTPUT!: e28b8bf25f01
UVM_INFO out_mon.sv(31) @ 1185251: uvm_test_top.env0.out_mon_h [OUT_MON] GOT AN OUTPUT!: 808bdb764280
UVM_INFO out_mon.sv(31) @ 1190231: uvm_test_top.env0.out_mon_h [OUT_MON] GOT AN OUTPUT!: 1d9fc2ecdac5
UVM_INFO out_mon.sv(31) @ 1195211: uvm_test_top.env0.out_mon_h [OUT_MON] GOT AN OUTPUT!: 27fa30b2e4af
UVM_INFO out_mon.sv(31) @ 1200191: uvm_test_top.env0.out_mon_h [OUT_MON] GOT AN OUTPUT!: 02da66fbb9af
UVM_INFO out_mon.sv(31) @ 1205171: uvm_test_top.env0.out_mon_h [OUT_MON] GOT AN OUTPUT!: d86ee941aff8
UVM_INFO out_mon.sv(31) @ 1210151: uvm_test_top.env0.out_mon_h [OUT_MON] GOT AN OUTPUT!: 76ac068576ef
UVM_INFO out_mon.sv(31) @ 1215131: uvm_test_top.env0.out_mon_h [OUT_MON] GOT AN OUTPUT!: ef37e1b47c95
UVM_INFO out_mon.sv(31) @ 1220111: uvm_test_top.env0.out_mon_h [OUT_MON] GOT AN OUTPUT!: 723eee4e4d60
UVM_INFO out_mon.sv(31) @ 1225091: uvm_test_top.env0.out_mon_h [OUT_MON] GOT AN OUTPUT!: 9c5ee520ea28
UVM_INFO out_mon.sv(31) @ 1230071: uvm_test_top.env0.out_mon_h [OUT_MON] GOT AN OUTPUT!: 2f7d64b43729
UVM_INFO out_mon.sv(31) @ 1235051: uvm_test_top.env0.out_mon_h [OUT_MON] GOT AN OUTPUT!: eeaee1bc5277
UVM_INFO out_mon.sv(31) @ 1240031: uvm_test_top.env0.out_mon_h [OUT_MON] GOT AN OUTPUT!: 15156eaaf581
UVM_INFO out_mon.sv(31) @ 1245011: uvm_test_top.env0.out_mon_h [OUT_MON] GOT AN OUTPUT!: 9fb9d537d568
UVM_INFO out_mon.sv(31) @ 1249991: uvm_test_top.env0.out_mon_h [OUT_MON] GOT AN OUTPUT!: 6271f07800aa
UVM_INFO out_mon.sv(31) @ 1254971: uvm_test_top.env0.out_mon_h [OUT_MON] GOT AN OUTPUT!: 9fc30fdc48f1
UVM_INFO out_mon.sv(31) @ 1259951: uvm_test_top.env0.out_mon_h [OUT_MON] GOT AN OUTPUT!: 9bbc7d2e958e
UVM_INFO out_mon.sv(31) @ 1264931: uvm_test_top.env0.out_mon_h [OUT_MON] GOT AN OUTPUT!: 61dce2664d3c
UVM_INFO out_mon.sv(31) @ 1269911: uvm_test_top.env0.out_mon_h [OUT_MON] GOT AN OUTPUT!: b5e6a9ebb1ef
UVM_INFO out_mon.sv(31) @ 1274891: uvm_test_top.env0.out_mon_h [OUT_MON] GOT AN OUTPUT!: e7d05ba23caf
UVM_INFO out_mon.sv(31) @ 1279871: uvm_test_top.env0.out_mon_h [OUT_MON] GOT AN OUTPUT!: 029b4ad20db9
UVM_INFO out_mon.sv(31) @ 1284851: uvm_test_top.env0.out_mon_h [OUT_MON] GOT AN OUTPUT!: 8e2d13c83513
UVM_INFO out_mon.sv(31) @ 1289831: uvm_test_top.env0.out_mon_h [OUT_MON] GOT AN OUTPUT!: dc4165c62751
UVM_INFO out_mon.sv(31) @ 1294811: uvm_test_top.env0.out_mon_h [OUT_MON] GOT AN OUTPUT!: 983ab7981099
UVM_INFO out_mon.sv(31) @ 1299791: uvm_test_top.env0.out_mon_h [OUT_MON] GOT AN OUTPUT!: 12083aea3a71
UVM_INFO out_mon.sv(31) @ 1304771: uvm_test_top.env0.out_mon_h [OUT_MON] GOT AN OUTPUT!: 7c0762356ae4
UVM_INFO out_mon.sv(31) @ 1309751: uvm_test_top.env0.out_mon_h [OUT_MON] GOT AN OUTPUT!: 13dd2ada447d
UVM_INFO out_mon.sv(31) @ 1314731: uvm_test_top.env0.out_mon_h [OUT_MON] GOT AN OUTPUT!: ee5f59c3a3e5
UVM_INFO out_mon.sv(31) @ 1319711: uvm_test_top.env0.out_mon_h [OUT_MON] GOT AN OUTPUT!: de6beda800c9
UVM_INFO out_mon.sv(31) @ 1324691: uvm_test_top.env0.out_mon_h [OUT_MON] GOT AN OUTPUT!: aecc41c1d1af
UVM_INFO out_mon.sv(31) @ 1329671: uvm_test_top.env0.out_mon_h [OUT_MON] GOT AN OUTPUT!: a71cdb96e8cd
UVM_INFO out_mon.sv(31) @ 1334651: uvm_test_top.env0.out_mon_h [OUT_MON] GOT AN OUTPUT!: 139f7026d406
UVM_INFO out_mon.sv(31) @ 1339631: uvm_test_top.env0.out_mon_h [OUT_MON] GOT AN OUTPUT!: 4820a2983dbd
UVM_INFO out_mon.sv(31) @ 1344611: uvm_test_top.env0.out_mon_h [OUT_MON] GOT AN OUTPUT!: 55de6a3d47dc
UVM_INFO out_mon.sv(31) @ 1349591: uvm_test_top.env0.out_mon_h [OUT_MON] GOT AN OUTPUT!: 6c5e5086f47b
UVM_INFO out_mon.sv(31) @ 1354571: uvm_test_top.env0.out_mon_h [OUT_MON] GOT AN OUTPUT!: 9d58253f8478
UVM_INFO out_mon.sv(31) @ 1359551: uvm_test_top.env0.out_mon_h [OUT_MON] GOT AN OUTPUT!: 7b89f623ce5c
UVM_INFO out_mon.sv(31) @ 1364531: uvm_test_top.env0.out_mon_h [OUT_MON] GOT AN OUTPUT!: cc9b23b3ab79
UVM_INFO out_mon.sv(31) @ 1369511: uvm_test_top.env0.out_mon_h [OUT_MON] GOT AN OUTPUT!: 4605c8d146bb
UVM_INFO out_mon.sv(31) @ 1374491: uvm_test_top.env0.out_mon_h [OUT_MON] GOT AN OUTPUT!: 0cee0e879473
UVM_INFO out_mon.sv(31) @ 1379471: uvm_test_top.env0.out_mon_h [OUT_MON] GOT AN OUTPUT!: 71030c0f98ce
UVM_INFO out_mon.sv(31) @ 1384451: uvm_test_top.env0.out_mon_h [OUT_MON] GOT AN OUTPUT!: 1a61d4ecdc59
UVM_INFO out_mon.sv(31) @ 1389431: uvm_test_top.env0.out_mon_h [OUT_MON] GOT AN OUTPUT!: a26fb9b8c0b3
UVM_INFO out_mon.sv(31) @ 1394411: uvm_test_top.env0.out_mon_h [OUT_MON] GOT AN OUTPUT!: 4fbff4f4e275
UVM_INFO out_mon.sv(31) @ 1399391: uvm_test_top.env0.out_mon_h [OUT_MON] GOT AN OUTPUT!: 6cf10cfc7a39
UVM_INFO out_mon.sv(31) @ 1404371: uvm_test_top.env0.out_mon_h [OUT_MON] GOT AN OUTPUT!: 729302ecbe15
UVM_INFO out_mon.sv(31) @ 1409351: uvm_test_top.env0.out_mon_h [OUT_MON] GOT AN OUTPUT!: fbf9051c434e
UVM_INFO out_mon.sv(31) @ 1414331: uvm_test_top.env0.out_mon_h [OUT_MON] GOT AN OUTPUT!: 3f29027951b8
UVM_INFO out_mon.sv(31) @ 1419311: uvm_test_top.env0.out_mon_h [OUT_MON] GOT AN OUTPUT!: 7fb208e7538d
UVM_INFO out_mon.sv(31) @ 1424291: uvm_test_top.env0.out_mon_h [OUT_MON] GOT AN OUTPUT!: b48eaf7331e8
UVM_INFO out_mon.sv(31) @ 1429271: uvm_test_top.env0.out_mon_h [OUT_MON] GOT AN OUTPUT!: 590990f6abf5
UVM_INFO out_mon.sv(31) @ 1434251: uvm_test_top.env0.out_mon_h [OUT_MON] GOT AN OUTPUT!: 20904c82bd7b
UVM_INFO out_mon.sv(31) @ 1439231: uvm_test_top.env0.out_mon_h [OUT_MON] GOT AN OUTPUT!: 05a640a90325
UVM_INFO out_mon.sv(31) @ 1444211: uvm_test_top.env0.out_mon_h [OUT_MON] GOT AN OUTPUT!: ebb60d7c1070
UVM_INFO out_mon.sv(31) @ 1449191: uvm_test_top.env0.out_mon_h [OUT_MON] GOT AN OUTPUT!: cbf92dded829
UVM_INFO out_mon.sv(31) @ 1454171: uvm_test_top.env0.out_mon_h [OUT_MON] GOT AN OUTPUT!: 2551bc7b0830
UVM_INFO out_mon.sv(31) @ 1459151: uvm_test_top.env0.out_mon_h [OUT_MON] GOT AN OUTPUT!: 272dc0766950
UVM_INFO out_mon.sv(31) @ 1464131: uvm_test_top.env0.out_mon_h [OUT_MON] GOT AN OUTPUT!: cf6aa1bf3f4d
UVM_INFO out_mon.sv(31) @ 1469111: uvm_test_top.env0.out_mon_h [OUT_MON] GOT AN OUTPUT!: f32ef587aff5
UVM_INFO out_mon.sv(31) @ 1474091: uvm_test_top.env0.out_mon_h [OUT_MON] GOT AN OUTPUT!: eacc5d481294
UVM_INFO out_mon.sv(31) @ 1479071: uvm_test_top.env0.out_mon_h [OUT_MON] GOT AN OUTPUT!: 58a66a6065bc
UVM_INFO out_mon.sv(31) @ 1484051: uvm_test_top.env0.out_mon_h [OUT_MON] GOT AN OUTPUT!: 4308b8309c9e
UVM_INFO out_mon.sv(31) @ 1489031: uvm_test_top.env0.out_mon_h [OUT_MON] GOT AN OUTPUT!: 7906fa400b46
UVM_INFO out_mon.sv(31) @ 1494011: uvm_test_top.env0.out_mon_h [OUT_MON] GOT AN OUTPUT!: fa6407cbbc93
UVM_INFO out_mon.sv(31) @ 1498991: uvm_test_top.env0.out_mon_h [OUT_MON] GOT AN OUTPUT!: da7455d3dbb7
UVM_INFO out_mon.sv(31) @ 1503971: uvm_test_top.env0.out_mon_h [OUT_MON] GOT AN OUTPUT!: d5f145800a63
UVM_INFO out_mon.sv(31) @ 1508951: uvm_test_top.env0.out_mon_h [OUT_MON] GOT AN OUTPUT!: 93e05972ce26
UVM_INFO out_mon.sv(31) @ 1513931: uvm_test_top.env0.out_mon_h [OUT_MON] GOT AN OUTPUT!: 49766863e41e
UVM_INFO out_mon.sv(31) @ 1518911: uvm_test_top.env0.out_mon_h [OUT_MON] GOT AN OUTPUT!: 38f49019a55a
UVM_INFO out_mon.sv(31) @ 1523891: uvm_test_top.env0.out_mon_h [OUT_MON] GOT AN OUTPUT!: 43851c9967b9
UVM_INFO out_mon.sv(31) @ 1528871: uvm_test_top.env0.out_mon_h [OUT_MON] GOT AN OUTPUT!: 861fab26d9d0
UVM_INFO out_mon.sv(31) @ 1533851: uvm_test_top.env0.out_mon_h [OUT_MON] GOT AN OUTPUT!: b9656f6a6dd8
UVM_INFO out_mon.sv(31) @ 1538831: uvm_test_top.env0.out_mon_h [OUT_MON] GOT AN OUTPUT!: cc8845d6a78d
UVM_INFO out_mon.sv(31) @ 1543811: uvm_test_top.env0.out_mon_h [OUT_MON] GOT AN OUTPUT!: f3238b2491fc
UVM_INFO out_mon.sv(31) @ 1548791: uvm_test_top.env0.out_mon_h [OUT_MON] GOT AN OUTPUT!: 1e1fdc7f0aa4
UVM_INFO out_mon.sv(31) @ 1553771: uvm_test_top.env0.out_mon_h [OUT_MON] GOT AN OUTPUT!: 978d19b533a5
UVM_INFO out_mon.sv(31) @ 1558751: uvm_test_top.env0.out_mon_h [OUT_MON] GOT AN OUTPUT!: 398e3e8bc0f3
UVM_INFO out_mon.sv(31) @ 1563731: uvm_test_top.env0.out_mon_h [OUT_MON] GOT AN OUTPUT!: 782c58056bc4
UVM_INFO out_mon.sv(31) @ 1568711: uvm_test_top.env0.out_mon_h [OUT_MON] GOT AN OUTPUT!: 36435c3a4506
UVM_INFO out_mon.sv(31) @ 1573691: uvm_test_top.env0.out_mon_h [OUT_MON] GOT AN OUTPUT!: 1d509a161918
UVM_INFO out_mon.sv(31) @ 1578671: uvm_test_top.env0.out_mon_h [OUT_MON] GOT AN OUTPUT!: f066c515d1aa
UVM_INFO out_mon.sv(31) @ 1583651: uvm_test_top.env0.out_mon_h [OUT_MON] GOT AN OUTPUT!: 12031adbd5c3
UVM_INFO out_mon.sv(31) @ 1588631: uvm_test_top.env0.out_mon_h [OUT_MON] GOT AN OUTPUT!: 34e9b233630c
UVM_INFO out_mon.sv(31) @ 1593611: uvm_test_top.env0.out_mon_h [OUT_MON] GOT AN OUTPUT!: f00ee9dafdc3
UVM_INFO out_mon.sv(31) @ 1598591: uvm_test_top.env0.out_mon_h [OUT_MON] GOT AN OUTPUT!: ad73eb2db9f8
UVM_INFO out_mon.sv(31) @ 1603571: uvm_test_top.env0.out_mon_h [OUT_MON] GOT AN OUTPUT!: 2c03f283ad89
UVM_INFO out_mon.sv(31) @ 1608551: uvm_test_top.env0.out_mon_h [OUT_MON] GOT AN OUTPUT!: 8c736fe14b1b
UVM_INFO out_mon.sv(31) @ 1613531: uvm_test_top.env0.out_mon_h [OUT_MON] GOT AN OUTPUT!: a128ad4dc168
UVM_INFO out_mon.sv(31) @ 1618511: uvm_test_top.env0.out_mon_h [OUT_MON] GOT AN OUTPUT!: f91225e857cf
UVM_INFO out_mon.sv(31) @ 1623491: uvm_test_top.env0.out_mon_h [OUT_MON] GOT AN OUTPUT!: dd8dab94d21b
UVM_INFO out_mon.sv(31) @ 1628471: uvm_test_top.env0.out_mon_h [OUT_MON] GOT AN OUTPUT!: 3b3e80d6d95d
UVM_INFO out_mon.sv(31) @ 1633451: uvm_test_top.env0.out_mon_h [OUT_MON] GOT AN OUTPUT!: 2dfd82344204
UVM_INFO out_mon.sv(31) @ 1638431: uvm_test_top.env0.out_mon_h [OUT_MON] GOT AN OUTPUT!: a7a557368b36
UVM_INFO out_mon.sv(31) @ 1643411: uvm_test_top.env0.out_mon_h [OUT_MON] GOT AN OUTPUT!: 6a0332e32879
UVM_INFO out_mon.sv(31) @ 1648391: uvm_test_top.env0.out_mon_h [OUT_MON] GOT AN OUTPUT!: 4baee442ec16
UVM_INFO out_mon.sv(31) @ 1653371: uvm_test_top.env0.out_mon_h [OUT_MON] GOT AN OUTPUT!: 7fecaa5065c0
UVM_INFO out_mon.sv(31) @ 1658351: uvm_test_top.env0.out_mon_h [OUT_MON] GOT AN OUTPUT!: 59882e65378c
UVM_INFO out_mon.sv(31) @ 1663331: uvm_test_top.env0.out_mon_h [OUT_MON] GOT AN OUTPUT!: c0c271fe8ffb
UVM_INFO out_mon.sv(31) @ 1668311: uvm_test_top.env0.out_mon_h [OUT_MON] GOT AN OUTPUT!: 5421bc7068dc
UVM_INFO out_mon.sv(31) @ 1673291: uvm_test_top.env0.out_mon_h [OUT_MON] GOT AN OUTPUT!: ec5717e004c1
UVM_INFO out_mon.sv(31) @ 1678271: uvm_test_top.env0.out_mon_h [OUT_MON] GOT AN OUTPUT!: fb21eb9d3bb5
UVM_INFO out_mon.sv(31) @ 1683251: uvm_test_top.env0.out_mon_h [OUT_MON] GOT AN OUTPUT!: fd2e89b2e28f
UVM_INFO out_mon.sv(31) @ 1688231: uvm_test_top.env0.out_mon_h [OUT_MON] GOT AN OUTPUT!: f6f6bf462ab0
UVM_INFO out_mon.sv(31) @ 1693211: uvm_test_top.env0.out_mon_h [OUT_MON] GOT AN OUTPUT!: b49ad31d02d6
UVM_INFO out_mon.sv(31) @ 1698191: uvm_test_top.env0.out_mon_h [OUT_MON] GOT AN OUTPUT!: 44cc8263751a
UVM_INFO out_mon.sv(31) @ 1703171: uvm_test_top.env0.out_mon_h [OUT_MON] GOT AN OUTPUT!: e6a7718804d7
UVM_INFO out_mon.sv(31) @ 1708151: uvm_test_top.env0.out_mon_h [OUT_MON] GOT AN OUTPUT!: 628e0ec714f1
UVM_INFO out_mon.sv(31) @ 1713131: uvm_test_top.env0.out_mon_h [OUT_MON] GOT AN OUTPUT!: 861dcdbd4305
UVM_INFO out_mon.sv(31) @ 1718111: uvm_test_top.env0.out_mon_h [OUT_MON] GOT AN OUTPUT!: 3aeb1c18c798
UVM_INFO out_mon.sv(31) @ 1723091: uvm_test_top.env0.out_mon_h [OUT_MON] GOT AN OUTPUT!: 7088ec41d62a
UVM_INFO out_mon.sv(31) @ 1728071: uvm_test_top.env0.out_mon_h [OUT_MON] GOT AN OUTPUT!: d14a65920537
UVM_INFO out_mon.sv(31) @ 1733051: uvm_test_top.env0.out_mon_h [OUT_MON] GOT AN OUTPUT!: fa3603729efe
UVM_INFO out_mon.sv(31) @ 1738031: uvm_test_top.env0.out_mon_h [OUT_MON] GOT AN OUTPUT!: addcfd7a0e3e
UVM_INFO out_mon.sv(31) @ 1743011: uvm_test_top.env0.out_mon_h [OUT_MON] GOT AN OUTPUT!: 3a34e8603874
UVM_INFO out_mon.sv(31) @ 1747991: uvm_test_top.env0.out_mon_h [OUT_MON] GOT AN OUTPUT!: 0989b061dc06
UVM_INFO out_mon.sv(31) @ 1752971: uvm_test_top.env0.out_mon_h [OUT_MON] GOT AN OUTPUT!: 164d126afc68
UVM_INFO out_mon.sv(31) @ 1757951: uvm_test_top.env0.out_mon_h [OUT_MON] GOT AN OUTPUT!: ba00c5202efe
UVM_INFO out_mon.sv(31) @ 1762931: uvm_test_top.env0.out_mon_h [OUT_MON] GOT AN OUTPUT!: 0f0d369f09f3
UVM_INFO out_mon.sv(31) @ 1767911: uvm_test_top.env0.out_mon_h [OUT_MON] GOT AN OUTPUT!: ddabfb8d7c6b
UVM_INFO out_mon.sv(31) @ 1772891: uvm_test_top.env0.out_mon_h [OUT_MON] GOT AN OUTPUT!: cbbf17d0360f
UVM_INFO out_mon.sv(31) @ 1777871: uvm_test_top.env0.out_mon_h [OUT_MON] GOT AN OUTPUT!: 47b61400052a
UVM_INFO out_mon.sv(31) @ 1782851: uvm_test_top.env0.out_mon_h [OUT_MON] GOT AN OUTPUT!: 666ea67626d4
UVM_INFO out_mon.sv(31) @ 1787831: uvm_test_top.env0.out_mon_h [OUT_MON] GOT AN OUTPUT!: ac10cb87c26b
UVM_INFO out_mon.sv(31) @ 1792811: uvm_test_top.env0.out_mon_h [OUT_MON] GOT AN OUTPUT!: 77eb044832f4
UVM_INFO out_mon.sv(31) @ 1797791: uvm_test_top.env0.out_mon_h [OUT_MON] GOT AN OUTPUT!: 8b618dea70e1
UVM_INFO out_mon.sv(31) @ 1802771: uvm_test_top.env0.out_mon_h [OUT_MON] GOT AN OUTPUT!: e3bd859974b9
UVM_INFO out_mon.sv(31) @ 1807751: uvm_test_top.env0.out_mon_h [OUT_MON] GOT AN OUTPUT!: df16c95f8e60
UVM_INFO out_mon.sv(31) @ 1812731: uvm_test_top.env0.out_mon_h [OUT_MON] GOT AN OUTPUT!: 64324674cb3c
UVM_INFO out_mon.sv(31) @ 1817711: uvm_test_top.env0.out_mon_h [OUT_MON] GOT AN OUTPUT!: 855f370c5558
UVM_INFO out_mon.sv(31) @ 1822691: uvm_test_top.env0.out_mon_h [OUT_MON] GOT AN OUTPUT!: d6577378d20e
UVM_INFO out_mon.sv(31) @ 1827671: uvm_test_top.env0.out_mon_h [OUT_MON] GOT AN OUTPUT!: 6d23dc3fc330
UVM_INFO out_mon.sv(31) @ 1832651: uvm_test_top.env0.out_mon_h [OUT_MON] GOT AN OUTPUT!: 45f5d073e500
UVM_INFO out_mon.sv(31) @ 1837631: uvm_test_top.env0.out_mon_h [OUT_MON] GOT AN OUTPUT!: 820f436e91f8
UVM_INFO out_mon.sv(31) @ 1842611: uvm_test_top.env0.out_mon_h [OUT_MON] GOT AN OUTPUT!: b99aa1c01f53
UVM_INFO out_mon.sv(31) @ 1847591: uvm_test_top.env0.out_mon_h [OUT_MON] GOT AN OUTPUT!: 588f98ef3d5f
UVM_INFO out_mon.sv(31) @ 1852571: uvm_test_top.env0.out_mon_h [OUT_MON] GOT AN OUTPUT!: be92875f5afa
UVM_INFO out_mon.sv(31) @ 1857551: uvm_test_top.env0.out_mon_h [OUT_MON] GOT AN OUTPUT!: 99d12d760270
UVM_INFO out_mon.sv(31) @ 1862531: uvm_test_top.env0.out_mon_h [OUT_MON] GOT AN OUTPUT!: b4e86bd73831
UVM_INFO out_mon.sv(31) @ 1867511: uvm_test_top.env0.out_mon_h [OUT_MON] GOT AN OUTPUT!: 2fc01250df0c
UVM_INFO out_mon.sv(31) @ 1872491: uvm_test_top.env0.out_mon_h [OUT_MON] GOT AN OUTPUT!: db6b0dcd1315
UVM_INFO out_mon.sv(31) @ 1877471: uvm_test_top.env0.out_mon_h [OUT_MON] GOT AN OUTPUT!: 310740638d94
UVM_INFO out_mon.sv(31) @ 1882451: uvm_test_top.env0.out_mon_h [OUT_MON] GOT AN OUTPUT!: 1ba354620280
UVM_INFO out_mon.sv(31) @ 1887431: uvm_test_top.env0.out_mon_h [OUT_MON] GOT AN OUTPUT!: 8d1513e386c3
UVM_INFO out_mon.sv(31) @ 1892411: uvm_test_top.env0.out_mon_h [OUT_MON] GOT AN OUTPUT!: 95deed4ee6dc
UVM_INFO out_mon.sv(31) @ 1897391: uvm_test_top.env0.out_mon_h [OUT_MON] GOT AN OUTPUT!: 781078d40d27
UVM_INFO out_mon.sv(31) @ 1902371: uvm_test_top.env0.out_mon_h [OUT_MON] GOT AN OUTPUT!: ed265fc05b23
UVM_INFO out_mon.sv(31) @ 1907351: uvm_test_top.env0.out_mon_h [OUT_MON] GOT AN OUTPUT!: 96ebab421738
UVM_INFO out_mon.sv(31) @ 1912331: uvm_test_top.env0.out_mon_h [OUT_MON] GOT AN OUTPUT!: 534d22f2bdc9
UVM_INFO out_mon.sv(31) @ 1917311: uvm_test_top.env0.out_mon_h [OUT_MON] GOT AN OUTPUT!: eb4cc7406282
UVM_INFO out_mon.sv(31) @ 1922291: uvm_test_top.env0.out_mon_h [OUT_MON] GOT AN OUTPUT!: 54d7ce8e22c7
UVM_INFO out_mon.sv(31) @ 1927271: uvm_test_top.env0.out_mon_h [OUT_MON] GOT AN OUTPUT!: 7fa424a36fdb
UVM_INFO out_mon.sv(31) @ 1932251: uvm_test_top.env0.out_mon_h [OUT_MON] GOT AN OUTPUT!: 651408c26f75
UVM_INFO out_mon.sv(31) @ 1937231: uvm_test_top.env0.out_mon_h [OUT_MON] GOT AN OUTPUT!: d31db57d721a
UVM_INFO out_mon.sv(31) @ 1942211: uvm_test_top.env0.out_mon_h [OUT_MON] GOT AN OUTPUT!: 2a1338233a82
UVM_INFO out_mon.sv(31) @ 1947191: uvm_test_top.env0.out_mon_h [OUT_MON] GOT AN OUTPUT!: 05a0585a6a50
UVM_INFO out_mon.sv(31) @ 1952171: uvm_test_top.env0.out_mon_h [OUT_MON] GOT AN OUTPUT!: 889aa343e3a4
UVM_INFO out_mon.sv(31) @ 1957151: uvm_test_top.env0.out_mon_h [OUT_MON] GOT AN OUTPUT!: c3df653c17ea
UVM_INFO out_mon.sv(31) @ 1962131: uvm_test_top.env0.out_mon_h [OUT_MON] GOT AN OUTPUT!: 703906138054
UVM_INFO out_mon.sv(31) @ 1967111: uvm_test_top.env0.out_mon_h [OUT_MON] GOT AN OUTPUT!: f3405b55f0c8
UVM_INFO out_mon.sv(31) @ 1972091: uvm_test_top.env0.out_mon_h [OUT_MON] GOT AN OUTPUT!: 673948f8f237
UVM_INFO out_mon.sv(31) @ 1977071: uvm_test_top.env0.out_mon_h [OUT_MON] GOT AN OUTPUT!: 1df3f88932b5
UVM_INFO out_mon.sv(31) @ 1982051: uvm_test_top.env0.out_mon_h [OUT_MON] GOT AN OUTPUT!: d6a951aed583
UVM_INFO out_mon.sv(31) @ 1987031: uvm_test_top.env0.out_mon_h [OUT_MON] GOT AN OUTPUT!: 9ee39ba0dd35
UVM_INFO out_mon.sv(31) @ 1992011: uvm_test_top.env0.out_mon_h [OUT_MON] GOT AN OUTPUT!: 1653b0df82fb
UVM_INFO out_mon.sv(31) @ 1996991: uvm_test_top.env0.out_mon_h [OUT_MON] GOT AN OUTPUT!: 8dbb4f4da630
UVM_INFO out_mon.sv(31) @ 2001971: uvm_test_top.env0.out_mon_h [OUT_MON] GOT AN OUTPUT!: 38c4188118dd
UVM_INFO out_mon.sv(31) @ 2006951: uvm_test_top.env0.out_mon_h [OUT_MON] GOT AN OUTPUT!: 6ae846e20f61
UVM_INFO out_mon.sv(31) @ 2011931: uvm_test_top.env0.out_mon_h [OUT_MON] GOT AN OUTPUT!: 974859f17355
UVM_INFO out_mon.sv(31) @ 2016911: uvm_test_top.env0.out_mon_h [OUT_MON] GOT AN OUTPUT!: 8b972fce500b
UVM_INFO out_mon.sv(31) @ 2021891: uvm_test_top.env0.out_mon_h [OUT_MON] GOT AN OUTPUT!: 1deaded22cd3
UVM_INFO out_mon.sv(31) @ 2026871: uvm_test_top.env0.out_mon_h [OUT_MON] GOT AN OUTPUT!: 45b128dc69e9
UVM_INFO out_mon.sv(31) @ 2031851: uvm_test_top.env0.out_mon_h [OUT_MON] GOT AN OUTPUT!: 577958a4a1d5
UVM_INFO out_mon.sv(31) @ 2036831: uvm_test_top.env0.out_mon_h [OUT_MON] GOT AN OUTPUT!: dbe5c32c13d4
UVM_INFO out_mon.sv(31) @ 2041811: uvm_test_top.env0.out_mon_h [OUT_MON] GOT AN OUTPUT!: 397da425ef7e
UVM_INFO out_mon.sv(31) @ 2046791: uvm_test_top.env0.out_mon_h [OUT_MON] GOT AN OUTPUT!: 299dd6eec80f
UVM_INFO out_mon.sv(31) @ 2051771: uvm_test_top.env0.out_mon_h [OUT_MON] GOT AN OUTPUT!: b044836aefa0
UVM_INFO out_mon.sv(31) @ 2056751: uvm_test_top.env0.out_mon_h [OUT_MON] GOT AN OUTPUT!: 0f0482e3cbbf
UVM_INFO out_mon.sv(31) @ 2061731: uvm_test_top.env0.out_mon_h [OUT_MON] GOT AN OUTPUT!: eadb45bc3e77
UVM_INFO out_mon.sv(31) @ 2066711: uvm_test_top.env0.out_mon_h [OUT_MON] GOT AN OUTPUT!: 9d0b45941075
UVM_INFO out_mon.sv(31) @ 2071691: uvm_test_top.env0.out_mon_h [OUT_MON] GOT AN OUTPUT!: 670af8323bc6
UVM_INFO out_mon.sv(31) @ 2076671: uvm_test_top.env0.out_mon_h [OUT_MON] GOT AN OUTPUT!: 01596c4e5850
UVM_INFO out_mon.sv(31) @ 2081651: uvm_test_top.env0.out_mon_h [OUT_MON] GOT AN OUTPUT!: bd633110fe9c
UVM_INFO out_mon.sv(31) @ 2086631: uvm_test_top.env0.out_mon_h [OUT_MON] GOT AN OUTPUT!: 325cbce31eaf
UVM_INFO out_mon.sv(31) @ 2091611: uvm_test_top.env0.out_mon_h [OUT_MON] GOT AN OUTPUT!: 2d2c0ee46669
UVM_INFO out_mon.sv(31) @ 2096591: uvm_test_top.env0.out_mon_h [OUT_MON] GOT AN OUTPUT!: 5b40b2209ede
UVM_INFO out_mon.sv(31) @ 2101571: uvm_test_top.env0.out_mon_h [OUT_MON] GOT AN OUTPUT!: e874855c0faa
UVM_INFO out_mon.sv(31) @ 2106551: uvm_test_top.env0.out_mon_h [OUT_MON] GOT AN OUTPUT!: 07f1280ed5c2
UVM_INFO out_mon.sv(31) @ 2111531: uvm_test_top.env0.out_mon_h [OUT_MON] GOT AN OUTPUT!: 20099ae751d3
UVM_INFO out_mon.sv(31) @ 2116511: uvm_test_top.env0.out_mon_h [OUT_MON] GOT AN OUTPUT!: 111abaeb7cfb
UVM_INFO out_mon.sv(31) @ 2121491: uvm_test_top.env0.out_mon_h [OUT_MON] GOT AN OUTPUT!: cf728b114dc2
UVM_INFO out_mon.sv(31) @ 2126471: uvm_test_top.env0.out_mon_h [OUT_MON] GOT AN OUTPUT!: 4828cce61371
UVM_INFO out_mon.sv(31) @ 2131451: uvm_test_top.env0.out_mon_h [OUT_MON] GOT AN OUTPUT!: 49019e9cdb61
UVM_INFO out_mon.sv(31) @ 2136431: uvm_test_top.env0.out_mon_h [OUT_MON] GOT AN OUTPUT!: e3487b9bd0bf
UVM_INFO out_mon.sv(31) @ 2141411: uvm_test_top.env0.out_mon_h [OUT_MON] GOT AN OUTPUT!: 81bc916098c0
UVM_INFO out_mon.sv(31) @ 2146391: uvm_test_top.env0.out_mon_h [OUT_MON] GOT AN OUTPUT!: a9635953b47e
UVM_INFO out_mon.sv(31) @ 2151371: uvm_test_top.env0.out_mon_h [OUT_MON] GOT AN OUTPUT!: 1d7354e2e251
UVM_INFO out_mon.sv(31) @ 2156351: uvm_test_top.env0.out_mon_h [OUT_MON] GOT AN OUTPUT!: de2849fa7de7
UVM_INFO out_mon.sv(31) @ 2161331: uvm_test_top.env0.out_mon_h [OUT_MON] GOT AN OUTPUT!: 3aaf24b5d583
UVM_INFO out_mon.sv(31) @ 2166311: uvm_test_top.env0.out_mon_h [OUT_MON] GOT AN OUTPUT!: ee005bdea1b9
UVM_INFO out_mon.sv(31) @ 2171291: uvm_test_top.env0.out_mon_h [OUT_MON] GOT AN OUTPUT!: febf95934a77
UVM_INFO out_mon.sv(31) @ 2176271: uvm_test_top.env0.out_mon_h [OUT_MON] GOT AN OUTPUT!: da1af12c5fe6
UVM_INFO out_mon.sv(31) @ 2181251: uvm_test_top.env0.out_mon_h [OUT_MON] GOT AN OUTPUT!: e1aeaf38e104
UVM_INFO out_mon.sv(31) @ 2186231: uvm_test_top.env0.out_mon_h [OUT_MON] GOT AN OUTPUT!: 64601229b3fc
UVM_INFO out_mon.sv(31) @ 2191211: uvm_test_top.env0.out_mon_h [OUT_MON] GOT AN OUTPUT!: ba48ab03f0c4
UVM_INFO out_mon.sv(31) @ 2196191: uvm_test_top.env0.out_mon_h [OUT_MON] GOT AN OUTPUT!: fb813f3256c2
UVM_INFO out_mon.sv(31) @ 2201171: uvm_test_top.env0.out_mon_h [OUT_MON] GOT AN OUTPUT!: 8a19734d9b5a
UVM_INFO out_mon.sv(31) @ 2206151: uvm_test_top.env0.out_mon_h [OUT_MON] GOT AN OUTPUT!: 66e4a073cafe
UVM_INFO out_mon.sv(31) @ 2211131: uvm_test_top.env0.out_mon_h [OUT_MON] GOT AN OUTPUT!: 096b7486b7bb
UVM_INFO out_mon.sv(31) @ 2216111: uvm_test_top.env0.out_mon_h [OUT_MON] GOT AN OUTPUT!: 32bbe26948e2
UVM_INFO out_mon.sv(31) @ 2221091: uvm_test_top.env0.out_mon_h [OUT_MON] GOT AN OUTPUT!: f34cdf13e298
UVM_INFO out_mon.sv(31) @ 2226071: uvm_test_top.env0.out_mon_h [OUT_MON] GOT AN OUTPUT!: dbed9f17cb10
UVM_INFO out_mon.sv(31) @ 2231051: uvm_test_top.env0.out_mon_h [OUT_MON] GOT AN OUTPUT!: 1189f2e97bbd
UVM_INFO out_mon.sv(31) @ 2236031: uvm_test_top.env0.out_mon_h [OUT_MON] GOT AN OUTPUT!: bc27ab0a0fb4
UVM_INFO out_mon.sv(31) @ 2241011: uvm_test_top.env0.out_mon_h [OUT_MON] GOT AN OUTPUT!: 08ac54e79b89
UVM_INFO out_mon.sv(31) @ 2245991: uvm_test_top.env0.out_mon_h [OUT_MON] GOT AN OUTPUT!: b5d4130c91ac
UVM_INFO out_mon.sv(31) @ 2250971: uvm_test_top.env0.out_mon_h [OUT_MON] GOT AN OUTPUT!: e40335f61f3b
UVM_INFO out_mon.sv(31) @ 2255951: uvm_test_top.env0.out_mon_h [OUT_MON] GOT AN OUTPUT!: a02435a98d2f
UVM_INFO out_mon.sv(31) @ 2260931: uvm_test_top.env0.out_mon_h [OUT_MON] GOT AN OUTPUT!: 619934e0a255
UVM_INFO out_mon.sv(31) @ 2265911: uvm_test_top.env0.out_mon_h [OUT_MON] GOT AN OUTPUT!: 7302bc64fef2
UVM_INFO out_mon.sv(31) @ 2270891: uvm_test_top.env0.out_mon_h [OUT_MON] GOT AN OUTPUT!: fe36a7f280c1
UVM_INFO out_mon.sv(31) @ 2275871: uvm_test_top.env0.out_mon_h [OUT_MON] GOT AN OUTPUT!: 3316e4b8a241
UVM_INFO out_mon.sv(31) @ 2280851: uvm_test_top.env0.out_mon_h [OUT_MON] GOT AN OUTPUT!: c16c6952d8fa
UVM_INFO out_mon.sv(31) @ 2285831: uvm_test_top.env0.out_mon_h [OUT_MON] GOT AN OUTPUT!: 9dd0cdcff3ff
UVM_INFO out_mon.sv(31) @ 2290811: uvm_test_top.env0.out_mon_h [OUT_MON] GOT AN OUTPUT!: c986b52082e8
UVM_INFO out_mon.sv(31) @ 2295791: uvm_test_top.env0.out_mon_h [OUT_MON] GOT AN OUTPUT!: 955c4b042e12
UVM_INFO out_mon.sv(31) @ 2300771: uvm_test_top.env0.out_mon_h [OUT_MON] GOT AN OUTPUT!: 978f374e1dae
UVM_INFO out_mon.sv(31) @ 2305751: uvm_test_top.env0.out_mon_h [OUT_MON] GOT AN OUTPUT!: 4ca4f8184e20
UVM_INFO out_mon.sv(31) @ 2310731: uvm_test_top.env0.out_mon_h [OUT_MON] GOT AN OUTPUT!: 1b50da3e0222
UVM_INFO out_mon.sv(31) @ 2315711: uvm_test_top.env0.out_mon_h [OUT_MON] GOT AN OUTPUT!: 3355ec35122a
UVM_INFO out_mon.sv(31) @ 2320691: uvm_test_top.env0.out_mon_h [OUT_MON] GOT AN OUTPUT!: 7f5b7a1e511e
UVM_INFO out_mon.sv(31) @ 2325671: uvm_test_top.env0.out_mon_h [OUT_MON] GOT AN OUTPUT!: a1dae9a4f2eb
UVM_INFO out_mon.sv(31) @ 2330651: uvm_test_top.env0.out_mon_h [OUT_MON] GOT AN OUTPUT!: b4f70b04e26e
UVM_INFO out_mon.sv(31) @ 2335631: uvm_test_top.env0.out_mon_h [OUT_MON] GOT AN OUTPUT!: 455e5e502d7c
UVM_INFO out_mon.sv(31) @ 2340611: uvm_test_top.env0.out_mon_h [OUT_MON] GOT AN OUTPUT!: c03145cb548b
UVM_INFO out_mon.sv(31) @ 2345591: uvm_test_top.env0.out_mon_h [OUT_MON] GOT AN OUTPUT!: 4bd312f8bd37
UVM_INFO out_mon.sv(31) @ 2350571: uvm_test_top.env0.out_mon_h [OUT_MON] GOT AN OUTPUT!: c3d683ab00e1
UVM_INFO out_mon.sv(31) @ 2355551: uvm_test_top.env0.out_mon_h [OUT_MON] GOT AN OUTPUT!: 4fdfce365c4a
UVM_INFO out_mon.sv(31) @ 2360531: uvm_test_top.env0.out_mon_h [OUT_MON] GOT AN OUTPUT!: cd73d59907cd
UVM_INFO out_mon.sv(31) @ 2365511: uvm_test_top.env0.out_mon_h [OUT_MON] GOT AN OUTPUT!: 04eee4328cf4
UVM_INFO out_mon.sv(31) @ 2370491: uvm_test_top.env0.out_mon_h [OUT_MON] GOT AN OUTPUT!: 6153ec623f1a
UVM_INFO out_mon.sv(31) @ 2375471: uvm_test_top.env0.out_mon_h [OUT_MON] GOT AN OUTPUT!: a32ee32484ec
UVM_INFO out_mon.sv(31) @ 2380451: uvm_test_top.env0.out_mon_h [OUT_MON] GOT AN OUTPUT!: c681f387472d
UVM_INFO out_mon.sv(31) @ 2385431: uvm_test_top.env0.out_mon_h [OUT_MON] GOT AN OUTPUT!: 138d5c8d45dd
UVM_INFO out_mon.sv(31) @ 2390411: uvm_test_top.env0.out_mon_h [OUT_MON] GOT AN OUTPUT!: 12c8ecd87a8f
UVM_INFO out_mon.sv(31) @ 2395391: uvm_test_top.env0.out_mon_h [OUT_MON] GOT AN OUTPUT!: dbb3ff338578
UVM_INFO out_mon.sv(31) @ 2400371: uvm_test_top.env0.out_mon_h [OUT_MON] GOT AN OUTPUT!: f6b9abd1f727
UVM_INFO out_mon.sv(31) @ 2405351: uvm_test_top.env0.out_mon_h [OUT_MON] GOT AN OUTPUT!: ca0ffbdfc313
UVM_INFO out_mon.sv(31) @ 2410331: uvm_test_top.env0.out_mon_h [OUT_MON] GOT AN OUTPUT!: 499b0cb797bb
UVM_INFO out_mon.sv(31) @ 2415311: uvm_test_top.env0.out_mon_h [OUT_MON] GOT AN OUTPUT!: 61cae6d83a49
UVM_INFO out_mon.sv(31) @ 2420291: uvm_test_top.env0.out_mon_h [OUT_MON] GOT AN OUTPUT!: 557b6a70f60a
UVM_INFO out_mon.sv(31) @ 2425271: uvm_test_top.env0.out_mon_h [OUT_MON] GOT AN OUTPUT!: 06d2181ce996
UVM_INFO out_mon.sv(31) @ 2430251: uvm_test_top.env0.out_mon_h [OUT_MON] GOT AN OUTPUT!: e3260925712e
UVM_INFO out_mon.sv(31) @ 2435231: uvm_test_top.env0.out_mon_h [OUT_MON] GOT AN OUTPUT!: e9d4bd638966
UVM_INFO out_mon.sv(31) @ 2440211: uvm_test_top.env0.out_mon_h [OUT_MON] GOT AN OUTPUT!: 062876982575
UVM_INFO out_mon.sv(31) @ 2445191: uvm_test_top.env0.out_mon_h [OUT_MON] GOT AN OUTPUT!: b43a8fd39595
UVM_INFO out_mon.sv(31) @ 2450171: uvm_test_top.env0.out_mon_h [OUT_MON] GOT AN OUTPUT!: a8cd7b43ea7c
UVM_INFO out_mon.sv(31) @ 2455151: uvm_test_top.env0.out_mon_h [OUT_MON] GOT AN OUTPUT!: f4306f824cc9
UVM_INFO out_mon.sv(31) @ 2460131: uvm_test_top.env0.out_mon_h [OUT_MON] GOT AN OUTPUT!: d820c93761b4
UVM_INFO out_mon.sv(31) @ 2465111: uvm_test_top.env0.out_mon_h [OUT_MON] GOT AN OUTPUT!: 48a5daaea8ad
UVM_INFO out_mon.sv(31) @ 2470091: uvm_test_top.env0.out_mon_h [OUT_MON] GOT AN OUTPUT!: cff1dfb0e30d
UVM_INFO out_mon.sv(31) @ 2475071: uvm_test_top.env0.out_mon_h [OUT_MON] GOT AN OUTPUT!: 4d4170bd6783
UVM_INFO out_mon.sv(31) @ 2480051: uvm_test_top.env0.out_mon_h [OUT_MON] GOT AN OUTPUT!: c6c4517a8d04
UVM_INFO out_mon.sv(31) @ 2485031: uvm_test_top.env0.out_mon_h [OUT_MON] GOT AN OUTPUT!: 467280f504f9
UVM_INFO out_mon.sv(31) @ 2490011: uvm_test_top.env0.out_mon_h [OUT_MON] GOT AN OUTPUT!: 79ed06063aca
UVM_INFO out_mon.sv(31) @ 2494991: uvm_test_top.env0.out_mon_h [OUT_MON] GOT AN OUTPUT!: 8d64dff9bbc9
UVM_INFO out_mon.sv(31) @ 2499971: uvm_test_top.env0.out_mon_h [OUT_MON] GOT AN OUTPUT!: 7975844988b0
UVM_INFO out_mon.sv(31) @ 2504951: uvm_test_top.env0.out_mon_h [OUT_MON] GOT AN OUTPUT!: bc03e9098510
UVM_INFO out_mon.sv(31) @ 2509931: uvm_test_top.env0.out_mon_h [OUT_MON] GOT AN OUTPUT!: 3425de59d0ac
UVM_INFO out_mon.sv(31) @ 2514911: uvm_test_top.env0.out_mon_h [OUT_MON] GOT AN OUTPUT!: 98fb09f823d7
UVM_INFO out_mon.sv(31) @ 2519891: uvm_test_top.env0.out_mon_h [OUT_MON] GOT AN OUTPUT!: c38f61c8320d
UVM_INFO out_mon.sv(31) @ 2524871: uvm_test_top.env0.out_mon_h [OUT_MON] GOT AN OUTPUT!: c3b791eb0ed3
UVM_INFO out_mon.sv(31) @ 2529851: uvm_test_top.env0.out_mon_h [OUT_MON] GOT AN OUTPUT!: 77f99abd872f
UVM_INFO out_mon.sv(31) @ 2534831: uvm_test_top.env0.out_mon_h [OUT_MON] GOT AN OUTPUT!: 20634ed583b7
UVM_INFO out_mon.sv(31) @ 2539811: uvm_test_top.env0.out_mon_h [OUT_MON] GOT AN OUTPUT!: 2472c6d66b5d
UVM_INFO out_mon.sv(31) @ 2544791: uvm_test_top.env0.out_mon_h [OUT_MON] GOT AN OUTPUT!: 03ec9cb47f2f
UVM_INFO out_mon.sv(31) @ 2549771: uvm_test_top.env0.out_mon_h [OUT_MON] GOT AN OUTPUT!: 2ac644bf3a9b
UVM_INFO out_mon.sv(31) @ 2554751: uvm_test_top.env0.out_mon_h [OUT_MON] GOT AN OUTPUT!: 2000628abbe9
UVM_INFO out_mon.sv(31) @ 2559731: uvm_test_top.env0.out_mon_h [OUT_MON] GOT AN OUTPUT!: 47832e90128d
UVM_INFO out_mon.sv(31) @ 2564711: uvm_test_top.env0.out_mon_h [OUT_MON] GOT AN OUTPUT!: 2f07c61cb4aa
UVM_INFO out_mon.sv(31) @ 2569691: uvm_test_top.env0.out_mon_h [OUT_MON] GOT AN OUTPUT!: 1df0a0e8cf37
UVM_INFO out_mon.sv(31) @ 2574671: uvm_test_top.env0.out_mon_h [OUT_MON] GOT AN OUTPUT!: 602ef06ca8e8
UVM_INFO out_mon.sv(31) @ 2579651: uvm_test_top.env0.out_mon_h [OUT_MON] GOT AN OUTPUT!: 841ccdcd09d1
UVM_INFO out_mon.sv(31) @ 2584631: uvm_test_top.env0.out_mon_h [OUT_MON] GOT AN OUTPUT!: 8363bbf692df
UVM_INFO out_mon.sv(31) @ 2589611: uvm_test_top.env0.out_mon_h [OUT_MON] GOT AN OUTPUT!: 8ed57d402158
UVM_INFO out_mon.sv(31) @ 2594591: uvm_test_top.env0.out_mon_h [OUT_MON] GOT AN OUTPUT!: f5509fac2f97
UVM_INFO out_mon.sv(31) @ 2599571: uvm_test_top.env0.out_mon_h [OUT_MON] GOT AN OUTPUT!: 5da206a12e29
UVM_INFO out_mon.sv(31) @ 2604551: uvm_test_top.env0.out_mon_h [OUT_MON] GOT AN OUTPUT!: 4b63c4b0f6d7
UVM_INFO out_mon.sv(31) @ 2609531: uvm_test_top.env0.out_mon_h [OUT_MON] GOT AN OUTPUT!: a6d45dc7134d
UVM_INFO out_mon.sv(31) @ 2614511: uvm_test_top.env0.out_mon_h [OUT_MON] GOT AN OUTPUT!: bfc773d62a7f
UVM_INFO out_mon.sv(31) @ 2619491: uvm_test_top.env0.out_mon_h [OUT_MON] GOT AN OUTPUT!: 03744edc65b9
UVM_INFO out_mon.sv(31) @ 2624471: uvm_test_top.env0.out_mon_h [OUT_MON] GOT AN OUTPUT!: 5d64e0d6c239
UVM_INFO out_mon.sv(31) @ 2629451: uvm_test_top.env0.out_mon_h [OUT_MON] GOT AN OUTPUT!: fb4f81fb8331
UVM_INFO out_mon.sv(31) @ 2634431: uvm_test_top.env0.out_mon_h [OUT_MON] GOT AN OUTPUT!: ebef8f537dfe
UVM_INFO out_mon.sv(31) @ 2639411: uvm_test_top.env0.out_mon_h [OUT_MON] GOT AN OUTPUT!: d0f05d8a880f
UVM_INFO out_mon.sv(31) @ 2644391: uvm_test_top.env0.out_mon_h [OUT_MON] GOT AN OUTPUT!: 9bcb338ed569
UVM_INFO out_mon.sv(31) @ 2649371: uvm_test_top.env0.out_mon_h [OUT_MON] GOT AN OUTPUT!: 0da55657529a
UVM_INFO out_mon.sv(31) @ 2654351: uvm_test_top.env0.out_mon_h [OUT_MON] GOT AN OUTPUT!: 72295ce90749
UVM_INFO out_mon.sv(31) @ 2659331: uvm_test_top.env0.out_mon_h [OUT_MON] GOT AN OUTPUT!: cd77d3737a3a
UVM_INFO out_mon.sv(31) @ 2664311: uvm_test_top.env0.out_mon_h [OUT_MON] GOT AN OUTPUT!: 74f5d81c0e78
UVM_INFO out_mon.sv(31) @ 2669291: uvm_test_top.env0.out_mon_h [OUT_MON] GOT AN OUTPUT!: cb3539d06025
UVM_INFO out_mon.sv(31) @ 2674271: uvm_test_top.env0.out_mon_h [OUT_MON] GOT AN OUTPUT!: 96d60937a856
UVM_INFO out_mon.sv(31) @ 2679251: uvm_test_top.env0.out_mon_h [OUT_MON] GOT AN OUTPUT!: 2c682c9b1cd3
UVM_INFO out_mon.sv(31) @ 2684231: uvm_test_top.env0.out_mon_h [OUT_MON] GOT AN OUTPUT!: 633f1a5d5100
UVM_INFO out_mon.sv(31) @ 2689211: uvm_test_top.env0.out_mon_h [OUT_MON] GOT AN OUTPUT!: 0d5fac588ee8
UVM_INFO out_mon.sv(31) @ 2694191: uvm_test_top.env0.out_mon_h [OUT_MON] GOT AN OUTPUT!: 6a586c3c40a0
UVM_INFO out_mon.sv(31) @ 2699171: uvm_test_top.env0.out_mon_h [OUT_MON] GOT AN OUTPUT!: cd251dc14fd1
UVM_INFO out_mon.sv(31) @ 2704151: uvm_test_top.env0.out_mon_h [OUT_MON] GOT AN OUTPUT!: 6d0f004d78da
UVM_INFO out_mon.sv(31) @ 2709131: uvm_test_top.env0.out_mon_h [OUT_MON] GOT AN OUTPUT!: 1987d85dbbc0
UVM_INFO out_mon.sv(31) @ 2714111: uvm_test_top.env0.out_mon_h [OUT_MON] GOT AN OUTPUT!: 490c4ccfb0d1
UVM_INFO out_mon.sv(31) @ 2719091: uvm_test_top.env0.out_mon_h [OUT_MON] GOT AN OUTPUT!: bb0c51e1ee51
UVM_INFO out_mon.sv(31) @ 2724071: uvm_test_top.env0.out_mon_h [OUT_MON] GOT AN OUTPUT!: a4be458367b3
UVM_INFO out_mon.sv(31) @ 2729051: uvm_test_top.env0.out_mon_h [OUT_MON] GOT AN OUTPUT!: 21067e49c680
UVM_INFO out_mon.sv(31) @ 2734031: uvm_test_top.env0.out_mon_h [OUT_MON] GOT AN OUTPUT!: 5b53fc26d748
UVM_INFO out_mon.sv(31) @ 2739011: uvm_test_top.env0.out_mon_h [OUT_MON] GOT AN OUTPUT!: ad8081b4dc31
UVM_INFO out_mon.sv(31) @ 2743991: uvm_test_top.env0.out_mon_h [OUT_MON] GOT AN OUTPUT!: a8b5a7b1fd83
UVM_INFO out_mon.sv(31) @ 2748971: uvm_test_top.env0.out_mon_h [OUT_MON] GOT AN OUTPUT!: c1423f029100
UVM_INFO out_mon.sv(31) @ 2753951: uvm_test_top.env0.out_mon_h [OUT_MON] GOT AN OUTPUT!: 158c6452937e
UVM_INFO out_mon.sv(31) @ 2758931: uvm_test_top.env0.out_mon_h [OUT_MON] GOT AN OUTPUT!: 87dff12dfb8e
UVM_INFO out_mon.sv(31) @ 2763911: uvm_test_top.env0.out_mon_h [OUT_MON] GOT AN OUTPUT!: 234d9e2819e8
UVM_INFO out_mon.sv(31) @ 2768891: uvm_test_top.env0.out_mon_h [OUT_MON] GOT AN OUTPUT!: 839b4969fa0a
UVM_INFO out_mon.sv(31) @ 2773871: uvm_test_top.env0.out_mon_h [OUT_MON] GOT AN OUTPUT!: b81b5fbfc851
UVM_INFO out_mon.sv(31) @ 2778851: uvm_test_top.env0.out_mon_h [OUT_MON] GOT AN OUTPUT!: d98649fd2825
UVM_INFO out_mon.sv(31) @ 2783831: uvm_test_top.env0.out_mon_h [OUT_MON] GOT AN OUTPUT!: 4ae66c509c58
UVM_INFO out_mon.sv(31) @ 2788811: uvm_test_top.env0.out_mon_h [OUT_MON] GOT AN OUTPUT!: 5d6c5edde22f
UVM_INFO out_mon.sv(31) @ 2793791: uvm_test_top.env0.out_mon_h [OUT_MON] GOT AN OUTPUT!: cf5a83b75327
UVM_INFO out_mon.sv(31) @ 2798771: uvm_test_top.env0.out_mon_h [OUT_MON] GOT AN OUTPUT!: 5ddbd40e4494
UVM_INFO out_mon.sv(31) @ 2803751: uvm_test_top.env0.out_mon_h [OUT_MON] GOT AN OUTPUT!: 61e49232673c
UVM_INFO out_mon.sv(31) @ 2808731: uvm_test_top.env0.out_mon_h [OUT_MON] GOT AN OUTPUT!: 301b46b82a6f
UVM_INFO out_mon.sv(31) @ 2813711: uvm_test_top.env0.out_mon_h [OUT_MON] GOT AN OUTPUT!: b3ae41de15f7
UVM_INFO out_mon.sv(31) @ 2818691: uvm_test_top.env0.out_mon_h [OUT_MON] GOT AN OUTPUT!: 7c3816092f72
UVM_INFO out_mon.sv(31) @ 2823671: uvm_test_top.env0.out_mon_h [OUT_MON] GOT AN OUTPUT!: 36a5a2f059e3
UVM_INFO out_mon.sv(31) @ 2828651: uvm_test_top.env0.out_mon_h [OUT_MON] GOT AN OUTPUT!: 490292ceb0cb
UVM_INFO out_mon.sv(31) @ 2833631: uvm_test_top.env0.out_mon_h [OUT_MON] GOT AN OUTPUT!: 097568b4ee31
UVM_INFO out_mon.sv(31) @ 2838611: uvm_test_top.env0.out_mon_h [OUT_MON] GOT AN OUTPUT!: c803cbd1c855
UVM_INFO out_mon.sv(31) @ 2843591: uvm_test_top.env0.out_mon_h [OUT_MON] GOT AN OUTPUT!: a3897149535e
UVM_INFO out_mon.sv(31) @ 2848571: uvm_test_top.env0.out_mon_h [OUT_MON] GOT AN OUTPUT!: e186cdf356b5
UVM_INFO out_mon.sv(31) @ 2853551: uvm_test_top.env0.out_mon_h [OUT_MON] GOT AN OUTPUT!: 410d0818be82
UVM_INFO out_mon.sv(31) @ 2858531: uvm_test_top.env0.out_mon_h [OUT_MON] GOT AN OUTPUT!: 80983f07f2b0
UVM_INFO out_mon.sv(31) @ 2863511: uvm_test_top.env0.out_mon_h [OUT_MON] GOT AN OUTPUT!: 0eefac183032
UVM_INFO out_mon.sv(31) @ 2868491: uvm_test_top.env0.out_mon_h [OUT_MON] GOT AN OUTPUT!: 9f050573fb5e
UVM_INFO out_mon.sv(31) @ 2873471: uvm_test_top.env0.out_mon_h [OUT_MON] GOT AN OUTPUT!: 16d8b8c2677d
UVM_INFO out_mon.sv(31) @ 2878451: uvm_test_top.env0.out_mon_h [OUT_MON] GOT AN OUTPUT!: 11580a878a8d
UVM_INFO out_mon.sv(31) @ 2883431: uvm_test_top.env0.out_mon_h [OUT_MON] GOT AN OUTPUT!: eb39c9d3d8f1
UVM_INFO out_mon.sv(31) @ 2888411: uvm_test_top.env0.out_mon_h [OUT_MON] GOT AN OUTPUT!: 12deb49a7fe5
UVM_INFO out_mon.sv(31) @ 2893391: uvm_test_top.env0.out_mon_h [OUT_MON] GOT AN OUTPUT!: 133934c6c523
UVM_INFO out_mon.sv(31) @ 2898371: uvm_test_top.env0.out_mon_h [OUT_MON] GOT AN OUTPUT!: 91a32de87131
UVM_INFO out_mon.sv(31) @ 2903351: uvm_test_top.env0.out_mon_h [OUT_MON] GOT AN OUTPUT!: 36c55e0f27b4
UVM_INFO out_mon.sv(31) @ 2908331: uvm_test_top.env0.out_mon_h [OUT_MON] GOT AN OUTPUT!: 3a730e2cc164
UVM_INFO out_mon.sv(31) @ 2913311: uvm_test_top.env0.out_mon_h [OUT_MON] GOT AN OUTPUT!: 0a8b6416b948
UVM_INFO out_mon.sv(31) @ 2918291: uvm_test_top.env0.out_mon_h [OUT_MON] GOT AN OUTPUT!: 44d88afe879b
UVM_INFO out_mon.sv(31) @ 2923271: uvm_test_top.env0.out_mon_h [OUT_MON] GOT AN OUTPUT!: fbf4cdf8fa6b
UVM_INFO out_mon.sv(31) @ 2928251: uvm_test_top.env0.out_mon_h [OUT_MON] GOT AN OUTPUT!: ff23abeca2e3
UVM_INFO out_mon.sv(31) @ 2933231: uvm_test_top.env0.out_mon_h [OUT_MON] GOT AN OUTPUT!: 9d2fbdff24d9
UVM_INFO out_mon.sv(31) @ 2938211: uvm_test_top.env0.out_mon_h [OUT_MON] GOT AN OUTPUT!: 1a58c259ace0
UVM_INFO out_mon.sv(31) @ 2943191: uvm_test_top.env0.out_mon_h [OUT_MON] GOT AN OUTPUT!: d1265fdc361d
UVM_INFO out_mon.sv(31) @ 2948171: uvm_test_top.env0.out_mon_h [OUT_MON] GOT AN OUTPUT!: b64c93180326
UVM_INFO out_mon.sv(31) @ 2953151: uvm_test_top.env0.out_mon_h [OUT_MON] GOT AN OUTPUT!: b78605a8e809
UVM_INFO out_mon.sv(31) @ 2958131: uvm_test_top.env0.out_mon_h [OUT_MON] GOT AN OUTPUT!: 2d846cc5c06b
UVM_INFO out_mon.sv(31) @ 2963111: uvm_test_top.env0.out_mon_h [OUT_MON] GOT AN OUTPUT!: 58bdb09fb8f7
UVM_INFO out_mon.sv(31) @ 2968091: uvm_test_top.env0.out_mon_h [OUT_MON] GOT AN OUTPUT!: a151a5e8c057
UVM_INFO out_mon.sv(31) @ 2973071: uvm_test_top.env0.out_mon_h [OUT_MON] GOT AN OUTPUT!: 11f37698e34f
UVM_INFO out_mon.sv(31) @ 2978051: uvm_test_top.env0.out_mon_h [OUT_MON] GOT AN OUTPUT!: 45bdb4caa21d
UVM_INFO out_mon.sv(31) @ 2983031: uvm_test_top.env0.out_mon_h [OUT_MON] GOT AN OUTPUT!: c11587466346
UVM_INFO out_mon.sv(31) @ 2988011: uvm_test_top.env0.out_mon_h [OUT_MON] GOT AN OUTPUT!: 6d936614c19e
UVM_INFO out_mon.sv(31) @ 2992991: uvm_test_top.env0.out_mon_h [OUT_MON] GOT AN OUTPUT!: b0d13f2ff554
UVM_INFO out_mon.sv(31) @ 2997971: uvm_test_top.env0.out_mon_h [OUT_MON] GOT AN OUTPUT!: 565f542c344c
UVM_INFO out_mon.sv(31) @ 3002951: uvm_test_top.env0.out_mon_h [OUT_MON] GOT AN OUTPUT!: 4490066f1350
UVM_INFO out_mon.sv(31) @ 3007931: uvm_test_top.env0.out_mon_h [OUT_MON] GOT AN OUTPUT!: b46d2d4ddc86
UVM_INFO out_mon.sv(31) @ 3012911: uvm_test_top.env0.out_mon_h [OUT_MON] GOT AN OUTPUT!: 64836a2afdb8
UVM_INFO out_mon.sv(31) @ 3017891: uvm_test_top.env0.out_mon_h [OUT_MON] GOT AN OUTPUT!: fecaef6a57a0
UVM_INFO out_mon.sv(31) @ 3022871: uvm_test_top.env0.out_mon_h [OUT_MON] GOT AN OUTPUT!: a98f3fd4aa09
UVM_INFO out_mon.sv(31) @ 3027851: uvm_test_top.env0.out_mon_h [OUT_MON] GOT AN OUTPUT!: 7b42a8c1fa55
UVM_INFO out_mon.sv(31) @ 3032831: uvm_test_top.env0.out_mon_h [OUT_MON] GOT AN OUTPUT!: 49661e22dcb8
UVM_INFO out_mon.sv(31) @ 3037811: uvm_test_top.env0.out_mon_h [OUT_MON] GOT AN OUTPUT!: 0a62ce40e6d6
UVM_INFO out_mon.sv(31) @ 3042791: uvm_test_top.env0.out_mon_h [OUT_MON] GOT AN OUTPUT!: c27025ce0aa9
UVM_INFO out_mon.sv(31) @ 3047771: uvm_test_top.env0.out_mon_h [OUT_MON] GOT AN OUTPUT!: b374cf9af535
UVM_INFO out_mon.sv(31) @ 3052751: uvm_test_top.env0.out_mon_h [OUT_MON] GOT AN OUTPUT!: 47dd400c73b6
UVM_INFO out_mon.sv(31) @ 3057731: uvm_test_top.env0.out_mon_h [OUT_MON] GOT AN OUTPUT!: f084f527c45a
UVM_INFO out_mon.sv(31) @ 3062711: uvm_test_top.env0.out_mon_h [OUT_MON] GOT AN OUTPUT!: ed97e1ce1125
UVM_INFO out_mon.sv(31) @ 3067691: uvm_test_top.env0.out_mon_h [OUT_MON] GOT AN OUTPUT!: ba60277eb144
UVM_INFO out_mon.sv(31) @ 3072671: uvm_test_top.env0.out_mon_h [OUT_MON] GOT AN OUTPUT!: 944679b89e9f
UVM_INFO out_mon.sv(31) @ 3077651: uvm_test_top.env0.out_mon_h [OUT_MON] GOT AN OUTPUT!: 5493a8d2d3c9
UVM_INFO out_mon.sv(31) @ 3082631: uvm_test_top.env0.out_mon_h [OUT_MON] GOT AN OUTPUT!: 955d85e39d85
UVM_INFO out_mon.sv(31) @ 3087611: uvm_test_top.env0.out_mon_h [OUT_MON] GOT AN OUTPUT!: d968730f0988
UVM_INFO out_mon.sv(31) @ 3092591: uvm_test_top.env0.out_mon_h [OUT_MON] GOT AN OUTPUT!: 2f0596544234
UVM_INFO out_mon.sv(31) @ 3097571: uvm_test_top.env0.out_mon_h [OUT_MON] GOT AN OUTPUT!: 85ed3db1f151
UVM_INFO out_mon.sv(31) @ 3102551: uvm_test_top.env0.out_mon_h [OUT_MON] GOT AN OUTPUT!: b0281b39901c
UVM_INFO out_mon.sv(31) @ 3107531: uvm_test_top.env0.out_mon_h [OUT_MON] GOT AN OUTPUT!: c5ebbd69e2b4
UVM_INFO out_mon.sv(31) @ 3112511: uvm_test_top.env0.out_mon_h [OUT_MON] GOT AN OUTPUT!: 64754ee83f2f
UVM_INFO out_mon.sv(31) @ 3117491: uvm_test_top.env0.out_mon_h [OUT_MON] GOT AN OUTPUT!: fff15970fcec
UVM_INFO out_mon.sv(31) @ 3122471: uvm_test_top.env0.out_mon_h [OUT_MON] GOT AN OUTPUT!: 40551e96ca9d
UVM_INFO out_mon.sv(31) @ 3127451: uvm_test_top.env0.out_mon_h [OUT_MON] GOT AN OUTPUT!: 2148c0a919e3
UVM_INFO out_mon.sv(31) @ 3132431: uvm_test_top.env0.out_mon_h [OUT_MON] GOT AN OUTPUT!: 4cf664d9704b
UVM_INFO out_mon.sv(31) @ 3137411: uvm_test_top.env0.out_mon_h [OUT_MON] GOT AN OUTPUT!: e9ff9177d784
UVM_INFO out_mon.sv(31) @ 3142391: uvm_test_top.env0.out_mon_h [OUT_MON] GOT AN OUTPUT!: d44749de2c13
UVM_INFO out_mon.sv(31) @ 3147371: uvm_test_top.env0.out_mon_h [OUT_MON] GOT AN OUTPUT!: f8e0b362911c
UVM_INFO out_mon.sv(31) @ 3152351: uvm_test_top.env0.out_mon_h [OUT_MON] GOT AN OUTPUT!: 4ced2868bb2a
UVM_INFO out_mon.sv(31) @ 3157331: uvm_test_top.env0.out_mon_h [OUT_MON] GOT AN OUTPUT!: 97795d6a61ee
UVM_INFO out_mon.sv(31) @ 3162311: uvm_test_top.env0.out_mon_h [OUT_MON] GOT AN OUTPUT!: 065bcc8e95bb
UVM_INFO out_mon.sv(31) @ 3167291: uvm_test_top.env0.out_mon_h [OUT_MON] GOT AN OUTPUT!: 4614782825ca
UVM_INFO out_mon.sv(31) @ 3172271: uvm_test_top.env0.out_mon_h [OUT_MON] GOT AN OUTPUT!: 94b75d32fa1e
UVM_INFO out_mon.sv(31) @ 3177251: uvm_test_top.env0.out_mon_h [OUT_MON] GOT AN OUTPUT!: 07bd76a879cb
UVM_INFO out_mon.sv(31) @ 3182231: uvm_test_top.env0.out_mon_h [OUT_MON] GOT AN OUTPUT!: fcf1db42e4b4
UVM_INFO out_mon.sv(31) @ 3187211: uvm_test_top.env0.out_mon_h [OUT_MON] GOT AN OUTPUT!: 6e432007bb04
UVM_INFO out_mon.sv(31) @ 3192191: uvm_test_top.env0.out_mon_h [OUT_MON] GOT AN OUTPUT!: a0b279b110cd
UVM_INFO out_mon.sv(31) @ 3197171: uvm_test_top.env0.out_mon_h [OUT_MON] GOT AN OUTPUT!: 662c92ce0045
UVM_INFO out_mon.sv(31) @ 3202151: uvm_test_top.env0.out_mon_h [OUT_MON] GOT AN OUTPUT!: ea6aa931fc9e
UVM_INFO out_mon.sv(31) @ 3207131: uvm_test_top.env0.out_mon_h [OUT_MON] GOT AN OUTPUT!: c2cbdd0b2dc0
UVM_INFO out_mon.sv(31) @ 3212111: uvm_test_top.env0.out_mon_h [OUT_MON] GOT AN OUTPUT!: b9424bb7e1bb
UVM_INFO out_mon.sv(31) @ 3217091: uvm_test_top.env0.out_mon_h [OUT_MON] GOT AN OUTPUT!: 8a298132d8b2
UVM_INFO out_mon.sv(31) @ 3222071: uvm_test_top.env0.out_mon_h [OUT_MON] GOT AN OUTPUT!: 8d27b3aeb90b
UVM_INFO out_mon.sv(31) @ 3227051: uvm_test_top.env0.out_mon_h [OUT_MON] GOT AN OUTPUT!: 011148b860e1
UVM_INFO out_mon.sv(31) @ 3232031: uvm_test_top.env0.out_mon_h [OUT_MON] GOT AN OUTPUT!: 72c5fcf844af
UVM_INFO out_mon.sv(31) @ 3237011: uvm_test_top.env0.out_mon_h [OUT_MON] GOT AN OUTPUT!: 770ea06adf0e
UVM_INFO out_mon.sv(31) @ 3241991: uvm_test_top.env0.out_mon_h [OUT_MON] GOT AN OUTPUT!: af8775a7ffd9
UVM_INFO out_mon.sv(31) @ 3246971: uvm_test_top.env0.out_mon_h [OUT_MON] GOT AN OUTPUT!: d26e0d913127
UVM_INFO out_mon.sv(31) @ 3251951: uvm_test_top.env0.out_mon_h [OUT_MON] GOT AN OUTPUT!: 2d99747f21fc
UVM_INFO out_mon.sv(31) @ 3256931: uvm_test_top.env0.out_mon_h [OUT_MON] GOT AN OUTPUT!: dc3ebfc5f25f
UVM_INFO out_mon.sv(31) @ 3261911: uvm_test_top.env0.out_mon_h [OUT_MON] GOT AN OUTPUT!: a7e88128aa68
UVM_INFO out_mon.sv(31) @ 3266891: uvm_test_top.env0.out_mon_h [OUT_MON] GOT AN OUTPUT!: 4c48fa9380fb
UVM_INFO out_mon.sv(31) @ 3271871: uvm_test_top.env0.out_mon_h [OUT_MON] GOT AN OUTPUT!: 9621193554a6
UVM_INFO out_mon.sv(31) @ 3276851: uvm_test_top.env0.out_mon_h [OUT_MON] GOT AN OUTPUT!: 951b53cff6ef
UVM_INFO out_mon.sv(31) @ 3281831: uvm_test_top.env0.out_mon_h [OUT_MON] GOT AN OUTPUT!: d8aeedd79db1
UVM_INFO out_mon.sv(31) @ 3286811: uvm_test_top.env0.out_mon_h [OUT_MON] GOT AN OUTPUT!: 6ffe64b93021
UVM_INFO out_mon.sv(31) @ 3291791: uvm_test_top.env0.out_mon_h [OUT_MON] GOT AN OUTPUT!: 24bdf65fbf68
UVM_INFO out_mon.sv(31) @ 3296771: uvm_test_top.env0.out_mon_h [OUT_MON] GOT AN OUTPUT!: 290014d0ca6f
UVM_INFO out_mon.sv(31) @ 3301751: uvm_test_top.env0.out_mon_h [OUT_MON] GOT AN OUTPUT!: 30362a77b73e
UVM_INFO out_mon.sv(31) @ 3306731: uvm_test_top.env0.out_mon_h [OUT_MON] GOT AN OUTPUT!: aaeef7781f46
UVM_INFO out_mon.sv(31) @ 3311711: uvm_test_top.env0.out_mon_h [OUT_MON] GOT AN OUTPUT!: 9dca3d1f40a0
UVM_INFO out_mon.sv(31) @ 3316691: uvm_test_top.env0.out_mon_h [OUT_MON] GOT AN OUTPUT!: 4b53fa4c4df4
UVM_INFO out_mon.sv(31) @ 3321671: uvm_test_top.env0.out_mon_h [OUT_MON] GOT AN OUTPUT!: a8e33367d700
UVM_INFO out_mon.sv(31) @ 3326651: uvm_test_top.env0.out_mon_h [OUT_MON] GOT AN OUTPUT!: 567bdc422d70
UVM_INFO out_mon.sv(31) @ 3331631: uvm_test_top.env0.out_mon_h [OUT_MON] GOT AN OUTPUT!: 91aa29f0b90f
UVM_INFO out_mon.sv(31) @ 3336611: uvm_test_top.env0.out_mon_h [OUT_MON] GOT AN OUTPUT!: 5b7196825dd7
UVM_INFO out_mon.sv(31) @ 3341591: uvm_test_top.env0.out_mon_h [OUT_MON] GOT AN OUTPUT!: c9112322de06
UVM_INFO out_mon.sv(31) @ 3346571: uvm_test_top.env0.out_mon_h [OUT_MON] GOT AN OUTPUT!: 38004a05394a
UVM_INFO out_mon.sv(31) @ 3351551: uvm_test_top.env0.out_mon_h [OUT_MON] GOT AN OUTPUT!: dcbf412d0788
UVM_INFO out_mon.sv(31) @ 3356531: uvm_test_top.env0.out_mon_h [OUT_MON] GOT AN OUTPUT!: e4b8cdeedd71
UVM_INFO out_mon.sv(31) @ 3361511: uvm_test_top.env0.out_mon_h [OUT_MON] GOT AN OUTPUT!: 232228bfac13
UVM_INFO out_mon.sv(31) @ 3366491: uvm_test_top.env0.out_mon_h [OUT_MON] GOT AN OUTPUT!: 00e26cab2455
UVM_INFO out_mon.sv(31) @ 3371471: uvm_test_top.env0.out_mon_h [OUT_MON] GOT AN OUTPUT!: 2767fe890d6f
UVM_INFO out_mon.sv(31) @ 3376451: uvm_test_top.env0.out_mon_h [OUT_MON] GOT AN OUTPUT!: 1e8bf4c9acc1
UVM_INFO out_mon.sv(31) @ 3381431: uvm_test_top.env0.out_mon_h [OUT_MON] GOT AN OUTPUT!: d576d3712218
UVM_INFO out_mon.sv(31) @ 3386411: uvm_test_top.env0.out_mon_h [OUT_MON] GOT AN OUTPUT!: ce7fad99cff9
UVM_INFO out_mon.sv(31) @ 3391391: uvm_test_top.env0.out_mon_h [OUT_MON] GOT AN OUTPUT!: 6601c895aa25
UVM_INFO out_mon.sv(31) @ 3396371: uvm_test_top.env0.out_mon_h [OUT_MON] GOT AN OUTPUT!: 6c484886abe3
UVM_INFO out_mon.sv(31) @ 3401351: uvm_test_top.env0.out_mon_h [OUT_MON] GOT AN OUTPUT!: 0a6fd006218a
UVM_INFO out_mon.sv(31) @ 3406331: uvm_test_top.env0.out_mon_h [OUT_MON] GOT AN OUTPUT!: aa3667331870
UVM_INFO out_mon.sv(31) @ 3411311: uvm_test_top.env0.out_mon_h [OUT_MON] GOT AN OUTPUT!: 58ef603fbf4e
UVM_INFO out_mon.sv(31) @ 3416291: uvm_test_top.env0.out_mon_h [OUT_MON] GOT AN OUTPUT!: dd53cf55b672
UVM_INFO out_mon.sv(31) @ 3421271: uvm_test_top.env0.out_mon_h [OUT_MON] GOT AN OUTPUT!: 7869f2698294
UVM_INFO out_mon.sv(31) @ 3426251: uvm_test_top.env0.out_mon_h [OUT_MON] GOT AN OUTPUT!: 0968e854e198
UVM_INFO out_mon.sv(31) @ 3431231: uvm_test_top.env0.out_mon_h [OUT_MON] GOT AN OUTPUT!: 0c8f9e502bf8
UVM_INFO out_mon.sv(31) @ 3436211: uvm_test_top.env0.out_mon_h [OUT_MON] GOT AN OUTPUT!: ad048da2b2cb
UVM_INFO out_mon.sv(31) @ 3441191: uvm_test_top.env0.out_mon_h [OUT_MON] GOT AN OUTPUT!: e1c6af222f38
UVM_INFO out_mon.sv(31) @ 3446171: uvm_test_top.env0.out_mon_h [OUT_MON] GOT AN OUTPUT!: 4d75e0d909a1
UVM_INFO out_mon.sv(31) @ 3451151: uvm_test_top.env0.out_mon_h [OUT_MON] GOT AN OUTPUT!: 594094ebcca1
UVM_INFO out_mon.sv(31) @ 3456131: uvm_test_top.env0.out_mon_h [OUT_MON] GOT AN OUTPUT!: c2c521957f25
UVM_INFO out_mon.sv(31) @ 3461111: uvm_test_top.env0.out_mon_h [OUT_MON] GOT AN OUTPUT!: 94e6ebd3013b
UVM_INFO out_mon.sv(31) @ 3466091: uvm_test_top.env0.out_mon_h [OUT_MON] GOT AN OUTPUT!: 43be2e156f9c
UVM_INFO out_mon.sv(31) @ 3471071: uvm_test_top.env0.out_mon_h [OUT_MON] GOT AN OUTPUT!: 636716138420
UVM_INFO out_mon.sv(31) @ 3476051: uvm_test_top.env0.out_mon_h [OUT_MON] GOT AN OUTPUT!: 31eec291f895
UVM_INFO out_mon.sv(31) @ 3481031: uvm_test_top.env0.out_mon_h [OUT_MON] GOT AN OUTPUT!: ec2a2dbad905
UVM_INFO out_mon.sv(31) @ 3486011: uvm_test_top.env0.out_mon_h [OUT_MON] GOT AN OUTPUT!: a5a0075bf5e8
UVM_INFO out_mon.sv(31) @ 3490991: uvm_test_top.env0.out_mon_h [OUT_MON] GOT AN OUTPUT!: 1b6098243768
UVM_INFO out_mon.sv(31) @ 3495971: uvm_test_top.env0.out_mon_h [OUT_MON] GOT AN OUTPUT!: b9e297b801eb
UVM_INFO out_mon.sv(31) @ 3500951: uvm_test_top.env0.out_mon_h [OUT_MON] GOT AN OUTPUT!: cdf237349952
UVM_INFO out_mon.sv(31) @ 3505931: uvm_test_top.env0.out_mon_h [OUT_MON] GOT AN OUTPUT!: 987f837a7886
UVM_INFO out_mon.sv(31) @ 3510911: uvm_test_top.env0.out_mon_h [OUT_MON] GOT AN OUTPUT!: bd8d7156bc34
UVM_INFO out_mon.sv(31) @ 3515891: uvm_test_top.env0.out_mon_h [OUT_MON] GOT AN OUTPUT!: 460274637872
UVM_INFO out_mon.sv(31) @ 3520871: uvm_test_top.env0.out_mon_h [OUT_MON] GOT AN OUTPUT!: 2c9af2371fcc
UVM_INFO out_mon.sv(31) @ 3525851: uvm_test_top.env0.out_mon_h [OUT_MON] GOT AN OUTPUT!: 2db8883add44
UVM_INFO out_mon.sv(31) @ 3530831: uvm_test_top.env0.out_mon_h [OUT_MON] GOT AN OUTPUT!: 524b823ffa8c
UVM_INFO out_mon.sv(31) @ 3535811: uvm_test_top.env0.out_mon_h [OUT_MON] GOT AN OUTPUT!: 6daef4ac408f
UVM_INFO out_mon.sv(31) @ 3540791: uvm_test_top.env0.out_mon_h [OUT_MON] GOT AN OUTPUT!: 8688c5d54c81
UVM_INFO out_mon.sv(31) @ 3545771: uvm_test_top.env0.out_mon_h [OUT_MON] GOT AN OUTPUT!: e2ac15e2ffcb
UVM_INFO out_mon.sv(31) @ 3550751: uvm_test_top.env0.out_mon_h [OUT_MON] GOT AN OUTPUT!: 2dfd3650d12a
UVM_INFO out_mon.sv(31) @ 3555731: uvm_test_top.env0.out_mon_h [OUT_MON] GOT AN OUTPUT!: f442f5e6363d
UVM_INFO out_mon.sv(31) @ 3560711: uvm_test_top.env0.out_mon_h [OUT_MON] GOT AN OUTPUT!: 661746be003b
UVM_INFO out_mon.sv(31) @ 3565691: uvm_test_top.env0.out_mon_h [OUT_MON] GOT AN OUTPUT!: 20bceeb4c193
UVM_INFO out_mon.sv(31) @ 3570671: uvm_test_top.env0.out_mon_h [OUT_MON] GOT AN OUTPUT!: 7102e4561cc4
UVM_INFO out_mon.sv(31) @ 3575651: uvm_test_top.env0.out_mon_h [OUT_MON] GOT AN OUTPUT!: 492472213b72
UVM_INFO out_mon.sv(31) @ 3580631: uvm_test_top.env0.out_mon_h [OUT_MON] GOT AN OUTPUT!: e1aa51bc1db5
UVM_INFO out_mon.sv(31) @ 3585611: uvm_test_top.env0.out_mon_h [OUT_MON] GOT AN OUTPUT!: bd47a36e01ac
UVM_INFO out_mon.sv(31) @ 3590591: uvm_test_top.env0.out_mon_h [OUT_MON] GOT AN OUTPUT!: 87ba97f8c031
UVM_INFO out_mon.sv(31) @ 3595571: uvm_test_top.env0.out_mon_h [OUT_MON] GOT AN OUTPUT!: 07b0bea92e57
UVM_INFO out_mon.sv(31) @ 3600551: uvm_test_top.env0.out_mon_h [OUT_MON] GOT AN OUTPUT!: 1ba1763681b4
UVM_INFO out_mon.sv(31) @ 3605531: uvm_test_top.env0.out_mon_h [OUT_MON] GOT AN OUTPUT!: 79ac00c8a073
UVM_INFO out_mon.sv(31) @ 3610511: uvm_test_top.env0.out_mon_h [OUT_MON] GOT AN OUTPUT!: aa84293d9b72
UVM_INFO out_mon.sv(31) @ 3615491: uvm_test_top.env0.out_mon_h [OUT_MON] GOT AN OUTPUT!: 77461e85f36d
UVM_INFO out_mon.sv(31) @ 3620471: uvm_test_top.env0.out_mon_h [OUT_MON] GOT AN OUTPUT!: c259cdb00bfd
UVM_INFO out_mon.sv(31) @ 3625451: uvm_test_top.env0.out_mon_h [OUT_MON] GOT AN OUTPUT!: 834dd7fa7f1b
UVM_INFO out_mon.sv(31) @ 3630431: uvm_test_top.env0.out_mon_h [OUT_MON] GOT AN OUTPUT!: 5dc5ce058b96
UVM_INFO out_mon.sv(31) @ 3635411: uvm_test_top.env0.out_mon_h [OUT_MON] GOT AN OUTPUT!: 0b48cafb6587
UVM_INFO out_mon.sv(31) @ 3640391: uvm_test_top.env0.out_mon_h [OUT_MON] GOT AN OUTPUT!: 90342d479b2c
UVM_INFO out_mon.sv(31) @ 3645371: uvm_test_top.env0.out_mon_h [OUT_MON] GOT AN OUTPUT!: f38925357d22
UVM_INFO out_mon.sv(31) @ 3650351: uvm_test_top.env0.out_mon_h [OUT_MON] GOT AN OUTPUT!: f1d4f38d7383
UVM_INFO out_mon.sv(31) @ 3655331: uvm_test_top.env0.out_mon_h [OUT_MON] GOT AN OUTPUT!: e3173d0965b0
UVM_INFO out_mon.sv(31) @ 3660311: uvm_test_top.env0.out_mon_h [OUT_MON] GOT AN OUTPUT!: cb93b938136c
UVM_INFO out_mon.sv(31) @ 3665291: uvm_test_top.env0.out_mon_h [OUT_MON] GOT AN OUTPUT!: 4fbfa827799a
UVM_INFO out_mon.sv(31) @ 3670271: uvm_test_top.env0.out_mon_h [OUT_MON] GOT AN OUTPUT!: 031982ee339d
UVM_INFO out_mon.sv(31) @ 3675251: uvm_test_top.env0.out_mon_h [OUT_MON] GOT AN OUTPUT!: 4a0ffcebd4df
UVM_INFO out_mon.sv(31) @ 3680231: uvm_test_top.env0.out_mon_h [OUT_MON] GOT AN OUTPUT!: c6d4d958500c
UVM_INFO out_mon.sv(31) @ 3685211: uvm_test_top.env0.out_mon_h [OUT_MON] GOT AN OUTPUT!: 0951c07a545c
UVM_INFO out_mon.sv(31) @ 3690191: uvm_test_top.env0.out_mon_h [OUT_MON] GOT AN OUTPUT!: f9f1819ca84f
UVM_INFO out_mon.sv(31) @ 3695171: uvm_test_top.env0.out_mon_h [OUT_MON] GOT AN OUTPUT!: 3790a89a95a3
UVM_INFO out_mon.sv(31) @ 3700151: uvm_test_top.env0.out_mon_h [OUT_MON] GOT AN OUTPUT!: 6058889b37f9
UVM_INFO out_mon.sv(31) @ 3705131: uvm_test_top.env0.out_mon_h [OUT_MON] GOT AN OUTPUT!: fd9cbd53ef18
UVM_INFO out_mon.sv(31) @ 3710111: uvm_test_top.env0.out_mon_h [OUT_MON] GOT AN OUTPUT!: 8abb1fe9b76b
UVM_INFO out_mon.sv(31) @ 3715091: uvm_test_top.env0.out_mon_h [OUT_MON] GOT AN OUTPUT!: cefe7d498396
UVM_INFO out_mon.sv(31) @ 3720071: uvm_test_top.env0.out_mon_h [OUT_MON] GOT AN OUTPUT!: 82800b8fa311
UVM_INFO out_mon.sv(31) @ 3725051: uvm_test_top.env0.out_mon_h [OUT_MON] GOT AN OUTPUT!: f6028fd6283f
UVM_INFO out_mon.sv(31) @ 3730031: uvm_test_top.env0.out_mon_h [OUT_MON] GOT AN OUTPUT!: 35d70a823a7b
UVM_INFO out_mon.sv(31) @ 3735011: uvm_test_top.env0.out_mon_h [OUT_MON] GOT AN OUTPUT!: dfb62de87ec5
UVM_INFO out_mon.sv(31) @ 3739991: uvm_test_top.env0.out_mon_h [OUT_MON] GOT AN OUTPUT!: a3aaffe0765d
UVM_INFO out_mon.sv(31) @ 3744971: uvm_test_top.env0.out_mon_h [OUT_MON] GOT AN OUTPUT!: 27e6ca9ee1d7
UVM_INFO out_mon.sv(31) @ 3749951: uvm_test_top.env0.out_mon_h [OUT_MON] GOT AN OUTPUT!: c7a73def15dd
UVM_INFO out_mon.sv(31) @ 3754931: uvm_test_top.env0.out_mon_h [OUT_MON] GOT AN OUTPUT!: 651b1aa36aeb
UVM_INFO out_mon.sv(31) @ 3759911: uvm_test_top.env0.out_mon_h [OUT_MON] GOT AN OUTPUT!: 4639d2d49329
UVM_INFO out_mon.sv(31) @ 3764891: uvm_test_top.env0.out_mon_h [OUT_MON] GOT AN OUTPUT!: b4a31347f826
UVM_INFO out_mon.sv(31) @ 3769871: uvm_test_top.env0.out_mon_h [OUT_MON] GOT AN OUTPUT!: d88a1d1528d6
UVM_INFO out_mon.sv(31) @ 3774851: uvm_test_top.env0.out_mon_h [OUT_MON] GOT AN OUTPUT!: 068bf262268e
UVM_INFO out_mon.sv(31) @ 3779831: uvm_test_top.env0.out_mon_h [OUT_MON] GOT AN OUTPUT!: 788892ced2f7
UVM_INFO out_mon.sv(31) @ 3784811: uvm_test_top.env0.out_mon_h [OUT_MON] GOT AN OUTPUT!: 299aeee74e45
UVM_INFO out_mon.sv(31) @ 3789791: uvm_test_top.env0.out_mon_h [OUT_MON] GOT AN OUTPUT!: 4ce1feb5506d
UVM_INFO out_mon.sv(31) @ 3794771: uvm_test_top.env0.out_mon_h [OUT_MON] GOT AN OUTPUT!: 9764a7489004
UVM_INFO out_mon.sv(31) @ 3799751: uvm_test_top.env0.out_mon_h [OUT_MON] GOT AN OUTPUT!: 54fc22ce1c59
UVM_INFO out_mon.sv(31) @ 3804731: uvm_test_top.env0.out_mon_h [OUT_MON] GOT AN OUTPUT!: 002ee68ec48d
UVM_INFO out_mon.sv(31) @ 3809711: uvm_test_top.env0.out_mon_h [OUT_MON] GOT AN OUTPUT!: d50905ec713b
UVM_INFO out_mon.sv(31) @ 3814691: uvm_test_top.env0.out_mon_h [OUT_MON] GOT AN OUTPUT!: 9709cf36884c
UVM_INFO out_mon.sv(31) @ 3819671: uvm_test_top.env0.out_mon_h [OUT_MON] GOT AN OUTPUT!: 81f3cbed4ca7
UVM_INFO out_mon.sv(31) @ 3824651: uvm_test_top.env0.out_mon_h [OUT_MON] GOT AN OUTPUT!: 1dbd18cc38e3
UVM_INFO out_mon.sv(31) @ 3829631: uvm_test_top.env0.out_mon_h [OUT_MON] GOT AN OUTPUT!: 6d676cb3680f
UVM_INFO out_mon.sv(31) @ 3834611: uvm_test_top.env0.out_mon_h [OUT_MON] GOT AN OUTPUT!: b0d95b47f1d0
UVM_INFO out_mon.sv(31) @ 3839591: uvm_test_top.env0.out_mon_h [OUT_MON] GOT AN OUTPUT!: b1cd2fe34297
UVM_INFO out_mon.sv(31) @ 3844571: uvm_test_top.env0.out_mon_h [OUT_MON] GOT AN OUTPUT!: 53a720298cee
UVM_INFO out_mon.sv(31) @ 3849551: uvm_test_top.env0.out_mon_h [OUT_MON] GOT AN OUTPUT!: de54255f1772
UVM_INFO out_mon.sv(31) @ 3854531: uvm_test_top.env0.out_mon_h [OUT_MON] GOT AN OUTPUT!: 3c32b454a704
UVM_INFO out_mon.sv(31) @ 3859511: uvm_test_top.env0.out_mon_h [OUT_MON] GOT AN OUTPUT!: 22e8a082e1b3
UVM_INFO out_mon.sv(31) @ 3864491: uvm_test_top.env0.out_mon_h [OUT_MON] GOT AN OUTPUT!: df4b63ac9e1f
UVM_INFO out_mon.sv(31) @ 3869471: uvm_test_top.env0.out_mon_h [OUT_MON] GOT AN OUTPUT!: 3c37dc205c14
UVM_INFO out_mon.sv(31) @ 3874451: uvm_test_top.env0.out_mon_h [OUT_MON] GOT AN OUTPUT!: bc7835708ce4
UVM_INFO out_mon.sv(31) @ 3879431: uvm_test_top.env0.out_mon_h [OUT_MON] GOT AN OUTPUT!: 1fa9ce3b04ae
UVM_INFO out_mon.sv(31) @ 3884411: uvm_test_top.env0.out_mon_h [OUT_MON] GOT AN OUTPUT!: ea0bb95751a4
UVM_INFO out_mon.sv(31) @ 3889391: uvm_test_top.env0.out_mon_h [OUT_MON] GOT AN OUTPUT!: 676c5a84180d
UVM_INFO out_mon.sv(31) @ 3894371: uvm_test_top.env0.out_mon_h [OUT_MON] GOT AN OUTPUT!: 610a066b8354
UVM_INFO out_mon.sv(31) @ 3899351: uvm_test_top.env0.out_mon_h [OUT_MON] GOT AN OUTPUT!: 7e6adc9690a1
UVM_INFO out_mon.sv(31) @ 3904331: uvm_test_top.env0.out_mon_h [OUT_MON] GOT AN OUTPUT!: 09457aa78037
UVM_INFO out_mon.sv(31) @ 3909311: uvm_test_top.env0.out_mon_h [OUT_MON] GOT AN OUTPUT!: 8c544bf32b07
UVM_INFO out_mon.sv(31) @ 3914291: uvm_test_top.env0.out_mon_h [OUT_MON] GOT AN OUTPUT!: 85465951675e
UVM_INFO out_mon.sv(31) @ 3919271: uvm_test_top.env0.out_mon_h [OUT_MON] GOT AN OUTPUT!: 2191d6bc631b
UVM_INFO out_mon.sv(31) @ 3924251: uvm_test_top.env0.out_mon_h [OUT_MON] GOT AN OUTPUT!: be5ae51711ca
UVM_INFO out_mon.sv(31) @ 3929231: uvm_test_top.env0.out_mon_h [OUT_MON] GOT AN OUTPUT!: a34f5b327548
UVM_INFO out_mon.sv(31) @ 3934211: uvm_test_top.env0.out_mon_h [OUT_MON] GOT AN OUTPUT!: 308d00ea1951
UVM_INFO out_mon.sv(31) @ 3939191: uvm_test_top.env0.out_mon_h [OUT_MON] GOT AN OUTPUT!: 777a7cef5d1d
UVM_INFO out_mon.sv(31) @ 3944171: uvm_test_top.env0.out_mon_h [OUT_MON] GOT AN OUTPUT!: f6abf19bdf19
UVM_INFO out_mon.sv(31) @ 3949151: uvm_test_top.env0.out_mon_h [OUT_MON] GOT AN OUTPUT!: f0bcbfe2d791
UVM_INFO out_mon.sv(31) @ 3954131: uvm_test_top.env0.out_mon_h [OUT_MON] GOT AN OUTPUT!: 963e6f397ac2
UVM_INFO out_mon.sv(31) @ 3959111: uvm_test_top.env0.out_mon_h [OUT_MON] GOT AN OUTPUT!: fa847f0e5ef0
UVM_INFO out_mon.sv(31) @ 3964091: uvm_test_top.env0.out_mon_h [OUT_MON] GOT AN OUTPUT!: 8b947527cd18
UVM_INFO out_mon.sv(31) @ 3969071: uvm_test_top.env0.out_mon_h [OUT_MON] GOT AN OUTPUT!: 84fe17012fee
UVM_INFO out_mon.sv(31) @ 3974051: uvm_test_top.env0.out_mon_h [OUT_MON] GOT AN OUTPUT!: 95ba11ff6c67
UVM_INFO out_mon.sv(31) @ 3979031: uvm_test_top.env0.out_mon_h [OUT_MON] GOT AN OUTPUT!: b1140d1446d8
UVM_INFO out_mon.sv(31) @ 3984011: uvm_test_top.env0.out_mon_h [OUT_MON] GOT AN OUTPUT!: c27daf28b842
UVM_INFO out_mon.sv(31) @ 3988991: uvm_test_top.env0.out_mon_h [OUT_MON] GOT AN OUTPUT!: bc72ab665f54
UVM_INFO out_mon.sv(31) @ 3993971: uvm_test_top.env0.out_mon_h [OUT_MON] GOT AN OUTPUT!: 3a620637cddc
UVM_INFO out_mon.sv(31) @ 3998951: uvm_test_top.env0.out_mon_h [OUT_MON] GOT AN OUTPUT!: ad84c597f4b1
UVM_INFO out_mon.sv(31) @ 4003931: uvm_test_top.env0.out_mon_h [OUT_MON] GOT AN OUTPUT!: ccbd370885c8
UVM_INFO out_mon.sv(31) @ 4008911: uvm_test_top.env0.out_mon_h [OUT_MON] GOT AN OUTPUT!: bf7917474432
UVM_INFO out_mon.sv(31) @ 4013891: uvm_test_top.env0.out_mon_h [OUT_MON] GOT AN OUTPUT!: 3b963e9a7b3b
UVM_INFO out_mon.sv(31) @ 4018871: uvm_test_top.env0.out_mon_h [OUT_MON] GOT AN OUTPUT!: 8e3b0d4c4a62
UVM_INFO out_mon.sv(31) @ 4023851: uvm_test_top.env0.out_mon_h [OUT_MON] GOT AN OUTPUT!: 47b944ad0e9f
UVM_INFO out_mon.sv(31) @ 4028831: uvm_test_top.env0.out_mon_h [OUT_MON] GOT AN OUTPUT!: 027348b4c1cf
UVM_INFO out_mon.sv(31) @ 4033811: uvm_test_top.env0.out_mon_h [OUT_MON] GOT AN OUTPUT!: 7cb4f21b58a0
UVM_INFO out_mon.sv(31) @ 4038791: uvm_test_top.env0.out_mon_h [OUT_MON] GOT AN OUTPUT!: fd93c1802737
UVM_INFO out_mon.sv(31) @ 4043771: uvm_test_top.env0.out_mon_h [OUT_MON] GOT AN OUTPUT!: bcd059f83871
UVM_INFO out_mon.sv(31) @ 4048751: uvm_test_top.env0.out_mon_h [OUT_MON] GOT AN OUTPUT!: c5c0df1bb696
UVM_INFO out_mon.sv(31) @ 4053731: uvm_test_top.env0.out_mon_h [OUT_MON] GOT AN OUTPUT!: 8d1c836a4786
UVM_INFO out_mon.sv(31) @ 4058711: uvm_test_top.env0.out_mon_h [OUT_MON] GOT AN OUTPUT!: 31ec4c9e6a13
UVM_INFO out_mon.sv(31) @ 4063691: uvm_test_top.env0.out_mon_h [OUT_MON] GOT AN OUTPUT!: 21625047e06c
UVM_INFO out_mon.sv(31) @ 4068671: uvm_test_top.env0.out_mon_h [OUT_MON] GOT AN OUTPUT!: 95c1f9c5013b
UVM_INFO out_mon.sv(31) @ 4073651: uvm_test_top.env0.out_mon_h [OUT_MON] GOT AN OUTPUT!: 2830ae732208
UVM_INFO out_mon.sv(31) @ 4078631: uvm_test_top.env0.out_mon_h [OUT_MON] GOT AN OUTPUT!: 6dab12adf48d
UVM_INFO out_mon.sv(31) @ 4083611: uvm_test_top.env0.out_mon_h [OUT_MON] GOT AN OUTPUT!: 56d0c4f5e9ed
UVM_INFO out_mon.sv(31) @ 4088591: uvm_test_top.env0.out_mon_h [OUT_MON] GOT AN OUTPUT!: cad44b5582c4
UVM_INFO out_mon.sv(31) @ 4093571: uvm_test_top.env0.out_mon_h [OUT_MON] GOT AN OUTPUT!: b54f2fddcdfd
UVM_INFO out_mon.sv(31) @ 4098551: uvm_test_top.env0.out_mon_h [OUT_MON] GOT AN OUTPUT!: 7f2a4cd1a6e3
UVM_INFO out_mon.sv(31) @ 4103531: uvm_test_top.env0.out_mon_h [OUT_MON] GOT AN OUTPUT!: aa78dfd82f15
UVM_INFO out_mon.sv(31) @ 4108511: uvm_test_top.env0.out_mon_h [OUT_MON] GOT AN OUTPUT!: 095aac4e1d6e
UVM_INFO out_mon.sv(31) @ 4113491: uvm_test_top.env0.out_mon_h [OUT_MON] GOT AN OUTPUT!: c7d9b78e27f9
UVM_INFO out_mon.sv(31) @ 4118471: uvm_test_top.env0.out_mon_h [OUT_MON] GOT AN OUTPUT!: 40cf36c860d3
UVM_INFO out_mon.sv(31) @ 4123451: uvm_test_top.env0.out_mon_h [OUT_MON] GOT AN OUTPUT!: 55bc80c09533
UVM_INFO out_mon.sv(31) @ 4128431: uvm_test_top.env0.out_mon_h [OUT_MON] GOT AN OUTPUT!: c1b2f18bac75
UVM_INFO out_mon.sv(31) @ 4133411: uvm_test_top.env0.out_mon_h [OUT_MON] GOT AN OUTPUT!: 9f2f4924102a
UVM_INFO out_mon.sv(31) @ 4138391: uvm_test_top.env0.out_mon_h [OUT_MON] GOT AN OUTPUT!: 18f5a26cff50
UVM_INFO out_mon.sv(31) @ 4143371: uvm_test_top.env0.out_mon_h [OUT_MON] GOT AN OUTPUT!: fdfacbfcf915
UVM_INFO out_mon.sv(31) @ 4148351: uvm_test_top.env0.out_mon_h [OUT_MON] GOT AN OUTPUT!: b03e37c714b9
UVM_INFO out_mon.sv(31) @ 4153331: uvm_test_top.env0.out_mon_h [OUT_MON] GOT AN OUTPUT!: a6aef37b691a
UVM_INFO out_mon.sv(31) @ 4158311: uvm_test_top.env0.out_mon_h [OUT_MON] GOT AN OUTPUT!: 79ffec36671c
UVM_INFO out_mon.sv(31) @ 4163291: uvm_test_top.env0.out_mon_h [OUT_MON] GOT AN OUTPUT!: 349412d73d39
UVM_INFO out_mon.sv(31) @ 4168271: uvm_test_top.env0.out_mon_h [OUT_MON] GOT AN OUTPUT!: 5d5f8015324a
UVM_INFO out_mon.sv(31) @ 4173251: uvm_test_top.env0.out_mon_h [OUT_MON] GOT AN OUTPUT!: f5b9eb2c0e4e
UVM_INFO out_mon.sv(31) @ 4178231: uvm_test_top.env0.out_mon_h [OUT_MON] GOT AN OUTPUT!: 624b50b7743b
UVM_INFO out_mon.sv(31) @ 4183211: uvm_test_top.env0.out_mon_h [OUT_MON] GOT AN OUTPUT!: f6e91d153fd8
UVM_INFO out_mon.sv(31) @ 4188191: uvm_test_top.env0.out_mon_h [OUT_MON] GOT AN OUTPUT!: 9d70bb66e6c8
UVM_INFO out_mon.sv(31) @ 4193171: uvm_test_top.env0.out_mon_h [OUT_MON] GOT AN OUTPUT!: cfaf0b09e4c0
UVM_INFO out_mon.sv(31) @ 4198151: uvm_test_top.env0.out_mon_h [OUT_MON] GOT AN OUTPUT!: dc3a971f084e
UVM_INFO out_mon.sv(31) @ 4203131: uvm_test_top.env0.out_mon_h [OUT_MON] GOT AN OUTPUT!: 2e59dc78e0d6
UVM_INFO out_mon.sv(31) @ 4208111: uvm_test_top.env0.out_mon_h [OUT_MON] GOT AN OUTPUT!: 10d4220912b2
UVM_INFO out_mon.sv(31) @ 4213091: uvm_test_top.env0.out_mon_h [OUT_MON] GOT AN OUTPUT!: 23efa8a4cb43
UVM_INFO out_mon.sv(31) @ 4218071: uvm_test_top.env0.out_mon_h [OUT_MON] GOT AN OUTPUT!: 7e2d2eb805c7
UVM_INFO out_mon.sv(31) @ 4223051: uvm_test_top.env0.out_mon_h [OUT_MON] GOT AN OUTPUT!: 30436a400196
UVM_INFO out_mon.sv(31) @ 4228031: uvm_test_top.env0.out_mon_h [OUT_MON] GOT AN OUTPUT!: a3ec01249784
UVM_INFO out_mon.sv(31) @ 4233011: uvm_test_top.env0.out_mon_h [OUT_MON] GOT AN OUTPUT!: 0ddbd0c89ec1
UVM_INFO out_mon.sv(31) @ 4237991: uvm_test_top.env0.out_mon_h [OUT_MON] GOT AN OUTPUT!: ea8299694602
UVM_INFO out_mon.sv(31) @ 4242971: uvm_test_top.env0.out_mon_h [OUT_MON] GOT AN OUTPUT!: 3e077ea47ea1
UVM_INFO out_mon.sv(31) @ 4247951: uvm_test_top.env0.out_mon_h [OUT_MON] GOT AN OUTPUT!: 0f18d83e50c6
UVM_INFO out_mon.sv(31) @ 4252931: uvm_test_top.env0.out_mon_h [OUT_MON] GOT AN OUTPUT!: 54d3e4fd4059
UVM_INFO out_mon.sv(31) @ 4257911: uvm_test_top.env0.out_mon_h [OUT_MON] GOT AN OUTPUT!: 4f9a4435b03c
UVM_INFO out_mon.sv(31) @ 4262891: uvm_test_top.env0.out_mon_h [OUT_MON] GOT AN OUTPUT!: 0509345c3f3a
UVM_INFO out_mon.sv(31) @ 4267871: uvm_test_top.env0.out_mon_h [OUT_MON] GOT AN OUTPUT!: 56b7dcb723ef
UVM_INFO out_mon.sv(31) @ 4272851: uvm_test_top.env0.out_mon_h [OUT_MON] GOT AN OUTPUT!: ec3595069360
UVM_INFO out_mon.sv(31) @ 4277831: uvm_test_top.env0.out_mon_h [OUT_MON] GOT AN OUTPUT!: e7d7b7bc2167
UVM_INFO out_mon.sv(31) @ 4282811: uvm_test_top.env0.out_mon_h [OUT_MON] GOT AN OUTPUT!: 1ea336191ace
UVM_INFO out_mon.sv(31) @ 4287791: uvm_test_top.env0.out_mon_h [OUT_MON] GOT AN OUTPUT!: 4b29de4beb2c
UVM_INFO out_mon.sv(31) @ 4292771: uvm_test_top.env0.out_mon_h [OUT_MON] GOT AN OUTPUT!: 73603c64753a
UVM_INFO out_mon.sv(31) @ 4297751: uvm_test_top.env0.out_mon_h [OUT_MON] GOT AN OUTPUT!: 79952ab778e5
UVM_INFO out_mon.sv(31) @ 4302731: uvm_test_top.env0.out_mon_h [OUT_MON] GOT AN OUTPUT!: 90394b08f83e
UVM_INFO out_mon.sv(31) @ 4307711: uvm_test_top.env0.out_mon_h [OUT_MON] GOT AN OUTPUT!: 08cc8a958b09
UVM_INFO out_mon.sv(31) @ 4312691: uvm_test_top.env0.out_mon_h [OUT_MON] GOT AN OUTPUT!: b5b897d2c523
UVM_INFO out_mon.sv(31) @ 4317671: uvm_test_top.env0.out_mon_h [OUT_MON] GOT AN OUTPUT!: d736777e981c
UVM_INFO out_mon.sv(31) @ 4322651: uvm_test_top.env0.out_mon_h [OUT_MON] GOT AN OUTPUT!: 4b2b3e55b312
UVM_INFO out_mon.sv(31) @ 4327631: uvm_test_top.env0.out_mon_h [OUT_MON] GOT AN OUTPUT!: 78020a88e0f5
UVM_INFO out_mon.sv(31) @ 4332611: uvm_test_top.env0.out_mon_h [OUT_MON] GOT AN OUTPUT!: 2a9be2c963c5
UVM_INFO out_mon.sv(31) @ 4337591: uvm_test_top.env0.out_mon_h [OUT_MON] GOT AN OUTPUT!: 5f1c6c845ef1
UVM_INFO out_mon.sv(31) @ 4342571: uvm_test_top.env0.out_mon_h [OUT_MON] GOT AN OUTPUT!: acd72da52e89
UVM_INFO out_mon.sv(31) @ 4347551: uvm_test_top.env0.out_mon_h [OUT_MON] GOT AN OUTPUT!: cd2d0ff6ccab
UVM_INFO out_mon.sv(31) @ 4352531: uvm_test_top.env0.out_mon_h [OUT_MON] GOT AN OUTPUT!: 756854fc30bb
UVM_INFO out_mon.sv(31) @ 4357511: uvm_test_top.env0.out_mon_h [OUT_MON] GOT AN OUTPUT!: 7ba280d7ab17
UVM_INFO out_mon.sv(31) @ 4362491: uvm_test_top.env0.out_mon_h [OUT_MON] GOT AN OUTPUT!: fe9f2f994683
UVM_INFO out_mon.sv(31) @ 4367471: uvm_test_top.env0.out_mon_h [OUT_MON] GOT AN OUTPUT!: 08ab2c0c307c
UVM_INFO out_mon.sv(31) @ 4372451: uvm_test_top.env0.out_mon_h [OUT_MON] GOT AN OUTPUT!: e582fbdb0ff1
UVM_INFO out_mon.sv(31) @ 4377431: uvm_test_top.env0.out_mon_h [OUT_MON] GOT AN OUTPUT!: 232ee6a35e51
UVM_INFO out_mon.sv(31) @ 4382411: uvm_test_top.env0.out_mon_h [OUT_MON] GOT AN OUTPUT!: f5e0654fe054
UVM_INFO out_mon.sv(31) @ 4387391: uvm_test_top.env0.out_mon_h [OUT_MON] GOT AN OUTPUT!: 76db9cd1ec6d
UVM_INFO out_mon.sv(31) @ 4392371: uvm_test_top.env0.out_mon_h [OUT_MON] GOT AN OUTPUT!: f646f311dae0
UVM_INFO out_mon.sv(31) @ 4397351: uvm_test_top.env0.out_mon_h [OUT_MON] GOT AN OUTPUT!: 581afcae597f
UVM_INFO out_mon.sv(31) @ 4402331: uvm_test_top.env0.out_mon_h [OUT_MON] GOT AN OUTPUT!: 33ff60e2d773
UVM_INFO out_mon.sv(31) @ 4407311: uvm_test_top.env0.out_mon_h [OUT_MON] GOT AN OUTPUT!: 301c6aacde49
UVM_INFO out_mon.sv(31) @ 4412291: uvm_test_top.env0.out_mon_h [OUT_MON] GOT AN OUTPUT!: cf14050875ae
UVM_INFO out_mon.sv(31) @ 4417271: uvm_test_top.env0.out_mon_h [OUT_MON] GOT AN OUTPUT!: a8cc25db7a9b
UVM_INFO out_mon.sv(31) @ 4422251: uvm_test_top.env0.out_mon_h [OUT_MON] GOT AN OUTPUT!: c657ede80e07
UVM_INFO out_mon.sv(31) @ 4427231: uvm_test_top.env0.out_mon_h [OUT_MON] GOT AN OUTPUT!: 98d3ebdde87f
UVM_INFO out_mon.sv(31) @ 4432211: uvm_test_top.env0.out_mon_h [OUT_MON] GOT AN OUTPUT!: c34e9f62be2e
UVM_INFO out_mon.sv(31) @ 4437191: uvm_test_top.env0.out_mon_h [OUT_MON] GOT AN OUTPUT!: afa0f5a9a38f
UVM_INFO out_mon.sv(31) @ 4442171: uvm_test_top.env0.out_mon_h [OUT_MON] GOT AN OUTPUT!: a64a43f16357
UVM_INFO out_mon.sv(31) @ 4447151: uvm_test_top.env0.out_mon_h [OUT_MON] GOT AN OUTPUT!: e15ca701e9f0
UVM_INFO out_mon.sv(31) @ 4452131: uvm_test_top.env0.out_mon_h [OUT_MON] GOT AN OUTPUT!: d253318096c1
UVM_INFO out_mon.sv(31) @ 4457111: uvm_test_top.env0.out_mon_h [OUT_MON] GOT AN OUTPUT!: 92f6c9b3b3e9
UVM_INFO out_mon.sv(31) @ 4462091: uvm_test_top.env0.out_mon_h [OUT_MON] GOT AN OUTPUT!: 39398a0cb81a
UVM_INFO out_mon.sv(31) @ 4467071: uvm_test_top.env0.out_mon_h [OUT_MON] GOT AN OUTPUT!: 86199d91be8f
UVM_INFO out_mon.sv(31) @ 4472051: uvm_test_top.env0.out_mon_h [OUT_MON] GOT AN OUTPUT!: 2782e8fddf0d
UVM_INFO out_mon.sv(31) @ 4477031: uvm_test_top.env0.out_mon_h [OUT_MON] GOT AN OUTPUT!: 8531b7308b76
UVM_INFO out_mon.sv(31) @ 4482011: uvm_test_top.env0.out_mon_h [OUT_MON] GOT AN OUTPUT!: d081c943eaa2
UVM_INFO out_mon.sv(31) @ 4486991: uvm_test_top.env0.out_mon_h [OUT_MON] GOT AN OUTPUT!: cf68df624eee
UVM_INFO out_mon.sv(31) @ 4491971: uvm_test_top.env0.out_mon_h [OUT_MON] GOT AN OUTPUT!: 9a3fc73276a8
UVM_INFO out_mon.sv(31) @ 4496951: uvm_test_top.env0.out_mon_h [OUT_MON] GOT AN OUTPUT!: 44ace27307b6
UVM_INFO out_mon.sv(31) @ 4501931: uvm_test_top.env0.out_mon_h [OUT_MON] GOT AN OUTPUT!: 2987301cdef2
UVM_INFO out_mon.sv(31) @ 4506911: uvm_test_top.env0.out_mon_h [OUT_MON] GOT AN OUTPUT!: 51aa9e2472a4
UVM_INFO out_mon.sv(31) @ 4511891: uvm_test_top.env0.out_mon_h [OUT_MON] GOT AN OUTPUT!: 2de424b23d8b
UVM_INFO out_mon.sv(31) @ 4516871: uvm_test_top.env0.out_mon_h [OUT_MON] GOT AN OUTPUT!: 9bcd2f6a0c36
UVM_INFO out_mon.sv(31) @ 4521851: uvm_test_top.env0.out_mon_h [OUT_MON] GOT AN OUTPUT!: eda4c1196ea6
UVM_INFO out_mon.sv(31) @ 4526831: uvm_test_top.env0.out_mon_h [OUT_MON] GOT AN OUTPUT!: 6d3e86e50f8f
UVM_INFO out_mon.sv(31) @ 4531811: uvm_test_top.env0.out_mon_h [OUT_MON] GOT AN OUTPUT!: 91d583cd1079
UVM_INFO out_mon.sv(31) @ 4536791: uvm_test_top.env0.out_mon_h [OUT_MON] GOT AN OUTPUT!: e0ee532079c4
UVM_INFO out_mon.sv(31) @ 4541771: uvm_test_top.env0.out_mon_h [OUT_MON] GOT AN OUTPUT!: 323e60377ec6
UVM_INFO out_mon.sv(31) @ 4546751: uvm_test_top.env0.out_mon_h [OUT_MON] GOT AN OUTPUT!: ce87858d0203
UVM_INFO out_mon.sv(31) @ 4551731: uvm_test_top.env0.out_mon_h [OUT_MON] GOT AN OUTPUT!: a170cf0ed53c
UVM_INFO out_mon.sv(31) @ 4556711: uvm_test_top.env0.out_mon_h [OUT_MON] GOT AN OUTPUT!: 76744c3d2a86
UVM_INFO out_mon.sv(31) @ 4561691: uvm_test_top.env0.out_mon_h [OUT_MON] GOT AN OUTPUT!: f8b43770ef74
UVM_INFO out_mon.sv(31) @ 4566671: uvm_test_top.env0.out_mon_h [OUT_MON] GOT AN OUTPUT!: ede3eb612dc8
UVM_INFO out_mon.sv(31) @ 4571651: uvm_test_top.env0.out_mon_h [OUT_MON] GOT AN OUTPUT!: e417f7bf68c1
UVM_INFO out_mon.sv(31) @ 4576631: uvm_test_top.env0.out_mon_h [OUT_MON] GOT AN OUTPUT!: 4abd308304f5
UVM_INFO out_mon.sv(31) @ 4581611: uvm_test_top.env0.out_mon_h [OUT_MON] GOT AN OUTPUT!: ae65893b9d7c
UVM_INFO out_mon.sv(31) @ 4586591: uvm_test_top.env0.out_mon_h [OUT_MON] GOT AN OUTPUT!: 8fb1f1826e0b
UVM_INFO out_mon.sv(31) @ 4591571: uvm_test_top.env0.out_mon_h [OUT_MON] GOT AN OUTPUT!: 0d28ea62ab1c
UVM_INFO out_mon.sv(31) @ 4596551: uvm_test_top.env0.out_mon_h [OUT_MON] GOT AN OUTPUT!: 58296050e5ae
UVM_INFO out_mon.sv(31) @ 4601531: uvm_test_top.env0.out_mon_h [OUT_MON] GOT AN OUTPUT!: acb0d5096bc0
UVM_INFO out_mon.sv(31) @ 4606511: uvm_test_top.env0.out_mon_h [OUT_MON] GOT AN OUTPUT!: 4450966da61a
UVM_INFO out_mon.sv(31) @ 4611491: uvm_test_top.env0.out_mon_h [OUT_MON] GOT AN OUTPUT!: 7c07ec387b64
UVM_INFO out_mon.sv(31) @ 4616471: uvm_test_top.env0.out_mon_h [OUT_MON] GOT AN OUTPUT!: 25161e21ac30
UVM_INFO out_mon.sv(31) @ 4621451: uvm_test_top.env0.out_mon_h [OUT_MON] GOT AN OUTPUT!: b8f767c83689
UVM_INFO out_mon.sv(31) @ 4626431: uvm_test_top.env0.out_mon_h [OUT_MON] GOT AN OUTPUT!: e824e97bb516
UVM_INFO out_mon.sv(31) @ 4631411: uvm_test_top.env0.out_mon_h [OUT_MON] GOT AN OUTPUT!: bc0f5bbcbb71
UVM_INFO out_mon.sv(31) @ 4636391: uvm_test_top.env0.out_mon_h [OUT_MON] GOT AN OUTPUT!: 43e87c0c3a6c
UVM_INFO out_mon.sv(31) @ 4641371: uvm_test_top.env0.out_mon_h [OUT_MON] GOT AN OUTPUT!: 84984161e2b8
UVM_INFO out_mon.sv(31) @ 4646351: uvm_test_top.env0.out_mon_h [OUT_MON] GOT AN OUTPUT!: 238da8617a72
UVM_INFO out_mon.sv(31) @ 4651331: uvm_test_top.env0.out_mon_h [OUT_MON] GOT AN OUTPUT!: 04a0c0274b7e
UVM_INFO out_mon.sv(31) @ 4656311: uvm_test_top.env0.out_mon_h [OUT_MON] GOT AN OUTPUT!: d2fcb3437140
UVM_INFO out_mon.sv(31) @ 4661291: uvm_test_top.env0.out_mon_h [OUT_MON] GOT AN OUTPUT!: 2cf4643c4cd2
UVM_INFO out_mon.sv(31) @ 4666271: uvm_test_top.env0.out_mon_h [OUT_MON] GOT AN OUTPUT!: eae741afd95d
UVM_INFO out_mon.sv(31) @ 4671251: uvm_test_top.env0.out_mon_h [OUT_MON] GOT AN OUTPUT!: b91f4fec09a5
UVM_INFO out_mon.sv(31) @ 4676231: uvm_test_top.env0.out_mon_h [OUT_MON] GOT AN OUTPUT!: fcb5d3962fcf
UVM_INFO out_mon.sv(31) @ 4681211: uvm_test_top.env0.out_mon_h [OUT_MON] GOT AN OUTPUT!: bb6c7fb957ef
UVM_INFO out_mon.sv(31) @ 4686191: uvm_test_top.env0.out_mon_h [OUT_MON] GOT AN OUTPUT!: fe943b53ad08
UVM_INFO out_mon.sv(31) @ 4691171: uvm_test_top.env0.out_mon_h [OUT_MON] GOT AN OUTPUT!: e8e9c33ad542
UVM_INFO out_mon.sv(31) @ 4696151: uvm_test_top.env0.out_mon_h [OUT_MON] GOT AN OUTPUT!: 776fd8ef51b3
UVM_INFO out_mon.sv(31) @ 4701131: uvm_test_top.env0.out_mon_h [OUT_MON] GOT AN OUTPUT!: a55ff7b6de8b
UVM_INFO out_mon.sv(31) @ 4706111: uvm_test_top.env0.out_mon_h [OUT_MON] GOT AN OUTPUT!: 6af5f415d9d0
UVM_INFO out_mon.sv(31) @ 4711091: uvm_test_top.env0.out_mon_h [OUT_MON] GOT AN OUTPUT!: cf5b977f902c
UVM_INFO out_mon.sv(31) @ 4716071: uvm_test_top.env0.out_mon_h [OUT_MON] GOT AN OUTPUT!: 058c1cd5bc1b
UVM_INFO out_mon.sv(31) @ 4721051: uvm_test_top.env0.out_mon_h [OUT_MON] GOT AN OUTPUT!: 4c2b520ec734
UVM_INFO out_mon.sv(31) @ 4726031: uvm_test_top.env0.out_mon_h [OUT_MON] GOT AN OUTPUT!: 0867c61b3b40
UVM_INFO out_mon.sv(31) @ 4731011: uvm_test_top.env0.out_mon_h [OUT_MON] GOT AN OUTPUT!: 53dba0e21ddb
UVM_INFO out_mon.sv(31) @ 4735991: uvm_test_top.env0.out_mon_h [OUT_MON] GOT AN OUTPUT!: f56c27ec4fbb
UVM_INFO out_mon.sv(31) @ 4740971: uvm_test_top.env0.out_mon_h [OUT_MON] GOT AN OUTPUT!: 7d340416ed18
UVM_INFO out_mon.sv(31) @ 4745951: uvm_test_top.env0.out_mon_h [OUT_MON] GOT AN OUTPUT!: fb4c8764b2fc
UVM_INFO out_mon.sv(31) @ 4750931: uvm_test_top.env0.out_mon_h [OUT_MON] GOT AN OUTPUT!: 89c40bc65661
UVM_INFO out_mon.sv(31) @ 4755911: uvm_test_top.env0.out_mon_h [OUT_MON] GOT AN OUTPUT!: a170eb71e7a8
UVM_INFO out_mon.sv(31) @ 4760891: uvm_test_top.env0.out_mon_h [OUT_MON] GOT AN OUTPUT!: f1d799213276
UVM_INFO out_mon.sv(31) @ 4765871: uvm_test_top.env0.out_mon_h [OUT_MON] GOT AN OUTPUT!: 3406744f2488
UVM_INFO out_mon.sv(31) @ 4770851: uvm_test_top.env0.out_mon_h [OUT_MON] GOT AN OUTPUT!: 3079b44c1f4c
UVM_INFO out_mon.sv(31) @ 4775831: uvm_test_top.env0.out_mon_h [OUT_MON] GOT AN OUTPUT!: eff84bc1670d
UVM_INFO out_mon.sv(31) @ 4780811: uvm_test_top.env0.out_mon_h [OUT_MON] GOT AN OUTPUT!: cf743ffb76eb
UVM_INFO out_mon.sv(31) @ 4785791: uvm_test_top.env0.out_mon_h [OUT_MON] GOT AN OUTPUT!: eef369136bec
UVM_INFO out_mon.sv(31) @ 4790771: uvm_test_top.env0.out_mon_h [OUT_MON] GOT AN OUTPUT!: 3358e6cf5665
UVM_INFO out_mon.sv(31) @ 4795751: uvm_test_top.env0.out_mon_h [OUT_MON] GOT AN OUTPUT!: d36119d1adc1
UVM_INFO out_mon.sv(31) @ 4800731: uvm_test_top.env0.out_mon_h [OUT_MON] GOT AN OUTPUT!: 276eb26f9ba4
UVM_INFO out_mon.sv(31) @ 4805711: uvm_test_top.env0.out_mon_h [OUT_MON] GOT AN OUTPUT!: 34718e46693c
UVM_INFO out_mon.sv(31) @ 4810691: uvm_test_top.env0.out_mon_h [OUT_MON] GOT AN OUTPUT!: 29c57267de4e
UVM_INFO out_mon.sv(31) @ 4815671: uvm_test_top.env0.out_mon_h [OUT_MON] GOT AN OUTPUT!: ca0f61b59bc1
UVM_INFO out_mon.sv(31) @ 4820651: uvm_test_top.env0.out_mon_h [OUT_MON] GOT AN OUTPUT!: 772386c37d69
UVM_INFO out_mon.sv(31) @ 4825631: uvm_test_top.env0.out_mon_h [OUT_MON] GOT AN OUTPUT!: 58e25258ff02
UVM_INFO out_mon.sv(31) @ 4830611: uvm_test_top.env0.out_mon_h [OUT_MON] GOT AN OUTPUT!: d7182b699502
UVM_INFO out_mon.sv(31) @ 4835591: uvm_test_top.env0.out_mon_h [OUT_MON] GOT AN OUTPUT!: 5e5d201c0f84
UVM_INFO out_mon.sv(31) @ 4840571: uvm_test_top.env0.out_mon_h [OUT_MON] GOT AN OUTPUT!: 27f3d638fe8e
UVM_INFO out_mon.sv(31) @ 4845551: uvm_test_top.env0.out_mon_h [OUT_MON] GOT AN OUTPUT!: 7ca9d4180b82
UVM_INFO out_mon.sv(31) @ 4850531: uvm_test_top.env0.out_mon_h [OUT_MON] GOT AN OUTPUT!: aabbc3e45833
UVM_INFO out_mon.sv(31) @ 4855511: uvm_test_top.env0.out_mon_h [OUT_MON] GOT AN OUTPUT!: a6b157cfeb33
UVM_INFO out_mon.sv(31) @ 4860491: uvm_test_top.env0.out_mon_h [OUT_MON] GOT AN OUTPUT!: 0f3d488dfec3
UVM_INFO out_mon.sv(31) @ 4865471: uvm_test_top.env0.out_mon_h [OUT_MON] GOT AN OUTPUT!: 0c20a42c6ee0
UVM_INFO out_mon.sv(31) @ 4870451: uvm_test_top.env0.out_mon_h [OUT_MON] GOT AN OUTPUT!: 400702240d8a
UVM_INFO out_mon.sv(31) @ 4875431: uvm_test_top.env0.out_mon_h [OUT_MON] GOT AN OUTPUT!: c5677b380ec2
UVM_INFO out_mon.sv(31) @ 4880411: uvm_test_top.env0.out_mon_h [OUT_MON] GOT AN OUTPUT!: ee637d7c5ec0
UVM_INFO out_mon.sv(31) @ 4885391: uvm_test_top.env0.out_mon_h [OUT_MON] GOT AN OUTPUT!: 3fabe29b082b
UVM_INFO out_mon.sv(31) @ 4890371: uvm_test_top.env0.out_mon_h [OUT_MON] GOT AN OUTPUT!: de5c653090c4
UVM_INFO out_mon.sv(31) @ 4895351: uvm_test_top.env0.out_mon_h [OUT_MON] GOT AN OUTPUT!: 68df4cd758e3
UVM_INFO out_mon.sv(31) @ 4900331: uvm_test_top.env0.out_mon_h [OUT_MON] GOT AN OUTPUT!: f2c2dd39fdda
UVM_INFO out_mon.sv(31) @ 4905311: uvm_test_top.env0.out_mon_h [OUT_MON] GOT AN OUTPUT!: 9babc944b940
UVM_INFO out_mon.sv(31) @ 4910291: uvm_test_top.env0.out_mon_h [OUT_MON] GOT AN OUTPUT!: f91f174dc3b4
UVM_INFO out_mon.sv(31) @ 4915271: uvm_test_top.env0.out_mon_h [OUT_MON] GOT AN OUTPUT!: 4b7b06cca8e1
UVM_INFO out_mon.sv(31) @ 4920251: uvm_test_top.env0.out_mon_h [OUT_MON] GOT AN OUTPUT!: 35bebef8bb69
UVM_INFO out_mon.sv(31) @ 4925231: uvm_test_top.env0.out_mon_h [OUT_MON] GOT AN OUTPUT!: 707a8a666194
UVM_INFO out_mon.sv(31) @ 4930211: uvm_test_top.env0.out_mon_h [OUT_MON] GOT AN OUTPUT!: afad4d7b8220
UVM_INFO out_mon.sv(31) @ 4935191: uvm_test_top.env0.out_mon_h [OUT_MON] GOT AN OUTPUT!: b399f352e154
UVM_INFO out_mon.sv(31) @ 4940171: uvm_test_top.env0.out_mon_h [OUT_MON] GOT AN OUTPUT!: 3cb4f0667620
UVM_INFO out_mon.sv(31) @ 4945151: uvm_test_top.env0.out_mon_h [OUT_MON] GOT AN OUTPUT!: 5a7f9618e1da
UVM_INFO out_mon.sv(31) @ 4950131: uvm_test_top.env0.out_mon_h [OUT_MON] GOT AN OUTPUT!: 4d65fef5b381
UVM_INFO out_mon.sv(31) @ 4955111: uvm_test_top.env0.out_mon_h [OUT_MON] GOT AN OUTPUT!: f39b5f40dfba
UVM_INFO out_mon.sv(31) @ 4960091: uvm_test_top.env0.out_mon_h [OUT_MON] GOT AN OUTPUT!: 7906aa2d1336
UVM_INFO out_mon.sv(31) @ 4965071: uvm_test_top.env0.out_mon_h [OUT_MON] GOT AN OUTPUT!: c2173bd11687
UVM_INFO out_mon.sv(31) @ 4970051: uvm_test_top.env0.out_mon_h [OUT_MON] GOT AN OUTPUT!: c9a603b432a1
UVM_INFO out_mon.sv(31) @ 4975031: uvm_test_top.env0.out_mon_h [OUT_MON] GOT AN OUTPUT!: e9dfed8984ed
UVM_INFO out_mon.sv(31) @ 4980011: uvm_test_top.env0.out_mon_h [OUT_MON] GOT AN OUTPUT!: c812d5726d76
UVM_INFO out_mon.sv(31) @ 4984991: uvm_test_top.env0.out_mon_h [OUT_MON] GOT AN OUTPUT!: 5ba0aadfe53f
UVM_INFO out_mon.sv(31) @ 4989971: uvm_test_top.env0.out_mon_h [OUT_MON] GOT AN OUTPUT!: 47d48eeae119
UVM_INFO out_mon.sv(31) @ 4994951: uvm_test_top.env0.out_mon_h [OUT_MON] GOT AN OUTPUT!: 80c747bbb079
UVM_INFO out_mon.sv(31) @ 4999931: uvm_test_top.env0.out_mon_h [OUT_MON] GOT AN OUTPUT!: f339b3586632
UVM_INFO out_mon.sv(31) @ 5004911: uvm_test_top.env0.out_mon_h [OUT_MON] GOT AN OUTPUT!: a77c5bf22917
UVM_INFO out_mon.sv(31) @ 5009891: uvm_test_top.env0.out_mon_h [OUT_MON] GOT AN OUTPUT!: 974d07899cb5
UVM_INFO out_mon.sv(31) @ 5014871: uvm_test_top.env0.out_mon_h [OUT_MON] GOT AN OUTPUT!: 2eb0308244d7
UVM_INFO out_mon.sv(31) @ 5019851: uvm_test_top.env0.out_mon_h [OUT_MON] GOT AN OUTPUT!: 2fddf07cde0c
UVM_INFO out_mon.sv(31) @ 5024831: uvm_test_top.env0.out_mon_h [OUT_MON] GOT AN OUTPUT!: 720ccc90c3bf
UVM_INFO out_mon.sv(31) @ 5029811: uvm_test_top.env0.out_mon_h [OUT_MON] GOT AN OUTPUT!: b37045bc48ab
UVM_INFO out_mon.sv(31) @ 5034791: uvm_test_top.env0.out_mon_h [OUT_MON] GOT AN OUTPUT!: 75fefc24207e
UVM_INFO out_mon.sv(31) @ 5039771: uvm_test_top.env0.out_mon_h [OUT_MON] GOT AN OUTPUT!: 9f590779b7aa
UVM_INFO out_mon.sv(31) @ 5044751: uvm_test_top.env0.out_mon_h [OUT_MON] GOT AN OUTPUT!: 53b1aaa09785
UVM_INFO out_mon.sv(31) @ 5049731: uvm_test_top.env0.out_mon_h [OUT_MON] GOT AN OUTPUT!: 43a12c6ac4c2
UVM_INFO out_mon.sv(31) @ 5054711: uvm_test_top.env0.out_mon_h [OUT_MON] GOT AN OUTPUT!: 650e600421e0
UVM_INFO out_mon.sv(31) @ 5059691: uvm_test_top.env0.out_mon_h [OUT_MON] GOT AN OUTPUT!: cf111164cc42
UVM_INFO out_mon.sv(31) @ 5064671: uvm_test_top.env0.out_mon_h [OUT_MON] GOT AN OUTPUT!: 30c74ee27e41
UVM_INFO out_mon.sv(31) @ 5069651: uvm_test_top.env0.out_mon_h [OUT_MON] GOT AN OUTPUT!: 1b3aa6b8ee4d
UVM_INFO out_mon.sv(31) @ 5074631: uvm_test_top.env0.out_mon_h [OUT_MON] GOT AN OUTPUT!: 1642a4212a3c
UVM_INFO out_mon.sv(31) @ 5079611: uvm_test_top.env0.out_mon_h [OUT_MON] GOT AN OUTPUT!: 3865f050020a
UVM_INFO out_mon.sv(31) @ 5084591: uvm_test_top.env0.out_mon_h [OUT_MON] GOT AN OUTPUT!: b9aea3735f1a
UVM_INFO out_mon.sv(31) @ 5089571: uvm_test_top.env0.out_mon_h [OUT_MON] GOT AN OUTPUT!: b99efd86a709
UVM_INFO out_mon.sv(31) @ 5094551: uvm_test_top.env0.out_mon_h [OUT_MON] GOT AN OUTPUT!: 2ff936961b59
UVM_INFO out_mon.sv(31) @ 5099531: uvm_test_top.env0.out_mon_h [OUT_MON] GOT AN OUTPUT!: c0b3d7c93687
UVM_INFO out_mon.sv(31) @ 5104511: uvm_test_top.env0.out_mon_h [OUT_MON] GOT AN OUTPUT!: eacd694c172c
UVM_INFO out_mon.sv(31) @ 5109491: uvm_test_top.env0.out_mon_h [OUT_MON] GOT AN OUTPUT!: ca2e99efcfdd
UVM_INFO out_mon.sv(31) @ 5114471: uvm_test_top.env0.out_mon_h [OUT_MON] GOT AN OUTPUT!: 6492a019d01a
UVM_INFO out_mon.sv(31) @ 5119451: uvm_test_top.env0.out_mon_h [OUT_MON] GOT AN OUTPUT!: 395d385a4abc
UVM_INFO out_mon.sv(31) @ 5124431: uvm_test_top.env0.out_mon_h [OUT_MON] GOT AN OUTPUT!: 8c7ad9c1850f
UVM_INFO out_mon.sv(31) @ 5129411: uvm_test_top.env0.out_mon_h [OUT_MON] GOT AN OUTPUT!: a44819cc457d
UVM_INFO out_mon.sv(31) @ 5134391: uvm_test_top.env0.out_mon_h [OUT_MON] GOT AN OUTPUT!: f26ed97f2ff6
UVM_INFO out_mon.sv(31) @ 5139371: uvm_test_top.env0.out_mon_h [OUT_MON] GOT AN OUTPUT!: dfc00d091d3a
UVM_INFO out_mon.sv(31) @ 5144351: uvm_test_top.env0.out_mon_h [OUT_MON] GOT AN OUTPUT!: b31ca3048b40
UVM_INFO out_mon.sv(31) @ 5149331: uvm_test_top.env0.out_mon_h [OUT_MON] GOT AN OUTPUT!: cb4fcd2feae2
UVM_INFO out_mon.sv(31) @ 5154311: uvm_test_top.env0.out_mon_h [OUT_MON] GOT AN OUTPUT!: 23eff8351352
UVM_INFO out_mon.sv(31) @ 5159291: uvm_test_top.env0.out_mon_h [OUT_MON] GOT AN OUTPUT!: dd4085d78e0b
UVM_INFO out_mon.sv(31) @ 5164271: uvm_test_top.env0.out_mon_h [OUT_MON] GOT AN OUTPUT!: 3f1258a20765
UVM_INFO out_mon.sv(31) @ 5169251: uvm_test_top.env0.out_mon_h [OUT_MON] GOT AN OUTPUT!: 6ea094eaa1ad
UVM_INFO out_mon.sv(31) @ 5174231: uvm_test_top.env0.out_mon_h [OUT_MON] GOT AN OUTPUT!: cf7145c65eb1
UVM_INFO out_mon.sv(31) @ 5179211: uvm_test_top.env0.out_mon_h [OUT_MON] GOT AN OUTPUT!: c73b0d437e88
UVM_INFO out_mon.sv(31) @ 5184191: uvm_test_top.env0.out_mon_h [OUT_MON] GOT AN OUTPUT!: 5cbb2802d878
UVM_INFO out_mon.sv(31) @ 5189171: uvm_test_top.env0.out_mon_h [OUT_MON] GOT AN OUTPUT!: e99c15084468
UVM_INFO out_mon.sv(31) @ 5194151: uvm_test_top.env0.out_mon_h [OUT_MON] GOT AN OUTPUT!: d756b159f0d2
UVM_INFO out_mon.sv(31) @ 5199131: uvm_test_top.env0.out_mon_h [OUT_MON] GOT AN OUTPUT!: 1f11bcc6cf01
UVM_INFO out_mon.sv(31) @ 5204111: uvm_test_top.env0.out_mon_h [OUT_MON] GOT AN OUTPUT!: 047408ebe3c9
UVM_INFO out_mon.sv(31) @ 5209091: uvm_test_top.env0.out_mon_h [OUT_MON] GOT AN OUTPUT!: 43a25a50b69e
UVM_INFO out_mon.sv(31) @ 5214071: uvm_test_top.env0.out_mon_h [OUT_MON] GOT AN OUTPUT!: aa00a532aba4
UVM_INFO out_mon.sv(31) @ 5219051: uvm_test_top.env0.out_mon_h [OUT_MON] GOT AN OUTPUT!: d2211d575c50
UVM_INFO out_mon.sv(31) @ 5224031: uvm_test_top.env0.out_mon_h [OUT_MON] GOT AN OUTPUT!: 7aa230fe04eb
UVM_INFO out_mon.sv(31) @ 5229011: uvm_test_top.env0.out_mon_h [OUT_MON] GOT AN OUTPUT!: b014cbc7d8e3
UVM_INFO out_mon.sv(31) @ 5233991: uvm_test_top.env0.out_mon_h [OUT_MON] GOT AN OUTPUT!: c1ca352f6c1c
UVM_INFO out_mon.sv(31) @ 5238971: uvm_test_top.env0.out_mon_h [OUT_MON] GOT AN OUTPUT!: b9ca5de70b47
UVM_INFO out_mon.sv(31) @ 5243951: uvm_test_top.env0.out_mon_h [OUT_MON] GOT AN OUTPUT!: cfa407361c76
UVM_INFO out_mon.sv(31) @ 5248931: uvm_test_top.env0.out_mon_h [OUT_MON] GOT AN OUTPUT!: 0e508a2d8aac
UVM_INFO out_mon.sv(31) @ 5253911: uvm_test_top.env0.out_mon_h [OUT_MON] GOT AN OUTPUT!: 251bb64b14ee
UVM_INFO out_mon.sv(31) @ 5258891: uvm_test_top.env0.out_mon_h [OUT_MON] GOT AN OUTPUT!: 1b72d2e3b7ff
UVM_INFO out_mon.sv(31) @ 5263871: uvm_test_top.env0.out_mon_h [OUT_MON] GOT AN OUTPUT!: 5fd85c6d0dae
UVM_INFO out_mon.sv(31) @ 5268851: uvm_test_top.env0.out_mon_h [OUT_MON] GOT AN OUTPUT!: 69b82c7daa10
UVM_INFO out_mon.sv(31) @ 5273831: uvm_test_top.env0.out_mon_h [OUT_MON] GOT AN OUTPUT!: e64bad1c8224
UVM_INFO out_mon.sv(31) @ 5278811: uvm_test_top.env0.out_mon_h [OUT_MON] GOT AN OUTPUT!: 2872e8b74307
UVM_INFO out_mon.sv(31) @ 5283791: uvm_test_top.env0.out_mon_h [OUT_MON] GOT AN OUTPUT!: 539e10d7b30f
UVM_INFO out_mon.sv(31) @ 5288771: uvm_test_top.env0.out_mon_h [OUT_MON] GOT AN OUTPUT!: 79acd870196a
UVM_INFO out_mon.sv(31) @ 5293751: uvm_test_top.env0.out_mon_h [OUT_MON] GOT AN OUTPUT!: a3c027569992
UVM_INFO out_mon.sv(31) @ 5298731: uvm_test_top.env0.out_mon_h [OUT_MON] GOT AN OUTPUT!: 7e2e6c478c72
UVM_INFO out_mon.sv(31) @ 5303711: uvm_test_top.env0.out_mon_h [OUT_MON] GOT AN OUTPUT!: 1f581686efaf
UVM_INFO out_mon.sv(31) @ 5308691: uvm_test_top.env0.out_mon_h [OUT_MON] GOT AN OUTPUT!: 218abef8b6d3
UVM_INFO out_mon.sv(31) @ 5313671: uvm_test_top.env0.out_mon_h [OUT_MON] GOT AN OUTPUT!: 07d866483432
UVM_INFO out_mon.sv(31) @ 5318651: uvm_test_top.env0.out_mon_h [OUT_MON] GOT AN OUTPUT!: a606397676c8
UVM_INFO out_mon.sv(31) @ 5323631: uvm_test_top.env0.out_mon_h [OUT_MON] GOT AN OUTPUT!: 0367d6e7a585
UVM_INFO out_mon.sv(31) @ 5328611: uvm_test_top.env0.out_mon_h [OUT_MON] GOT AN OUTPUT!: f0b2f1c76585
UVM_INFO out_mon.sv(31) @ 5333591: uvm_test_top.env0.out_mon_h [OUT_MON] GOT AN OUTPUT!: 48f2f85c3856
UVM_INFO out_mon.sv(31) @ 5338571: uvm_test_top.env0.out_mon_h [OUT_MON] GOT AN OUTPUT!: 95593da1dfd5
UVM_INFO out_mon.sv(31) @ 5343551: uvm_test_top.env0.out_mon_h [OUT_MON] GOT AN OUTPUT!: 8c27f142ae96
UVM_INFO out_mon.sv(31) @ 5348531: uvm_test_top.env0.out_mon_h [OUT_MON] GOT AN OUTPUT!: a286a9c80117
UVM_INFO out_mon.sv(31) @ 5353511: uvm_test_top.env0.out_mon_h [OUT_MON] GOT AN OUTPUT!: a9702b9982c3
UVM_INFO out_mon.sv(31) @ 5358491: uvm_test_top.env0.out_mon_h [OUT_MON] GOT AN OUTPUT!: 2d86ea23a754
UVM_INFO out_mon.sv(31) @ 5363471: uvm_test_top.env0.out_mon_h [OUT_MON] GOT AN OUTPUT!: 11fb643cf0f4
UVM_INFO out_mon.sv(31) @ 5368451: uvm_test_top.env0.out_mon_h [OUT_MON] GOT AN OUTPUT!: 9e65d5a26a9f
UVM_INFO out_mon.sv(31) @ 5373431: uvm_test_top.env0.out_mon_h [OUT_MON] GOT AN OUTPUT!: f7b0db22f4a4
UVM_INFO out_mon.sv(31) @ 5378411: uvm_test_top.env0.out_mon_h [OUT_MON] GOT AN OUTPUT!: bbeeffd1ad83
UVM_INFO out_mon.sv(31) @ 5383391: uvm_test_top.env0.out_mon_h [OUT_MON] GOT AN OUTPUT!: 39410a574baa
UVM_INFO out_mon.sv(31) @ 5388371: uvm_test_top.env0.out_mon_h [OUT_MON] GOT AN OUTPUT!: 77af1c3a85ae
UVM_INFO out_mon.sv(31) @ 5393351: uvm_test_top.env0.out_mon_h [OUT_MON] GOT AN OUTPUT!: 0e15acb76e65
UVM_INFO out_mon.sv(31) @ 5398331: uvm_test_top.env0.out_mon_h [OUT_MON] GOT AN OUTPUT!: 79f2b27dd390
UVM_INFO out_mon.sv(31) @ 5403311: uvm_test_top.env0.out_mon_h [OUT_MON] GOT AN OUTPUT!: 7259806e9a82
UVM_INFO out_mon.sv(31) @ 5408291: uvm_test_top.env0.out_mon_h [OUT_MON] GOT AN OUTPUT!: 6dc538302f32
UVM_INFO out_mon.sv(31) @ 5413271: uvm_test_top.env0.out_mon_h [OUT_MON] GOT AN OUTPUT!: 52fa9431cd68
UVM_INFO out_mon.sv(31) @ 5418251: uvm_test_top.env0.out_mon_h [OUT_MON] GOT AN OUTPUT!: 0cf13e75f7e8
UVM_INFO out_mon.sv(31) @ 5423231: uvm_test_top.env0.out_mon_h [OUT_MON] GOT AN OUTPUT!: 79a5683bc2ac
UVM_INFO out_mon.sv(31) @ 5428211: uvm_test_top.env0.out_mon_h [OUT_MON] GOT AN OUTPUT!: ec05ad5f4632
UVM_INFO out_mon.sv(31) @ 5433191: uvm_test_top.env0.out_mon_h [OUT_MON] GOT AN OUTPUT!: 38c4d808f49c
UVM_INFO out_mon.sv(31) @ 5438171: uvm_test_top.env0.out_mon_h [OUT_MON] GOT AN OUTPUT!: 064bc803fa66
UVM_INFO out_mon.sv(31) @ 5443151: uvm_test_top.env0.out_mon_h [OUT_MON] GOT AN OUTPUT!: d7840bd3a043
UVM_INFO out_mon.sv(31) @ 5448131: uvm_test_top.env0.out_mon_h [OUT_MON] GOT AN OUTPUT!: 09cee85fac70
UVM_INFO out_mon.sv(31) @ 5453111: uvm_test_top.env0.out_mon_h [OUT_MON] GOT AN OUTPUT!: bdd157cfc3f3
UVM_INFO out_mon.sv(31) @ 5458091: uvm_test_top.env0.out_mon_h [OUT_MON] GOT AN OUTPUT!: 635eb0edbc5f
UVM_INFO out_mon.sv(31) @ 5463071: uvm_test_top.env0.out_mon_h [OUT_MON] GOT AN OUTPUT!: 60565c2714b8
UVM_INFO out_mon.sv(31) @ 5468051: uvm_test_top.env0.out_mon_h [OUT_MON] GOT AN OUTPUT!: 0a85b60542e6
UVM_INFO out_mon.sv(31) @ 5473031: uvm_test_top.env0.out_mon_h [OUT_MON] GOT AN OUTPUT!: ec8141b516bd
UVM_INFO out_mon.sv(31) @ 5478011: uvm_test_top.env0.out_mon_h [OUT_MON] GOT AN OUTPUT!: 0d8e3cf51e99
UVM_INFO out_mon.sv(31) @ 5482991: uvm_test_top.env0.out_mon_h [OUT_MON] GOT AN OUTPUT!: b47a5d830015
UVM_INFO out_mon.sv(31) @ 5487971: uvm_test_top.env0.out_mon_h [OUT_MON] GOT AN OUTPUT!: dd8423dfe823
UVM_INFO out_mon.sv(31) @ 5492951: uvm_test_top.env0.out_mon_h [OUT_MON] GOT AN OUTPUT!: 5b332a03d2da
UVM_INFO out_mon.sv(31) @ 5497931: uvm_test_top.env0.out_mon_h [OUT_MON] GOT AN OUTPUT!: 5a389c57ff12
UVM_INFO out_mon.sv(31) @ 5502911: uvm_test_top.env0.out_mon_h [OUT_MON] GOT AN OUTPUT!: c052df104526
UVM_INFO out_mon.sv(31) @ 5507891: uvm_test_top.env0.out_mon_h [OUT_MON] GOT AN OUTPUT!: 9e31b5bb7c91
UVM_INFO out_mon.sv(31) @ 5512871: uvm_test_top.env0.out_mon_h [OUT_MON] GOT AN OUTPUT!: ac487ba2d4d3
UVM_INFO out_mon.sv(31) @ 5517851: uvm_test_top.env0.out_mon_h [OUT_MON] GOT AN OUTPUT!: 8abd5f503cb2
UVM_INFO out_mon.sv(31) @ 5522831: uvm_test_top.env0.out_mon_h [OUT_MON] GOT AN OUTPUT!: 3c3fa853be80
UVM_INFO out_mon.sv(31) @ 5527811: uvm_test_top.env0.out_mon_h [OUT_MON] GOT AN OUTPUT!: 13e9021fde8c
UVM_INFO out_mon.sv(31) @ 5532791: uvm_test_top.env0.out_mon_h [OUT_MON] GOT AN OUTPUT!: 0e214694fed3
UVM_INFO out_mon.sv(31) @ 5537771: uvm_test_top.env0.out_mon_h [OUT_MON] GOT AN OUTPUT!: 4c7e3493bcdb
UVM_INFO out_mon.sv(31) @ 5542751: uvm_test_top.env0.out_mon_h [OUT_MON] GOT AN OUTPUT!: 2c9df4ae5069
UVM_INFO out_mon.sv(31) @ 5547731: uvm_test_top.env0.out_mon_h [OUT_MON] GOT AN OUTPUT!: 320ab0d0f065
UVM_INFO out_mon.sv(31) @ 5552711: uvm_test_top.env0.out_mon_h [OUT_MON] GOT AN OUTPUT!: bb1c79792e7a
UVM_INFO out_mon.sv(31) @ 5557691: uvm_test_top.env0.out_mon_h [OUT_MON] GOT AN OUTPUT!: 38d91ed458d5
UVM_INFO out_mon.sv(31) @ 5562671: uvm_test_top.env0.out_mon_h [OUT_MON] GOT AN OUTPUT!: 61cf58dcd99b
UVM_INFO out_mon.sv(31) @ 5567651: uvm_test_top.env0.out_mon_h [OUT_MON] GOT AN OUTPUT!: 97f7cf4e9242
UVM_INFO out_mon.sv(31) @ 5572631: uvm_test_top.env0.out_mon_h [OUT_MON] GOT AN OUTPUT!: 799a720a479a
UVM_INFO out_mon.sv(31) @ 5577611: uvm_test_top.env0.out_mon_h [OUT_MON] GOT AN OUTPUT!: 552ff83ff722
UVM_INFO out_mon.sv(31) @ 5582591: uvm_test_top.env0.out_mon_h [OUT_MON] GOT AN OUTPUT!: f833077838f0
UVM_INFO out_mon.sv(31) @ 5587571: uvm_test_top.env0.out_mon_h [OUT_MON] GOT AN OUTPUT!: 110f9254a3da
UVM_INFO out_mon.sv(31) @ 5592551: uvm_test_top.env0.out_mon_h [OUT_MON] GOT AN OUTPUT!: 1bfdf29f27c5
UVM_INFO out_mon.sv(31) @ 5597531: uvm_test_top.env0.out_mon_h [OUT_MON] GOT AN OUTPUT!: 92e1650070a8
UVM_INFO out_mon.sv(31) @ 5602511: uvm_test_top.env0.out_mon_h [OUT_MON] GOT AN OUTPUT!: d82973754fe6
UVM_INFO out_mon.sv(31) @ 5607491: uvm_test_top.env0.out_mon_h [OUT_MON] GOT AN OUTPUT!: 14b06c5b0016
UVM_INFO out_mon.sv(31) @ 5612471: uvm_test_top.env0.out_mon_h [OUT_MON] GOT AN OUTPUT!: 00a36caaaccd
UVM_INFO out_mon.sv(31) @ 5617451: uvm_test_top.env0.out_mon_h [OUT_MON] GOT AN OUTPUT!: 4f4d16bbadc1
UVM_INFO out_mon.sv(31) @ 5622431: uvm_test_top.env0.out_mon_h [OUT_MON] GOT AN OUTPUT!: 361250a4fa07
UVM_INFO out_mon.sv(31) @ 5627411: uvm_test_top.env0.out_mon_h [OUT_MON] GOT AN OUTPUT!: 463e8a158e90
UVM_INFO out_mon.sv(31) @ 5632391: uvm_test_top.env0.out_mon_h [OUT_MON] GOT AN OUTPUT!: 91e8bd3bb816
UVM_INFO out_mon.sv(31) @ 5637371: uvm_test_top.env0.out_mon_h [OUT_MON] GOT AN OUTPUT!: d3d57b13852e
UVM_INFO out_mon.sv(31) @ 5642351: uvm_test_top.env0.out_mon_h [OUT_MON] GOT AN OUTPUT!: 1250f8341f2e
UVM_INFO out_mon.sv(31) @ 5647331: uvm_test_top.env0.out_mon_h [OUT_MON] GOT AN OUTPUT!: f519aff42cef
UVM_INFO out_mon.sv(31) @ 5652311: uvm_test_top.env0.out_mon_h [OUT_MON] GOT AN OUTPUT!: c6353d7d2cce
UVM_INFO out_mon.sv(31) @ 5657291: uvm_test_top.env0.out_mon_h [OUT_MON] GOT AN OUTPUT!: d5d6c925dee0
UVM_INFO out_mon.sv(31) @ 5662271: uvm_test_top.env0.out_mon_h [OUT_MON] GOT AN OUTPUT!: b9412d2b9ab2
UVM_INFO out_mon.sv(31) @ 5667251: uvm_test_top.env0.out_mon_h [OUT_MON] GOT AN OUTPUT!: 9c9c6fa2b82d
UVM_INFO out_mon.sv(31) @ 5672231: uvm_test_top.env0.out_mon_h [OUT_MON] GOT AN OUTPUT!: 9fe03335e706
UVM_INFO out_mon.sv(31) @ 5677211: uvm_test_top.env0.out_mon_h [OUT_MON] GOT AN OUTPUT!: f6b5670c94ac
UVM_INFO out_mon.sv(31) @ 5682191: uvm_test_top.env0.out_mon_h [OUT_MON] GOT AN OUTPUT!: 43423ef04d69
UVM_INFO out_mon.sv(31) @ 5687171: uvm_test_top.env0.out_mon_h [OUT_MON] GOT AN OUTPUT!: 642ac68913ad
UVM_INFO out_mon.sv(31) @ 5692151: uvm_test_top.env0.out_mon_h [OUT_MON] GOT AN OUTPUT!: ad53a548c9a4
UVM_INFO out_mon.sv(31) @ 5697131: uvm_test_top.env0.out_mon_h [OUT_MON] GOT AN OUTPUT!: 43cdba5d8cd6
UVM_INFO out_mon.sv(31) @ 5702111: uvm_test_top.env0.out_mon_h [OUT_MON] GOT AN OUTPUT!: 14b888c31693
UVM_INFO out_mon.sv(31) @ 5707091: uvm_test_top.env0.out_mon_h [OUT_MON] GOT AN OUTPUT!: 9f241b4b1c40
UVM_INFO out_mon.sv(31) @ 5712071: uvm_test_top.env0.out_mon_h [OUT_MON] GOT AN OUTPUT!: 88e78f34b140
UVM_INFO out_mon.sv(31) @ 5717051: uvm_test_top.env0.out_mon_h [OUT_MON] GOT AN OUTPUT!: b6814daaa085
UVM_INFO out_mon.sv(31) @ 5722031: uvm_test_top.env0.out_mon_h [OUT_MON] GOT AN OUTPUT!: 5e035840d79c
UVM_INFO out_mon.sv(31) @ 5727011: uvm_test_top.env0.out_mon_h [OUT_MON] GOT AN OUTPUT!: 4ce89248b504
UVM_INFO out_mon.sv(31) @ 5731991: uvm_test_top.env0.out_mon_h [OUT_MON] GOT AN OUTPUT!: 58fd729481d7
UVM_INFO out_mon.sv(31) @ 5736971: uvm_test_top.env0.out_mon_h [OUT_MON] GOT AN OUTPUT!: b42f5f01b60c
UVM_INFO out_mon.sv(31) @ 5741951: uvm_test_top.env0.out_mon_h [OUT_MON] GOT AN OUTPUT!: 9b7f33e26cc7
UVM_INFO out_mon.sv(31) @ 5746931: uvm_test_top.env0.out_mon_h [OUT_MON] GOT AN OUTPUT!: 98d9cf1dbc20
UVM_INFO out_mon.sv(31) @ 5751911: uvm_test_top.env0.out_mon_h [OUT_MON] GOT AN OUTPUT!: 4ff64c9f1963
UVM_INFO out_mon.sv(31) @ 5756891: uvm_test_top.env0.out_mon_h [OUT_MON] GOT AN OUTPUT!: 8e36cd6ca91c
UVM_INFO out_mon.sv(31) @ 5761871: uvm_test_top.env0.out_mon_h [OUT_MON] GOT AN OUTPUT!: 158e727cbcb4
UVM_INFO out_mon.sv(31) @ 5766851: uvm_test_top.env0.out_mon_h [OUT_MON] GOT AN OUTPUT!: 5a550a221564
UVM_INFO out_mon.sv(31) @ 5771831: uvm_test_top.env0.out_mon_h [OUT_MON] GOT AN OUTPUT!: 2c32e6a75553
UVM_INFO out_mon.sv(31) @ 5776811: uvm_test_top.env0.out_mon_h [OUT_MON] GOT AN OUTPUT!: 01fd5c715cd6
UVM_INFO out_mon.sv(31) @ 5781791: uvm_test_top.env0.out_mon_h [OUT_MON] GOT AN OUTPUT!: 60904ac0a0c7
UVM_INFO out_mon.sv(31) @ 5786771: uvm_test_top.env0.out_mon_h [OUT_MON] GOT AN OUTPUT!: 94ba91e99ac9
UVM_INFO out_mon.sv(31) @ 5791751: uvm_test_top.env0.out_mon_h [OUT_MON] GOT AN OUTPUT!: b812899c1ae1
UVM_INFO out_mon.sv(31) @ 5796731: uvm_test_top.env0.out_mon_h [OUT_MON] GOT AN OUTPUT!: b8da6591adb5
UVM_INFO out_mon.sv(31) @ 5801711: uvm_test_top.env0.out_mon_h [OUT_MON] GOT AN OUTPUT!: dce42fbafc6d
UVM_INFO out_mon.sv(31) @ 5806691: uvm_test_top.env0.out_mon_h [OUT_MON] GOT AN OUTPUT!: f76a9bc42ed1
UVM_INFO out_mon.sv(31) @ 5811671: uvm_test_top.env0.out_mon_h [OUT_MON] GOT AN OUTPUT!: 49f412884649
UVM_INFO out_mon.sv(31) @ 5816651: uvm_test_top.env0.out_mon_h [OUT_MON] GOT AN OUTPUT!: c834e1cb7d5d
UVM_INFO out_mon.sv(31) @ 5821631: uvm_test_top.env0.out_mon_h [OUT_MON] GOT AN OUTPUT!: 36ed9454b146
UVM_INFO out_mon.sv(31) @ 5826611: uvm_test_top.env0.out_mon_h [OUT_MON] GOT AN OUTPUT!: 5dc78c3db2c2
UVM_INFO out_mon.sv(31) @ 5831591: uvm_test_top.env0.out_mon_h [OUT_MON] GOT AN OUTPUT!: 443b6412b8e0
UVM_INFO out_mon.sv(31) @ 5836571: uvm_test_top.env0.out_mon_h [OUT_MON] GOT AN OUTPUT!: 316ad218ac50
UVM_INFO out_mon.sv(31) @ 5841551: uvm_test_top.env0.out_mon_h [OUT_MON] GOT AN OUTPUT!: e7080fd29a2b
UVM_INFO out_mon.sv(31) @ 5846531: uvm_test_top.env0.out_mon_h [OUT_MON] GOT AN OUTPUT!: 4f2d889e06c9
UVM_INFO out_mon.sv(31) @ 5851511: uvm_test_top.env0.out_mon_h [OUT_MON] GOT AN OUTPUT!: 95433bfe520b
UVM_INFO out_mon.sv(31) @ 5856491: uvm_test_top.env0.out_mon_h [OUT_MON] GOT AN OUTPUT!: 61da0eef1b75
UVM_INFO out_mon.sv(31) @ 5861471: uvm_test_top.env0.out_mon_h [OUT_MON] GOT AN OUTPUT!: b197df559d14
UVM_INFO out_mon.sv(31) @ 5866451: uvm_test_top.env0.out_mon_h [OUT_MON] GOT AN OUTPUT!: 7eff726909f6
UVM_INFO out_mon.sv(31) @ 5871431: uvm_test_top.env0.out_mon_h [OUT_MON] GOT AN OUTPUT!: 376f5ea9f319
UVM_INFO out_mon.sv(31) @ 5876411: uvm_test_top.env0.out_mon_h [OUT_MON] GOT AN OUTPUT!: b2e66dc0a98f
UVM_INFO out_mon.sv(31) @ 5881391: uvm_test_top.env0.out_mon_h [OUT_MON] GOT AN OUTPUT!: 26f6ca5a95e0
UVM_INFO out_mon.sv(31) @ 5886371: uvm_test_top.env0.out_mon_h [OUT_MON] GOT AN OUTPUT!: 4c9d48de981f
UVM_INFO out_mon.sv(31) @ 5891351: uvm_test_top.env0.out_mon_h [OUT_MON] GOT AN OUTPUT!: b11d35907bf3
UVM_INFO out_mon.sv(31) @ 5896331: uvm_test_top.env0.out_mon_h [OUT_MON] GOT AN OUTPUT!: e9ed4f7b3484
UVM_INFO out_mon.sv(31) @ 5901311: uvm_test_top.env0.out_mon_h [OUT_MON] GOT AN OUTPUT!: 238b643a63fc
UVM_INFO out_mon.sv(31) @ 5906291: uvm_test_top.env0.out_mon_h [OUT_MON] GOT AN OUTPUT!: 4365da7a999a
UVM_INFO out_mon.sv(31) @ 5911271: uvm_test_top.env0.out_mon_h [OUT_MON] GOT AN OUTPUT!: 94aeb9c8c8b9
UVM_INFO out_mon.sv(31) @ 5916251: uvm_test_top.env0.out_mon_h [OUT_MON] GOT AN OUTPUT!: b84e8d08a094
UVM_INFO out_mon.sv(31) @ 5921231: uvm_test_top.env0.out_mon_h [OUT_MON] GOT AN OUTPUT!: 4fb2b0a9e8e9
UVM_INFO out_mon.sv(31) @ 5926211: uvm_test_top.env0.out_mon_h [OUT_MON] GOT AN OUTPUT!: 9ab7e974e8e0
UVM_INFO out_mon.sv(31) @ 5931191: uvm_test_top.env0.out_mon_h [OUT_MON] GOT AN OUTPUT!: 0083c885be39
UVM_INFO out_mon.sv(31) @ 5936171: uvm_test_top.env0.out_mon_h [OUT_MON] GOT AN OUTPUT!: 3b6abececb5f
UVM_INFO out_mon.sv(31) @ 5941151: uvm_test_top.env0.out_mon_h [OUT_MON] GOT AN OUTPUT!: 9fcc253a07a4
UVM_INFO out_mon.sv(31) @ 5946131: uvm_test_top.env0.out_mon_h [OUT_MON] GOT AN OUTPUT!: b5f49f41660a
UVM_INFO out_mon.sv(31) @ 5951111: uvm_test_top.env0.out_mon_h [OUT_MON] GOT AN OUTPUT!: 1efbd8963d41
UVM_INFO out_mon.sv(31) @ 5956091: uvm_test_top.env0.out_mon_h [OUT_MON] GOT AN OUTPUT!: 7ca2e62f94de
UVM_INFO out_mon.sv(31) @ 5961071: uvm_test_top.env0.out_mon_h [OUT_MON] GOT AN OUTPUT!: d43a0dd79aed
UVM_INFO out_mon.sv(31) @ 5966051: uvm_test_top.env0.out_mon_h [OUT_MON] GOT AN OUTPUT!: a47f6d0ff230
UVM_INFO out_mon.sv(31) @ 5971031: uvm_test_top.env0.out_mon_h [OUT_MON] GOT AN OUTPUT!: a6740be51edb
UVM_INFO out_mon.sv(31) @ 5976011: uvm_test_top.env0.out_mon_h [OUT_MON] GOT AN OUTPUT!: f1558108dc2a
UVM_INFO out_mon.sv(31) @ 5980991: uvm_test_top.env0.out_mon_h [OUT_MON] GOT AN OUTPUT!: f95a4d4b866e
UVM_INFO out_mon.sv(31) @ 5985971: uvm_test_top.env0.out_mon_h [OUT_MON] GOT AN OUTPUT!: a1b1434c6ea8
UVM_INFO out_mon.sv(31) @ 5990951: uvm_test_top.env0.out_mon_h [OUT_MON] GOT AN OUTPUT!: 5953a0f94b63
UVM_INFO out_mon.sv(31) @ 5995931: uvm_test_top.env0.out_mon_h [OUT_MON] GOT AN OUTPUT!: fae0eb34842e
UVM_INFO out_mon.sv(31) @ 6000911: uvm_test_top.env0.out_mon_h [OUT_MON] GOT AN OUTPUT!: e78d85baa8c1
UVM_INFO out_mon.sv(31) @ 6005891: uvm_test_top.env0.out_mon_h [OUT_MON] GOT AN OUTPUT!: 94f12d1eba28
UVM_INFO out_mon.sv(31) @ 6010871: uvm_test_top.env0.out_mon_h [OUT_MON] GOT AN OUTPUT!: 85f2c9759c7c
UVM_INFO out_mon.sv(31) @ 6015851: uvm_test_top.env0.out_mon_h [OUT_MON] GOT AN OUTPUT!: 66ab2e086a38
UVM_INFO out_mon.sv(31) @ 6020831: uvm_test_top.env0.out_mon_h [OUT_MON] GOT AN OUTPUT!: c3329325e058
UVM_INFO out_mon.sv(31) @ 6025811: uvm_test_top.env0.out_mon_h [OUT_MON] GOT AN OUTPUT!: 919a4deab5bf
UVM_INFO out_mon.sv(31) @ 6030791: uvm_test_top.env0.out_mon_h [OUT_MON] GOT AN OUTPUT!: 86b7d998f5e9
UVM_INFO out_mon.sv(31) @ 6035771: uvm_test_top.env0.out_mon_h [OUT_MON] GOT AN OUTPUT!: ee0d2bd67063
UVM_INFO out_mon.sv(31) @ 6040751: uvm_test_top.env0.out_mon_h [OUT_MON] GOT AN OUTPUT!: 7cac76ea1343
UVM_INFO out_mon.sv(31) @ 6045731: uvm_test_top.env0.out_mon_h [OUT_MON] GOT AN OUTPUT!: 570f36d03dbb
UVM_INFO out_mon.sv(31) @ 6050711: uvm_test_top.env0.out_mon_h [OUT_MON] GOT AN OUTPUT!: 41fedcbe3541
UVM_INFO out_mon.sv(31) @ 6055691: uvm_test_top.env0.out_mon_h [OUT_MON] GOT AN OUTPUT!: b66b276c75ec
UVM_INFO out_mon.sv(31) @ 6060671: uvm_test_top.env0.out_mon_h [OUT_MON] GOT AN OUTPUT!: 5058944019da
UVM_INFO out_mon.sv(31) @ 6065651: uvm_test_top.env0.out_mon_h [OUT_MON] GOT AN OUTPUT!: d0aea92b3462
UVM_INFO out_mon.sv(31) @ 6070631: uvm_test_top.env0.out_mon_h [OUT_MON] GOT AN OUTPUT!: aa2789dc3a8b
UVM_INFO out_mon.sv(31) @ 6075611: uvm_test_top.env0.out_mon_h [OUT_MON] GOT AN OUTPUT!: d124b394595d
UVM_INFO out_mon.sv(31) @ 6080591: uvm_test_top.env0.out_mon_h [OUT_MON] GOT AN OUTPUT!: 469758bcd63f
UVM_INFO out_mon.sv(31) @ 6085571: uvm_test_top.env0.out_mon_h [OUT_MON] GOT AN OUTPUT!: 95dbad137c94
UVM_INFO out_mon.sv(31) @ 6090551: uvm_test_top.env0.out_mon_h [OUT_MON] GOT AN OUTPUT!: 3d959205e9b2
UVM_INFO out_mon.sv(31) @ 6095531: uvm_test_top.env0.out_mon_h [OUT_MON] GOT AN OUTPUT!: bb99fb93fa9b
UVM_INFO out_mon.sv(31) @ 6100511: uvm_test_top.env0.out_mon_h [OUT_MON] GOT AN OUTPUT!: b3c939d12cc9
UVM_INFO out_mon.sv(31) @ 6105491: uvm_test_top.env0.out_mon_h [OUT_MON] GOT AN OUTPUT!: 69ef0adcf249
UVM_INFO out_mon.sv(31) @ 6110471: uvm_test_top.env0.out_mon_h [OUT_MON] GOT AN OUTPUT!: 86a35bea1cd9
UVM_INFO out_mon.sv(31) @ 6115451: uvm_test_top.env0.out_mon_h [OUT_MON] GOT AN OUTPUT!: df286dad3cd9
UVM_INFO out_mon.sv(31) @ 6120431: uvm_test_top.env0.out_mon_h [OUT_MON] GOT AN OUTPUT!: b84e1b49f94a
UVM_INFO out_mon.sv(31) @ 6125411: uvm_test_top.env0.out_mon_h [OUT_MON] GOT AN OUTPUT!: bc50299776f3
UVM_INFO out_mon.sv(31) @ 6130391: uvm_test_top.env0.out_mon_h [OUT_MON] GOT AN OUTPUT!: 9bb70953b99a
UVM_INFO out_mon.sv(31) @ 6135371: uvm_test_top.env0.out_mon_h [OUT_MON] GOT AN OUTPUT!: 1132c89dfc65
UVM_INFO out_mon.sv(31) @ 6140351: uvm_test_top.env0.out_mon_h [OUT_MON] GOT AN OUTPUT!: c08713d01d35
UVM_INFO out_mon.sv(31) @ 6145331: uvm_test_top.env0.out_mon_h [OUT_MON] GOT AN OUTPUT!: 285d488eebb7
UVM_INFO out_mon.sv(31) @ 6150311: uvm_test_top.env0.out_mon_h [OUT_MON] GOT AN OUTPUT!: 9f2df9a99d15
UVM_INFO out_mon.sv(31) @ 6155291: uvm_test_top.env0.out_mon_h [OUT_MON] GOT AN OUTPUT!: 131882201c56
UVM_INFO out_mon.sv(31) @ 6160271: uvm_test_top.env0.out_mon_h [OUT_MON] GOT AN OUTPUT!: 04d08a6876a6
UVM_INFO out_mon.sv(31) @ 6165251: uvm_test_top.env0.out_mon_h [OUT_MON] GOT AN OUTPUT!: f57319cb2f91
UVM_INFO out_mon.sv(31) @ 6170231: uvm_test_top.env0.out_mon_h [OUT_MON] GOT AN OUTPUT!: 3f64906ea6ea
UVM_INFO out_mon.sv(31) @ 6175211: uvm_test_top.env0.out_mon_h [OUT_MON] GOT AN OUTPUT!: 123898697a1c
UVM_INFO out_mon.sv(31) @ 6180191: uvm_test_top.env0.out_mon_h [OUT_MON] GOT AN OUTPUT!: 0990bef3e649
UVM_INFO out_mon.sv(31) @ 6185171: uvm_test_top.env0.out_mon_h [OUT_MON] GOT AN OUTPUT!: 96f5bf902153
UVM_INFO out_mon.sv(31) @ 6190151: uvm_test_top.env0.out_mon_h [OUT_MON] GOT AN OUTPUT!: 36c070c1b713
UVM_INFO out_mon.sv(31) @ 6195131: uvm_test_top.env0.out_mon_h [OUT_MON] GOT AN OUTPUT!: 27f5b6abf8f1
UVM_INFO out_mon.sv(31) @ 6200111: uvm_test_top.env0.out_mon_h [OUT_MON] GOT AN OUTPUT!: 1f20a8af4e21
UVM_INFO out_mon.sv(31) @ 6205091: uvm_test_top.env0.out_mon_h [OUT_MON] GOT AN OUTPUT!: 2c4322dda17f
UVM_INFO out_mon.sv(31) @ 6210071: uvm_test_top.env0.out_mon_h [OUT_MON] GOT AN OUTPUT!: cb9f09ddae95
UVM_INFO out_mon.sv(31) @ 6215051: uvm_test_top.env0.out_mon_h [OUT_MON] GOT AN OUTPUT!: d9abc3957523
UVM_INFO out_mon.sv(31) @ 6220031: uvm_test_top.env0.out_mon_h [OUT_MON] GOT AN OUTPUT!: e1e53db38f2d
UVM_INFO out_mon.sv(31) @ 6225011: uvm_test_top.env0.out_mon_h [OUT_MON] GOT AN OUTPUT!: 00bab2ef900d
UVM_INFO out_mon.sv(31) @ 6229991: uvm_test_top.env0.out_mon_h [OUT_MON] GOT AN OUTPUT!: 50608e996d1d
UVM_INFO out_mon.sv(31) @ 6234971: uvm_test_top.env0.out_mon_h [OUT_MON] GOT AN OUTPUT!: 98bccdcfd147
UVM_INFO out_mon.sv(31) @ 6239951: uvm_test_top.env0.out_mon_h [OUT_MON] GOT AN OUTPUT!: ba3d137585f2
UVM_INFO out_mon.sv(31) @ 6244931: uvm_test_top.env0.out_mon_h [OUT_MON] GOT AN OUTPUT!: 0bbc7cbdd005
UVM_INFO out_mon.sv(31) @ 6249911: uvm_test_top.env0.out_mon_h [OUT_MON] GOT AN OUTPUT!: a36547e7d371
UVM_INFO out_mon.sv(31) @ 6254891: uvm_test_top.env0.out_mon_h [OUT_MON] GOT AN OUTPUT!: 42895080eb49
UVM_INFO out_mon.sv(31) @ 6259871: uvm_test_top.env0.out_mon_h [OUT_MON] GOT AN OUTPUT!: 5c86604613e2
UVM_INFO out_mon.sv(31) @ 6264851: uvm_test_top.env0.out_mon_h [OUT_MON] GOT AN OUTPUT!: 70aba87c3efe
UVM_INFO out_mon.sv(31) @ 6269831: uvm_test_top.env0.out_mon_h [OUT_MON] GOT AN OUTPUT!: af0d4357bece
UVM_INFO out_mon.sv(31) @ 6274811: uvm_test_top.env0.out_mon_h [OUT_MON] GOT AN OUTPUT!: a06fe7caa555
UVM_INFO out_mon.sv(31) @ 6279791: uvm_test_top.env0.out_mon_h [OUT_MON] GOT AN OUTPUT!: 492362d2179f
UVM_INFO out_mon.sv(31) @ 6284771: uvm_test_top.env0.out_mon_h [OUT_MON] GOT AN OUTPUT!: fee2551aba82
UVM_INFO out_mon.sv(31) @ 6289751: uvm_test_top.env0.out_mon_h [OUT_MON] GOT AN OUTPUT!: e9b66d941319
UVM_INFO out_mon.sv(31) @ 6294731: uvm_test_top.env0.out_mon_h [OUT_MON] GOT AN OUTPUT!: e7d2514adcae
UVM_INFO out_mon.sv(31) @ 6299711: uvm_test_top.env0.out_mon_h [OUT_MON] GOT AN OUTPUT!: 4c731ea27027
UVM_INFO out_mon.sv(31) @ 6304691: uvm_test_top.env0.out_mon_h [OUT_MON] GOT AN OUTPUT!: b1c6d1c52745
UVM_INFO out_mon.sv(31) @ 6309671: uvm_test_top.env0.out_mon_h [OUT_MON] GOT AN OUTPUT!: d5c4ffe3aff7
UVM_INFO out_mon.sv(31) @ 6314651: uvm_test_top.env0.out_mon_h [OUT_MON] GOT AN OUTPUT!: 3a0fe29b7457
UVM_INFO out_mon.sv(31) @ 6319631: uvm_test_top.env0.out_mon_h [OUT_MON] GOT AN OUTPUT!: fed6859c04d7
UVM_INFO out_mon.sv(31) @ 6324611: uvm_test_top.env0.out_mon_h [OUT_MON] GOT AN OUTPUT!: 30b63463624c
UVM_INFO out_mon.sv(31) @ 6329591: uvm_test_top.env0.out_mon_h [OUT_MON] GOT AN OUTPUT!: 819453a96ec9
UVM_INFO out_mon.sv(31) @ 6334571: uvm_test_top.env0.out_mon_h [OUT_MON] GOT AN OUTPUT!: 248748d24ba3
UVM_INFO out_mon.sv(31) @ 6339551: uvm_test_top.env0.out_mon_h [OUT_MON] GOT AN OUTPUT!: 44adf87fac54
UVM_INFO out_mon.sv(31) @ 6344531: uvm_test_top.env0.out_mon_h [OUT_MON] GOT AN OUTPUT!: 4f105e194de8
UVM_INFO out_mon.sv(31) @ 6349511: uvm_test_top.env0.out_mon_h [OUT_MON] GOT AN OUTPUT!: 078816e4397b
UVM_INFO out_mon.sv(31) @ 6354491: uvm_test_top.env0.out_mon_h [OUT_MON] GOT AN OUTPUT!: 209bba0140a8
UVM_INFO out_mon.sv(31) @ 6359471: uvm_test_top.env0.out_mon_h [OUT_MON] GOT AN OUTPUT!: ce55276a4c54
UVM_INFO out_mon.sv(31) @ 6364451: uvm_test_top.env0.out_mon_h [OUT_MON] GOT AN OUTPUT!: 8c3551c6c493
UVM_INFO out_mon.sv(31) @ 6369431: uvm_test_top.env0.out_mon_h [OUT_MON] GOT AN OUTPUT!: 0dffdeaee843
UVM_INFO out_mon.sv(31) @ 6374411: uvm_test_top.env0.out_mon_h [OUT_MON] GOT AN OUTPUT!: 13a982b63487
UVM_INFO out_mon.sv(31) @ 6379391: uvm_test_top.env0.out_mon_h [OUT_MON] GOT AN OUTPUT!: 98335954c440
UVM_INFO out_mon.sv(31) @ 6384371: uvm_test_top.env0.out_mon_h [OUT_MON] GOT AN OUTPUT!: 9385e987adb5
UVM_INFO out_mon.sv(31) @ 6389351: uvm_test_top.env0.out_mon_h [OUT_MON] GOT AN OUTPUT!: 47591ac05e31
UVM_INFO out_mon.sv(31) @ 6394331: uvm_test_top.env0.out_mon_h [OUT_MON] GOT AN OUTPUT!: cf13e77b09a2
UVM_INFO out_mon.sv(31) @ 6399311: uvm_test_top.env0.out_mon_h [OUT_MON] GOT AN OUTPUT!: 6aa00a93f2bf
UVM_INFO out_mon.sv(31) @ 6404291: uvm_test_top.env0.out_mon_h [OUT_MON] GOT AN OUTPUT!: bc5ffb33e23c
UVM_INFO out_mon.sv(31) @ 6409271: uvm_test_top.env0.out_mon_h [OUT_MON] GOT AN OUTPUT!: f1f567eb7cab
UVM_INFO out_mon.sv(31) @ 6414251: uvm_test_top.env0.out_mon_h [OUT_MON] GOT AN OUTPUT!: 90367b559ba8
UVM_INFO out_mon.sv(31) @ 6419231: uvm_test_top.env0.out_mon_h [OUT_MON] GOT AN OUTPUT!: 5a03f458b81a
UVM_INFO out_mon.sv(31) @ 6424211: uvm_test_top.env0.out_mon_h [OUT_MON] GOT AN OUTPUT!: 8a25cfdf4921
UVM_INFO out_mon.sv(31) @ 6429191: uvm_test_top.env0.out_mon_h [OUT_MON] GOT AN OUTPUT!: 5835429f21c3
UVM_INFO out_mon.sv(31) @ 6434171: uvm_test_top.env0.out_mon_h [OUT_MON] GOT AN OUTPUT!: 8077c147cd82
UVM_INFO out_mon.sv(31) @ 6439151: uvm_test_top.env0.out_mon_h [OUT_MON] GOT AN OUTPUT!: 46b86c2ff588
UVM_INFO out_mon.sv(31) @ 6444131: uvm_test_top.env0.out_mon_h [OUT_MON] GOT AN OUTPUT!: 2c36f859bfc4
UVM_INFO out_mon.sv(31) @ 6449111: uvm_test_top.env0.out_mon_h [OUT_MON] GOT AN OUTPUT!: 50771a662d6a
UVM_INFO out_mon.sv(31) @ 6454091: uvm_test_top.env0.out_mon_h [OUT_MON] GOT AN OUTPUT!: 35313ccf7d25
UVM_INFO out_mon.sv(31) @ 6459071: uvm_test_top.env0.out_mon_h [OUT_MON] GOT AN OUTPUT!: 5d212882874f
UVM_INFO out_mon.sv(31) @ 6464051: uvm_test_top.env0.out_mon_h [OUT_MON] GOT AN OUTPUT!: fdf293af222b
UVM_INFO out_mon.sv(31) @ 6469031: uvm_test_top.env0.out_mon_h [OUT_MON] GOT AN OUTPUT!: bd1cc5677f8e
UVM_INFO out_mon.sv(31) @ 6474011: uvm_test_top.env0.out_mon_h [OUT_MON] GOT AN OUTPUT!: 2fc6da668d40
UVM_INFO out_mon.sv(31) @ 6478991: uvm_test_top.env0.out_mon_h [OUT_MON] GOT AN OUTPUT!: 959a631551ce
UVM_INFO out_mon.sv(31) @ 6483971: uvm_test_top.env0.out_mon_h [OUT_MON] GOT AN OUTPUT!: 06b8e2a75521
UVM_INFO out_mon.sv(31) @ 6488951: uvm_test_top.env0.out_mon_h [OUT_MON] GOT AN OUTPUT!: 0c8752e5f90b
UVM_INFO out_mon.sv(31) @ 6493931: uvm_test_top.env0.out_mon_h [OUT_MON] GOT AN OUTPUT!: 5d97bc02dacc
UVM_INFO out_mon.sv(31) @ 6498911: uvm_test_top.env0.out_mon_h [OUT_MON] GOT AN OUTPUT!: 34895c893365
UVM_INFO out_mon.sv(31) @ 6503891: uvm_test_top.env0.out_mon_h [OUT_MON] GOT AN OUTPUT!: 79ea40463636
UVM_INFO out_mon.sv(31) @ 6508871: uvm_test_top.env0.out_mon_h [OUT_MON] GOT AN OUTPUT!: b9113bc07b85
UVM_INFO out_mon.sv(31) @ 6513851: uvm_test_top.env0.out_mon_h [OUT_MON] GOT AN OUTPUT!: 980065964877
UVM_INFO out_mon.sv(31) @ 6518831: uvm_test_top.env0.out_mon_h [OUT_MON] GOT AN OUTPUT!: 4a4b3edb0b39
UVM_INFO out_mon.sv(31) @ 6523811: uvm_test_top.env0.out_mon_h [OUT_MON] GOT AN OUTPUT!: 36e7884ba99e
UVM_INFO out_mon.sv(31) @ 6528791: uvm_test_top.env0.out_mon_h [OUT_MON] GOT AN OUTPUT!: c920fbf1e21d
UVM_INFO out_mon.sv(31) @ 6533771: uvm_test_top.env0.out_mon_h [OUT_MON] GOT AN OUTPUT!: 2468408eb5f9
UVM_INFO out_mon.sv(31) @ 6538751: uvm_test_top.env0.out_mon_h [OUT_MON] GOT AN OUTPUT!: 333e60e3badf
UVM_INFO out_mon.sv(31) @ 6543731: uvm_test_top.env0.out_mon_h [OUT_MON] GOT AN OUTPUT!: 490fc4b389ef
UVM_INFO out_mon.sv(31) @ 6548711: uvm_test_top.env0.out_mon_h [OUT_MON] GOT AN OUTPUT!: 4f11fe11110c
UVM_INFO out_mon.sv(31) @ 6553691: uvm_test_top.env0.out_mon_h [OUT_MON] GOT AN OUTPUT!: 34289056013e
UVM_INFO out_mon.sv(31) @ 6558671: uvm_test_top.env0.out_mon_h [OUT_MON] GOT AN OUTPUT!: 17c5e8d820df
UVM_INFO out_mon.sv(31) @ 6563651: uvm_test_top.env0.out_mon_h [OUT_MON] GOT AN OUTPUT!: 67c35035b7c0
UVM_INFO out_mon.sv(31) @ 6568631: uvm_test_top.env0.out_mon_h [OUT_MON] GOT AN OUTPUT!: e947f5d0e613
UVM_INFO out_mon.sv(31) @ 6573611: uvm_test_top.env0.out_mon_h [OUT_MON] GOT AN OUTPUT!: 64a4b8d20b79
UVM_INFO out_mon.sv(31) @ 6578591: uvm_test_top.env0.out_mon_h [OUT_MON] GOT AN OUTPUT!: 6c3fcec91c1d
UVM_INFO out_mon.sv(31) @ 6583571: uvm_test_top.env0.out_mon_h [OUT_MON] GOT AN OUTPUT!: 766052c61529
UVM_INFO out_mon.sv(31) @ 6588551: uvm_test_top.env0.out_mon_h [OUT_MON] GOT AN OUTPUT!: 421e8a8043db
UVM_INFO out_mon.sv(31) @ 6593531: uvm_test_top.env0.out_mon_h [OUT_MON] GOT AN OUTPUT!: 3f3de8e4b40f
UVM_INFO out_mon.sv(31) @ 6598511: uvm_test_top.env0.out_mon_h [OUT_MON] GOT AN OUTPUT!: 710d42239220
UVM_INFO out_mon.sv(31) @ 6603491: uvm_test_top.env0.out_mon_h [OUT_MON] GOT AN OUTPUT!: 044896148322
UVM_INFO out_mon.sv(31) @ 6608471: uvm_test_top.env0.out_mon_h [OUT_MON] GOT AN OUTPUT!: 8ff9718a0623
UVM_INFO out_mon.sv(31) @ 6613451: uvm_test_top.env0.out_mon_h [OUT_MON] GOT AN OUTPUT!: b94e25ebdd69
UVM_INFO out_mon.sv(31) @ 6618431: uvm_test_top.env0.out_mon_h [OUT_MON] GOT AN OUTPUT!: b28d6b305c38
UVM_INFO out_mon.sv(31) @ 6623411: uvm_test_top.env0.out_mon_h [OUT_MON] GOT AN OUTPUT!: ccdcc50cdec0
UVM_INFO out_mon.sv(31) @ 6628391: uvm_test_top.env0.out_mon_h [OUT_MON] GOT AN OUTPUT!: 1536dcf510dd
UVM_INFO out_mon.sv(31) @ 6633371: uvm_test_top.env0.out_mon_h [OUT_MON] GOT AN OUTPUT!: b43cb74165a2
UVM_INFO out_mon.sv(31) @ 6638351: uvm_test_top.env0.out_mon_h [OUT_MON] GOT AN OUTPUT!: 89208b945f87
UVM_INFO out_mon.sv(31) @ 6643331: uvm_test_top.env0.out_mon_h [OUT_MON] GOT AN OUTPUT!: 377b08570856
UVM_INFO out_mon.sv(31) @ 6648311: uvm_test_top.env0.out_mon_h [OUT_MON] GOT AN OUTPUT!: a0364fe44225
UVM_INFO out_mon.sv(31) @ 6653291: uvm_test_top.env0.out_mon_h [OUT_MON] GOT AN OUTPUT!: 7d65f2bb2b15
UVM_INFO out_mon.sv(31) @ 6658271: uvm_test_top.env0.out_mon_h [OUT_MON] GOT AN OUTPUT!: 992783d079e5
UVM_INFO out_mon.sv(31) @ 6663251: uvm_test_top.env0.out_mon_h [OUT_MON] GOT AN OUTPUT!: d784fbd6e275
UVM_INFO out_mon.sv(31) @ 6668231: uvm_test_top.env0.out_mon_h [OUT_MON] GOT AN OUTPUT!: 0b5bd2167d14
UVM_INFO out_mon.sv(31) @ 6673211: uvm_test_top.env0.out_mon_h [OUT_MON] GOT AN OUTPUT!: 4e28642b10ce
UVM_INFO out_mon.sv(31) @ 6678191: uvm_test_top.env0.out_mon_h [OUT_MON] GOT AN OUTPUT!: 52ffb6c189ab
UVM_INFO out_mon.sv(31) @ 6683171: uvm_test_top.env0.out_mon_h [OUT_MON] GOT AN OUTPUT!: ec5b0d2c4cc8
UVM_INFO out_mon.sv(31) @ 6688151: uvm_test_top.env0.out_mon_h [OUT_MON] GOT AN OUTPUT!: bd0183669b78
UVM_INFO out_mon.sv(31) @ 6693131: uvm_test_top.env0.out_mon_h [OUT_MON] GOT AN OUTPUT!: cbe75bdef4d7
UVM_INFO out_mon.sv(31) @ 6698111: uvm_test_top.env0.out_mon_h [OUT_MON] GOT AN OUTPUT!: 730b4c207056
UVM_INFO out_mon.sv(31) @ 6703091: uvm_test_top.env0.out_mon_h [OUT_MON] GOT AN OUTPUT!: e15b393324d4
UVM_INFO out_mon.sv(31) @ 6708071: uvm_test_top.env0.out_mon_h [OUT_MON] GOT AN OUTPUT!: 278b8c4b8270
UVM_INFO out_mon.sv(31) @ 6713051: uvm_test_top.env0.out_mon_h [OUT_MON] GOT AN OUTPUT!: 8800d520b86a
UVM_INFO out_mon.sv(31) @ 6718031: uvm_test_top.env0.out_mon_h [OUT_MON] GOT AN OUTPUT!: 81abd5020e10
UVM_INFO out_mon.sv(31) @ 6723011: uvm_test_top.env0.out_mon_h [OUT_MON] GOT AN OUTPUT!: cde521834a99
UVM_INFO out_mon.sv(31) @ 6727991: uvm_test_top.env0.out_mon_h [OUT_MON] GOT AN OUTPUT!: 4956725811dc
UVM_INFO out_mon.sv(31) @ 6732971: uvm_test_top.env0.out_mon_h [OUT_MON] GOT AN OUTPUT!: 7fd4c6b63bfb
UVM_INFO out_mon.sv(31) @ 6737951: uvm_test_top.env0.out_mon_h [OUT_MON] GOT AN OUTPUT!: 533d48574216
UVM_INFO out_mon.sv(31) @ 6742931: uvm_test_top.env0.out_mon_h [OUT_MON] GOT AN OUTPUT!: f55b89f0a10d
UVM_INFO out_mon.sv(31) @ 6747911: uvm_test_top.env0.out_mon_h [OUT_MON] GOT AN OUTPUT!: 2cc7ccbb24b9
UVM_INFO out_mon.sv(31) @ 6752891: uvm_test_top.env0.out_mon_h [OUT_MON] GOT AN OUTPUT!: 9cc5cb615d2c
UVM_INFO out_mon.sv(31) @ 6757871: uvm_test_top.env0.out_mon_h [OUT_MON] GOT AN OUTPUT!: 88216f6cee02
UVM_INFO out_mon.sv(31) @ 6762851: uvm_test_top.env0.out_mon_h [OUT_MON] GOT AN OUTPUT!: 471b340b0682
UVM_INFO out_mon.sv(31) @ 6767831: uvm_test_top.env0.out_mon_h [OUT_MON] GOT AN OUTPUT!: 683952bfa055
UVM_INFO out_mon.sv(31) @ 6772811: uvm_test_top.env0.out_mon_h [OUT_MON] GOT AN OUTPUT!: 342f2a5ffc9a
UVM_INFO out_mon.sv(31) @ 6777791: uvm_test_top.env0.out_mon_h [OUT_MON] GOT AN OUTPUT!: 0cb9a06bf3ee
UVM_INFO out_mon.sv(31) @ 6782771: uvm_test_top.env0.out_mon_h [OUT_MON] GOT AN OUTPUT!: de871b9e5adb
UVM_INFO out_mon.sv(31) @ 6787751: uvm_test_top.env0.out_mon_h [OUT_MON] GOT AN OUTPUT!: 9e0e554c6268
UVM_INFO out_mon.sv(31) @ 6792731: uvm_test_top.env0.out_mon_h [OUT_MON] GOT AN OUTPUT!: 877247ebfb8b
UVM_INFO out_mon.sv(31) @ 6797711: uvm_test_top.env0.out_mon_h [OUT_MON] GOT AN OUTPUT!: 9964e7d92d7d
UVM_INFO out_mon.sv(31) @ 6802691: uvm_test_top.env0.out_mon_h [OUT_MON] GOT AN OUTPUT!: 82fe0d327db4
UVM_INFO out_mon.sv(31) @ 6807671: uvm_test_top.env0.out_mon_h [OUT_MON] GOT AN OUTPUT!: fca78b644c0a
UVM_INFO out_mon.sv(31) @ 6812651: uvm_test_top.env0.out_mon_h [OUT_MON] GOT AN OUTPUT!: 43f568bb3b7f
UVM_INFO out_mon.sv(31) @ 6817631: uvm_test_top.env0.out_mon_h [OUT_MON] GOT AN OUTPUT!: 328286157fc2
UVM_INFO out_mon.sv(31) @ 6822611: uvm_test_top.env0.out_mon_h [OUT_MON] GOT AN OUTPUT!: 27e1a48b4e5d
UVM_INFO out_mon.sv(31) @ 6827591: uvm_test_top.env0.out_mon_h [OUT_MON] GOT AN OUTPUT!: be634ba63d8b
UVM_INFO out_mon.sv(31) @ 6832571: uvm_test_top.env0.out_mon_h [OUT_MON] GOT AN OUTPUT!: 030fe67f979c
UVM_INFO out_mon.sv(31) @ 6837551: uvm_test_top.env0.out_mon_h [OUT_MON] GOT AN OUTPUT!: a874d9ddc605
UVM_INFO out_mon.sv(31) @ 6842531: uvm_test_top.env0.out_mon_h [OUT_MON] GOT AN OUTPUT!: 6c8ca628b1b8
UVM_INFO out_mon.sv(31) @ 6847511: uvm_test_top.env0.out_mon_h [OUT_MON] GOT AN OUTPUT!: a9a017cd1527
UVM_INFO out_mon.sv(31) @ 6852491: uvm_test_top.env0.out_mon_h [OUT_MON] GOT AN OUTPUT!: ca25b166f402
UVM_INFO out_mon.sv(31) @ 6857471: uvm_test_top.env0.out_mon_h [OUT_MON] GOT AN OUTPUT!: 179898cae76f
UVM_INFO out_mon.sv(31) @ 6862451: uvm_test_top.env0.out_mon_h [OUT_MON] GOT AN OUTPUT!: 1c64bec681fb
UVM_INFO out_mon.sv(31) @ 6867431: uvm_test_top.env0.out_mon_h [OUT_MON] GOT AN OUTPUT!: 90c3952fb4a2
UVM_INFO out_mon.sv(31) @ 6872411: uvm_test_top.env0.out_mon_h [OUT_MON] GOT AN OUTPUT!: 8a96439b2ef5
UVM_INFO out_mon.sv(31) @ 6877391: uvm_test_top.env0.out_mon_h [OUT_MON] GOT AN OUTPUT!: 684e7ad1bd8b
UVM_INFO out_mon.sv(31) @ 6882371: uvm_test_top.env0.out_mon_h [OUT_MON] GOT AN OUTPUT!: aec793dc9e4d
UVM_INFO out_mon.sv(31) @ 6887351: uvm_test_top.env0.out_mon_h [OUT_MON] GOT AN OUTPUT!: d229df40fbba
UVM_INFO out_mon.sv(31) @ 6892331: uvm_test_top.env0.out_mon_h [OUT_MON] GOT AN OUTPUT!: a1c2e3c22bed
UVM_INFO out_mon.sv(31) @ 6897311: uvm_test_top.env0.out_mon_h [OUT_MON] GOT AN OUTPUT!: cef93bc329b1
UVM_INFO out_mon.sv(31) @ 6902291: uvm_test_top.env0.out_mon_h [OUT_MON] GOT AN OUTPUT!: c715491eec46
UVM_INFO out_mon.sv(31) @ 6907271: uvm_test_top.env0.out_mon_h [OUT_MON] GOT AN OUTPUT!: d82f390fc782
UVM_INFO out_mon.sv(31) @ 6912251: uvm_test_top.env0.out_mon_h [OUT_MON] GOT AN OUTPUT!: 590a567dc288
UVM_INFO out_mon.sv(31) @ 6917231: uvm_test_top.env0.out_mon_h [OUT_MON] GOT AN OUTPUT!: 4bf7facc0d4b
UVM_INFO out_mon.sv(31) @ 6922211: uvm_test_top.env0.out_mon_h [OUT_MON] GOT AN OUTPUT!: b4ae59fd4b4b
UVM_INFO out_mon.sv(31) @ 6927191: uvm_test_top.env0.out_mon_h [OUT_MON] GOT AN OUTPUT!: 993a21c6fa95
UVM_INFO out_mon.sv(31) @ 6932171: uvm_test_top.env0.out_mon_h [OUT_MON] GOT AN OUTPUT!: 65cde8ebdd57
UVM_INFO out_mon.sv(31) @ 6937151: uvm_test_top.env0.out_mon_h [OUT_MON] GOT AN OUTPUT!: 2ba700f548fd
UVM_INFO out_mon.sv(31) @ 6942131: uvm_test_top.env0.out_mon_h [OUT_MON] GOT AN OUTPUT!: f2f2cb2397d4
UVM_INFO out_mon.sv(31) @ 6947111: uvm_test_top.env0.out_mon_h [OUT_MON] GOT AN OUTPUT!: 17a7c22d7432
UVM_INFO out_mon.sv(31) @ 6952091: uvm_test_top.env0.out_mon_h [OUT_MON] GOT AN OUTPUT!: 696bd626528c
UVM_INFO out_mon.sv(31) @ 6957071: uvm_test_top.env0.out_mon_h [OUT_MON] GOT AN OUTPUT!: 8668e1a3baad
UVM_INFO out_mon.sv(31) @ 6962051: uvm_test_top.env0.out_mon_h [OUT_MON] GOT AN OUTPUT!: a940d5f9b081
UVM_INFO out_mon.sv(31) @ 6967031: uvm_test_top.env0.out_mon_h [OUT_MON] GOT AN OUTPUT!: e1d8c926162e
UVM_INFO out_mon.sv(31) @ 6972011: uvm_test_top.env0.out_mon_h [OUT_MON] GOT AN OUTPUT!: 71431ac30a89
UVM_INFO out_mon.sv(31) @ 6976991: uvm_test_top.env0.out_mon_h [OUT_MON] GOT AN OUTPUT!: c09fff184466
UVM_INFO out_mon.sv(31) @ 6981971: uvm_test_top.env0.out_mon_h [OUT_MON] GOT AN OUTPUT!: 2afad0237b24
UVM_INFO out_mon.sv(31) @ 6986951: uvm_test_top.env0.out_mon_h [OUT_MON] GOT AN OUTPUT!: 922c992fbfce
UVM_INFO out_mon.sv(31) @ 6991931: uvm_test_top.env0.out_mon_h [OUT_MON] GOT AN OUTPUT!: 76b69653de52
UVM_INFO out_mon.sv(31) @ 6996911: uvm_test_top.env0.out_mon_h [OUT_MON] GOT AN OUTPUT!: 0aa870efc423
UVM_INFO out_mon.sv(31) @ 7001891: uvm_test_top.env0.out_mon_h [OUT_MON] GOT AN OUTPUT!: 777e9800d396
UVM_INFO out_mon.sv(31) @ 7006871: uvm_test_top.env0.out_mon_h [OUT_MON] GOT AN OUTPUT!: 4f02d8e54f7d
UVM_INFO out_mon.sv(31) @ 7011851: uvm_test_top.env0.out_mon_h [OUT_MON] GOT AN OUTPUT!: df259fe6b5d9
UVM_INFO out_mon.sv(31) @ 7016831: uvm_test_top.env0.out_mon_h [OUT_MON] GOT AN OUTPUT!: e0e43ba31a77
UVM_INFO out_mon.sv(31) @ 7021811: uvm_test_top.env0.out_mon_h [OUT_MON] GOT AN OUTPUT!: ba2e472d9a7c
UVM_INFO out_mon.sv(31) @ 7026791: uvm_test_top.env0.out_mon_h [OUT_MON] GOT AN OUTPUT!: 4abd6a7da764
UVM_INFO out_mon.sv(31) @ 7031771: uvm_test_top.env0.out_mon_h [OUT_MON] GOT AN OUTPUT!: fbede785662f
UVM_INFO out_mon.sv(31) @ 7036751: uvm_test_top.env0.out_mon_h [OUT_MON] GOT AN OUTPUT!: 8bb403072a0e
UVM_INFO out_mon.sv(31) @ 7041731: uvm_test_top.env0.out_mon_h [OUT_MON] GOT AN OUTPUT!: ca6a4b01b3e6
UVM_INFO out_mon.sv(31) @ 7046711: uvm_test_top.env0.out_mon_h [OUT_MON] GOT AN OUTPUT!: 43b8be4ba2e0
UVM_INFO out_mon.sv(31) @ 7051691: uvm_test_top.env0.out_mon_h [OUT_MON] GOT AN OUTPUT!: 8a72cbb5db8f
UVM_INFO out_mon.sv(31) @ 7056671: uvm_test_top.env0.out_mon_h [OUT_MON] GOT AN OUTPUT!: 9f7601ccce19
UVM_INFO out_mon.sv(31) @ 7061651: uvm_test_top.env0.out_mon_h [OUT_MON] GOT AN OUTPUT!: ab90e710f9ca
UVM_INFO out_mon.sv(31) @ 7066631: uvm_test_top.env0.out_mon_h [OUT_MON] GOT AN OUTPUT!: 0458843e28d8
UVM_INFO out_mon.sv(31) @ 7071611: uvm_test_top.env0.out_mon_h [OUT_MON] GOT AN OUTPUT!: 3411f8f9eb53
UVM_INFO out_mon.sv(31) @ 7076591: uvm_test_top.env0.out_mon_h [OUT_MON] GOT AN OUTPUT!: 7c8b6e00eb96
UVM_INFO out_mon.sv(31) @ 7081571: uvm_test_top.env0.out_mon_h [OUT_MON] GOT AN OUTPUT!: 0d010aab4c67
UVM_INFO out_mon.sv(31) @ 7086551: uvm_test_top.env0.out_mon_h [OUT_MON] GOT AN OUTPUT!: e2fabd6014f6
UVM_INFO out_mon.sv(31) @ 7091531: uvm_test_top.env0.out_mon_h [OUT_MON] GOT AN OUTPUT!: 0e2b7e4f7bc0
UVM_INFO out_mon.sv(31) @ 7096511: uvm_test_top.env0.out_mon_h [OUT_MON] GOT AN OUTPUT!: cf52458c5f71
UVM_INFO out_mon.sv(31) @ 7101491: uvm_test_top.env0.out_mon_h [OUT_MON] GOT AN OUTPUT!: ca1c8b5c9082
UVM_INFO out_mon.sv(31) @ 7106471: uvm_test_top.env0.out_mon_h [OUT_MON] GOT AN OUTPUT!: 4201345847be
UVM_INFO out_mon.sv(31) @ 7111451: uvm_test_top.env0.out_mon_h [OUT_MON] GOT AN OUTPUT!: 1a2134b06bb3
UVM_INFO out_mon.sv(31) @ 7116431: uvm_test_top.env0.out_mon_h [OUT_MON] GOT AN OUTPUT!: 102f62b40991
UVM_INFO out_mon.sv(31) @ 7121411: uvm_test_top.env0.out_mon_h [OUT_MON] GOT AN OUTPUT!: 6a43c66ca586
UVM_INFO out_mon.sv(31) @ 7126391: uvm_test_top.env0.out_mon_h [OUT_MON] GOT AN OUTPUT!: 0fc94ae9a183
UVM_INFO out_mon.sv(31) @ 7131371: uvm_test_top.env0.out_mon_h [OUT_MON] GOT AN OUTPUT!: c55187929833
UVM_INFO out_mon.sv(31) @ 7136351: uvm_test_top.env0.out_mon_h [OUT_MON] GOT AN OUTPUT!: 037d0898cabd
UVM_INFO out_mon.sv(31) @ 7141331: uvm_test_top.env0.out_mon_h [OUT_MON] GOT AN OUTPUT!: a0d4955f6782
UVM_INFO out_mon.sv(31) @ 7146311: uvm_test_top.env0.out_mon_h [OUT_MON] GOT AN OUTPUT!: 46b42c730040
UVM_INFO out_mon.sv(31) @ 7151291: uvm_test_top.env0.out_mon_h [OUT_MON] GOT AN OUTPUT!: 691da467e7de
UVM_INFO out_mon.sv(31) @ 7156271: uvm_test_top.env0.out_mon_h [OUT_MON] GOT AN OUTPUT!: 399dc4b78361
UVM_INFO out_mon.sv(31) @ 7161251: uvm_test_top.env0.out_mon_h [OUT_MON] GOT AN OUTPUT!: cd32a974b708
UVM_INFO out_mon.sv(31) @ 7166231: uvm_test_top.env0.out_mon_h [OUT_MON] GOT AN OUTPUT!: 6d23686f484e
UVM_INFO out_mon.sv(31) @ 7171211: uvm_test_top.env0.out_mon_h [OUT_MON] GOT AN OUTPUT!: cae3031e323c
UVM_INFO out_mon.sv(31) @ 7176191: uvm_test_top.env0.out_mon_h [OUT_MON] GOT AN OUTPUT!: 8ef1b1691138
UVM_INFO out_mon.sv(31) @ 7181171: uvm_test_top.env0.out_mon_h [OUT_MON] GOT AN OUTPUT!: 7abb4a2876ee
UVM_INFO out_mon.sv(31) @ 7186151: uvm_test_top.env0.out_mon_h [OUT_MON] GOT AN OUTPUT!: 1575def557fb
UVM_INFO out_mon.sv(31) @ 7191131: uvm_test_top.env0.out_mon_h [OUT_MON] GOT AN OUTPUT!: 9c04519f5ee7
UVM_INFO out_mon.sv(31) @ 7196111: uvm_test_top.env0.out_mon_h [OUT_MON] GOT AN OUTPUT!: abd8176257d2
UVM_INFO out_mon.sv(31) @ 7201091: uvm_test_top.env0.out_mon_h [OUT_MON] GOT AN OUTPUT!: e0cc6fb287e9
UVM_INFO out_mon.sv(31) @ 7206071: uvm_test_top.env0.out_mon_h [OUT_MON] GOT AN OUTPUT!: 5e0910380c02
UVM_INFO out_mon.sv(31) @ 7211051: uvm_test_top.env0.out_mon_h [OUT_MON] GOT AN OUTPUT!: f9e1bb5148a0
UVM_INFO out_mon.sv(31) @ 7216031: uvm_test_top.env0.out_mon_h [OUT_MON] GOT AN OUTPUT!: 84b3733435fa
UVM_INFO out_mon.sv(31) @ 7221011: uvm_test_top.env0.out_mon_h [OUT_MON] GOT AN OUTPUT!: 62cb3886c411
UVM_INFO out_mon.sv(31) @ 7225991: uvm_test_top.env0.out_mon_h [OUT_MON] GOT AN OUTPUT!: 7140dc064ae0
UVM_INFO out_mon.sv(31) @ 7230971: uvm_test_top.env0.out_mon_h [OUT_MON] GOT AN OUTPUT!: edd89d95d23d
UVM_INFO out_mon.sv(31) @ 7235951: uvm_test_top.env0.out_mon_h [OUT_MON] GOT AN OUTPUT!: d9e1d5cb89fd
UVM_INFO out_mon.sv(31) @ 7240931: uvm_test_top.env0.out_mon_h [OUT_MON] GOT AN OUTPUT!: 1015ccd5103b
UVM_INFO out_mon.sv(31) @ 7245911: uvm_test_top.env0.out_mon_h [OUT_MON] GOT AN OUTPUT!: 057b8a4aed0c
UVM_INFO out_mon.sv(31) @ 7250891: uvm_test_top.env0.out_mon_h [OUT_MON] GOT AN OUTPUT!: ed4a874adb74
UVM_INFO out_mon.sv(31) @ 7255871: uvm_test_top.env0.out_mon_h [OUT_MON] GOT AN OUTPUT!: b7c1a9f134d3
UVM_INFO out_mon.sv(31) @ 7260851: uvm_test_top.env0.out_mon_h [OUT_MON] GOT AN OUTPUT!: 240690094d3e
UVM_INFO out_mon.sv(31) @ 7265831: uvm_test_top.env0.out_mon_h [OUT_MON] GOT AN OUTPUT!: dd183d8cd811
UVM_INFO out_mon.sv(31) @ 7270811: uvm_test_top.env0.out_mon_h [OUT_MON] GOT AN OUTPUT!: 5997ac4a4390
UVM_INFO out_mon.sv(31) @ 7275791: uvm_test_top.env0.out_mon_h [OUT_MON] GOT AN OUTPUT!: f6b2d3ca1625
UVM_INFO out_mon.sv(31) @ 7280771: uvm_test_top.env0.out_mon_h [OUT_MON] GOT AN OUTPUT!: 8606c74b590a
UVM_INFO out_mon.sv(31) @ 7285751: uvm_test_top.env0.out_mon_h [OUT_MON] GOT AN OUTPUT!: 4679ce6eea7e
UVM_INFO out_mon.sv(31) @ 7290731: uvm_test_top.env0.out_mon_h [OUT_MON] GOT AN OUTPUT!: 0020ace9e9fb
UVM_INFO out_mon.sv(31) @ 7295711: uvm_test_top.env0.out_mon_h [OUT_MON] GOT AN OUTPUT!: bb1839570f32
UVM_INFO out_mon.sv(31) @ 7300691: uvm_test_top.env0.out_mon_h [OUT_MON] GOT AN OUTPUT!: 497088ff13af
UVM_INFO out_mon.sv(31) @ 7305671: uvm_test_top.env0.out_mon_h [OUT_MON] GOT AN OUTPUT!: 9bfdf73002c6
UVM_INFO out_mon.sv(31) @ 7310651: uvm_test_top.env0.out_mon_h [OUT_MON] GOT AN OUTPUT!: 9a43bd7baeb0
UVM_INFO out_mon.sv(31) @ 7315631: uvm_test_top.env0.out_mon_h [OUT_MON] GOT AN OUTPUT!: f5539ff50099
UVM_INFO out_mon.sv(31) @ 7320611: uvm_test_top.env0.out_mon_h [OUT_MON] GOT AN OUTPUT!: 2da41e445a38
UVM_INFO out_mon.sv(31) @ 7325591: uvm_test_top.env0.out_mon_h [OUT_MON] GOT AN OUTPUT!: c404e92b02ee
UVM_INFO out_mon.sv(31) @ 7330571: uvm_test_top.env0.out_mon_h [OUT_MON] GOT AN OUTPUT!: 4d613acd7289
UVM_INFO out_mon.sv(31) @ 7335551: uvm_test_top.env0.out_mon_h [OUT_MON] GOT AN OUTPUT!: e1bff1dcc6ff
UVM_INFO out_mon.sv(31) @ 7340531: uvm_test_top.env0.out_mon_h [OUT_MON] GOT AN OUTPUT!: 1e04be771368
UVM_INFO out_mon.sv(31) @ 7345511: uvm_test_top.env0.out_mon_h [OUT_MON] GOT AN OUTPUT!: b0ed4156c92a
UVM_INFO out_mon.sv(31) @ 7350491: uvm_test_top.env0.out_mon_h [OUT_MON] GOT AN OUTPUT!: 2adb8ca9176d
UVM_INFO out_mon.sv(31) @ 7355471: uvm_test_top.env0.out_mon_h [OUT_MON] GOT AN OUTPUT!: 88bde1a34495
UVM_INFO out_mon.sv(31) @ 7360451: uvm_test_top.env0.out_mon_h [OUT_MON] GOT AN OUTPUT!: b1f0a5af1a5f
UVM_INFO out_mon.sv(31) @ 7365431: uvm_test_top.env0.out_mon_h [OUT_MON] GOT AN OUTPUT!: e11a57c63753
UVM_INFO out_mon.sv(31) @ 7370411: uvm_test_top.env0.out_mon_h [OUT_MON] GOT AN OUTPUT!: b00e73547860
UVM_INFO out_mon.sv(31) @ 7375391: uvm_test_top.env0.out_mon_h [OUT_MON] GOT AN OUTPUT!: 3eaeeab95b7f
UVM_INFO out_mon.sv(31) @ 7380371: uvm_test_top.env0.out_mon_h [OUT_MON] GOT AN OUTPUT!: acc493405112
UVM_INFO out_mon.sv(31) @ 7385351: uvm_test_top.env0.out_mon_h [OUT_MON] GOT AN OUTPUT!: dee8f5282b3c
UVM_INFO out_mon.sv(31) @ 7390331: uvm_test_top.env0.out_mon_h [OUT_MON] GOT AN OUTPUT!: 465fb4117b74
UVM_INFO out_mon.sv(31) @ 7395311: uvm_test_top.env0.out_mon_h [OUT_MON] GOT AN OUTPUT!: 23f4b8ebe71d
UVM_INFO out_mon.sv(31) @ 7400291: uvm_test_top.env0.out_mon_h [OUT_MON] GOT AN OUTPUT!: 7de6a43a94b0
UVM_INFO out_mon.sv(31) @ 7405271: uvm_test_top.env0.out_mon_h [OUT_MON] GOT AN OUTPUT!: c0bc674787ea
UVM_INFO out_mon.sv(31) @ 7410251: uvm_test_top.env0.out_mon_h [OUT_MON] GOT AN OUTPUT!: c329239dfb93
UVM_INFO out_mon.sv(31) @ 7415231: uvm_test_top.env0.out_mon_h [OUT_MON] GOT AN OUTPUT!: a4ece5e3ca31
UVM_INFO out_mon.sv(31) @ 7420211: uvm_test_top.env0.out_mon_h [OUT_MON] GOT AN OUTPUT!: c0b28fe9c9dd
UVM_INFO out_mon.sv(31) @ 7425191: uvm_test_top.env0.out_mon_h [OUT_MON] GOT AN OUTPUT!: a8f3ef8b2bad
UVM_INFO out_mon.sv(31) @ 7430171: uvm_test_top.env0.out_mon_h [OUT_MON] GOT AN OUTPUT!: e7ce0db3da33
UVM_INFO out_mon.sv(31) @ 7435151: uvm_test_top.env0.out_mon_h [OUT_MON] GOT AN OUTPUT!: f9f71fa5e5e5
UVM_INFO out_mon.sv(31) @ 7440131: uvm_test_top.env0.out_mon_h [OUT_MON] GOT AN OUTPUT!: bc893b55ccd4
UVM_INFO out_mon.sv(31) @ 7445111: uvm_test_top.env0.out_mon_h [OUT_MON] GOT AN OUTPUT!: 45ea9875f512
UVM_INFO out_mon.sv(31) @ 7450091: uvm_test_top.env0.out_mon_h [OUT_MON] GOT AN OUTPUT!: e1ae0588f8e3
UVM_INFO out_mon.sv(31) @ 7455071: uvm_test_top.env0.out_mon_h [OUT_MON] GOT AN OUTPUT!: a777ad1315b2
UVM_INFO out_mon.sv(31) @ 7460051: uvm_test_top.env0.out_mon_h [OUT_MON] GOT AN OUTPUT!: e4cbbfc27f63
UVM_INFO out_mon.sv(31) @ 7465031: uvm_test_top.env0.out_mon_h [OUT_MON] GOT AN OUTPUT!: 52076a26c4c2
UVM_INFO out_mon.sv(31) @ 7470011: uvm_test_top.env0.out_mon_h [OUT_MON] GOT AN OUTPUT!: ca2b0d4f36b8
UVM_INFO out_mon.sv(31) @ 7474991: uvm_test_top.env0.out_mon_h [OUT_MON] GOT AN OUTPUT!: fdc64b683c28
UVM_INFO out_mon.sv(31) @ 7479971: uvm_test_top.env0.out_mon_h [OUT_MON] GOT AN OUTPUT!: 58d9bc2fbecc
UVM_INFO out_mon.sv(31) @ 7484951: uvm_test_top.env0.out_mon_h [OUT_MON] GOT AN OUTPUT!: 13a5fcd87c2f
UVM_INFO out_mon.sv(31) @ 7489931: uvm_test_top.env0.out_mon_h [OUT_MON] GOT AN OUTPUT!: 26a122b473a1
UVM_INFO out_mon.sv(31) @ 7494911: uvm_test_top.env0.out_mon_h [OUT_MON] GOT AN OUTPUT!: 994b77be3c97
UVM_INFO out_mon.sv(31) @ 7499891: uvm_test_top.env0.out_mon_h [OUT_MON] GOT AN OUTPUT!: 641116d96f83
UVM_INFO out_mon.sv(31) @ 7504871: uvm_test_top.env0.out_mon_h [OUT_MON] GOT AN OUTPUT!: dd276561fb34
UVM_INFO out_mon.sv(31) @ 7509851: uvm_test_top.env0.out_mon_h [OUT_MON] GOT AN OUTPUT!: 687326628f90
UVM_INFO out_mon.sv(31) @ 7514831: uvm_test_top.env0.out_mon_h [OUT_MON] GOT AN OUTPUT!: e2620989f391
UVM_INFO out_mon.sv(31) @ 7519811: uvm_test_top.env0.out_mon_h [OUT_MON] GOT AN OUTPUT!: fdd311b76ecf
UVM_INFO out_mon.sv(31) @ 7524791: uvm_test_top.env0.out_mon_h [OUT_MON] GOT AN OUTPUT!: 8ceb95b62087
UVM_INFO out_mon.sv(31) @ 7529771: uvm_test_top.env0.out_mon_h [OUT_MON] GOT AN OUTPUT!: 6cff2e7f698e
UVM_INFO out_mon.sv(31) @ 7534751: uvm_test_top.env0.out_mon_h [OUT_MON] GOT AN OUTPUT!: 8d6d411c4054
UVM_INFO out_mon.sv(31) @ 7539731: uvm_test_top.env0.out_mon_h [OUT_MON] GOT AN OUTPUT!: 4980ccfd9c45
UVM_INFO out_mon.sv(31) @ 7544711: uvm_test_top.env0.out_mon_h [OUT_MON] GOT AN OUTPUT!: 0d530063cd10
UVM_INFO out_mon.sv(31) @ 7549691: uvm_test_top.env0.out_mon_h [OUT_MON] GOT AN OUTPUT!: fda4292ce2a8
UVM_INFO out_mon.sv(31) @ 7554671: uvm_test_top.env0.out_mon_h [OUT_MON] GOT AN OUTPUT!: 1ac920220512
UVM_INFO out_mon.sv(31) @ 7559651: uvm_test_top.env0.out_mon_h [OUT_MON] GOT AN OUTPUT!: 16791a9bd92d
UVM_INFO out_mon.sv(31) @ 7564631: uvm_test_top.env0.out_mon_h [OUT_MON] GOT AN OUTPUT!: d4bcb715e024
UVM_INFO out_mon.sv(31) @ 7569611: uvm_test_top.env0.out_mon_h [OUT_MON] GOT AN OUTPUT!: 4fc8ee08dabc
UVM_INFO out_mon.sv(31) @ 7574591: uvm_test_top.env0.out_mon_h [OUT_MON] GOT AN OUTPUT!: 56d932241e16
UVM_INFO out_mon.sv(31) @ 7579571: uvm_test_top.env0.out_mon_h [OUT_MON] GOT AN OUTPUT!: 601dbebe05b9
UVM_INFO out_mon.sv(31) @ 7584551: uvm_test_top.env0.out_mon_h [OUT_MON] GOT AN OUTPUT!: 658ada133c96
UVM_INFO out_mon.sv(31) @ 7589531: uvm_test_top.env0.out_mon_h [OUT_MON] GOT AN OUTPUT!: 84c4a5ad332b
UVM_INFO out_mon.sv(31) @ 7594511: uvm_test_top.env0.out_mon_h [OUT_MON] GOT AN OUTPUT!: d9fdaf0773cc
UVM_INFO out_mon.sv(31) @ 7599491: uvm_test_top.env0.out_mon_h [OUT_MON] GOT AN OUTPUT!: cdcc094c002c
UVM_INFO out_mon.sv(31) @ 7604471: uvm_test_top.env0.out_mon_h [OUT_MON] GOT AN OUTPUT!: ce1b69bebcb3
UVM_INFO out_mon.sv(31) @ 7609451: uvm_test_top.env0.out_mon_h [OUT_MON] GOT AN OUTPUT!: 29fc922fc968
UVM_INFO out_mon.sv(31) @ 7614431: uvm_test_top.env0.out_mon_h [OUT_MON] GOT AN OUTPUT!: 8892fd8cdba7
UVM_INFO out_mon.sv(31) @ 7619411: uvm_test_top.env0.out_mon_h [OUT_MON] GOT AN OUTPUT!: 32e6d069abd4
UVM_INFO out_mon.sv(31) @ 7624391: uvm_test_top.env0.out_mon_h [OUT_MON] GOT AN OUTPUT!: 28cf78174718
UVM_INFO out_mon.sv(31) @ 7629371: uvm_test_top.env0.out_mon_h [OUT_MON] GOT AN OUTPUT!: b8d143a27f65
UVM_INFO out_mon.sv(31) @ 7634351: uvm_test_top.env0.out_mon_h [OUT_MON] GOT AN OUTPUT!: 12fb92d13be9
UVM_INFO out_mon.sv(31) @ 7639331: uvm_test_top.env0.out_mon_h [OUT_MON] GOT AN OUTPUT!: 0ecbcaf6e3eb
UVM_INFO out_mon.sv(31) @ 7644311: uvm_test_top.env0.out_mon_h [OUT_MON] GOT AN OUTPUT!: 1c04c237b666
UVM_INFO out_mon.sv(31) @ 7649291: uvm_test_top.env0.out_mon_h [OUT_MON] GOT AN OUTPUT!: 169f189333e3
UVM_INFO out_mon.sv(31) @ 7654271: uvm_test_top.env0.out_mon_h [OUT_MON] GOT AN OUTPUT!: 75983acd724b
UVM_INFO out_mon.sv(31) @ 7659251: uvm_test_top.env0.out_mon_h [OUT_MON] GOT AN OUTPUT!: 0cda4a0f8a56
UVM_INFO out_mon.sv(31) @ 7664231: uvm_test_top.env0.out_mon_h [OUT_MON] GOT AN OUTPUT!: 5a1f9cd6eddd
UVM_INFO out_mon.sv(31) @ 7669211: uvm_test_top.env0.out_mon_h [OUT_MON] GOT AN OUTPUT!: 14c82e8bc6a1
UVM_INFO out_mon.sv(31) @ 7674191: uvm_test_top.env0.out_mon_h [OUT_MON] GOT AN OUTPUT!: 78c6bad66181
UVM_INFO out_mon.sv(31) @ 7679171: uvm_test_top.env0.out_mon_h [OUT_MON] GOT AN OUTPUT!: 84755b8b8041
UVM_INFO out_mon.sv(31) @ 7684151: uvm_test_top.env0.out_mon_h [OUT_MON] GOT AN OUTPUT!: 217b4ac7cad1
UVM_INFO out_mon.sv(31) @ 7689131: uvm_test_top.env0.out_mon_h [OUT_MON] GOT AN OUTPUT!: f0adab92186b
UVM_INFO out_mon.sv(31) @ 7694111: uvm_test_top.env0.out_mon_h [OUT_MON] GOT AN OUTPUT!: 30e8d01ce7a4
UVM_INFO out_mon.sv(31) @ 7699091: uvm_test_top.env0.out_mon_h [OUT_MON] GOT AN OUTPUT!: f8fb397ea6a2
UVM_INFO out_mon.sv(31) @ 7704071: uvm_test_top.env0.out_mon_h [OUT_MON] GOT AN OUTPUT!: bc7aad792f00
UVM_INFO out_mon.sv(31) @ 7709051: uvm_test_top.env0.out_mon_h [OUT_MON] GOT AN OUTPUT!: d3ac6ba80b09
UVM_INFO out_mon.sv(31) @ 7714031: uvm_test_top.env0.out_mon_h [OUT_MON] GOT AN OUTPUT!: 7e5f962de376
UVM_INFO out_mon.sv(31) @ 7719011: uvm_test_top.env0.out_mon_h [OUT_MON] GOT AN OUTPUT!: 99cc31b8dc99
UVM_INFO out_mon.sv(31) @ 7723991: uvm_test_top.env0.out_mon_h [OUT_MON] GOT AN OUTPUT!: 017d5c75fbcc
UVM_INFO out_mon.sv(31) @ 7728971: uvm_test_top.env0.out_mon_h [OUT_MON] GOT AN OUTPUT!: 5327064b7b0e
UVM_INFO out_mon.sv(31) @ 7733951: uvm_test_top.env0.out_mon_h [OUT_MON] GOT AN OUTPUT!: 8d874b72348c
UVM_INFO out_mon.sv(31) @ 7738931: uvm_test_top.env0.out_mon_h [OUT_MON] GOT AN OUTPUT!: c248d34601a8
UVM_INFO out_mon.sv(31) @ 7743911: uvm_test_top.env0.out_mon_h [OUT_MON] GOT AN OUTPUT!: d2e311e50c4f
UVM_INFO out_mon.sv(31) @ 7748891: uvm_test_top.env0.out_mon_h [OUT_MON] GOT AN OUTPUT!: f07d3ff64b87
UVM_INFO out_mon.sv(31) @ 7753871: uvm_test_top.env0.out_mon_h [OUT_MON] GOT AN OUTPUT!: 56c16caebe55
UVM_INFO out_mon.sv(31) @ 7758851: uvm_test_top.env0.out_mon_h [OUT_MON] GOT AN OUTPUT!: 79cf96edf3d9
UVM_INFO out_mon.sv(31) @ 7763831: uvm_test_top.env0.out_mon_h [OUT_MON] GOT AN OUTPUT!: 9f0d83094654
UVM_INFO out_mon.sv(31) @ 7768811: uvm_test_top.env0.out_mon_h [OUT_MON] GOT AN OUTPUT!: 990ccf9e598b
UVM_INFO out_mon.sv(31) @ 7773791: uvm_test_top.env0.out_mon_h [OUT_MON] GOT AN OUTPUT!: 1e6f428461fd
UVM_INFO out_mon.sv(31) @ 7778771: uvm_test_top.env0.out_mon_h [OUT_MON] GOT AN OUTPUT!: f3c1cfb495bb
UVM_INFO out_mon.sv(31) @ 7783751: uvm_test_top.env0.out_mon_h [OUT_MON] GOT AN OUTPUT!: e05691c1882b
UVM_INFO out_mon.sv(31) @ 7788731: uvm_test_top.env0.out_mon_h [OUT_MON] GOT AN OUTPUT!: 26378c3587a6
UVM_INFO out_mon.sv(31) @ 7793711: uvm_test_top.env0.out_mon_h [OUT_MON] GOT AN OUTPUT!: f4f0bbeff937
UVM_INFO out_mon.sv(31) @ 7798691: uvm_test_top.env0.out_mon_h [OUT_MON] GOT AN OUTPUT!: 0f7c0c59c63e
UVM_INFO out_mon.sv(31) @ 7803671: uvm_test_top.env0.out_mon_h [OUT_MON] GOT AN OUTPUT!: 9d26dd08b166
UVM_INFO out_mon.sv(31) @ 7808651: uvm_test_top.env0.out_mon_h [OUT_MON] GOT AN OUTPUT!: dd5ef929b32e
UVM_INFO out_mon.sv(31) @ 7813631: uvm_test_top.env0.out_mon_h [OUT_MON] GOT AN OUTPUT!: 36a5b6ca69e7
UVM_INFO out_mon.sv(31) @ 7818611: uvm_test_top.env0.out_mon_h [OUT_MON] GOT AN OUTPUT!: d865cdd96677
UVM_INFO out_mon.sv(31) @ 7823591: uvm_test_top.env0.out_mon_h [OUT_MON] GOT AN OUTPUT!: e7d6b7759e68
UVM_INFO out_mon.sv(31) @ 7828571: uvm_test_top.env0.out_mon_h [OUT_MON] GOT AN OUTPUT!: efdf2fe4bf6d
UVM_INFO out_mon.sv(31) @ 7833551: uvm_test_top.env0.out_mon_h [OUT_MON] GOT AN OUTPUT!: 0beb9e488ea2
UVM_INFO out_mon.sv(31) @ 7838531: uvm_test_top.env0.out_mon_h [OUT_MON] GOT AN OUTPUT!: 05d8a6eb553b
UVM_INFO out_mon.sv(31) @ 7843511: uvm_test_top.env0.out_mon_h [OUT_MON] GOT AN OUTPUT!: 5ecd78bb34e5
UVM_INFO out_mon.sv(31) @ 7848491: uvm_test_top.env0.out_mon_h [OUT_MON] GOT AN OUTPUT!: fb1b274c88b4
UVM_INFO out_mon.sv(31) @ 7853471: uvm_test_top.env0.out_mon_h [OUT_MON] GOT AN OUTPUT!: e925717b4a1a
UVM_INFO out_mon.sv(31) @ 7858451: uvm_test_top.env0.out_mon_h [OUT_MON] GOT AN OUTPUT!: 7b36b08372a1
UVM_INFO out_mon.sv(31) @ 7863431: uvm_test_top.env0.out_mon_h [OUT_MON] GOT AN OUTPUT!: ac652f285130
UVM_INFO out_mon.sv(31) @ 7868411: uvm_test_top.env0.out_mon_h [OUT_MON] GOT AN OUTPUT!: 88726742f346
UVM_INFO out_mon.sv(31) @ 7873391: uvm_test_top.env0.out_mon_h [OUT_MON] GOT AN OUTPUT!: 0eb226cf8165
UVM_INFO out_mon.sv(31) @ 7878371: uvm_test_top.env0.out_mon_h [OUT_MON] GOT AN OUTPUT!: c7de6f51a15c
UVM_INFO out_mon.sv(31) @ 7883351: uvm_test_top.env0.out_mon_h [OUT_MON] GOT AN OUTPUT!: 06feb627d478
UVM_INFO out_mon.sv(31) @ 7888331: uvm_test_top.env0.out_mon_h [OUT_MON] GOT AN OUTPUT!: 8d440925da2a
UVM_INFO out_mon.sv(31) @ 7893311: uvm_test_top.env0.out_mon_h [OUT_MON] GOT AN OUTPUT!: 08f3688e0b21
UVM_INFO out_mon.sv(31) @ 7898291: uvm_test_top.env0.out_mon_h [OUT_MON] GOT AN OUTPUT!: a7320341bc02
UVM_INFO out_mon.sv(31) @ 7903271: uvm_test_top.env0.out_mon_h [OUT_MON] GOT AN OUTPUT!: b0fc25c09fdd
UVM_INFO out_mon.sv(31) @ 7908251: uvm_test_top.env0.out_mon_h [OUT_MON] GOT AN OUTPUT!: eaf32b4f23d8
UVM_INFO out_mon.sv(31) @ 7913231: uvm_test_top.env0.out_mon_h [OUT_MON] GOT AN OUTPUT!: 3046c05bcd7c
UVM_INFO out_mon.sv(31) @ 7918211: uvm_test_top.env0.out_mon_h [OUT_MON] GOT AN OUTPUT!: 8091c9fba623
UVM_INFO out_mon.sv(31) @ 7923191: uvm_test_top.env0.out_mon_h [OUT_MON] GOT AN OUTPUT!: 78bda6159068
UVM_INFO out_mon.sv(31) @ 7928171: uvm_test_top.env0.out_mon_h [OUT_MON] GOT AN OUTPUT!: eedab994a8cb
UVM_INFO out_mon.sv(31) @ 7933151: uvm_test_top.env0.out_mon_h [OUT_MON] GOT AN OUTPUT!: 290d16b9a71f
UVM_INFO out_mon.sv(31) @ 7938131: uvm_test_top.env0.out_mon_h [OUT_MON] GOT AN OUTPUT!: e75a5363414e
UVM_INFO out_mon.sv(31) @ 7943111: uvm_test_top.env0.out_mon_h [OUT_MON] GOT AN OUTPUT!: 38a0a8e58bdf
UVM_INFO out_mon.sv(31) @ 7948091: uvm_test_top.env0.out_mon_h [OUT_MON] GOT AN OUTPUT!: d25e95c84feb
UVM_INFO out_mon.sv(31) @ 7953071: uvm_test_top.env0.out_mon_h [OUT_MON] GOT AN OUTPUT!: 63a4928476ef
UVM_INFO out_mon.sv(31) @ 7958051: uvm_test_top.env0.out_mon_h [OUT_MON] GOT AN OUTPUT!: 1af1c8186bec
UVM_INFO out_mon.sv(31) @ 7963031: uvm_test_top.env0.out_mon_h [OUT_MON] GOT AN OUTPUT!: 57076e0b6882
UVM_INFO out_mon.sv(31) @ 7968011: uvm_test_top.env0.out_mon_h [OUT_MON] GOT AN OUTPUT!: 3adc2437f2e2
UVM_INFO out_mon.sv(31) @ 7972991: uvm_test_top.env0.out_mon_h [OUT_MON] GOT AN OUTPUT!: 9c70e3751eb6
UVM_INFO out_mon.sv(31) @ 7977971: uvm_test_top.env0.out_mon_h [OUT_MON] GOT AN OUTPUT!: 86b097f703ff
UVM_INFO out_mon.sv(31) @ 7982951: uvm_test_top.env0.out_mon_h [OUT_MON] GOT AN OUTPUT!: 465108fe1199
UVM_INFO out_mon.sv(31) @ 7987931: uvm_test_top.env0.out_mon_h [OUT_MON] GOT AN OUTPUT!: b9b6392d7646
UVM_INFO out_mon.sv(31) @ 7992911: uvm_test_top.env0.out_mon_h [OUT_MON] GOT AN OUTPUT!: 5bd1dca07caf
UVM_INFO out_mon.sv(31) @ 7997891: uvm_test_top.env0.out_mon_h [OUT_MON] GOT AN OUTPUT!: 41fb9896e9c7
UVM_INFO out_mon.sv(31) @ 8002871: uvm_test_top.env0.out_mon_h [OUT_MON] GOT AN OUTPUT!: 04dda2505ef6
UVM_INFO out_mon.sv(31) @ 8007851: uvm_test_top.env0.out_mon_h [OUT_MON] GOT AN OUTPUT!: 4c4a606eb9aa
UVM_INFO out_mon.sv(31) @ 8012831: uvm_test_top.env0.out_mon_h [OUT_MON] GOT AN OUTPUT!: 76227ef771e3
UVM_INFO out_mon.sv(31) @ 8017811: uvm_test_top.env0.out_mon_h [OUT_MON] GOT AN OUTPUT!: 903187cbfe37
UVM_INFO out_mon.sv(31) @ 8022791: uvm_test_top.env0.out_mon_h [OUT_MON] GOT AN OUTPUT!: 9d0d37313342
UVM_INFO out_mon.sv(31) @ 8027771: uvm_test_top.env0.out_mon_h [OUT_MON] GOT AN OUTPUT!: dbfb89bd9b8f
UVM_INFO out_mon.sv(31) @ 8032751: uvm_test_top.env0.out_mon_h [OUT_MON] GOT AN OUTPUT!: 8bc657c6dd7b
UVM_INFO out_mon.sv(31) @ 8037731: uvm_test_top.env0.out_mon_h [OUT_MON] GOT AN OUTPUT!: 60b1da26255e
UVM_INFO out_mon.sv(31) @ 8042711: uvm_test_top.env0.out_mon_h [OUT_MON] GOT AN OUTPUT!: a53ea7eb6f39
UVM_INFO out_mon.sv(31) @ 8047691: uvm_test_top.env0.out_mon_h [OUT_MON] GOT AN OUTPUT!: be241357fb2e
UVM_INFO out_mon.sv(31) @ 8052671: uvm_test_top.env0.out_mon_h [OUT_MON] GOT AN OUTPUT!: 891f4337a0de
UVM_INFO out_mon.sv(31) @ 8057651: uvm_test_top.env0.out_mon_h [OUT_MON] GOT AN OUTPUT!: cedd0371389e
UVM_INFO out_mon.sv(31) @ 8062631: uvm_test_top.env0.out_mon_h [OUT_MON] GOT AN OUTPUT!: bfd52765f1c2
UVM_INFO out_mon.sv(31) @ 8067611: uvm_test_top.env0.out_mon_h [OUT_MON] GOT AN OUTPUT!: 34293677b82c
UVM_INFO out_mon.sv(31) @ 8072591: uvm_test_top.env0.out_mon_h [OUT_MON] GOT AN OUTPUT!: 268b94ce9abd
UVM_INFO out_mon.sv(31) @ 8077571: uvm_test_top.env0.out_mon_h [OUT_MON] GOT AN OUTPUT!: a21405351ad2
UVM_INFO out_mon.sv(31) @ 8082551: uvm_test_top.env0.out_mon_h [OUT_MON] GOT AN OUTPUT!: 1b2c16a39ae3
UVM_INFO out_mon.sv(31) @ 8087531: uvm_test_top.env0.out_mon_h [OUT_MON] GOT AN OUTPUT!: eb6bcfd2b827
UVM_INFO out_mon.sv(31) @ 8092511: uvm_test_top.env0.out_mon_h [OUT_MON] GOT AN OUTPUT!: 686892ecacf9
UVM_INFO out_mon.sv(31) @ 8097491: uvm_test_top.env0.out_mon_h [OUT_MON] GOT AN OUTPUT!: cdb77135ac46
UVM_INFO out_mon.sv(31) @ 8102471: uvm_test_top.env0.out_mon_h [OUT_MON] GOT AN OUTPUT!: f1a92d434b98
UVM_INFO out_mon.sv(31) @ 8107451: uvm_test_top.env0.out_mon_h [OUT_MON] GOT AN OUTPUT!: 7d448c1ad424
UVM_INFO out_mon.sv(31) @ 8112431: uvm_test_top.env0.out_mon_h [OUT_MON] GOT AN OUTPUT!: 1f1b604eb56a
UVM_INFO out_mon.sv(31) @ 8117411: uvm_test_top.env0.out_mon_h [OUT_MON] GOT AN OUTPUT!: f123c3f2ce9b
UVM_INFO out_mon.sv(31) @ 8122391: uvm_test_top.env0.out_mon_h [OUT_MON] GOT AN OUTPUT!: 09a718ffe28d
UVM_INFO out_mon.sv(31) @ 8127371: uvm_test_top.env0.out_mon_h [OUT_MON] GOT AN OUTPUT!: ef1b757df3de
UVM_INFO out_mon.sv(31) @ 8132351: uvm_test_top.env0.out_mon_h [OUT_MON] GOT AN OUTPUT!: 66fe3a8d9585
UVM_INFO out_mon.sv(31) @ 8137331: uvm_test_top.env0.out_mon_h [OUT_MON] GOT AN OUTPUT!: d7bb1b285e86
UVM_INFO out_mon.sv(31) @ 8142311: uvm_test_top.env0.out_mon_h [OUT_MON] GOT AN OUTPUT!: 3588603043b4
UVM_INFO out_mon.sv(31) @ 8147291: uvm_test_top.env0.out_mon_h [OUT_MON] GOT AN OUTPUT!: 324cd825ecfa
UVM_INFO out_mon.sv(31) @ 8152271: uvm_test_top.env0.out_mon_h [OUT_MON] GOT AN OUTPUT!: 2874209e2ae3
UVM_INFO out_mon.sv(31) @ 8157251: uvm_test_top.env0.out_mon_h [OUT_MON] GOT AN OUTPUT!: f8dc574e3d6a
UVM_INFO out_mon.sv(31) @ 8162231: uvm_test_top.env0.out_mon_h [OUT_MON] GOT AN OUTPUT!: d3aec74748b8
UVM_INFO out_mon.sv(31) @ 8167211: uvm_test_top.env0.out_mon_h [OUT_MON] GOT AN OUTPUT!: a43993b8a80d
UVM_INFO out_mon.sv(31) @ 8172191: uvm_test_top.env0.out_mon_h [OUT_MON] GOT AN OUTPUT!: 97ded15156aa
UVM_INFO out_mon.sv(31) @ 8177171: uvm_test_top.env0.out_mon_h [OUT_MON] GOT AN OUTPUT!: f7eb91184ade
UVM_INFO out_mon.sv(31) @ 8182151: uvm_test_top.env0.out_mon_h [OUT_MON] GOT AN OUTPUT!: 4e74f653d45a
UVM_INFO out_mon.sv(31) @ 8187131: uvm_test_top.env0.out_mon_h [OUT_MON] GOT AN OUTPUT!: 8e40c1d80193
UVM_INFO out_mon.sv(31) @ 8192111: uvm_test_top.env0.out_mon_h [OUT_MON] GOT AN OUTPUT!: b59d33d3fbd3
UVM_INFO out_mon.sv(31) @ 8197091: uvm_test_top.env0.out_mon_h [OUT_MON] GOT AN OUTPUT!: 2445f8f66805
UVM_INFO out_mon.sv(31) @ 8202071: uvm_test_top.env0.out_mon_h [OUT_MON] GOT AN OUTPUT!: 9c409180c8a5
UVM_INFO out_mon.sv(31) @ 8207051: uvm_test_top.env0.out_mon_h [OUT_MON] GOT AN OUTPUT!: a5c2c3a1dabb
UVM_INFO out_mon.sv(31) @ 8212031: uvm_test_top.env0.out_mon_h [OUT_MON] GOT AN OUTPUT!: ce0c152ef650
UVM_INFO out_mon.sv(31) @ 8217011: uvm_test_top.env0.out_mon_h [OUT_MON] GOT AN OUTPUT!: f949099474d5
UVM_INFO out_mon.sv(31) @ 8221991: uvm_test_top.env0.out_mon_h [OUT_MON] GOT AN OUTPUT!: bf6ca9950203
UVM_INFO out_mon.sv(31) @ 8226971: uvm_test_top.env0.out_mon_h [OUT_MON] GOT AN OUTPUT!: 8c21ad301014
UVM_INFO out_mon.sv(31) @ 8231951: uvm_test_top.env0.out_mon_h [OUT_MON] GOT AN OUTPUT!: f98f51c72913
UVM_INFO out_mon.sv(31) @ 8236931: uvm_test_top.env0.out_mon_h [OUT_MON] GOT AN OUTPUT!: 9e57315a4f2c
UVM_INFO out_mon.sv(31) @ 8241911: uvm_test_top.env0.out_mon_h [OUT_MON] GOT AN OUTPUT!: 465e92736538
UVM_INFO out_mon.sv(31) @ 8246891: uvm_test_top.env0.out_mon_h [OUT_MON] GOT AN OUTPUT!: 4eb90e188820
UVM_INFO out_mon.sv(31) @ 8251871: uvm_test_top.env0.out_mon_h [OUT_MON] GOT AN OUTPUT!: 9c8551dd72f7
UVM_INFO out_mon.sv(31) @ 8256851: uvm_test_top.env0.out_mon_h [OUT_MON] GOT AN OUTPUT!: 66d1beebd9d9
UVM_INFO out_mon.sv(31) @ 8261831: uvm_test_top.env0.out_mon_h [OUT_MON] GOT AN OUTPUT!: cb73139acc39
UVM_INFO out_mon.sv(31) @ 8266811: uvm_test_top.env0.out_mon_h [OUT_MON] GOT AN OUTPUT!: e6ed1fed1dbf
UVM_INFO out_mon.sv(31) @ 8271791: uvm_test_top.env0.out_mon_h [OUT_MON] GOT AN OUTPUT!: e74eed0eb286
UVM_INFO out_mon.sv(31) @ 8276771: uvm_test_top.env0.out_mon_h [OUT_MON] GOT AN OUTPUT!: 521444a8f175
UVM_INFO out_mon.sv(31) @ 8281751: uvm_test_top.env0.out_mon_h [OUT_MON] GOT AN OUTPUT!: 7509faa61ddd
UVM_INFO out_mon.sv(31) @ 8286731: uvm_test_top.env0.out_mon_h [OUT_MON] GOT AN OUTPUT!: ba1b4bbbb283
UVM_INFO out_mon.sv(31) @ 8291711: uvm_test_top.env0.out_mon_h [OUT_MON] GOT AN OUTPUT!: 564bb6d3c89d
UVM_INFO out_mon.sv(31) @ 8296691: uvm_test_top.env0.out_mon_h [OUT_MON] GOT AN OUTPUT!: 8b85512d7922
UVM_INFO out_mon.sv(31) @ 8301671: uvm_test_top.env0.out_mon_h [OUT_MON] GOT AN OUTPUT!: 758210cc347b
UVM_INFO out_mon.sv(31) @ 8306651: uvm_test_top.env0.out_mon_h [OUT_MON] GOT AN OUTPUT!: 19a21a8e24d9
UVM_INFO out_mon.sv(31) @ 8311631: uvm_test_top.env0.out_mon_h [OUT_MON] GOT AN OUTPUT!: 31da920199fa
UVM_INFO out_mon.sv(31) @ 8316611: uvm_test_top.env0.out_mon_h [OUT_MON] GOT AN OUTPUT!: ea8089d1512d
UVM_INFO out_mon.sv(31) @ 8321591: uvm_test_top.env0.out_mon_h [OUT_MON] GOT AN OUTPUT!: 8b3f6b5ff15e
UVM_INFO out_mon.sv(31) @ 8326571: uvm_test_top.env0.out_mon_h [OUT_MON] GOT AN OUTPUT!: c2e87dea581b
UVM_INFO out_mon.sv(31) @ 8331551: uvm_test_top.env0.out_mon_h [OUT_MON] GOT AN OUTPUT!: 0e5cc248fd9a
UVM_INFO out_mon.sv(31) @ 8336531: uvm_test_top.env0.out_mon_h [OUT_MON] GOT AN OUTPUT!: 72662628578c
UVM_INFO out_mon.sv(31) @ 8341511: uvm_test_top.env0.out_mon_h [OUT_MON] GOT AN OUTPUT!: 809e1f50371c
UVM_INFO out_mon.sv(31) @ 8346491: uvm_test_top.env0.out_mon_h [OUT_MON] GOT AN OUTPUT!: 5f467a522882
UVM_INFO out_mon.sv(31) @ 8351471: uvm_test_top.env0.out_mon_h [OUT_MON] GOT AN OUTPUT!: 4c3144b6d809
UVM_INFO out_mon.sv(31) @ 8356451: uvm_test_top.env0.out_mon_h [OUT_MON] GOT AN OUTPUT!: d297cd826a3b
UVM_INFO out_mon.sv(31) @ 8361431: uvm_test_top.env0.out_mon_h [OUT_MON] GOT AN OUTPUT!: ac0155a7e2cd
UVM_INFO out_mon.sv(31) @ 8366411: uvm_test_top.env0.out_mon_h [OUT_MON] GOT AN OUTPUT!: 042136c378ef
UVM_INFO out_mon.sv(31) @ 8371391: uvm_test_top.env0.out_mon_h [OUT_MON] GOT AN OUTPUT!: 97b899340d82
UVM_INFO out_mon.sv(31) @ 8376371: uvm_test_top.env0.out_mon_h [OUT_MON] GOT AN OUTPUT!: e672cb6b6f7c
UVM_INFO out_mon.sv(31) @ 8381351: uvm_test_top.env0.out_mon_h [OUT_MON] GOT AN OUTPUT!: 6fc6bc0dd422
UVM_INFO out_mon.sv(31) @ 8386331: uvm_test_top.env0.out_mon_h [OUT_MON] GOT AN OUTPUT!: b2d65d38289e
UVM_INFO out_mon.sv(31) @ 8391311: uvm_test_top.env0.out_mon_h [OUT_MON] GOT AN OUTPUT!: 6954e20576fa
UVM_INFO out_mon.sv(31) @ 8396291: uvm_test_top.env0.out_mon_h [OUT_MON] GOT AN OUTPUT!: 3559b22b43fa
UVM_INFO out_mon.sv(31) @ 8401271: uvm_test_top.env0.out_mon_h [OUT_MON] GOT AN OUTPUT!: ba4e5d44ee5c
UVM_INFO out_mon.sv(31) @ 8406251: uvm_test_top.env0.out_mon_h [OUT_MON] GOT AN OUTPUT!: d8c6f32616b4
UVM_INFO out_mon.sv(31) @ 8411231: uvm_test_top.env0.out_mon_h [OUT_MON] GOT AN OUTPUT!: 85626b4bf804
UVM_INFO out_mon.sv(31) @ 8416211: uvm_test_top.env0.out_mon_h [OUT_MON] GOT AN OUTPUT!: 72ab5045c4c0
UVM_INFO out_mon.sv(31) @ 8421191: uvm_test_top.env0.out_mon_h [OUT_MON] GOT AN OUTPUT!: 85facbac0e25
UVM_INFO out_mon.sv(31) @ 8426171: uvm_test_top.env0.out_mon_h [OUT_MON] GOT AN OUTPUT!: cf537bff25ad
UVM_INFO out_mon.sv(31) @ 8431151: uvm_test_top.env0.out_mon_h [OUT_MON] GOT AN OUTPUT!: 7c428484719d
UVM_INFO out_mon.sv(31) @ 8436131: uvm_test_top.env0.out_mon_h [OUT_MON] GOT AN OUTPUT!: fdc90ffad51f
UVM_INFO out_mon.sv(31) @ 8441111: uvm_test_top.env0.out_mon_h [OUT_MON] GOT AN OUTPUT!: 5929b8be1643
UVM_INFO out_mon.sv(31) @ 8446091: uvm_test_top.env0.out_mon_h [OUT_MON] GOT AN OUTPUT!: 5bd982b130af
UVM_INFO out_mon.sv(31) @ 8451071: uvm_test_top.env0.out_mon_h [OUT_MON] GOT AN OUTPUT!: 2a56d007bfcc
UVM_INFO out_mon.sv(31) @ 8456051: uvm_test_top.env0.out_mon_h [OUT_MON] GOT AN OUTPUT!: 6210acc6546b
UVM_INFO out_mon.sv(31) @ 8461031: uvm_test_top.env0.out_mon_h [OUT_MON] GOT AN OUTPUT!: c63aeb91e533
UVM_INFO out_mon.sv(31) @ 8466011: uvm_test_top.env0.out_mon_h [OUT_MON] GOT AN OUTPUT!: 2fba8c261cb2
UVM_INFO out_mon.sv(31) @ 8470991: uvm_test_top.env0.out_mon_h [OUT_MON] GOT AN OUTPUT!: 37fedc8ac42f
UVM_INFO out_mon.sv(31) @ 8475971: uvm_test_top.env0.out_mon_h [OUT_MON] GOT AN OUTPUT!: d6e353e02597
UVM_INFO out_mon.sv(31) @ 8480951: uvm_test_top.env0.out_mon_h [OUT_MON] GOT AN OUTPUT!: eb8f8d5a5b9c
UVM_INFO out_mon.sv(31) @ 8485931: uvm_test_top.env0.out_mon_h [OUT_MON] GOT AN OUTPUT!: 68565cc3c795
UVM_INFO out_mon.sv(31) @ 8490911: uvm_test_top.env0.out_mon_h [OUT_MON] GOT AN OUTPUT!: 99982b9e635f
UVM_INFO out_mon.sv(31) @ 8495891: uvm_test_top.env0.out_mon_h [OUT_MON] GOT AN OUTPUT!: bfa01bbc22b9
UVM_INFO out_mon.sv(31) @ 8500871: uvm_test_top.env0.out_mon_h [OUT_MON] GOT AN OUTPUT!: f387e1e659ab
UVM_INFO out_mon.sv(31) @ 8505851: uvm_test_top.env0.out_mon_h [OUT_MON] GOT AN OUTPUT!: 0f0ea4ec110b
UVM_INFO out_mon.sv(31) @ 8510831: uvm_test_top.env0.out_mon_h [OUT_MON] GOT AN OUTPUT!: 0f86942f7738
UVM_INFO out_mon.sv(31) @ 8515811: uvm_test_top.env0.out_mon_h [OUT_MON] GOT AN OUTPUT!: 2babe08a2e65
UVM_INFO out_mon.sv(31) @ 8520791: uvm_test_top.env0.out_mon_h [OUT_MON] GOT AN OUTPUT!: 94815520bb46
UVM_INFO out_mon.sv(31) @ 8525771: uvm_test_top.env0.out_mon_h [OUT_MON] GOT AN OUTPUT!: 9940097cd96a
UVM_INFO out_mon.sv(31) @ 8530751: uvm_test_top.env0.out_mon_h [OUT_MON] GOT AN OUTPUT!: a6270706e200
UVM_INFO out_mon.sv(31) @ 8535731: uvm_test_top.env0.out_mon_h [OUT_MON] GOT AN OUTPUT!: 565c7eb62aed
UVM_INFO out_mon.sv(31) @ 8540711: uvm_test_top.env0.out_mon_h [OUT_MON] GOT AN OUTPUT!: 90def3906723
UVM_INFO out_mon.sv(31) @ 8545691: uvm_test_top.env0.out_mon_h [OUT_MON] GOT AN OUTPUT!: 684c9450005a
UVM_INFO out_mon.sv(31) @ 8550671: uvm_test_top.env0.out_mon_h [OUT_MON] GOT AN OUTPUT!: 35d8b049846c
UVM_INFO out_mon.sv(31) @ 8555651: uvm_test_top.env0.out_mon_h [OUT_MON] GOT AN OUTPUT!: 271d6e67f782
UVM_INFO out_mon.sv(31) @ 8560631: uvm_test_top.env0.out_mon_h [OUT_MON] GOT AN OUTPUT!: 36fe38d838c1
UVM_INFO out_mon.sv(31) @ 8565611: uvm_test_top.env0.out_mon_h [OUT_MON] GOT AN OUTPUT!: 49977cbb6763
UVM_INFO out_mon.sv(31) @ 8570591: uvm_test_top.env0.out_mon_h [OUT_MON] GOT AN OUTPUT!: e2fe79f83c8b
UVM_INFO out_mon.sv(31) @ 8575571: uvm_test_top.env0.out_mon_h [OUT_MON] GOT AN OUTPUT!: b147bd037132
UVM_INFO out_mon.sv(31) @ 8580551: uvm_test_top.env0.out_mon_h [OUT_MON] GOT AN OUTPUT!: e14245371140
UVM_INFO out_mon.sv(31) @ 8585531: uvm_test_top.env0.out_mon_h [OUT_MON] GOT AN OUTPUT!: f6784d10ec5e
UVM_INFO out_mon.sv(31) @ 8590511: uvm_test_top.env0.out_mon_h [OUT_MON] GOT AN OUTPUT!: 9df8ef6fef8a
UVM_INFO out_mon.sv(31) @ 8595491: uvm_test_top.env0.out_mon_h [OUT_MON] GOT AN OUTPUT!: b43b6ba879c3
UVM_INFO out_mon.sv(31) @ 8600471: uvm_test_top.env0.out_mon_h [OUT_MON] GOT AN OUTPUT!: 760b7207d114
UVM_INFO out_mon.sv(31) @ 8605451: uvm_test_top.env0.out_mon_h [OUT_MON] GOT AN OUTPUT!: 9457791e71c2
UVM_INFO out_mon.sv(31) @ 8610431: uvm_test_top.env0.out_mon_h [OUT_MON] GOT AN OUTPUT!: a32481e9745b
UVM_INFO out_mon.sv(31) @ 8615411: uvm_test_top.env0.out_mon_h [OUT_MON] GOT AN OUTPUT!: 1b5a24b2f079
UVM_INFO out_mon.sv(31) @ 8620391: uvm_test_top.env0.out_mon_h [OUT_MON] GOT AN OUTPUT!: e7b34141569e
UVM_INFO out_mon.sv(31) @ 8625371: uvm_test_top.env0.out_mon_h [OUT_MON] GOT AN OUTPUT!: 34903cadd4d5
UVM_INFO out_mon.sv(31) @ 8630351: uvm_test_top.env0.out_mon_h [OUT_MON] GOT AN OUTPUT!: fae227f9b33d
UVM_INFO out_mon.sv(31) @ 8635331: uvm_test_top.env0.out_mon_h [OUT_MON] GOT AN OUTPUT!: 7e075a3ab8b0
UVM_INFO out_mon.sv(31) @ 8640311: uvm_test_top.env0.out_mon_h [OUT_MON] GOT AN OUTPUT!: b4a0b1f685a5
UVM_INFO out_mon.sv(31) @ 8645291: uvm_test_top.env0.out_mon_h [OUT_MON] GOT AN OUTPUT!: 5485ee04f7ba
UVM_INFO out_mon.sv(31) @ 8650271: uvm_test_top.env0.out_mon_h [OUT_MON] GOT AN OUTPUT!: f99465118824
UVM_INFO out_mon.sv(31) @ 8655251: uvm_test_top.env0.out_mon_h [OUT_MON] GOT AN OUTPUT!: 9f9bc593ae5d
UVM_INFO out_mon.sv(31) @ 8660231: uvm_test_top.env0.out_mon_h [OUT_MON] GOT AN OUTPUT!: 672ef0d639ab
UVM_INFO out_mon.sv(31) @ 8665211: uvm_test_top.env0.out_mon_h [OUT_MON] GOT AN OUTPUT!: 5d94aa65b95e
UVM_INFO out_mon.sv(31) @ 8670191: uvm_test_top.env0.out_mon_h [OUT_MON] GOT AN OUTPUT!: bf9aabfdd5fb
UVM_INFO out_mon.sv(31) @ 8675171: uvm_test_top.env0.out_mon_h [OUT_MON] GOT AN OUTPUT!: ef7c35cdb26b
UVM_INFO out_mon.sv(31) @ 8680151: uvm_test_top.env0.out_mon_h [OUT_MON] GOT AN OUTPUT!: 15c272ab5523
UVM_INFO out_mon.sv(31) @ 8685131: uvm_test_top.env0.out_mon_h [OUT_MON] GOT AN OUTPUT!: 251f5a8df94d
UVM_INFO out_mon.sv(31) @ 8690111: uvm_test_top.env0.out_mon_h [OUT_MON] GOT AN OUTPUT!: b953196778d4
UVM_INFO out_mon.sv(31) @ 8695091: uvm_test_top.env0.out_mon_h [OUT_MON] GOT AN OUTPUT!: 0909d834a6fe
UVM_INFO out_mon.sv(31) @ 8700071: uvm_test_top.env0.out_mon_h [OUT_MON] GOT AN OUTPUT!: e2b85ddcb989
UVM_INFO out_mon.sv(31) @ 8705051: uvm_test_top.env0.out_mon_h [OUT_MON] GOT AN OUTPUT!: 6c8520379958
UVM_INFO out_mon.sv(31) @ 8710031: uvm_test_top.env0.out_mon_h [OUT_MON] GOT AN OUTPUT!: 1f1ca45352e6
UVM_INFO out_mon.sv(31) @ 8715011: uvm_test_top.env0.out_mon_h [OUT_MON] GOT AN OUTPUT!: 339fcad06b8d
UVM_INFO out_mon.sv(31) @ 8719991: uvm_test_top.env0.out_mon_h [OUT_MON] GOT AN OUTPUT!: 7c7064ed425b
UVM_INFO out_mon.sv(31) @ 8724971: uvm_test_top.env0.out_mon_h [OUT_MON] GOT AN OUTPUT!: 61242698772d
UVM_INFO out_mon.sv(31) @ 8729951: uvm_test_top.env0.out_mon_h [OUT_MON] GOT AN OUTPUT!: 755d96a24279
UVM_INFO out_mon.sv(31) @ 8734931: uvm_test_top.env0.out_mon_h [OUT_MON] GOT AN OUTPUT!: e2a019e4dce5
UVM_INFO out_mon.sv(31) @ 8739911: uvm_test_top.env0.out_mon_h [OUT_MON] GOT AN OUTPUT!: 9d4cf5fbd2ed
UVM_INFO out_mon.sv(31) @ 8744891: uvm_test_top.env0.out_mon_h [OUT_MON] GOT AN OUTPUT!: 1c61c4e275bf
UVM_INFO out_mon.sv(31) @ 8749871: uvm_test_top.env0.out_mon_h [OUT_MON] GOT AN OUTPUT!: 0c6c76912aab
UVM_INFO out_mon.sv(31) @ 8754851: uvm_test_top.env0.out_mon_h [OUT_MON] GOT AN OUTPUT!: 356e1c71dd06
UVM_INFO out_mon.sv(31) @ 8759831: uvm_test_top.env0.out_mon_h [OUT_MON] GOT AN OUTPUT!: 8babcb434b22
UVM_INFO out_mon.sv(31) @ 8764811: uvm_test_top.env0.out_mon_h [OUT_MON] GOT AN OUTPUT!: 23960cc3709b
UVM_INFO out_mon.sv(31) @ 8769791: uvm_test_top.env0.out_mon_h [OUT_MON] GOT AN OUTPUT!: 80b14338eb18
UVM_INFO out_mon.sv(31) @ 8774771: uvm_test_top.env0.out_mon_h [OUT_MON] GOT AN OUTPUT!: 77662cb34ce3
UVM_INFO out_mon.sv(31) @ 8779751: uvm_test_top.env0.out_mon_h [OUT_MON] GOT AN OUTPUT!: 99ece59a8901
UVM_INFO out_mon.sv(31) @ 8784731: uvm_test_top.env0.out_mon_h [OUT_MON] GOT AN OUTPUT!: e828b7e54d11
UVM_INFO out_mon.sv(31) @ 8789711: uvm_test_top.env0.out_mon_h [OUT_MON] GOT AN OUTPUT!: 3a891e0e6062
UVM_INFO out_mon.sv(31) @ 8794691: uvm_test_top.env0.out_mon_h [OUT_MON] GOT AN OUTPUT!: 9fe8c5a10dff
UVM_INFO out_mon.sv(31) @ 8799671: uvm_test_top.env0.out_mon_h [OUT_MON] GOT AN OUTPUT!: a671d7f46f2d
UVM_INFO out_mon.sv(31) @ 8804651: uvm_test_top.env0.out_mon_h [OUT_MON] GOT AN OUTPUT!: 4775706de748
UVM_INFO out_mon.sv(31) @ 8809631: uvm_test_top.env0.out_mon_h [OUT_MON] GOT AN OUTPUT!: ee524b626f94
UVM_INFO out_mon.sv(31) @ 8814611: uvm_test_top.env0.out_mon_h [OUT_MON] GOT AN OUTPUT!: d256f96efbee
UVM_INFO out_mon.sv(31) @ 8819591: uvm_test_top.env0.out_mon_h [OUT_MON] GOT AN OUTPUT!: 9b997ddfda3f
UVM_INFO out_mon.sv(31) @ 8824571: uvm_test_top.env0.out_mon_h [OUT_MON] GOT AN OUTPUT!: 0adb7c7f212a
UVM_INFO out_mon.sv(31) @ 8829551: uvm_test_top.env0.out_mon_h [OUT_MON] GOT AN OUTPUT!: 1c6e94e1f26f
UVM_INFO out_mon.sv(31) @ 8834531: uvm_test_top.env0.out_mon_h [OUT_MON] GOT AN OUTPUT!: de0e530cf7b6
UVM_INFO out_mon.sv(31) @ 8839511: uvm_test_top.env0.out_mon_h [OUT_MON] GOT AN OUTPUT!: efc20d07aef8
UVM_INFO out_mon.sv(31) @ 8844491: uvm_test_top.env0.out_mon_h [OUT_MON] GOT AN OUTPUT!: 67bec6b6d935
UVM_INFO out_mon.sv(31) @ 8849471: uvm_test_top.env0.out_mon_h [OUT_MON] GOT AN OUTPUT!: 913e0915cc8c
UVM_INFO out_mon.sv(31) @ 8854451: uvm_test_top.env0.out_mon_h [OUT_MON] GOT AN OUTPUT!: be720da6e307
UVM_INFO out_mon.sv(31) @ 8859431: uvm_test_top.env0.out_mon_h [OUT_MON] GOT AN OUTPUT!: 25518eb2cb59
UVM_INFO out_mon.sv(31) @ 8864411: uvm_test_top.env0.out_mon_h [OUT_MON] GOT AN OUTPUT!: 7f7a4eaef127
UVM_INFO out_mon.sv(31) @ 8869391: uvm_test_top.env0.out_mon_h [OUT_MON] GOT AN OUTPUT!: e52227e2e163
UVM_INFO out_mon.sv(31) @ 8874371: uvm_test_top.env0.out_mon_h [OUT_MON] GOT AN OUTPUT!: 1ae3ac249f62
UVM_INFO out_mon.sv(31) @ 8879351: uvm_test_top.env0.out_mon_h [OUT_MON] GOT AN OUTPUT!: 4aa0a4440a9e
UVM_INFO out_mon.sv(31) @ 8884331: uvm_test_top.env0.out_mon_h [OUT_MON] GOT AN OUTPUT!: df73ef7d4690
UVM_INFO out_mon.sv(31) @ 8889311: uvm_test_top.env0.out_mon_h [OUT_MON] GOT AN OUTPUT!: fc795b0a0938
UVM_INFO out_mon.sv(31) @ 8894291: uvm_test_top.env0.out_mon_h [OUT_MON] GOT AN OUTPUT!: c6bcfbaa0913
UVM_INFO out_mon.sv(31) @ 8899271: uvm_test_top.env0.out_mon_h [OUT_MON] GOT AN OUTPUT!: 7a15caba5411
UVM_INFO out_mon.sv(31) @ 8904251: uvm_test_top.env0.out_mon_h [OUT_MON] GOT AN OUTPUT!: 01078c33bd42
UVM_INFO out_mon.sv(31) @ 8909231: uvm_test_top.env0.out_mon_h [OUT_MON] GOT AN OUTPUT!: 87a0e3a828d9
UVM_INFO out_mon.sv(31) @ 8914211: uvm_test_top.env0.out_mon_h [OUT_MON] GOT AN OUTPUT!: 416168170012
UVM_INFO out_mon.sv(31) @ 8919191: uvm_test_top.env0.out_mon_h [OUT_MON] GOT AN OUTPUT!: 5a0ae23084c2
UVM_INFO out_mon.sv(31) @ 8924171: uvm_test_top.env0.out_mon_h [OUT_MON] GOT AN OUTPUT!: c9959960319a
UVM_INFO out_mon.sv(31) @ 8929151: uvm_test_top.env0.out_mon_h [OUT_MON] GOT AN OUTPUT!: 82ff0fb6204d
UVM_INFO out_mon.sv(31) @ 8934131: uvm_test_top.env0.out_mon_h [OUT_MON] GOT AN OUTPUT!: 3630bc8768c1
UVM_INFO out_mon.sv(31) @ 8939111: uvm_test_top.env0.out_mon_h [OUT_MON] GOT AN OUTPUT!: 9ce5275d7a1e
UVM_INFO out_mon.sv(31) @ 8944091: uvm_test_top.env0.out_mon_h [OUT_MON] GOT AN OUTPUT!: 0a7f0c8c84b7
UVM_INFO out_mon.sv(31) @ 8949071: uvm_test_top.env0.out_mon_h [OUT_MON] GOT AN OUTPUT!: b6ede988ce57
UVM_INFO out_mon.sv(31) @ 8954051: uvm_test_top.env0.out_mon_h [OUT_MON] GOT AN OUTPUT!: fc8b37d31e8b
UVM_INFO out_mon.sv(31) @ 8959031: uvm_test_top.env0.out_mon_h [OUT_MON] GOT AN OUTPUT!: 810181141968
UVM_INFO out_mon.sv(31) @ 8964011: uvm_test_top.env0.out_mon_h [OUT_MON] GOT AN OUTPUT!: 0122a0be9681
UVM_INFO out_mon.sv(31) @ 8968991: uvm_test_top.env0.out_mon_h [OUT_MON] GOT AN OUTPUT!: 37ce365114dc
UVM_INFO out_mon.sv(31) @ 8973971: uvm_test_top.env0.out_mon_h [OUT_MON] GOT AN OUTPUT!: 17d10e0e0466
UVM_INFO out_mon.sv(31) @ 8978951: uvm_test_top.env0.out_mon_h [OUT_MON] GOT AN OUTPUT!: 50c138c33c0b
UVM_INFO out_mon.sv(31) @ 8983931: uvm_test_top.env0.out_mon_h [OUT_MON] GOT AN OUTPUT!: d6e385f8499f
UVM_INFO out_mon.sv(31) @ 8988911: uvm_test_top.env0.out_mon_h [OUT_MON] GOT AN OUTPUT!: e604d79bd02f
UVM_INFO out_mon.sv(31) @ 8993891: uvm_test_top.env0.out_mon_h [OUT_MON] GOT AN OUTPUT!: b7633f07fb2c
UVM_INFO out_mon.sv(31) @ 8998871: uvm_test_top.env0.out_mon_h [OUT_MON] GOT AN OUTPUT!: e28309f5c8d7
UVM_INFO out_mon.sv(31) @ 9003851: uvm_test_top.env0.out_mon_h [OUT_MON] GOT AN OUTPUT!: 211d6cb77943
UVM_INFO out_mon.sv(31) @ 9008831: uvm_test_top.env0.out_mon_h [OUT_MON] GOT AN OUTPUT!: edec8fd1e331
UVM_INFO out_mon.sv(31) @ 9013811: uvm_test_top.env0.out_mon_h [OUT_MON] GOT AN OUTPUT!: 369fd4ccdfdf
UVM_INFO out_mon.sv(31) @ 9018791: uvm_test_top.env0.out_mon_h [OUT_MON] GOT AN OUTPUT!: 18a896d29a15
UVM_INFO out_mon.sv(31) @ 9023771: uvm_test_top.env0.out_mon_h [OUT_MON] GOT AN OUTPUT!: 6133ec7608d6
UVM_INFO out_mon.sv(31) @ 9028751: uvm_test_top.env0.out_mon_h [OUT_MON] GOT AN OUTPUT!: 47e624b82c5f
UVM_INFO out_mon.sv(31) @ 9033731: uvm_test_top.env0.out_mon_h [OUT_MON] GOT AN OUTPUT!: 9ce5792491c8
UVM_INFO out_mon.sv(31) @ 9038711: uvm_test_top.env0.out_mon_h [OUT_MON] GOT AN OUTPUT!: 6192389c947d
UVM_INFO out_mon.sv(31) @ 9043691: uvm_test_top.env0.out_mon_h [OUT_MON] GOT AN OUTPUT!: 84835529d78e
UVM_INFO out_mon.sv(31) @ 9048671: uvm_test_top.env0.out_mon_h [OUT_MON] GOT AN OUTPUT!: 3854e2ef8fb3
UVM_INFO out_mon.sv(31) @ 9053651: uvm_test_top.env0.out_mon_h [OUT_MON] GOT AN OUTPUT!: 1d967812f272
UVM_INFO out_mon.sv(31) @ 9058631: uvm_test_top.env0.out_mon_h [OUT_MON] GOT AN OUTPUT!: 379d3832970e
UVM_INFO out_mon.sv(31) @ 9063611: uvm_test_top.env0.out_mon_h [OUT_MON] GOT AN OUTPUT!: 646cd2c4c5d5
UVM_INFO out_mon.sv(31) @ 9068591: uvm_test_top.env0.out_mon_h [OUT_MON] GOT AN OUTPUT!: cf977f74e770
UVM_INFO out_mon.sv(31) @ 9073571: uvm_test_top.env0.out_mon_h [OUT_MON] GOT AN OUTPUT!: 98131557e58c
UVM_INFO out_mon.sv(31) @ 9078551: uvm_test_top.env0.out_mon_h [OUT_MON] GOT AN OUTPUT!: a12c5b8f7fc7
UVM_INFO out_mon.sv(31) @ 9083531: uvm_test_top.env0.out_mon_h [OUT_MON] GOT AN OUTPUT!: 4655feb4b09f
UVM_INFO out_mon.sv(31) @ 9088511: uvm_test_top.env0.out_mon_h [OUT_MON] GOT AN OUTPUT!: 6a0b5e2117c6
UVM_INFO out_mon.sv(31) @ 9093491: uvm_test_top.env0.out_mon_h [OUT_MON] GOT AN OUTPUT!: 17bb48ef44a9
UVM_INFO out_mon.sv(31) @ 9098471: uvm_test_top.env0.out_mon_h [OUT_MON] GOT AN OUTPUT!: b09cd94a2d3a
UVM_INFO out_mon.sv(31) @ 9103451: uvm_test_top.env0.out_mon_h [OUT_MON] GOT AN OUTPUT!: 5b95c6637c94
UVM_INFO out_mon.sv(31) @ 9108431: uvm_test_top.env0.out_mon_h [OUT_MON] GOT AN OUTPUT!: 30103228fd58
UVM_INFO out_mon.sv(31) @ 9113411: uvm_test_top.env0.out_mon_h [OUT_MON] GOT AN OUTPUT!: 53efd890f2dd
UVM_INFO out_mon.sv(31) @ 9118391: uvm_test_top.env0.out_mon_h [OUT_MON] GOT AN OUTPUT!: 0453b0158308
UVM_INFO out_mon.sv(31) @ 9123371: uvm_test_top.env0.out_mon_h [OUT_MON] GOT AN OUTPUT!: 4190bab70723
UVM_INFO out_mon.sv(31) @ 9128351: uvm_test_top.env0.out_mon_h [OUT_MON] GOT AN OUTPUT!: 960bff9d78a7
UVM_INFO out_mon.sv(31) @ 9133331: uvm_test_top.env0.out_mon_h [OUT_MON] GOT AN OUTPUT!: 300cd830d03a
UVM_INFO out_mon.sv(31) @ 9138311: uvm_test_top.env0.out_mon_h [OUT_MON] GOT AN OUTPUT!: 46ab54405f32
UVM_INFO out_mon.sv(31) @ 9143291: uvm_test_top.env0.out_mon_h [OUT_MON] GOT AN OUTPUT!: 81a8b591316d
UVM_INFO out_mon.sv(31) @ 9148271: uvm_test_top.env0.out_mon_h [OUT_MON] GOT AN OUTPUT!: dc597feb6e55
UVM_INFO out_mon.sv(31) @ 9153251: uvm_test_top.env0.out_mon_h [OUT_MON] GOT AN OUTPUT!: 3b757e7ebf34
UVM_INFO out_mon.sv(31) @ 9158231: uvm_test_top.env0.out_mon_h [OUT_MON] GOT AN OUTPUT!: ae05c735a256
UVM_INFO out_mon.sv(31) @ 9163211: uvm_test_top.env0.out_mon_h [OUT_MON] GOT AN OUTPUT!: 113be84fd916
UVM_INFO out_mon.sv(31) @ 9168191: uvm_test_top.env0.out_mon_h [OUT_MON] GOT AN OUTPUT!: 8f58e75bb850
UVM_INFO out_mon.sv(31) @ 9173171: uvm_test_top.env0.out_mon_h [OUT_MON] GOT AN OUTPUT!: 318962669bde
UVM_INFO out_mon.sv(31) @ 9178151: uvm_test_top.env0.out_mon_h [OUT_MON] GOT AN OUTPUT!: 7cc306fc2cc1
UVM_INFO out_mon.sv(31) @ 9183131: uvm_test_top.env0.out_mon_h [OUT_MON] GOT AN OUTPUT!: d1a9474ce0f6
UVM_INFO out_mon.sv(31) @ 9188111: uvm_test_top.env0.out_mon_h [OUT_MON] GOT AN OUTPUT!: 076d04933bd5
UVM_INFO out_mon.sv(31) @ 9193091: uvm_test_top.env0.out_mon_h [OUT_MON] GOT AN OUTPUT!: 79a716904507
UVM_INFO out_mon.sv(31) @ 9198071: uvm_test_top.env0.out_mon_h [OUT_MON] GOT AN OUTPUT!: 8143e3b6de6b
UVM_INFO out_mon.sv(31) @ 9203051: uvm_test_top.env0.out_mon_h [OUT_MON] GOT AN OUTPUT!: 1050545e27a4
UVM_INFO out_mon.sv(31) @ 9208031: uvm_test_top.env0.out_mon_h [OUT_MON] GOT AN OUTPUT!: e8f2c312d458
UVM_INFO out_mon.sv(31) @ 9213011: uvm_test_top.env0.out_mon_h [OUT_MON] GOT AN OUTPUT!: a73025df9f39
UVM_INFO out_mon.sv(31) @ 9217991: uvm_test_top.env0.out_mon_h [OUT_MON] GOT AN OUTPUT!: 95e72f2499c8
UVM_INFO out_mon.sv(31) @ 9222971: uvm_test_top.env0.out_mon_h [OUT_MON] GOT AN OUTPUT!: 069446558de8
UVM_INFO out_mon.sv(31) @ 9227951: uvm_test_top.env0.out_mon_h [OUT_MON] GOT AN OUTPUT!: a44b15b7654d
UVM_INFO out_mon.sv(31) @ 9232931: uvm_test_top.env0.out_mon_h [OUT_MON] GOT AN OUTPUT!: f98667f4899d
UVM_INFO out_mon.sv(31) @ 9237911: uvm_test_top.env0.out_mon_h [OUT_MON] GOT AN OUTPUT!: 210d56203784
UVM_INFO out_mon.sv(31) @ 9242891: uvm_test_top.env0.out_mon_h [OUT_MON] GOT AN OUTPUT!: 59d29880f109
UVM_INFO out_mon.sv(31) @ 9247871: uvm_test_top.env0.out_mon_h [OUT_MON] GOT AN OUTPUT!: f5d72b39ccce
UVM_INFO out_mon.sv(31) @ 9252851: uvm_test_top.env0.out_mon_h [OUT_MON] GOT AN OUTPUT!: dc06c5aae0b5
UVM_INFO out_mon.sv(31) @ 9257831: uvm_test_top.env0.out_mon_h [OUT_MON] GOT AN OUTPUT!: 95164d209f18
UVM_INFO out_mon.sv(31) @ 9262811: uvm_test_top.env0.out_mon_h [OUT_MON] GOT AN OUTPUT!: 9b6cf52a34fa
UVM_INFO out_mon.sv(31) @ 9267791: uvm_test_top.env0.out_mon_h [OUT_MON] GOT AN OUTPUT!: 65f722aeeb21
UVM_INFO out_mon.sv(31) @ 9272771: uvm_test_top.env0.out_mon_h [OUT_MON] GOT AN OUTPUT!: 66114c9a86fb
UVM_INFO out_mon.sv(31) @ 9277751: uvm_test_top.env0.out_mon_h [OUT_MON] GOT AN OUTPUT!: f063e5b8ac41
UVM_INFO out_mon.sv(31) @ 9282731: uvm_test_top.env0.out_mon_h [OUT_MON] GOT AN OUTPUT!: c8c07d17366e
UVM_INFO out_mon.sv(31) @ 9287711: uvm_test_top.env0.out_mon_h [OUT_MON] GOT AN OUTPUT!: c908ff079f20
UVM_INFO out_mon.sv(31) @ 9292691: uvm_test_top.env0.out_mon_h [OUT_MON] GOT AN OUTPUT!: db06ad975d63
UVM_INFO out_mon.sv(31) @ 9297671: uvm_test_top.env0.out_mon_h [OUT_MON] GOT AN OUTPUT!: 3d5282174158
UVM_INFO out_mon.sv(31) @ 9302651: uvm_test_top.env0.out_mon_h [OUT_MON] GOT AN OUTPUT!: cb307709d8c2
UVM_INFO out_mon.sv(31) @ 9307631: uvm_test_top.env0.out_mon_h [OUT_MON] GOT AN OUTPUT!: bf6c1590cb7f
UVM_INFO out_mon.sv(31) @ 9312611: uvm_test_top.env0.out_mon_h [OUT_MON] GOT AN OUTPUT!: 2a47163143b8
UVM_INFO out_mon.sv(31) @ 9317591: uvm_test_top.env0.out_mon_h [OUT_MON] GOT AN OUTPUT!: 124428873c87
UVM_INFO out_mon.sv(31) @ 9322571: uvm_test_top.env0.out_mon_h [OUT_MON] GOT AN OUTPUT!: f81a573ff9ce
UVM_INFO out_mon.sv(31) @ 9327551: uvm_test_top.env0.out_mon_h [OUT_MON] GOT AN OUTPUT!: 3584c8734ef4
UVM_INFO out_mon.sv(31) @ 9332531: uvm_test_top.env0.out_mon_h [OUT_MON] GOT AN OUTPUT!: 6f326c3416dc
UVM_INFO out_mon.sv(31) @ 9337511: uvm_test_top.env0.out_mon_h [OUT_MON] GOT AN OUTPUT!: 119bf2ef7fe1
UVM_INFO out_mon.sv(31) @ 9342491: uvm_test_top.env0.out_mon_h [OUT_MON] GOT AN OUTPUT!: 90df2df37795
UVM_INFO out_mon.sv(31) @ 9347471: uvm_test_top.env0.out_mon_h [OUT_MON] GOT AN OUTPUT!: e3b0af340940
UVM_INFO out_mon.sv(31) @ 9352451: uvm_test_top.env0.out_mon_h [OUT_MON] GOT AN OUTPUT!: 712bea27b8e6
UVM_INFO out_mon.sv(31) @ 9357431: uvm_test_top.env0.out_mon_h [OUT_MON] GOT AN OUTPUT!: 69b3e452e85c
UVM_INFO out_mon.sv(31) @ 9362411: uvm_test_top.env0.out_mon_h [OUT_MON] GOT AN OUTPUT!: 42e06ada37d3
UVM_INFO out_mon.sv(31) @ 9367391: uvm_test_top.env0.out_mon_h [OUT_MON] GOT AN OUTPUT!: ce4f1933db10
UVM_INFO out_mon.sv(31) @ 9372371: uvm_test_top.env0.out_mon_h [OUT_MON] GOT AN OUTPUT!: 238d18d00b21
UVM_INFO out_mon.sv(31) @ 9377351: uvm_test_top.env0.out_mon_h [OUT_MON] GOT AN OUTPUT!: 54ef205059a2
UVM_INFO out_mon.sv(31) @ 9382331: uvm_test_top.env0.out_mon_h [OUT_MON] GOT AN OUTPUT!: a77a13a6136b
UVM_INFO out_mon.sv(31) @ 9387311: uvm_test_top.env0.out_mon_h [OUT_MON] GOT AN OUTPUT!: c5c1ed2fa2ca
UVM_INFO out_mon.sv(31) @ 9392291: uvm_test_top.env0.out_mon_h [OUT_MON] GOT AN OUTPUT!: 25b826aceded
UVM_INFO out_mon.sv(31) @ 9397271: uvm_test_top.env0.out_mon_h [OUT_MON] GOT AN OUTPUT!: 99ac75a2b0cd
UVM_INFO out_mon.sv(31) @ 9402251: uvm_test_top.env0.out_mon_h [OUT_MON] GOT AN OUTPUT!: c4104584f1b7
UVM_INFO out_mon.sv(31) @ 9407231: uvm_test_top.env0.out_mon_h [OUT_MON] GOT AN OUTPUT!: e664efc04231
UVM_INFO out_mon.sv(31) @ 9412211: uvm_test_top.env0.out_mon_h [OUT_MON] GOT AN OUTPUT!: 4311aa7a3c7a
UVM_INFO out_mon.sv(31) @ 9417191: uvm_test_top.env0.out_mon_h [OUT_MON] GOT AN OUTPUT!: 0a4f54a0d1fb
UVM_INFO out_mon.sv(31) @ 9422171: uvm_test_top.env0.out_mon_h [OUT_MON] GOT AN OUTPUT!: 8a0225a0abb7
UVM_INFO out_mon.sv(31) @ 9427151: uvm_test_top.env0.out_mon_h [OUT_MON] GOT AN OUTPUT!: 189b64da98ed
UVM_INFO out_mon.sv(31) @ 9432131: uvm_test_top.env0.out_mon_h [OUT_MON] GOT AN OUTPUT!: f2f3b9afda6d
UVM_INFO out_mon.sv(31) @ 9437111: uvm_test_top.env0.out_mon_h [OUT_MON] GOT AN OUTPUT!: 053524bd96c7
UVM_INFO out_mon.sv(31) @ 9442091: uvm_test_top.env0.out_mon_h [OUT_MON] GOT AN OUTPUT!: 56ae269f2721
UVM_INFO out_mon.sv(31) @ 9447071: uvm_test_top.env0.out_mon_h [OUT_MON] GOT AN OUTPUT!: 90c4114f85f2
UVM_INFO out_mon.sv(31) @ 9452051: uvm_test_top.env0.out_mon_h [OUT_MON] GOT AN OUTPUT!: d8c06301a958
UVM_INFO out_mon.sv(31) @ 9457031: uvm_test_top.env0.out_mon_h [OUT_MON] GOT AN OUTPUT!: f4baf307e3a0
UVM_INFO out_mon.sv(31) @ 9462011: uvm_test_top.env0.out_mon_h [OUT_MON] GOT AN OUTPUT!: 7377ba223f4e
UVM_INFO out_mon.sv(31) @ 9466991: uvm_test_top.env0.out_mon_h [OUT_MON] GOT AN OUTPUT!: 4f43a24be9c6
UVM_INFO out_mon.sv(31) @ 9471971: uvm_test_top.env0.out_mon_h [OUT_MON] GOT AN OUTPUT!: 43db8cdf861d
UVM_INFO out_mon.sv(31) @ 9476951: uvm_test_top.env0.out_mon_h [OUT_MON] GOT AN OUTPUT!: cf478daa97fd
UVM_INFO out_mon.sv(31) @ 9481931: uvm_test_top.env0.out_mon_h [OUT_MON] GOT AN OUTPUT!: 95b85947d80a
UVM_INFO out_mon.sv(31) @ 9486911: uvm_test_top.env0.out_mon_h [OUT_MON] GOT AN OUTPUT!: a0736dd8a5a9
UVM_INFO out_mon.sv(31) @ 9491891: uvm_test_top.env0.out_mon_h [OUT_MON] GOT AN OUTPUT!: af9e29f5522f
UVM_INFO out_mon.sv(31) @ 9496871: uvm_test_top.env0.out_mon_h [OUT_MON] GOT AN OUTPUT!: 9733e96c9178
UVM_INFO out_mon.sv(31) @ 9501851: uvm_test_top.env0.out_mon_h [OUT_MON] GOT AN OUTPUT!: 5ed7ea29ce44
UVM_INFO out_mon.sv(31) @ 9506831: uvm_test_top.env0.out_mon_h [OUT_MON] GOT AN OUTPUT!: 9cb4915a979c
UVM_INFO out_mon.sv(31) @ 9511811: uvm_test_top.env0.out_mon_h [OUT_MON] GOT AN OUTPUT!: 436cdaaaecad
UVM_INFO out_mon.sv(31) @ 9516791: uvm_test_top.env0.out_mon_h [OUT_MON] GOT AN OUTPUT!: dae5ff30b3c4
UVM_INFO out_mon.sv(31) @ 9521771: uvm_test_top.env0.out_mon_h [OUT_MON] GOT AN OUTPUT!: dc2e955e069a
UVM_INFO out_mon.sv(31) @ 9526751: uvm_test_top.env0.out_mon_h [OUT_MON] GOT AN OUTPUT!: a86b7d12a148
UVM_INFO out_mon.sv(31) @ 9531731: uvm_test_top.env0.out_mon_h [OUT_MON] GOT AN OUTPUT!: 52a7e6a43761
UVM_INFO out_mon.sv(31) @ 9536711: uvm_test_top.env0.out_mon_h [OUT_MON] GOT AN OUTPUT!: 34b9fe75db80
UVM_INFO out_mon.sv(31) @ 9541691: uvm_test_top.env0.out_mon_h [OUT_MON] GOT AN OUTPUT!: 0723e8765bcc
UVM_INFO out_mon.sv(31) @ 9546671: uvm_test_top.env0.out_mon_h [OUT_MON] GOT AN OUTPUT!: f3f5d19da1c3
UVM_INFO out_mon.sv(31) @ 9551651: uvm_test_top.env0.out_mon_h [OUT_MON] GOT AN OUTPUT!: dcaa95410fa2
UVM_INFO out_mon.sv(31) @ 9556631: uvm_test_top.env0.out_mon_h [OUT_MON] GOT AN OUTPUT!: cb0fd9d6ebf5
UVM_INFO out_mon.sv(31) @ 9561611: uvm_test_top.env0.out_mon_h [OUT_MON] GOT AN OUTPUT!: 45116280b109
UVM_INFO out_mon.sv(31) @ 9566591: uvm_test_top.env0.out_mon_h [OUT_MON] GOT AN OUTPUT!: fbb0a374763a
UVM_INFO out_mon.sv(31) @ 9571571: uvm_test_top.env0.out_mon_h [OUT_MON] GOT AN OUTPUT!: 0cdbec1d5712
UVM_INFO out_mon.sv(31) @ 9576551: uvm_test_top.env0.out_mon_h [OUT_MON] GOT AN OUTPUT!: d0493f8ac3a7
UVM_INFO out_mon.sv(31) @ 9581531: uvm_test_top.env0.out_mon_h [OUT_MON] GOT AN OUTPUT!: e7586386e21b
UVM_INFO out_mon.sv(31) @ 9586511: uvm_test_top.env0.out_mon_h [OUT_MON] GOT AN OUTPUT!: 0801206c0778
UVM_INFO out_mon.sv(31) @ 9591491: uvm_test_top.env0.out_mon_h [OUT_MON] GOT AN OUTPUT!: ba96c590ee3b
UVM_INFO out_mon.sv(31) @ 9596471: uvm_test_top.env0.out_mon_h [OUT_MON] GOT AN OUTPUT!: 02c5ece43fcd
UVM_INFO out_mon.sv(31) @ 9601451: uvm_test_top.env0.out_mon_h [OUT_MON] GOT AN OUTPUT!: ab5f730ed77c
UVM_INFO out_mon.sv(31) @ 9606431: uvm_test_top.env0.out_mon_h [OUT_MON] GOT AN OUTPUT!: ad438d352a4a
UVM_INFO out_mon.sv(31) @ 9611411: uvm_test_top.env0.out_mon_h [OUT_MON] GOT AN OUTPUT!: e93d4f2fb510
UVM_INFO out_mon.sv(31) @ 9616391: uvm_test_top.env0.out_mon_h [OUT_MON] GOT AN OUTPUT!: 2ce45ad244ad
UVM_INFO out_mon.sv(31) @ 9621371: uvm_test_top.env0.out_mon_h [OUT_MON] GOT AN OUTPUT!: 3a7cec9a6641
UVM_INFO out_mon.sv(31) @ 9626351: uvm_test_top.env0.out_mon_h [OUT_MON] GOT AN OUTPUT!: 4bd6b0dcc6c7
UVM_INFO out_mon.sv(31) @ 9631331: uvm_test_top.env0.out_mon_h [OUT_MON] GOT AN OUTPUT!: 482de649894c
UVM_INFO out_mon.sv(31) @ 9636311: uvm_test_top.env0.out_mon_h [OUT_MON] GOT AN OUTPUT!: a506d95fb0cc
UVM_INFO out_mon.sv(31) @ 9641291: uvm_test_top.env0.out_mon_h [OUT_MON] GOT AN OUTPUT!: aa17092777ea
UVM_INFO out_mon.sv(31) @ 9646271: uvm_test_top.env0.out_mon_h [OUT_MON] GOT AN OUTPUT!: 901f8f4bba7a
UVM_INFO out_mon.sv(31) @ 9651251: uvm_test_top.env0.out_mon_h [OUT_MON] GOT AN OUTPUT!: b2c94d6a4cb0
UVM_INFO out_mon.sv(31) @ 9656231: uvm_test_top.env0.out_mon_h [OUT_MON] GOT AN OUTPUT!: cd8cfd33630a
UVM_INFO out_mon.sv(31) @ 9661211: uvm_test_top.env0.out_mon_h [OUT_MON] GOT AN OUTPUT!: fb8d4dafe611
UVM_INFO out_mon.sv(31) @ 9666191: uvm_test_top.env0.out_mon_h [OUT_MON] GOT AN OUTPUT!: f27b91c6e565
UVM_INFO out_mon.sv(31) @ 9671171: uvm_test_top.env0.out_mon_h [OUT_MON] GOT AN OUTPUT!: b06e4bd9e123
UVM_INFO out_mon.sv(31) @ 9676151: uvm_test_top.env0.out_mon_h [OUT_MON] GOT AN OUTPUT!: 94d575103d96
UVM_INFO out_mon.sv(31) @ 9681131: uvm_test_top.env0.out_mon_h [OUT_MON] GOT AN OUTPUT!: 9c3d53a995f9
UVM_INFO out_mon.sv(31) @ 9686111: uvm_test_top.env0.out_mon_h [OUT_MON] GOT AN OUTPUT!: 3749086f27ea
UVM_INFO out_mon.sv(31) @ 9691091: uvm_test_top.env0.out_mon_h [OUT_MON] GOT AN OUTPUT!: f480a51c22b0
UVM_INFO out_mon.sv(31) @ 9696071: uvm_test_top.env0.out_mon_h [OUT_MON] GOT AN OUTPUT!: f54039551dc6
UVM_INFO out_mon.sv(31) @ 9701051: uvm_test_top.env0.out_mon_h [OUT_MON] GOT AN OUTPUT!: e588f18663fd
UVM_INFO out_mon.sv(31) @ 9706031: uvm_test_top.env0.out_mon_h [OUT_MON] GOT AN OUTPUT!: eee80bc15f93
UVM_INFO out_mon.sv(31) @ 9711011: uvm_test_top.env0.out_mon_h [OUT_MON] GOT AN OUTPUT!: de5f7b70f364
UVM_INFO out_mon.sv(31) @ 9715991: uvm_test_top.env0.out_mon_h [OUT_MON] GOT AN OUTPUT!: 752f247ce4d0
UVM_INFO out_mon.sv(31) @ 9720971: uvm_test_top.env0.out_mon_h [OUT_MON] GOT AN OUTPUT!: 9ccfcd342ede
UVM_INFO out_mon.sv(31) @ 9725951: uvm_test_top.env0.out_mon_h [OUT_MON] GOT AN OUTPUT!: f5bdc1166cb6
UVM_INFO out_mon.sv(31) @ 9730931: uvm_test_top.env0.out_mon_h [OUT_MON] GOT AN OUTPUT!: f966ff543312
UVM_INFO out_mon.sv(31) @ 9735911: uvm_test_top.env0.out_mon_h [OUT_MON] GOT AN OUTPUT!: a700e19e735f
UVM_INFO out_mon.sv(31) @ 9740891: uvm_test_top.env0.out_mon_h [OUT_MON] GOT AN OUTPUT!: 73703e9cdaf5
UVM_INFO out_mon.sv(31) @ 9745871: uvm_test_top.env0.out_mon_h [OUT_MON] GOT AN OUTPUT!: f425ff2332fe
UVM_INFO out_mon.sv(31) @ 9750851: uvm_test_top.env0.out_mon_h [OUT_MON] GOT AN OUTPUT!: 7cf994fdc2eb
UVM_INFO out_mon.sv(31) @ 9755831: uvm_test_top.env0.out_mon_h [OUT_MON] GOT AN OUTPUT!: a9143feca807
UVM_INFO out_mon.sv(31) @ 9760811: uvm_test_top.env0.out_mon_h [OUT_MON] GOT AN OUTPUT!: 86cda126453e
UVM_INFO out_mon.sv(31) @ 9765791: uvm_test_top.env0.out_mon_h [OUT_MON] GOT AN OUTPUT!: de7f4d7890d2
UVM_INFO out_mon.sv(31) @ 9770771: uvm_test_top.env0.out_mon_h [OUT_MON] GOT AN OUTPUT!: cc7647e18103
UVM_INFO out_mon.sv(31) @ 9775751: uvm_test_top.env0.out_mon_h [OUT_MON] GOT AN OUTPUT!: a5cde73666a4
UVM_INFO out_mon.sv(31) @ 9780731: uvm_test_top.env0.out_mon_h [OUT_MON] GOT AN OUTPUT!: e045f9324e4a
UVM_INFO out_mon.sv(31) @ 9785711: uvm_test_top.env0.out_mon_h [OUT_MON] GOT AN OUTPUT!: 752d4803659e
UVM_INFO out_mon.sv(31) @ 9790691: uvm_test_top.env0.out_mon_h [OUT_MON] GOT AN OUTPUT!: f740a92f4dac
UVM_INFO out_mon.sv(31) @ 9795671: uvm_test_top.env0.out_mon_h [OUT_MON] GOT AN OUTPUT!: 53866c668888
UVM_INFO out_mon.sv(31) @ 9800651: uvm_test_top.env0.out_mon_h [OUT_MON] GOT AN OUTPUT!: f537059ed70d
UVM_INFO out_mon.sv(31) @ 9805631: uvm_test_top.env0.out_mon_h [OUT_MON] GOT AN OUTPUT!: c48d678c90f3
UVM_INFO out_mon.sv(31) @ 9810611: uvm_test_top.env0.out_mon_h [OUT_MON] GOT AN OUTPUT!: 38b20e5308b6
UVM_INFO out_mon.sv(31) @ 9815591: uvm_test_top.env0.out_mon_h [OUT_MON] GOT AN OUTPUT!: 74a4c003f59a
UVM_INFO out_mon.sv(31) @ 9820571: uvm_test_top.env0.out_mon_h [OUT_MON] GOT AN OUTPUT!: 2702a445bf8c
UVM_INFO out_mon.sv(31) @ 9825551: uvm_test_top.env0.out_mon_h [OUT_MON] GOT AN OUTPUT!: a4fe1b38f296
UVM_INFO out_mon.sv(31) @ 9830531: uvm_test_top.env0.out_mon_h [OUT_MON] GOT AN OUTPUT!: 783222749490
UVM_INFO out_mon.sv(31) @ 9835511: uvm_test_top.env0.out_mon_h [OUT_MON] GOT AN OUTPUT!: 578506b18645
UVM_INFO out_mon.sv(31) @ 9840491: uvm_test_top.env0.out_mon_h [OUT_MON] GOT AN OUTPUT!: 430ca07ce56e
UVM_INFO out_mon.sv(31) @ 9845471: uvm_test_top.env0.out_mon_h [OUT_MON] GOT AN OUTPUT!: 3ae454096b64
UVM_INFO out_mon.sv(31) @ 9850451: uvm_test_top.env0.out_mon_h [OUT_MON] GOT AN OUTPUT!: c91cebf7cf45
UVM_INFO out_mon.sv(31) @ 9855431: uvm_test_top.env0.out_mon_h [OUT_MON] GOT AN OUTPUT!: 5689c4ae1e57
UVM_INFO out_mon.sv(31) @ 9860411: uvm_test_top.env0.out_mon_h [OUT_MON] GOT AN OUTPUT!: 02afde962a6b
UVM_INFO out_mon.sv(31) @ 9865391: uvm_test_top.env0.out_mon_h [OUT_MON] GOT AN OUTPUT!: 769f645add16
UVM_INFO out_mon.sv(31) @ 9870371: uvm_test_top.env0.out_mon_h [OUT_MON] GOT AN OUTPUT!: ead01dfc975b
UVM_INFO out_mon.sv(31) @ 9875351: uvm_test_top.env0.out_mon_h [OUT_MON] GOT AN OUTPUT!: 581178549eb2
UVM_INFO out_mon.sv(31) @ 9880331: uvm_test_top.env0.out_mon_h [OUT_MON] GOT AN OUTPUT!: 8b4ce35f6e96
UVM_INFO out_mon.sv(31) @ 9885311: uvm_test_top.env0.out_mon_h [OUT_MON] GOT AN OUTPUT!: 948b436622ee
UVM_INFO out_mon.sv(31) @ 9890291: uvm_test_top.env0.out_mon_h [OUT_MON] GOT AN OUTPUT!: c8b1dbdece93
UVM_INFO out_mon.sv(31) @ 9895271: uvm_test_top.env0.out_mon_h [OUT_MON] GOT AN OUTPUT!: 4e788a9be5e7
UVM_INFO out_mon.sv(31) @ 9900251: uvm_test_top.env0.out_mon_h [OUT_MON] GOT AN OUTPUT!: ee47c3a29295
UVM_INFO out_mon.sv(31) @ 9905231: uvm_test_top.env0.out_mon_h [OUT_MON] GOT AN OUTPUT!: 9d092dc02139
UVM_INFO out_mon.sv(31) @ 9910211: uvm_test_top.env0.out_mon_h [OUT_MON] GOT AN OUTPUT!: fa1ccdb65687
UVM_INFO out_mon.sv(31) @ 9915191: uvm_test_top.env0.out_mon_h [OUT_MON] GOT AN OUTPUT!: b8279f96d3a9
UVM_INFO out_mon.sv(31) @ 9920171: uvm_test_top.env0.out_mon_h [OUT_MON] GOT AN OUTPUT!: a8fb6da575a7
UVM_INFO out_mon.sv(31) @ 9925151: uvm_test_top.env0.out_mon_h [OUT_MON] GOT AN OUTPUT!: e47aabd9b7b7
UVM_INFO out_mon.sv(31) @ 9930131: uvm_test_top.env0.out_mon_h [OUT_MON] GOT AN OUTPUT!: 4271a0d70d29
UVM_INFO out_mon.sv(31) @ 9935111: uvm_test_top.env0.out_mon_h [OUT_MON] GOT AN OUTPUT!: 1f744cf44727
UVM_INFO out_mon.sv(31) @ 9940091: uvm_test_top.env0.out_mon_h [OUT_MON] GOT AN OUTPUT!: 24ca50a9f799
UVM_INFO out_mon.sv(31) @ 9945071: uvm_test_top.env0.out_mon_h [OUT_MON] GOT AN OUTPUT!: 8b40f57fc2e4
UVM_INFO out_mon.sv(31) @ 9950051: uvm_test_top.env0.out_mon_h [OUT_MON] GOT AN OUTPUT!: 1113dc50d124
UVM_INFO out_mon.sv(31) @ 9955031: uvm_test_top.env0.out_mon_h [OUT_MON] GOT AN OUTPUT!: 9ac8297f2244
UVM_INFO out_mon.sv(31) @ 9960011: uvm_test_top.env0.out_mon_h [OUT_MON] GOT AN OUTPUT!: 37146c6df692
UVM_INFO out_mon.sv(31) @ 9964991: uvm_test_top.env0.out_mon_h [OUT_MON] GOT AN OUTPUT!: fdb8af5b261e
UVM_INFO out_mon.sv(31) @ 9969971: uvm_test_top.env0.out_mon_h [OUT_MON] GOT AN OUTPUT!: 015e226f8418
UVM_INFO out_mon.sv(31) @ 9974951: uvm_test_top.env0.out_mon_h [OUT_MON] GOT AN OUTPUT!: 4c7e449e47ab
UVM_INFO out_mon.sv(31) @ 9979931: uvm_test_top.env0.out_mon_h [OUT_MON] GOT AN OUTPUT!: a13abbab56c5
UVM_INFO out_mon.sv(31) @ 9984911: uvm_test_top.env0.out_mon_h [OUT_MON] GOT AN OUTPUT!: 74421670c0aa
UVM_INFO out_mon.sv(31) @ 9989891: uvm_test_top.env0.out_mon_h [OUT_MON] GOT AN OUTPUT!: 5ab5c63b08bc
UVM_INFO out_mon.sv(31) @ 9994871: uvm_test_top.env0.out_mon_h [OUT_MON] GOT AN OUTPUT!: e2f6f5d491c5
UVM_INFO out_mon.sv(31) @ 9999851: uvm_test_top.env0.out_mon_h [OUT_MON] GOT AN OUTPUT!: 909bfb97f5fb
UVM_INFO out_mon.sv(31) @ 10004831: uvm_test_top.env0.out_mon_h [OUT_MON] GOT AN OUTPUT!: 73437aa1719f
UVM_INFO out_mon.sv(31) @ 10009811: uvm_test_top.env0.out_mon_h [OUT_MON] GOT AN OUTPUT!: 9077cdf73ad9
UVM_INFO out_mon.sv(31) @ 10014791: uvm_test_top.env0.out_mon_h [OUT_MON] GOT AN OUTPUT!: 18921040e096
UVM_INFO out_mon.sv(31) @ 10019771: uvm_test_top.env0.out_mon_h [OUT_MON] GOT AN OUTPUT!: 1e96da65b306
UVM_INFO out_mon.sv(31) @ 10024751: uvm_test_top.env0.out_mon_h [OUT_MON] GOT AN OUTPUT!: 4b12262a18a8
UVM_INFO out_mon.sv(31) @ 10029731: uvm_test_top.env0.out_mon_h [OUT_MON] GOT AN OUTPUT!: c20541a3fb2f
UVM_INFO out_mon.sv(31) @ 10034711: uvm_test_top.env0.out_mon_h [OUT_MON] GOT AN OUTPUT!: 33b1761e186e
UVM_INFO out_mon.sv(31) @ 10039691: uvm_test_top.env0.out_mon_h [OUT_MON] GOT AN OUTPUT!: d08d81c26f11
UVM_INFO out_mon.sv(31) @ 10044671: uvm_test_top.env0.out_mon_h [OUT_MON] GOT AN OUTPUT!: 9817a12399b0
UVM_INFO out_mon.sv(31) @ 10049651: uvm_test_top.env0.out_mon_h [OUT_MON] GOT AN OUTPUT!: 3abcf47d2b2c
UVM_INFO out_mon.sv(31) @ 10054631: uvm_test_top.env0.out_mon_h [OUT_MON] GOT AN OUTPUT!: 86b20d431782
UVM_INFO out_mon.sv(31) @ 10059611: uvm_test_top.env0.out_mon_h [OUT_MON] GOT AN OUTPUT!: 17de80580aca
UVM_INFO out_mon.sv(31) @ 10064591: uvm_test_top.env0.out_mon_h [OUT_MON] GOT AN OUTPUT!: c2af5102cf66
UVM_INFO out_mon.sv(31) @ 10069571: uvm_test_top.env0.out_mon_h [OUT_MON] GOT AN OUTPUT!: f1fe957aaa94
UVM_INFO out_mon.sv(31) @ 10074551: uvm_test_top.env0.out_mon_h [OUT_MON] GOT AN OUTPUT!: eff70da2bc65
UVM_INFO out_mon.sv(31) @ 10079531: uvm_test_top.env0.out_mon_h [OUT_MON] GOT AN OUTPUT!: d1eb154c6576
UVM_INFO out_mon.sv(31) @ 10084511: uvm_test_top.env0.out_mon_h [OUT_MON] GOT AN OUTPUT!: 7f3880189ca4
UVM_INFO out_mon.sv(31) @ 10089491: uvm_test_top.env0.out_mon_h [OUT_MON] GOT AN OUTPUT!: 0b2d30d058f9
UVM_INFO out_mon.sv(31) @ 10094471: uvm_test_top.env0.out_mon_h [OUT_MON] GOT AN OUTPUT!: 59dfbacbe95b
UVM_INFO out_mon.sv(31) @ 10099451: uvm_test_top.env0.out_mon_h [OUT_MON] GOT AN OUTPUT!: c810ddc15fdd
UVM_INFO out_mon.sv(31) @ 10104431: uvm_test_top.env0.out_mon_h [OUT_MON] GOT AN OUTPUT!: 4e14be11e0b8
UVM_INFO out_mon.sv(31) @ 10109411: uvm_test_top.env0.out_mon_h [OUT_MON] GOT AN OUTPUT!: 55a5026e151c
UVM_INFO out_mon.sv(31) @ 10114391: uvm_test_top.env0.out_mon_h [OUT_MON] GOT AN OUTPUT!: 3ac970697c94
UVM_INFO out_mon.sv(31) @ 10119371: uvm_test_top.env0.out_mon_h [OUT_MON] GOT AN OUTPUT!: 2fb4da54d71a
UVM_INFO out_mon.sv(31) @ 10124351: uvm_test_top.env0.out_mon_h [OUT_MON] GOT AN OUTPUT!: fba4a1777a88
UVM_INFO out_mon.sv(31) @ 10129331: uvm_test_top.env0.out_mon_h [OUT_MON] GOT AN OUTPUT!: ccc8bd7fc02e
UVM_INFO out_mon.sv(31) @ 10134311: uvm_test_top.env0.out_mon_h [OUT_MON] GOT AN OUTPUT!: 15161ac25941
UVM_INFO out_mon.sv(31) @ 10139291: uvm_test_top.env0.out_mon_h [OUT_MON] GOT AN OUTPUT!: 2a31e0a0af4b
UVM_INFO out_mon.sv(31) @ 10144271: uvm_test_top.env0.out_mon_h [OUT_MON] GOT AN OUTPUT!: 2048ee2e4e9e
UVM_INFO out_mon.sv(31) @ 10149251: uvm_test_top.env0.out_mon_h [OUT_MON] GOT AN OUTPUT!: 17f81ced3ced
UVM_INFO out_mon.sv(31) @ 10154231: uvm_test_top.env0.out_mon_h [OUT_MON] GOT AN OUTPUT!: f7270339598a
UVM_INFO out_mon.sv(31) @ 10159211: uvm_test_top.env0.out_mon_h [OUT_MON] GOT AN OUTPUT!: 44e860bac41d
UVM_INFO out_mon.sv(31) @ 10164191: uvm_test_top.env0.out_mon_h [OUT_MON] GOT AN OUTPUT!: a05e15f73607
UVM_INFO out_mon.sv(31) @ 10169171: uvm_test_top.env0.out_mon_h [OUT_MON] GOT AN OUTPUT!: 0a93e0da66a3
UVM_INFO out_mon.sv(31) @ 10174151: uvm_test_top.env0.out_mon_h [OUT_MON] GOT AN OUTPUT!: fb5a0dcd6367
UVM_INFO out_mon.sv(31) @ 10179131: uvm_test_top.env0.out_mon_h [OUT_MON] GOT AN OUTPUT!: f93d93b4fb3f
UVM_INFO out_mon.sv(31) @ 10184111: uvm_test_top.env0.out_mon_h [OUT_MON] GOT AN OUTPUT!: 2c461aef1623
UVM_INFO out_mon.sv(31) @ 10189091: uvm_test_top.env0.out_mon_h [OUT_MON] GOT AN OUTPUT!: 23f72c271e06
UVM_INFO out_mon.sv(31) @ 10194071: uvm_test_top.env0.out_mon_h [OUT_MON] GOT AN OUTPUT!: c8113f995257
UVM_INFO out_mon.sv(31) @ 10199051: uvm_test_top.env0.out_mon_h [OUT_MON] GOT AN OUTPUT!: 2c8a061d2eae
UVM_INFO out_mon.sv(31) @ 10204031: uvm_test_top.env0.out_mon_h [OUT_MON] GOT AN OUTPUT!: c064d50ecf46
UVM_INFO out_mon.sv(31) @ 10209011: uvm_test_top.env0.out_mon_h [OUT_MON] GOT AN OUTPUT!: 0f8640ef47f5
UVM_INFO out_mon.sv(31) @ 10213991: uvm_test_top.env0.out_mon_h [OUT_MON] GOT AN OUTPUT!: 0faaba5409f4
UVM_INFO out_mon.sv(31) @ 10218971: uvm_test_top.env0.out_mon_h [OUT_MON] GOT AN OUTPUT!: b035817d42e4
UVM_INFO out_mon.sv(31) @ 10223951: uvm_test_top.env0.out_mon_h [OUT_MON] GOT AN OUTPUT!: 251296ab3c3f
UVM_INFO out_mon.sv(31) @ 10228931: uvm_test_top.env0.out_mon_h [OUT_MON] GOT AN OUTPUT!: 24a0920abc1c
UVM_INFO out_mon.sv(31) @ 10233911: uvm_test_top.env0.out_mon_h [OUT_MON] GOT AN OUTPUT!: 10870cd0676f
UVM_INFO out_mon.sv(31) @ 10238891: uvm_test_top.env0.out_mon_h [OUT_MON] GOT AN OUTPUT!: c19857db14eb
UVM_INFO out_mon.sv(31) @ 10243871: uvm_test_top.env0.out_mon_h [OUT_MON] GOT AN OUTPUT!: 6eb526f542c3
UVM_INFO out_mon.sv(31) @ 10248851: uvm_test_top.env0.out_mon_h [OUT_MON] GOT AN OUTPUT!: e6a64b8d636b
UVM_INFO out_mon.sv(31) @ 10253831: uvm_test_top.env0.out_mon_h [OUT_MON] GOT AN OUTPUT!: 1507e47d4be2
UVM_INFO out_mon.sv(31) @ 10258811: uvm_test_top.env0.out_mon_h [OUT_MON] GOT AN OUTPUT!: 8a180f388646
UVM_INFO out_mon.sv(31) @ 10263791: uvm_test_top.env0.out_mon_h [OUT_MON] GOT AN OUTPUT!: 7dab2e79beb2
UVM_INFO out_mon.sv(31) @ 10268771: uvm_test_top.env0.out_mon_h [OUT_MON] GOT AN OUTPUT!: 84f92347187c
UVM_INFO out_mon.sv(31) @ 10273751: uvm_test_top.env0.out_mon_h [OUT_MON] GOT AN OUTPUT!: f38923e5978b
UVM_INFO out_mon.sv(31) @ 10278731: uvm_test_top.env0.out_mon_h [OUT_MON] GOT AN OUTPUT!: 9f136d1376c4
UVM_INFO out_mon.sv(31) @ 10283711: uvm_test_top.env0.out_mon_h [OUT_MON] GOT AN OUTPUT!: 7e53f6a1903d
UVM_INFO out_mon.sv(31) @ 10288691: uvm_test_top.env0.out_mon_h [OUT_MON] GOT AN OUTPUT!: 5af49643bdd0
UVM_INFO out_mon.sv(31) @ 10293671: uvm_test_top.env0.out_mon_h [OUT_MON] GOT AN OUTPUT!: 8e6e533029e0
UVM_INFO out_mon.sv(31) @ 10298651: uvm_test_top.env0.out_mon_h [OUT_MON] GOT AN OUTPUT!: 81e9e1e5c62d
UVM_INFO out_mon.sv(31) @ 10303631: uvm_test_top.env0.out_mon_h [OUT_MON] GOT AN OUTPUT!: 690d8a319aec
UVM_INFO out_mon.sv(31) @ 10308611: uvm_test_top.env0.out_mon_h [OUT_MON] GOT AN OUTPUT!: 6ffb884b2fec
UVM_INFO out_mon.sv(31) @ 10313591: uvm_test_top.env0.out_mon_h [OUT_MON] GOT AN OUTPUT!: 5418729fe287
UVM_INFO out_mon.sv(31) @ 10318571: uvm_test_top.env0.out_mon_h [OUT_MON] GOT AN OUTPUT!: 1ff84ea555d5
UVM_INFO out_mon.sv(31) @ 10323551: uvm_test_top.env0.out_mon_h [OUT_MON] GOT AN OUTPUT!: 823b3dcabd89
UVM_INFO out_mon.sv(31) @ 10328531: uvm_test_top.env0.out_mon_h [OUT_MON] GOT AN OUTPUT!: f76d3961515a
UVM_INFO out_mon.sv(31) @ 10333511: uvm_test_top.env0.out_mon_h [OUT_MON] GOT AN OUTPUT!: bee22f13a52e
UVM_INFO out_mon.sv(31) @ 10338491: uvm_test_top.env0.out_mon_h [OUT_MON] GOT AN OUTPUT!: 52a338440204
UVM_INFO out_mon.sv(31) @ 10343471: uvm_test_top.env0.out_mon_h [OUT_MON] GOT AN OUTPUT!: da3c8969d4e4
UVM_INFO out_mon.sv(31) @ 10348451: uvm_test_top.env0.out_mon_h [OUT_MON] GOT AN OUTPUT!: d0a9a3460288
UVM_INFO out_mon.sv(31) @ 10353431: uvm_test_top.env0.out_mon_h [OUT_MON] GOT AN OUTPUT!: d53275864c41
UVM_INFO out_mon.sv(31) @ 10358411: uvm_test_top.env0.out_mon_h [OUT_MON] GOT AN OUTPUT!: 5f4a4e2faf4c
UVM_INFO out_mon.sv(31) @ 10363391: uvm_test_top.env0.out_mon_h [OUT_MON] GOT AN OUTPUT!: cd7059e7c57b
UVM_INFO out_mon.sv(31) @ 10368371: uvm_test_top.env0.out_mon_h [OUT_MON] GOT AN OUTPUT!: 071134f52385
UVM_INFO out_mon.sv(31) @ 10373351: uvm_test_top.env0.out_mon_h [OUT_MON] GOT AN OUTPUT!: a963638eba81
UVM_INFO out_mon.sv(31) @ 10378331: uvm_test_top.env0.out_mon_h [OUT_MON] GOT AN OUTPUT!: 774b54d23bb3
UVM_INFO out_mon.sv(31) @ 10383311: uvm_test_top.env0.out_mon_h [OUT_MON] GOT AN OUTPUT!: 8436a5796a00
UVM_INFO out_mon.sv(31) @ 10388291: uvm_test_top.env0.out_mon_h [OUT_MON] GOT AN OUTPUT!: 5205e82691a4
UVM_INFO out_mon.sv(31) @ 10393271: uvm_test_top.env0.out_mon_h [OUT_MON] GOT AN OUTPUT!: d9d99bdfd17b
UVM_INFO out_mon.sv(31) @ 10398251: uvm_test_top.env0.out_mon_h [OUT_MON] GOT AN OUTPUT!: 3806701185c6
UVM_INFO out_mon.sv(31) @ 10403231: uvm_test_top.env0.out_mon_h [OUT_MON] GOT AN OUTPUT!: 72f0762fa6c2
UVM_INFO out_mon.sv(31) @ 10408211: uvm_test_top.env0.out_mon_h [OUT_MON] GOT AN OUTPUT!: 94e3c9ce2ef5
UVM_INFO out_mon.sv(31) @ 10413191: uvm_test_top.env0.out_mon_h [OUT_MON] GOT AN OUTPUT!: 10f1fac86ce1
UVM_INFO out_mon.sv(31) @ 10418171: uvm_test_top.env0.out_mon_h [OUT_MON] GOT AN OUTPUT!: 2adfd2cf6f83
UVM_INFO out_mon.sv(31) @ 10423151: uvm_test_top.env0.out_mon_h [OUT_MON] GOT AN OUTPUT!: d9fe4f775df0
UVM_INFO out_mon.sv(31) @ 10428131: uvm_test_top.env0.out_mon_h [OUT_MON] GOT AN OUTPUT!: 5f0ac29bddab
UVM_INFO out_mon.sv(31) @ 10433111: uvm_test_top.env0.out_mon_h [OUT_MON] GOT AN OUTPUT!: 850ba5b370bd
UVM_INFO out_mon.sv(31) @ 10438091: uvm_test_top.env0.out_mon_h [OUT_MON] GOT AN OUTPUT!: 4530c269d72e
UVM_INFO out_mon.sv(31) @ 10443071: uvm_test_top.env0.out_mon_h [OUT_MON] GOT AN OUTPUT!: 45bee89966c7
UVM_INFO out_mon.sv(31) @ 10448051: uvm_test_top.env0.out_mon_h [OUT_MON] GOT AN OUTPUT!: 6bdfe27b7954
UVM_INFO out_mon.sv(31) @ 10453031: uvm_test_top.env0.out_mon_h [OUT_MON] GOT AN OUTPUT!: 788880a7ba8b
UVM_INFO out_mon.sv(31) @ 10458011: uvm_test_top.env0.out_mon_h [OUT_MON] GOT AN OUTPUT!: 685e0a3a9ffc
UVM_INFO out_mon.sv(31) @ 10462991: uvm_test_top.env0.out_mon_h [OUT_MON] GOT AN OUTPUT!: 0e92563aa990
UVM_INFO out_mon.sv(31) @ 10467971: uvm_test_top.env0.out_mon_h [OUT_MON] GOT AN OUTPUT!: 22bdf214e200
UVM_INFO out_mon.sv(31) @ 10472951: uvm_test_top.env0.out_mon_h [OUT_MON] GOT AN OUTPUT!: b9c803c82d2f
UVM_INFO out_mon.sv(31) @ 10477931: uvm_test_top.env0.out_mon_h [OUT_MON] GOT AN OUTPUT!: e1c7c117a4a2
UVM_INFO out_mon.sv(31) @ 10482911: uvm_test_top.env0.out_mon_h [OUT_MON] GOT AN OUTPUT!: d8d98bdc028f
UVM_INFO out_mon.sv(31) @ 10487891: uvm_test_top.env0.out_mon_h [OUT_MON] GOT AN OUTPUT!: 1707704bfd36
UVM_INFO out_mon.sv(31) @ 10492871: uvm_test_top.env0.out_mon_h [OUT_MON] GOT AN OUTPUT!: 232c66d3a7cd
UVM_INFO out_mon.sv(31) @ 10497851: uvm_test_top.env0.out_mon_h [OUT_MON] GOT AN OUTPUT!: eaca75d2cbc5
UVM_INFO out_mon.sv(31) @ 10502831: uvm_test_top.env0.out_mon_h [OUT_MON] GOT AN OUTPUT!: 14f03e5a53c6
UVM_INFO out_mon.sv(31) @ 10507811: uvm_test_top.env0.out_mon_h [OUT_MON] GOT AN OUTPUT!: 881dedc0a6dd
UVM_INFO out_mon.sv(31) @ 10512791: uvm_test_top.env0.out_mon_h [OUT_MON] GOT AN OUTPUT!: 1b123aa5057f
UVM_INFO out_mon.sv(31) @ 10517771: uvm_test_top.env0.out_mon_h [OUT_MON] GOT AN OUTPUT!: 28c9b8b9ee4b
UVM_INFO out_mon.sv(31) @ 10522751: uvm_test_top.env0.out_mon_h [OUT_MON] GOT AN OUTPUT!: 7f3d266e7b9c
UVM_INFO out_mon.sv(31) @ 10527731: uvm_test_top.env0.out_mon_h [OUT_MON] GOT AN OUTPUT!: e15cc54ebff4
UVM_INFO out_mon.sv(31) @ 10532711: uvm_test_top.env0.out_mon_h [OUT_MON] GOT AN OUTPUT!: 13dc5ab32deb
UVM_INFO out_mon.sv(31) @ 10537691: uvm_test_top.env0.out_mon_h [OUT_MON] GOT AN OUTPUT!: 2d220816f386
UVM_INFO out_mon.sv(31) @ 10542671: uvm_test_top.env0.out_mon_h [OUT_MON] GOT AN OUTPUT!: a01ca72d5866
UVM_INFO out_mon.sv(31) @ 10547651: uvm_test_top.env0.out_mon_h [OUT_MON] GOT AN OUTPUT!: 3a273e8e2535
UVM_INFO out_mon.sv(31) @ 10552631: uvm_test_top.env0.out_mon_h [OUT_MON] GOT AN OUTPUT!: 0be83e90fabd
UVM_INFO out_mon.sv(31) @ 10557611: uvm_test_top.env0.out_mon_h [OUT_MON] GOT AN OUTPUT!: f5361dafb545
UVM_INFO out_mon.sv(31) @ 10562591: uvm_test_top.env0.out_mon_h [OUT_MON] GOT AN OUTPUT!: 4befca87cccb
UVM_INFO out_mon.sv(31) @ 10567571: uvm_test_top.env0.out_mon_h [OUT_MON] GOT AN OUTPUT!: d5ddfd52bb90
UVM_INFO out_mon.sv(31) @ 10572551: uvm_test_top.env0.out_mon_h [OUT_MON] GOT AN OUTPUT!: 0d98ae6d4ffa
UVM_INFO out_mon.sv(31) @ 10577531: uvm_test_top.env0.out_mon_h [OUT_MON] GOT AN OUTPUT!: 6a67944617c4
UVM_INFO out_mon.sv(31) @ 10582511: uvm_test_top.env0.out_mon_h [OUT_MON] GOT AN OUTPUT!: 2313aacab90d
UVM_INFO out_mon.sv(31) @ 10587491: uvm_test_top.env0.out_mon_h [OUT_MON] GOT AN OUTPUT!: a3dde72c6090
UVM_INFO out_mon.sv(31) @ 10592471: uvm_test_top.env0.out_mon_h [OUT_MON] GOT AN OUTPUT!: af4ad5930b3d
UVM_INFO out_mon.sv(31) @ 10597451: uvm_test_top.env0.out_mon_h [OUT_MON] GOT AN OUTPUT!: e210f717f77a
UVM_INFO out_mon.sv(31) @ 10602431: uvm_test_top.env0.out_mon_h [OUT_MON] GOT AN OUTPUT!: 11eb301efd32
UVM_INFO out_mon.sv(31) @ 10607411: uvm_test_top.env0.out_mon_h [OUT_MON] GOT AN OUTPUT!: bf8857e6f493
UVM_INFO out_mon.sv(31) @ 10612391: uvm_test_top.env0.out_mon_h [OUT_MON] GOT AN OUTPUT!: 9361b5e90dc5
UVM_INFO out_mon.sv(31) @ 10617371: uvm_test_top.env0.out_mon_h [OUT_MON] GOT AN OUTPUT!: 9d952b5f34c6
UVM_INFO out_mon.sv(31) @ 10622351: uvm_test_top.env0.out_mon_h [OUT_MON] GOT AN OUTPUT!: d0d739097606
UVM_INFO out_mon.sv(31) @ 10627331: uvm_test_top.env0.out_mon_h [OUT_MON] GOT AN OUTPUT!: f040bd0a56f0
UVM_INFO out_mon.sv(31) @ 10632311: uvm_test_top.env0.out_mon_h [OUT_MON] GOT AN OUTPUT!: e839f7723776
UVM_INFO out_mon.sv(31) @ 10637291: uvm_test_top.env0.out_mon_h [OUT_MON] GOT AN OUTPUT!: 4a5638d1b583
UVM_INFO out_mon.sv(31) @ 10642271: uvm_test_top.env0.out_mon_h [OUT_MON] GOT AN OUTPUT!: 64351aeb0905
UVM_INFO out_mon.sv(31) @ 10647251: uvm_test_top.env0.out_mon_h [OUT_MON] GOT AN OUTPUT!: 2963985a69ee
UVM_INFO out_mon.sv(31) @ 10652231: uvm_test_top.env0.out_mon_h [OUT_MON] GOT AN OUTPUT!: e83423cd66a9
UVM_INFO out_mon.sv(31) @ 10657211: uvm_test_top.env0.out_mon_h [OUT_MON] GOT AN OUTPUT!: 81b179215072
UVM_INFO out_mon.sv(31) @ 10662191: uvm_test_top.env0.out_mon_h [OUT_MON] GOT AN OUTPUT!: 9c6781809125
UVM_INFO out_mon.sv(31) @ 10667171: uvm_test_top.env0.out_mon_h [OUT_MON] GOT AN OUTPUT!: 0a4ece570aac
UVM_INFO out_mon.sv(31) @ 10672151: uvm_test_top.env0.out_mon_h [OUT_MON] GOT AN OUTPUT!: 59b32eb57ee5
UVM_INFO out_mon.sv(31) @ 10677131: uvm_test_top.env0.out_mon_h [OUT_MON] GOT AN OUTPUT!: 4907207bee8a
UVM_INFO out_mon.sv(31) @ 10682111: uvm_test_top.env0.out_mon_h [OUT_MON] GOT AN OUTPUT!: 95cbb762f074
UVM_INFO out_mon.sv(31) @ 10687091: uvm_test_top.env0.out_mon_h [OUT_MON] GOT AN OUTPUT!: 5e676abc1ad9
UVM_INFO out_mon.sv(31) @ 10692071: uvm_test_top.env0.out_mon_h [OUT_MON] GOT AN OUTPUT!: 0f1570815e77
UVM_INFO out_mon.sv(31) @ 10697051: uvm_test_top.env0.out_mon_h [OUT_MON] GOT AN OUTPUT!: 91b9290b682c
UVM_INFO out_mon.sv(31) @ 10702031: uvm_test_top.env0.out_mon_h [OUT_MON] GOT AN OUTPUT!: 38c1468706ab
UVM_INFO out_mon.sv(31) @ 10707011: uvm_test_top.env0.out_mon_h [OUT_MON] GOT AN OUTPUT!: 9d08b9017856
UVM_INFO out_mon.sv(31) @ 10711991: uvm_test_top.env0.out_mon_h [OUT_MON] GOT AN OUTPUT!: 66bbf4a3e4e7
UVM_INFO out_mon.sv(31) @ 10716971: uvm_test_top.env0.out_mon_h [OUT_MON] GOT AN OUTPUT!: b9259d75a428
UVM_INFO out_mon.sv(31) @ 10721951: uvm_test_top.env0.out_mon_h [OUT_MON] GOT AN OUTPUT!: b9abfbbdb289
UVM_INFO out_mon.sv(31) @ 10726931: uvm_test_top.env0.out_mon_h [OUT_MON] GOT AN OUTPUT!: 6996bedb06b3
UVM_INFO out_mon.sv(31) @ 10731911: uvm_test_top.env0.out_mon_h [OUT_MON] GOT AN OUTPUT!: cb00312bf052
UVM_INFO out_mon.sv(31) @ 10736891: uvm_test_top.env0.out_mon_h [OUT_MON] GOT AN OUTPUT!: 08ac445c7cb8
UVM_INFO out_mon.sv(31) @ 10741871: uvm_test_top.env0.out_mon_h [OUT_MON] GOT AN OUTPUT!: 18e84833d624
UVM_INFO out_mon.sv(31) @ 10746851: uvm_test_top.env0.out_mon_h [OUT_MON] GOT AN OUTPUT!: 137016b8a493
UVM_INFO out_mon.sv(31) @ 10751831: uvm_test_top.env0.out_mon_h [OUT_MON] GOT AN OUTPUT!: 324c1644659e
UVM_INFO out_mon.sv(31) @ 10756811: uvm_test_top.env0.out_mon_h [OUT_MON] GOT AN OUTPUT!: 35afaaddd645
UVM_INFO out_mon.sv(31) @ 10761791: uvm_test_top.env0.out_mon_h [OUT_MON] GOT AN OUTPUT!: a2d807f25209
UVM_INFO out_mon.sv(31) @ 10766771: uvm_test_top.env0.out_mon_h [OUT_MON] GOT AN OUTPUT!: 15f52a4630e4
UVM_INFO out_mon.sv(31) @ 10771751: uvm_test_top.env0.out_mon_h [OUT_MON] GOT AN OUTPUT!: 9ef881b41f93
UVM_INFO out_mon.sv(31) @ 10776731: uvm_test_top.env0.out_mon_h [OUT_MON] GOT AN OUTPUT!: e18d8f138c1c
UVM_INFO out_mon.sv(31) @ 10781711: uvm_test_top.env0.out_mon_h [OUT_MON] GOT AN OUTPUT!: 6fdb9e5e0548
UVM_INFO out_mon.sv(31) @ 10786691: uvm_test_top.env0.out_mon_h [OUT_MON] GOT AN OUTPUT!: 9882d1eb8a03
UVM_INFO out_mon.sv(31) @ 10791671: uvm_test_top.env0.out_mon_h [OUT_MON] GOT AN OUTPUT!: 9f6a115e00d0
UVM_INFO out_mon.sv(31) @ 10796651: uvm_test_top.env0.out_mon_h [OUT_MON] GOT AN OUTPUT!: 19a4b09384f9
UVM_INFO out_mon.sv(31) @ 10801631: uvm_test_top.env0.out_mon_h [OUT_MON] GOT AN OUTPUT!: e45183b7ce57
UVM_INFO out_mon.sv(31) @ 10806611: uvm_test_top.env0.out_mon_h [OUT_MON] GOT AN OUTPUT!: ee7c474c94ba
UVM_INFO out_mon.sv(31) @ 10811591: uvm_test_top.env0.out_mon_h [OUT_MON] GOT AN OUTPUT!: cdfe59c0e8a5
UVM_INFO out_mon.sv(31) @ 10816571: uvm_test_top.env0.out_mon_h [OUT_MON] GOT AN OUTPUT!: d759efef9979
UVM_INFO out_mon.sv(31) @ 10821551: uvm_test_top.env0.out_mon_h [OUT_MON] GOT AN OUTPUT!: 309a1c9c8edb
UVM_INFO out_mon.sv(31) @ 10826531: uvm_test_top.env0.out_mon_h [OUT_MON] GOT AN OUTPUT!: 17408cc92d1d
UVM_INFO out_mon.sv(31) @ 10831511: uvm_test_top.env0.out_mon_h [OUT_MON] GOT AN OUTPUT!: 51157477b8c6
UVM_INFO out_mon.sv(31) @ 10836491: uvm_test_top.env0.out_mon_h [OUT_MON] GOT AN OUTPUT!: 8006e535ae6a
UVM_INFO out_mon.sv(31) @ 10841471: uvm_test_top.env0.out_mon_h [OUT_MON] GOT AN OUTPUT!: d1160385244f
UVM_INFO out_mon.sv(31) @ 10846451: uvm_test_top.env0.out_mon_h [OUT_MON] GOT AN OUTPUT!: 3e3118fd354b
UVM_INFO out_mon.sv(31) @ 10851431: uvm_test_top.env0.out_mon_h [OUT_MON] GOT AN OUTPUT!: 5b0ff6b951e7
UVM_INFO out_mon.sv(31) @ 10856411: uvm_test_top.env0.out_mon_h [OUT_MON] GOT AN OUTPUT!: 650fc46fa0f4
UVM_INFO out_mon.sv(31) @ 10861391: uvm_test_top.env0.out_mon_h [OUT_MON] GOT AN OUTPUT!: 0e26ac46758a
UVM_INFO out_mon.sv(31) @ 10866371: uvm_test_top.env0.out_mon_h [OUT_MON] GOT AN OUTPUT!: 3aadfe408c0e
UVM_INFO out_mon.sv(31) @ 10871351: uvm_test_top.env0.out_mon_h [OUT_MON] GOT AN OUTPUT!: aa4b41d88d2d
UVM_INFO out_mon.sv(31) @ 10876331: uvm_test_top.env0.out_mon_h [OUT_MON] GOT AN OUTPUT!: 43d4ac2354b0
UVM_INFO out_mon.sv(31) @ 10881311: uvm_test_top.env0.out_mon_h [OUT_MON] GOT AN OUTPUT!: 7c2962915929
UVM_INFO out_mon.sv(31) @ 10886291: uvm_test_top.env0.out_mon_h [OUT_MON] GOT AN OUTPUT!: 101362271356
UVM_INFO out_mon.sv(31) @ 10891271: uvm_test_top.env0.out_mon_h [OUT_MON] GOT AN OUTPUT!: 092a36c4528b
UVM_INFO out_mon.sv(31) @ 10896251: uvm_test_top.env0.out_mon_h [OUT_MON] GOT AN OUTPUT!: c5b24dd2a58f
UVM_INFO out_mon.sv(31) @ 10901231: uvm_test_top.env0.out_mon_h [OUT_MON] GOT AN OUTPUT!: 7b7cb272b4d0
UVM_INFO out_mon.sv(31) @ 10906211: uvm_test_top.env0.out_mon_h [OUT_MON] GOT AN OUTPUT!: 6dc25400a69c
UVM_INFO out_mon.sv(31) @ 10911191: uvm_test_top.env0.out_mon_h [OUT_MON] GOT AN OUTPUT!: ce0c49877ff5
UVM_INFO out_mon.sv(31) @ 10916171: uvm_test_top.env0.out_mon_h [OUT_MON] GOT AN OUTPUT!: 000df87b75b0
UVM_INFO out_mon.sv(31) @ 10921151: uvm_test_top.env0.out_mon_h [OUT_MON] GOT AN OUTPUT!: b88427d36959
UVM_INFO out_mon.sv(31) @ 10926131: uvm_test_top.env0.out_mon_h [OUT_MON] GOT AN OUTPUT!: 2f1f10592b1e
UVM_INFO out_mon.sv(31) @ 10931111: uvm_test_top.env0.out_mon_h [OUT_MON] GOT AN OUTPUT!: 5b52f6c8f177
UVM_INFO out_mon.sv(31) @ 10936091: uvm_test_top.env0.out_mon_h [OUT_MON] GOT AN OUTPUT!: f4430517a50c
UVM_INFO out_mon.sv(31) @ 10941071: uvm_test_top.env0.out_mon_h [OUT_MON] GOT AN OUTPUT!: aba06ff853d3
UVM_INFO out_mon.sv(31) @ 10946051: uvm_test_top.env0.out_mon_h [OUT_MON] GOT AN OUTPUT!: db8491787e02
UVM_INFO out_mon.sv(31) @ 10951031: uvm_test_top.env0.out_mon_h [OUT_MON] GOT AN OUTPUT!: 9f5b914b8a30
UVM_INFO out_mon.sv(31) @ 10956011: uvm_test_top.env0.out_mon_h [OUT_MON] GOT AN OUTPUT!: 0fb3a61d1302
UVM_INFO out_mon.sv(31) @ 10960991: uvm_test_top.env0.out_mon_h [OUT_MON] GOT AN OUTPUT!: 192fe0025570
UVM_INFO out_mon.sv(31) @ 10965971: uvm_test_top.env0.out_mon_h [OUT_MON] GOT AN OUTPUT!: 265794e28051
UVM_INFO out_mon.sv(31) @ 10970951: uvm_test_top.env0.out_mon_h [OUT_MON] GOT AN OUTPUT!: 9487796e2a24
UVM_INFO out_mon.sv(31) @ 10975931: uvm_test_top.env0.out_mon_h [OUT_MON] GOT AN OUTPUT!: abbf07fda1cb
UVM_INFO out_mon.sv(31) @ 10980911: uvm_test_top.env0.out_mon_h [OUT_MON] GOT AN OUTPUT!: 918f596e4c44
UVM_INFO out_mon.sv(31) @ 10985891: uvm_test_top.env0.out_mon_h [OUT_MON] GOT AN OUTPUT!: 6ef4ecd710d7
UVM_INFO out_mon.sv(31) @ 10990871: uvm_test_top.env0.out_mon_h [OUT_MON] GOT AN OUTPUT!: c134adabb2f7
UVM_INFO out_mon.sv(31) @ 10995851: uvm_test_top.env0.out_mon_h [OUT_MON] GOT AN OUTPUT!: 8dc4e3a72dc9
UVM_INFO out_mon.sv(31) @ 11000831: uvm_test_top.env0.out_mon_h [OUT_MON] GOT AN OUTPUT!: f12385951af7
UVM_INFO out_mon.sv(31) @ 11005811: uvm_test_top.env0.out_mon_h [OUT_MON] GOT AN OUTPUT!: 40bd44d211e3
UVM_INFO out_mon.sv(31) @ 11010791: uvm_test_top.env0.out_mon_h [OUT_MON] GOT AN OUTPUT!: b7c6bf1b0180
UVM_INFO out_mon.sv(31) @ 11015771: uvm_test_top.env0.out_mon_h [OUT_MON] GOT AN OUTPUT!: 6726680398b0
UVM_INFO out_mon.sv(31) @ 11020751: uvm_test_top.env0.out_mon_h [OUT_MON] GOT AN OUTPUT!: e04a812ba140
UVM_INFO out_mon.sv(31) @ 11025731: uvm_test_top.env0.out_mon_h [OUT_MON] GOT AN OUTPUT!: d30e330b60e6
UVM_INFO out_mon.sv(31) @ 11030711: uvm_test_top.env0.out_mon_h [OUT_MON] GOT AN OUTPUT!: 969a25eef643
UVM_INFO out_mon.sv(31) @ 11035691: uvm_test_top.env0.out_mon_h [OUT_MON] GOT AN OUTPUT!: 55428878c29a
UVM_INFO out_mon.sv(31) @ 11040671: uvm_test_top.env0.out_mon_h [OUT_MON] GOT AN OUTPUT!: 5365dac2bf55
UVM_INFO out_mon.sv(31) @ 11045651: uvm_test_top.env0.out_mon_h [OUT_MON] GOT AN OUTPUT!: 894cbdf6dfef
UVM_INFO out_mon.sv(31) @ 11050631: uvm_test_top.env0.out_mon_h [OUT_MON] GOT AN OUTPUT!: 8813edf674c9
UVM_INFO out_mon.sv(31) @ 11055611: uvm_test_top.env0.out_mon_h [OUT_MON] GOT AN OUTPUT!: 617b9e688cf8
UVM_INFO out_mon.sv(31) @ 11060591: uvm_test_top.env0.out_mon_h [OUT_MON] GOT AN OUTPUT!: 0ad2f447522e
UVM_INFO out_mon.sv(31) @ 11065571: uvm_test_top.env0.out_mon_h [OUT_MON] GOT AN OUTPUT!: 72d728c46b11
UVM_INFO out_mon.sv(31) @ 11070551: uvm_test_top.env0.out_mon_h [OUT_MON] GOT AN OUTPUT!: 428dd01c57d4
UVM_INFO out_mon.sv(31) @ 11075531: uvm_test_top.env0.out_mon_h [OUT_MON] GOT AN OUTPUT!: 012c7eb0d55b
UVM_INFO out_mon.sv(31) @ 11080511: uvm_test_top.env0.out_mon_h [OUT_MON] GOT AN OUTPUT!: 12f3ca823ead
UVM_INFO out_mon.sv(31) @ 11085491: uvm_test_top.env0.out_mon_h [OUT_MON] GOT AN OUTPUT!: cb083fdfe799
UVM_INFO out_mon.sv(31) @ 11090471: uvm_test_top.env0.out_mon_h [OUT_MON] GOT AN OUTPUT!: 886aa7e78275
UVM_INFO out_mon.sv(31) @ 11095451: uvm_test_top.env0.out_mon_h [OUT_MON] GOT AN OUTPUT!: 95b8db2b7c26
UVM_INFO out_mon.sv(31) @ 11100431: uvm_test_top.env0.out_mon_h [OUT_MON] GOT AN OUTPUT!: 4424149861a3
UVM_INFO out_mon.sv(31) @ 11105411: uvm_test_top.env0.out_mon_h [OUT_MON] GOT AN OUTPUT!: 7949e4713334
UVM_INFO out_mon.sv(31) @ 11110391: uvm_test_top.env0.out_mon_h [OUT_MON] GOT AN OUTPUT!: a80b39fad409
UVM_INFO out_mon.sv(31) @ 11115371: uvm_test_top.env0.out_mon_h [OUT_MON] GOT AN OUTPUT!: ec83172e631e
UVM_INFO out_mon.sv(31) @ 11120351: uvm_test_top.env0.out_mon_h [OUT_MON] GOT AN OUTPUT!: c2cac98a98bb
UVM_INFO out_mon.sv(31) @ 11125331: uvm_test_top.env0.out_mon_h [OUT_MON] GOT AN OUTPUT!: 90f313dc2ceb
UVM_INFO out_mon.sv(31) @ 11130311: uvm_test_top.env0.out_mon_h [OUT_MON] GOT AN OUTPUT!: fbcf73952d0b
UVM_INFO out_mon.sv(31) @ 11135291: uvm_test_top.env0.out_mon_h [OUT_MON] GOT AN OUTPUT!: bee56d0b69d8
UVM_INFO out_mon.sv(31) @ 11140271: uvm_test_top.env0.out_mon_h [OUT_MON] GOT AN OUTPUT!: 7f4400b5ca3d
UVM_INFO out_mon.sv(31) @ 11145251: uvm_test_top.env0.out_mon_h [OUT_MON] GOT AN OUTPUT!: d1673540b402
UVM_INFO out_mon.sv(31) @ 11150231: uvm_test_top.env0.out_mon_h [OUT_MON] GOT AN OUTPUT!: 6a17fa116cca
UVM_INFO out_mon.sv(31) @ 11155211: uvm_test_top.env0.out_mon_h [OUT_MON] GOT AN OUTPUT!: 324278906c07
UVM_INFO out_mon.sv(31) @ 11160191: uvm_test_top.env0.out_mon_h [OUT_MON] GOT AN OUTPUT!: b5f13752d1b8
UVM_INFO out_mon.sv(31) @ 11165171: uvm_test_top.env0.out_mon_h [OUT_MON] GOT AN OUTPUT!: 2606e4faacb7
UVM_INFO out_mon.sv(31) @ 11170151: uvm_test_top.env0.out_mon_h [OUT_MON] GOT AN OUTPUT!: e53e1b667204
UVM_INFO out_mon.sv(31) @ 11175131: uvm_test_top.env0.out_mon_h [OUT_MON] GOT AN OUTPUT!: 57fd228751ad
UVM_INFO out_mon.sv(31) @ 11180111: uvm_test_top.env0.out_mon_h [OUT_MON] GOT AN OUTPUT!: 6f2ff0f68f87
UVM_INFO out_mon.sv(31) @ 11185091: uvm_test_top.env0.out_mon_h [OUT_MON] GOT AN OUTPUT!: 2633fe21f4e4
UVM_INFO out_mon.sv(31) @ 11190071: uvm_test_top.env0.out_mon_h [OUT_MON] GOT AN OUTPUT!: ebac21a7205d
UVM_INFO out_mon.sv(31) @ 11195051: uvm_test_top.env0.out_mon_h [OUT_MON] GOT AN OUTPUT!: ad71ef35f328
UVM_INFO out_mon.sv(31) @ 11200031: uvm_test_top.env0.out_mon_h [OUT_MON] GOT AN OUTPUT!: ff60bb11e53a
UVM_INFO out_mon.sv(31) @ 11205011: uvm_test_top.env0.out_mon_h [OUT_MON] GOT AN OUTPUT!: 9547250a6a78
UVM_INFO out_mon.sv(31) @ 11209991: uvm_test_top.env0.out_mon_h [OUT_MON] GOT AN OUTPUT!: 07ba088254b1
UVM_INFO out_mon.sv(31) @ 11214971: uvm_test_top.env0.out_mon_h [OUT_MON] GOT AN OUTPUT!: 9c01a5de3523
UVM_INFO out_mon.sv(31) @ 11219951: uvm_test_top.env0.out_mon_h [OUT_MON] GOT AN OUTPUT!: 86e69571b0d8
UVM_INFO out_mon.sv(31) @ 11224931: uvm_test_top.env0.out_mon_h [OUT_MON] GOT AN OUTPUT!: e2a897c3efdb
UVM_INFO out_mon.sv(31) @ 11229911: uvm_test_top.env0.out_mon_h [OUT_MON] GOT AN OUTPUT!: 4fce8cc2f04f
UVM_INFO out_mon.sv(31) @ 11234891: uvm_test_top.env0.out_mon_h [OUT_MON] GOT AN OUTPUT!: f90b593df464
UVM_INFO out_mon.sv(31) @ 11239871: uvm_test_top.env0.out_mon_h [OUT_MON] GOT AN OUTPUT!: 721ea8bed50f
UVM_INFO out_mon.sv(31) @ 11244851: uvm_test_top.env0.out_mon_h [OUT_MON] GOT AN OUTPUT!: a9b46d9a622d
UVM_INFO out_mon.sv(31) @ 11249831: uvm_test_top.env0.out_mon_h [OUT_MON] GOT AN OUTPUT!: e644a3cfd511
UVM_INFO out_mon.sv(31) @ 11254811: uvm_test_top.env0.out_mon_h [OUT_MON] GOT AN OUTPUT!: 85f1dd0f157a
UVM_INFO out_mon.sv(31) @ 11259791: uvm_test_top.env0.out_mon_h [OUT_MON] GOT AN OUTPUT!: f96877fe2e31
UVM_INFO out_mon.sv(31) @ 11264771: uvm_test_top.env0.out_mon_h [OUT_MON] GOT AN OUTPUT!: 31ca3095a761
UVM_INFO out_mon.sv(31) @ 11269751: uvm_test_top.env0.out_mon_h [OUT_MON] GOT AN OUTPUT!: 797d4a2bde50
UVM_INFO out_mon.sv(31) @ 11274731: uvm_test_top.env0.out_mon_h [OUT_MON] GOT AN OUTPUT!: 70108287724d
UVM_INFO out_mon.sv(31) @ 11279711: uvm_test_top.env0.out_mon_h [OUT_MON] GOT AN OUTPUT!: a12859109e24
UVM_INFO out_mon.sv(31) @ 11284691: uvm_test_top.env0.out_mon_h [OUT_MON] GOT AN OUTPUT!: ee4dd9f9983f
UVM_INFO out_mon.sv(31) @ 11289671: uvm_test_top.env0.out_mon_h [OUT_MON] GOT AN OUTPUT!: c3d9bbf5eebb
UVM_INFO out_mon.sv(31) @ 11294651: uvm_test_top.env0.out_mon_h [OUT_MON] GOT AN OUTPUT!: d0cd4fd8f18d
UVM_INFO out_mon.sv(31) @ 11299631: uvm_test_top.env0.out_mon_h [OUT_MON] GOT AN OUTPUT!: b9b85d330720
UVM_INFO out_mon.sv(31) @ 11304611: uvm_test_top.env0.out_mon_h [OUT_MON] GOT AN OUTPUT!: fe9a2bc61845
UVM_INFO out_mon.sv(31) @ 11309591: uvm_test_top.env0.out_mon_h [OUT_MON] GOT AN OUTPUT!: 0bb7fe68e712
UVM_INFO out_mon.sv(31) @ 11314571: uvm_test_top.env0.out_mon_h [OUT_MON] GOT AN OUTPUT!: 2d8282b16c03
UVM_INFO out_mon.sv(31) @ 11319551: uvm_test_top.env0.out_mon_h [OUT_MON] GOT AN OUTPUT!: df7d917e475e
UVM_INFO out_mon.sv(31) @ 11324531: uvm_test_top.env0.out_mon_h [OUT_MON] GOT AN OUTPUT!: ae126d370960
UVM_INFO out_mon.sv(31) @ 11329511: uvm_test_top.env0.out_mon_h [OUT_MON] GOT AN OUTPUT!: a379dd5ba5b8
UVM_INFO out_mon.sv(31) @ 11334491: uvm_test_top.env0.out_mon_h [OUT_MON] GOT AN OUTPUT!: f7957fbac9bb
UVM_INFO out_mon.sv(31) @ 11339471: uvm_test_top.env0.out_mon_h [OUT_MON] GOT AN OUTPUT!: 7ad5a2673d9c
UVM_INFO out_mon.sv(31) @ 11344451: uvm_test_top.env0.out_mon_h [OUT_MON] GOT AN OUTPUT!: f41583444990
UVM_INFO out_mon.sv(31) @ 11349431: uvm_test_top.env0.out_mon_h [OUT_MON] GOT AN OUTPUT!: 697c38c10b2d
UVM_INFO out_mon.sv(31) @ 11354411: uvm_test_top.env0.out_mon_h [OUT_MON] GOT AN OUTPUT!: 0c611e1ae318
UVM_INFO out_mon.sv(31) @ 11359391: uvm_test_top.env0.out_mon_h [OUT_MON] GOT AN OUTPUT!: 401ee03eca82
UVM_INFO out_mon.sv(31) @ 11364371: uvm_test_top.env0.out_mon_h [OUT_MON] GOT AN OUTPUT!: f4026f21b666
UVM_INFO out_mon.sv(31) @ 11369351: uvm_test_top.env0.out_mon_h [OUT_MON] GOT AN OUTPUT!: 4824b827f764
UVM_INFO out_mon.sv(31) @ 11374331: uvm_test_top.env0.out_mon_h [OUT_MON] GOT AN OUTPUT!: 35474ef39dbf
UVM_INFO out_mon.sv(31) @ 11379311: uvm_test_top.env0.out_mon_h [OUT_MON] GOT AN OUTPUT!: afba9fb1ceeb
UVM_INFO out_mon.sv(31) @ 11384291: uvm_test_top.env0.out_mon_h [OUT_MON] GOT AN OUTPUT!: 7d3a26bf3261
UVM_INFO out_mon.sv(31) @ 11389271: uvm_test_top.env0.out_mon_h [OUT_MON] GOT AN OUTPUT!: b5cfdf3b4bfa
UVM_INFO out_mon.sv(31) @ 11394251: uvm_test_top.env0.out_mon_h [OUT_MON] GOT AN OUTPUT!: a7aa29e2d56b
UVM_INFO out_mon.sv(31) @ 11399231: uvm_test_top.env0.out_mon_h [OUT_MON] GOT AN OUTPUT!: 960bfd49290c
UVM_INFO out_mon.sv(31) @ 11404211: uvm_test_top.env0.out_mon_h [OUT_MON] GOT AN OUTPUT!: 8b1ecf489e30
UVM_INFO out_mon.sv(31) @ 11409191: uvm_test_top.env0.out_mon_h [OUT_MON] GOT AN OUTPUT!: 34dd7e41e74e
UVM_INFO out_mon.sv(31) @ 11414171: uvm_test_top.env0.out_mon_h [OUT_MON] GOT AN OUTPUT!: 84e659826c97
UVM_INFO out_mon.sv(31) @ 11419151: uvm_test_top.env0.out_mon_h [OUT_MON] GOT AN OUTPUT!: 8b6f03e9bc7b
UVM_INFO out_mon.sv(31) @ 11424131: uvm_test_top.env0.out_mon_h [OUT_MON] GOT AN OUTPUT!: c50e59a5dbcf
UVM_INFO out_mon.sv(31) @ 11429111: uvm_test_top.env0.out_mon_h [OUT_MON] GOT AN OUTPUT!: d3ad879ea677
UVM_INFO out_mon.sv(31) @ 11434091: uvm_test_top.env0.out_mon_h [OUT_MON] GOT AN OUTPUT!: 5a5ee4e8430d
UVM_INFO out_mon.sv(31) @ 11439071: uvm_test_top.env0.out_mon_h [OUT_MON] GOT AN OUTPUT!: 744428546516
UVM_INFO out_mon.sv(31) @ 11444051: uvm_test_top.env0.out_mon_h [OUT_MON] GOT AN OUTPUT!: fe687dfac585
UVM_INFO out_mon.sv(31) @ 11449031: uvm_test_top.env0.out_mon_h [OUT_MON] GOT AN OUTPUT!: aca14150701a
UVM_INFO out_mon.sv(31) @ 11454011: uvm_test_top.env0.out_mon_h [OUT_MON] GOT AN OUTPUT!: a1725b26385c
UVM_INFO out_mon.sv(31) @ 11458991: uvm_test_top.env0.out_mon_h [OUT_MON] GOT AN OUTPUT!: 00ec38a604c9
UVM_INFO out_mon.sv(31) @ 11463971: uvm_test_top.env0.out_mon_h [OUT_MON] GOT AN OUTPUT!: b68c15273cc8
UVM_INFO out_mon.sv(31) @ 11468951: uvm_test_top.env0.out_mon_h [OUT_MON] GOT AN OUTPUT!: 6616d8722024
UVM_INFO out_mon.sv(31) @ 11473931: uvm_test_top.env0.out_mon_h [OUT_MON] GOT AN OUTPUT!: 3f815eca2c1d
UVM_INFO out_mon.sv(31) @ 11478911: uvm_test_top.env0.out_mon_h [OUT_MON] GOT AN OUTPUT!: 2dca8ed77c35
UVM_INFO out_mon.sv(31) @ 11483891: uvm_test_top.env0.out_mon_h [OUT_MON] GOT AN OUTPUT!: 98ddd54724f4
UVM_INFO out_mon.sv(31) @ 11488871: uvm_test_top.env0.out_mon_h [OUT_MON] GOT AN OUTPUT!: b27155ba965f
UVM_INFO out_mon.sv(31) @ 11493851: uvm_test_top.env0.out_mon_h [OUT_MON] GOT AN OUTPUT!: 05ea8e5e002a
UVM_INFO out_mon.sv(31) @ 11498831: uvm_test_top.env0.out_mon_h [OUT_MON] GOT AN OUTPUT!: c339c13daa3a
UVM_INFO out_mon.sv(31) @ 11503811: uvm_test_top.env0.out_mon_h [OUT_MON] GOT AN OUTPUT!: fcb669325bf2
UVM_INFO out_mon.sv(31) @ 11508791: uvm_test_top.env0.out_mon_h [OUT_MON] GOT AN OUTPUT!: d00cebfcb5e7
UVM_INFO out_mon.sv(31) @ 11513771: uvm_test_top.env0.out_mon_h [OUT_MON] GOT AN OUTPUT!: 320fd2e792a9
UVM_INFO out_mon.sv(31) @ 11518751: uvm_test_top.env0.out_mon_h [OUT_MON] GOT AN OUTPUT!: d59aa109705a
UVM_INFO out_mon.sv(31) @ 11523731: uvm_test_top.env0.out_mon_h [OUT_MON] GOT AN OUTPUT!: 657df2fcc0b1
UVM_INFO out_mon.sv(31) @ 11528711: uvm_test_top.env0.out_mon_h [OUT_MON] GOT AN OUTPUT!: 094db0a75987
UVM_INFO out_mon.sv(31) @ 11533691: uvm_test_top.env0.out_mon_h [OUT_MON] GOT AN OUTPUT!: ed4f0768c5fc
UVM_INFO out_mon.sv(31) @ 11538671: uvm_test_top.env0.out_mon_h [OUT_MON] GOT AN OUTPUT!: 45519cc7ac01
UVM_INFO out_mon.sv(31) @ 11543651: uvm_test_top.env0.out_mon_h [OUT_MON] GOT AN OUTPUT!: 028edc76378a
UVM_INFO out_mon.sv(31) @ 11548631: uvm_test_top.env0.out_mon_h [OUT_MON] GOT AN OUTPUT!: 348eaa4564e8
UVM_INFO out_mon.sv(31) @ 11553611: uvm_test_top.env0.out_mon_h [OUT_MON] GOT AN OUTPUT!: cd08095f7490
UVM_INFO out_mon.sv(31) @ 11558591: uvm_test_top.env0.out_mon_h [OUT_MON] GOT AN OUTPUT!: 3eb880e13eaf
UVM_INFO out_mon.sv(31) @ 11563571: uvm_test_top.env0.out_mon_h [OUT_MON] GOT AN OUTPUT!: 2f4a1aaa9a7b
UVM_INFO out_mon.sv(31) @ 11568551: uvm_test_top.env0.out_mon_h [OUT_MON] GOT AN OUTPUT!: 343548fdb6af
UVM_INFO out_mon.sv(31) @ 11573531: uvm_test_top.env0.out_mon_h [OUT_MON] GOT AN OUTPUT!: 529e1c45848c
UVM_INFO out_mon.sv(31) @ 11578511: uvm_test_top.env0.out_mon_h [OUT_MON] GOT AN OUTPUT!: ba329f1b08fc
UVM_INFO out_mon.sv(31) @ 11583491: uvm_test_top.env0.out_mon_h [OUT_MON] GOT AN OUTPUT!: f310c561cd46
UVM_INFO out_mon.sv(31) @ 11588471: uvm_test_top.env0.out_mon_h [OUT_MON] GOT AN OUTPUT!: 769f30133172
UVM_INFO out_mon.sv(31) @ 11593451: uvm_test_top.env0.out_mon_h [OUT_MON] GOT AN OUTPUT!: 6b6eba10d360
UVM_INFO out_mon.sv(31) @ 11598431: uvm_test_top.env0.out_mon_h [OUT_MON] GOT AN OUTPUT!: fc215115ea7e
UVM_INFO out_mon.sv(31) @ 11603411: uvm_test_top.env0.out_mon_h [OUT_MON] GOT AN OUTPUT!: 8143159faf75
UVM_INFO out_mon.sv(31) @ 11608391: uvm_test_top.env0.out_mon_h [OUT_MON] GOT AN OUTPUT!: 76287664b38a
UVM_INFO out_mon.sv(31) @ 11613371: uvm_test_top.env0.out_mon_h [OUT_MON] GOT AN OUTPUT!: f0d9bdb34133
UVM_INFO out_mon.sv(31) @ 11618351: uvm_test_top.env0.out_mon_h [OUT_MON] GOT AN OUTPUT!: 14e2dacec293
UVM_INFO out_mon.sv(31) @ 11623331: uvm_test_top.env0.out_mon_h [OUT_MON] GOT AN OUTPUT!: b93eb7242032
UVM_INFO out_mon.sv(31) @ 11628311: uvm_test_top.env0.out_mon_h [OUT_MON] GOT AN OUTPUT!: 39382ced1bd3
UVM_INFO out_mon.sv(31) @ 11633291: uvm_test_top.env0.out_mon_h [OUT_MON] GOT AN OUTPUT!: 2840ea9aac35
UVM_INFO out_mon.sv(31) @ 11638271: uvm_test_top.env0.out_mon_h [OUT_MON] GOT AN OUTPUT!: 60d7a61e7208
UVM_INFO out_mon.sv(31) @ 11643251: uvm_test_top.env0.out_mon_h [OUT_MON] GOT AN OUTPUT!: a66691eb000b
UVM_INFO out_mon.sv(31) @ 11648231: uvm_test_top.env0.out_mon_h [OUT_MON] GOT AN OUTPUT!: d2295543493c
UVM_INFO out_mon.sv(31) @ 11653211: uvm_test_top.env0.out_mon_h [OUT_MON] GOT AN OUTPUT!: 4300da30f9ca
UVM_INFO out_mon.sv(31) @ 11658191: uvm_test_top.env0.out_mon_h [OUT_MON] GOT AN OUTPUT!: 085df639d99c
UVM_INFO out_mon.sv(31) @ 11663171: uvm_test_top.env0.out_mon_h [OUT_MON] GOT AN OUTPUT!: 001bd6ac2e91
UVM_INFO out_mon.sv(31) @ 11668151: uvm_test_top.env0.out_mon_h [OUT_MON] GOT AN OUTPUT!: df5e3b1a1f40
UVM_INFO out_mon.sv(31) @ 11673131: uvm_test_top.env0.out_mon_h [OUT_MON] GOT AN OUTPUT!: de7d495c039c
UVM_INFO out_mon.sv(31) @ 11678111: uvm_test_top.env0.out_mon_h [OUT_MON] GOT AN OUTPUT!: 7fd7d831d56c
UVM_INFO out_mon.sv(31) @ 11683091: uvm_test_top.env0.out_mon_h [OUT_MON] GOT AN OUTPUT!: a9b8835b8dd2
UVM_INFO out_mon.sv(31) @ 11688071: uvm_test_top.env0.out_mon_h [OUT_MON] GOT AN OUTPUT!: 0b3620c07b3d
UVM_INFO out_mon.sv(31) @ 11693051: uvm_test_top.env0.out_mon_h [OUT_MON] GOT AN OUTPUT!: 8414bffdac89
UVM_INFO out_mon.sv(31) @ 11698031: uvm_test_top.env0.out_mon_h [OUT_MON] GOT AN OUTPUT!: 07a596734b36
UVM_INFO out_mon.sv(31) @ 11703011: uvm_test_top.env0.out_mon_h [OUT_MON] GOT AN OUTPUT!: 32a13ca8fbbf
UVM_INFO out_mon.sv(31) @ 11707991: uvm_test_top.env0.out_mon_h [OUT_MON] GOT AN OUTPUT!: 8c114fa13ead
UVM_INFO out_mon.sv(31) @ 11712971: uvm_test_top.env0.out_mon_h [OUT_MON] GOT AN OUTPUT!: 29279873d572
UVM_INFO out_mon.sv(31) @ 11717951: uvm_test_top.env0.out_mon_h [OUT_MON] GOT AN OUTPUT!: 2c246c471584
UVM_INFO out_mon.sv(31) @ 11722931: uvm_test_top.env0.out_mon_h [OUT_MON] GOT AN OUTPUT!: 563484805765
UVM_INFO out_mon.sv(31) @ 11727911: uvm_test_top.env0.out_mon_h [OUT_MON] GOT AN OUTPUT!: a44f93c34839
UVM_INFO out_mon.sv(31) @ 11732891: uvm_test_top.env0.out_mon_h [OUT_MON] GOT AN OUTPUT!: af1475185dea
UVM_INFO out_mon.sv(31) @ 11737871: uvm_test_top.env0.out_mon_h [OUT_MON] GOT AN OUTPUT!: 45b9b65217ae
UVM_INFO out_mon.sv(31) @ 11742851: uvm_test_top.env0.out_mon_h [OUT_MON] GOT AN OUTPUT!: 7bd35a89800f
UVM_INFO out_mon.sv(31) @ 11747831: uvm_test_top.env0.out_mon_h [OUT_MON] GOT AN OUTPUT!: 224f08497bb4
UVM_INFO out_mon.sv(31) @ 11752811: uvm_test_top.env0.out_mon_h [OUT_MON] GOT AN OUTPUT!: 633c02c122c3
UVM_INFO out_mon.sv(31) @ 11757791: uvm_test_top.env0.out_mon_h [OUT_MON] GOT AN OUTPUT!: f8be6d1530c6
UVM_INFO out_mon.sv(31) @ 11762771: uvm_test_top.env0.out_mon_h [OUT_MON] GOT AN OUTPUT!: 36dd34a85a45
UVM_INFO out_mon.sv(31) @ 11767751: uvm_test_top.env0.out_mon_h [OUT_MON] GOT AN OUTPUT!: e0734df2b4ef
UVM_INFO out_mon.sv(31) @ 11772731: uvm_test_top.env0.out_mon_h [OUT_MON] GOT AN OUTPUT!: 7f0024400882
UVM_INFO out_mon.sv(31) @ 11777711: uvm_test_top.env0.out_mon_h [OUT_MON] GOT AN OUTPUT!: b5970d6d415a
UVM_INFO out_mon.sv(31) @ 11782691: uvm_test_top.env0.out_mon_h [OUT_MON] GOT AN OUTPUT!: c6b3577cc4aa
UVM_INFO out_mon.sv(31) @ 11787671: uvm_test_top.env0.out_mon_h [OUT_MON] GOT AN OUTPUT!: 45191a99d373
UVM_INFO out_mon.sv(31) @ 11792651: uvm_test_top.env0.out_mon_h [OUT_MON] GOT AN OUTPUT!: a7be83e2eda9
UVM_INFO out_mon.sv(31) @ 11797631: uvm_test_top.env0.out_mon_h [OUT_MON] GOT AN OUTPUT!: 38a3d4132822
UVM_INFO out_mon.sv(31) @ 11802611: uvm_test_top.env0.out_mon_h [OUT_MON] GOT AN OUTPUT!: 96b397e29cbd
UVM_INFO out_mon.sv(31) @ 11807591: uvm_test_top.env0.out_mon_h [OUT_MON] GOT AN OUTPUT!: c2a22fb5bb13
UVM_INFO out_mon.sv(31) @ 11812571: uvm_test_top.env0.out_mon_h [OUT_MON] GOT AN OUTPUT!: 6ed872f3b0e9
UVM_INFO out_mon.sv(31) @ 11817551: uvm_test_top.env0.out_mon_h [OUT_MON] GOT AN OUTPUT!: 0a436a1bc77e
UVM_INFO out_mon.sv(31) @ 11822531: uvm_test_top.env0.out_mon_h [OUT_MON] GOT AN OUTPUT!: be3c6d71c374
UVM_INFO out_mon.sv(31) @ 11827511: uvm_test_top.env0.out_mon_h [OUT_MON] GOT AN OUTPUT!: 576faad94969
UVM_INFO out_mon.sv(31) @ 11832491: uvm_test_top.env0.out_mon_h [OUT_MON] GOT AN OUTPUT!: d1ac41383330
UVM_INFO out_mon.sv(31) @ 11837471: uvm_test_top.env0.out_mon_h [OUT_MON] GOT AN OUTPUT!: fed5df77fbe4
UVM_INFO out_mon.sv(31) @ 11842451: uvm_test_top.env0.out_mon_h [OUT_MON] GOT AN OUTPUT!: 80b277fe19bf
UVM_INFO out_mon.sv(31) @ 11847431: uvm_test_top.env0.out_mon_h [OUT_MON] GOT AN OUTPUT!: 0ddeba335c2a
UVM_INFO out_mon.sv(31) @ 11852411: uvm_test_top.env0.out_mon_h [OUT_MON] GOT AN OUTPUT!: b99de1725596
UVM_INFO out_mon.sv(31) @ 11857391: uvm_test_top.env0.out_mon_h [OUT_MON] GOT AN OUTPUT!: b6b81574a726
UVM_INFO out_mon.sv(31) @ 11862371: uvm_test_top.env0.out_mon_h [OUT_MON] GOT AN OUTPUT!: cd734d177ee6
UVM_INFO out_mon.sv(31) @ 11867351: uvm_test_top.env0.out_mon_h [OUT_MON] GOT AN OUTPUT!: 7c51ae0ed85c
UVM_INFO out_mon.sv(31) @ 11872331: uvm_test_top.env0.out_mon_h [OUT_MON] GOT AN OUTPUT!: 7c06f2dff531
UVM_INFO out_mon.sv(31) @ 11877311: uvm_test_top.env0.out_mon_h [OUT_MON] GOT AN OUTPUT!: 1e517a3aaa96
UVM_INFO out_mon.sv(31) @ 11882291: uvm_test_top.env0.out_mon_h [OUT_MON] GOT AN OUTPUT!: bfdfc389d2c5
UVM_INFO out_mon.sv(31) @ 11887271: uvm_test_top.env0.out_mon_h [OUT_MON] GOT AN OUTPUT!: 452770529a6e
UVM_INFO out_mon.sv(31) @ 11892251: uvm_test_top.env0.out_mon_h [OUT_MON] GOT AN OUTPUT!: 5a4a30baf2bf
UVM_INFO out_mon.sv(31) @ 11897231: uvm_test_top.env0.out_mon_h [OUT_MON] GOT AN OUTPUT!: edfc314ee40e
UVM_INFO out_mon.sv(31) @ 11902211: uvm_test_top.env0.out_mon_h [OUT_MON] GOT AN OUTPUT!: 1f577edcf5ef
UVM_INFO out_mon.sv(31) @ 11907191: uvm_test_top.env0.out_mon_h [OUT_MON] GOT AN OUTPUT!: 96bf4f018532
UVM_INFO out_mon.sv(31) @ 11912171: uvm_test_top.env0.out_mon_h [OUT_MON] GOT AN OUTPUT!: 01cc3ab93237
UVM_INFO out_mon.sv(31) @ 11917151: uvm_test_top.env0.out_mon_h [OUT_MON] GOT AN OUTPUT!: 2a1b961237da
UVM_INFO out_mon.sv(31) @ 11922131: uvm_test_top.env0.out_mon_h [OUT_MON] GOT AN OUTPUT!: df39f1d4c7ad
UVM_INFO out_mon.sv(31) @ 11927111: uvm_test_top.env0.out_mon_h [OUT_MON] GOT AN OUTPUT!: ab7b37ba75ad
UVM_INFO out_mon.sv(31) @ 11932091: uvm_test_top.env0.out_mon_h [OUT_MON] GOT AN OUTPUT!: 0be7be8c8e39
UVM_INFO out_mon.sv(31) @ 11937071: uvm_test_top.env0.out_mon_h [OUT_MON] GOT AN OUTPUT!: a30d1b417f7a
UVM_INFO out_mon.sv(31) @ 11942051: uvm_test_top.env0.out_mon_h [OUT_MON] GOT AN OUTPUT!: 9ee4bbf129d9
UVM_INFO out_mon.sv(31) @ 11947031: uvm_test_top.env0.out_mon_h [OUT_MON] GOT AN OUTPUT!: 49b844384dd6
UVM_INFO out_mon.sv(31) @ 11952011: uvm_test_top.env0.out_mon_h [OUT_MON] GOT AN OUTPUT!: 7dfd0662ed5a
UVM_INFO out_mon.sv(31) @ 11956991: uvm_test_top.env0.out_mon_h [OUT_MON] GOT AN OUTPUT!: 753190759f4e
UVM_INFO out_mon.sv(31) @ 11961971: uvm_test_top.env0.out_mon_h [OUT_MON] GOT AN OUTPUT!: 29bd5cedf8a1
UVM_INFO out_mon.sv(31) @ 11966951: uvm_test_top.env0.out_mon_h [OUT_MON] GOT AN OUTPUT!: 43dbb4d1ec27
UVM_INFO out_mon.sv(31) @ 11971931: uvm_test_top.env0.out_mon_h [OUT_MON] GOT AN OUTPUT!: 496ee4662758
UVM_INFO out_mon.sv(31) @ 11976911: uvm_test_top.env0.out_mon_h [OUT_MON] GOT AN OUTPUT!: 88e6c7a3751b
UVM_INFO out_mon.sv(31) @ 11981891: uvm_test_top.env0.out_mon_h [OUT_MON] GOT AN OUTPUT!: f71e55431624
UVM_INFO out_mon.sv(31) @ 11986871: uvm_test_top.env0.out_mon_h [OUT_MON] GOT AN OUTPUT!: f84039fa3217
UVM_INFO out_mon.sv(31) @ 11991851: uvm_test_top.env0.out_mon_h [OUT_MON] GOT AN OUTPUT!: cb9af73c2224
UVM_INFO out_mon.sv(31) @ 11996831: uvm_test_top.env0.out_mon_h [OUT_MON] GOT AN OUTPUT!: 1291909be16f
UVM_INFO out_mon.sv(31) @ 12001811: uvm_test_top.env0.out_mon_h [OUT_MON] GOT AN OUTPUT!: aa6da3a465f1
UVM_INFO out_mon.sv(31) @ 12006791: uvm_test_top.env0.out_mon_h [OUT_MON] GOT AN OUTPUT!: d147afbfff71
UVM_INFO out_mon.sv(31) @ 12011771: uvm_test_top.env0.out_mon_h [OUT_MON] GOT AN OUTPUT!: 4de35c86bad3
UVM_INFO out_mon.sv(31) @ 12016751: uvm_test_top.env0.out_mon_h [OUT_MON] GOT AN OUTPUT!: 128e248bc5ed
UVM_INFO out_mon.sv(31) @ 12021731: uvm_test_top.env0.out_mon_h [OUT_MON] GOT AN OUTPUT!: 93069581c267
UVM_INFO out_mon.sv(31) @ 12026711: uvm_test_top.env0.out_mon_h [OUT_MON] GOT AN OUTPUT!: c5532b4e3288
UVM_INFO out_mon.sv(31) @ 12031691: uvm_test_top.env0.out_mon_h [OUT_MON] GOT AN OUTPUT!: 85a5b763d46c
UVM_INFO out_mon.sv(31) @ 12036671: uvm_test_top.env0.out_mon_h [OUT_MON] GOT AN OUTPUT!: d53ee37c0070
UVM_INFO out_mon.sv(31) @ 12041651: uvm_test_top.env0.out_mon_h [OUT_MON] GOT AN OUTPUT!: 2c4b0c870ff3
UVM_INFO out_mon.sv(31) @ 12046631: uvm_test_top.env0.out_mon_h [OUT_MON] GOT AN OUTPUT!: d6bf716bad52
UVM_INFO out_mon.sv(31) @ 12051611: uvm_test_top.env0.out_mon_h [OUT_MON] GOT AN OUTPUT!: 14439ced4a9b
UVM_INFO out_mon.sv(31) @ 12056591: uvm_test_top.env0.out_mon_h [OUT_MON] GOT AN OUTPUT!: 73017ad17317
UVM_INFO out_mon.sv(31) @ 12061571: uvm_test_top.env0.out_mon_h [OUT_MON] GOT AN OUTPUT!: 9d98151c2830
UVM_INFO out_mon.sv(31) @ 12066551: uvm_test_top.env0.out_mon_h [OUT_MON] GOT AN OUTPUT!: 93f1c7fb4f5d
UVM_INFO out_mon.sv(31) @ 12071531: uvm_test_top.env0.out_mon_h [OUT_MON] GOT AN OUTPUT!: 071a5eb9023b
UVM_INFO out_mon.sv(31) @ 12076511: uvm_test_top.env0.out_mon_h [OUT_MON] GOT AN OUTPUT!: 503664ccfd25
UVM_INFO out_mon.sv(31) @ 12081491: uvm_test_top.env0.out_mon_h [OUT_MON] GOT AN OUTPUT!: 3a53e2e4f2e5
UVM_INFO out_mon.sv(31) @ 12086471: uvm_test_top.env0.out_mon_h [OUT_MON] GOT AN OUTPUT!: 9745257bf6a6
UVM_INFO out_mon.sv(31) @ 12091451: uvm_test_top.env0.out_mon_h [OUT_MON] GOT AN OUTPUT!: 578e3658d7c6
UVM_INFO out_mon.sv(31) @ 12096431: uvm_test_top.env0.out_mon_h [OUT_MON] GOT AN OUTPUT!: 9d40cd0b7cce
UVM_INFO out_mon.sv(31) @ 12101411: uvm_test_top.env0.out_mon_h [OUT_MON] GOT AN OUTPUT!: 01d728414ae6
UVM_INFO out_mon.sv(31) @ 12106391: uvm_test_top.env0.out_mon_h [OUT_MON] GOT AN OUTPUT!: 071bcc888751
UVM_INFO out_mon.sv(31) @ 12111371: uvm_test_top.env0.out_mon_h [OUT_MON] GOT AN OUTPUT!: 6afcd2daada7
UVM_INFO out_mon.sv(31) @ 12116351: uvm_test_top.env0.out_mon_h [OUT_MON] GOT AN OUTPUT!: d67cd505d3da
UVM_INFO out_mon.sv(31) @ 12121331: uvm_test_top.env0.out_mon_h [OUT_MON] GOT AN OUTPUT!: 1f87d6cd12cf
UVM_INFO out_mon.sv(31) @ 12126311: uvm_test_top.env0.out_mon_h [OUT_MON] GOT AN OUTPUT!: 15d53657de3c
UVM_INFO out_mon.sv(31) @ 12131291: uvm_test_top.env0.out_mon_h [OUT_MON] GOT AN OUTPUT!: 92c53d485e66
UVM_INFO out_mon.sv(31) @ 12136271: uvm_test_top.env0.out_mon_h [OUT_MON] GOT AN OUTPUT!: 444c3690e32f
UVM_INFO out_mon.sv(31) @ 12141251: uvm_test_top.env0.out_mon_h [OUT_MON] GOT AN OUTPUT!: 6ac334e02ba7
UVM_INFO out_mon.sv(31) @ 12146231: uvm_test_top.env0.out_mon_h [OUT_MON] GOT AN OUTPUT!: 81d06b3cda7e
UVM_INFO out_mon.sv(31) @ 12151211: uvm_test_top.env0.out_mon_h [OUT_MON] GOT AN OUTPUT!: 8c4b2927d2b8
UVM_INFO out_mon.sv(31) @ 12156191: uvm_test_top.env0.out_mon_h [OUT_MON] GOT AN OUTPUT!: 7b0f425d8736
UVM_INFO out_mon.sv(31) @ 12161171: uvm_test_top.env0.out_mon_h [OUT_MON] GOT AN OUTPUT!: e6e95d0e715e
UVM_INFO out_mon.sv(31) @ 12166151: uvm_test_top.env0.out_mon_h [OUT_MON] GOT AN OUTPUT!: 1570b22661b6
UVM_INFO out_mon.sv(31) @ 12171131: uvm_test_top.env0.out_mon_h [OUT_MON] GOT AN OUTPUT!: 00e99efae36d
UVM_INFO out_mon.sv(31) @ 12176111: uvm_test_top.env0.out_mon_h [OUT_MON] GOT AN OUTPUT!: db224b78a324
UVM_INFO out_mon.sv(31) @ 12181091: uvm_test_top.env0.out_mon_h [OUT_MON] GOT AN OUTPUT!: 435818a7c529
UVM_INFO out_mon.sv(31) @ 12186071: uvm_test_top.env0.out_mon_h [OUT_MON] GOT AN OUTPUT!: 2712a61f4d46
UVM_INFO out_mon.sv(31) @ 12191051: uvm_test_top.env0.out_mon_h [OUT_MON] GOT AN OUTPUT!: 060302bf7343
UVM_INFO out_mon.sv(31) @ 12196031: uvm_test_top.env0.out_mon_h [OUT_MON] GOT AN OUTPUT!: 10eb62cb171f
UVM_INFO out_mon.sv(31) @ 12201011: uvm_test_top.env0.out_mon_h [OUT_MON] GOT AN OUTPUT!: 5b75143809c6
UVM_INFO out_mon.sv(31) @ 12205991: uvm_test_top.env0.out_mon_h [OUT_MON] GOT AN OUTPUT!: 1919a8ce7e69
UVM_INFO out_mon.sv(31) @ 12210971: uvm_test_top.env0.out_mon_h [OUT_MON] GOT AN OUTPUT!: 9cf8856f628e
UVM_INFO out_mon.sv(31) @ 12215951: uvm_test_top.env0.out_mon_h [OUT_MON] GOT AN OUTPUT!: 94c67b99c145
UVM_INFO out_mon.sv(31) @ 12220931: uvm_test_top.env0.out_mon_h [OUT_MON] GOT AN OUTPUT!: b69b85071d98
UVM_INFO out_mon.sv(31) @ 12225911: uvm_test_top.env0.out_mon_h [OUT_MON] GOT AN OUTPUT!: d9e1b1f6d92b
UVM_INFO out_mon.sv(31) @ 12230891: uvm_test_top.env0.out_mon_h [OUT_MON] GOT AN OUTPUT!: 3328ec8090cf
UVM_INFO out_mon.sv(31) @ 12235871: uvm_test_top.env0.out_mon_h [OUT_MON] GOT AN OUTPUT!: 2b15f2058394
UVM_INFO out_mon.sv(31) @ 12240851: uvm_test_top.env0.out_mon_h [OUT_MON] GOT AN OUTPUT!: 082d1c98dea5
UVM_INFO out_mon.sv(31) @ 12245831: uvm_test_top.env0.out_mon_h [OUT_MON] GOT AN OUTPUT!: 63cd88f7383f
UVM_INFO out_mon.sv(31) @ 12250811: uvm_test_top.env0.out_mon_h [OUT_MON] GOT AN OUTPUT!: 21f4bc64de1a
UVM_INFO out_mon.sv(31) @ 12255791: uvm_test_top.env0.out_mon_h [OUT_MON] GOT AN OUTPUT!: 64356c8b3ab1
UVM_INFO out_mon.sv(31) @ 12260771: uvm_test_top.env0.out_mon_h [OUT_MON] GOT AN OUTPUT!: af8a632d2e78
UVM_INFO out_mon.sv(31) @ 12265751: uvm_test_top.env0.out_mon_h [OUT_MON] GOT AN OUTPUT!: 3d3b524a81b6
UVM_INFO out_mon.sv(31) @ 12270731: uvm_test_top.env0.out_mon_h [OUT_MON] GOT AN OUTPUT!: 2ebbc40a2a70
UVM_INFO out_mon.sv(31) @ 12275711: uvm_test_top.env0.out_mon_h [OUT_MON] GOT AN OUTPUT!: 1c891c83c98f
UVM_INFO out_mon.sv(31) @ 12280691: uvm_test_top.env0.out_mon_h [OUT_MON] GOT AN OUTPUT!: 38127a3fefde
UVM_INFO out_mon.sv(31) @ 12285671: uvm_test_top.env0.out_mon_h [OUT_MON] GOT AN OUTPUT!: f88d85078e96
UVM_INFO out_mon.sv(31) @ 12290651: uvm_test_top.env0.out_mon_h [OUT_MON] GOT AN OUTPUT!: 0adc0a5a56e2
UVM_INFO out_mon.sv(31) @ 12295631: uvm_test_top.env0.out_mon_h [OUT_MON] GOT AN OUTPUT!: fc7161a40ff5
UVM_INFO out_mon.sv(31) @ 12300611: uvm_test_top.env0.out_mon_h [OUT_MON] GOT AN OUTPUT!: d9242f08fe86
UVM_INFO out_mon.sv(31) @ 12305591: uvm_test_top.env0.out_mon_h [OUT_MON] GOT AN OUTPUT!: b4203f614550
UVM_INFO out_mon.sv(31) @ 12310571: uvm_test_top.env0.out_mon_h [OUT_MON] GOT AN OUTPUT!: d3b813bb40ab
UVM_INFO out_mon.sv(31) @ 12315551: uvm_test_top.env0.out_mon_h [OUT_MON] GOT AN OUTPUT!: f84ad17cede6
UVM_INFO out_mon.sv(31) @ 12320531: uvm_test_top.env0.out_mon_h [OUT_MON] GOT AN OUTPUT!: f6227bfc3c7d
UVM_INFO out_mon.sv(31) @ 12325511: uvm_test_top.env0.out_mon_h [OUT_MON] GOT AN OUTPUT!: 9a58f326831c
UVM_INFO out_mon.sv(31) @ 12330491: uvm_test_top.env0.out_mon_h [OUT_MON] GOT AN OUTPUT!: 92b0938eca17
UVM_INFO out_mon.sv(31) @ 12335471: uvm_test_top.env0.out_mon_h [OUT_MON] GOT AN OUTPUT!: d07895fb41e9
UVM_INFO out_mon.sv(31) @ 12340451: uvm_test_top.env0.out_mon_h [OUT_MON] GOT AN OUTPUT!: 9e6c5d498994
UVM_INFO out_mon.sv(31) @ 12345431: uvm_test_top.env0.out_mon_h [OUT_MON] GOT AN OUTPUT!: 619280422428
UVM_INFO out_mon.sv(31) @ 12350411: uvm_test_top.env0.out_mon_h [OUT_MON] GOT AN OUTPUT!: bd2371b2d355
UVM_INFO out_mon.sv(31) @ 12355391: uvm_test_top.env0.out_mon_h [OUT_MON] GOT AN OUTPUT!: 91592fe7ec2d
UVM_INFO out_mon.sv(31) @ 12360371: uvm_test_top.env0.out_mon_h [OUT_MON] GOT AN OUTPUT!: 0d5e125cc496
UVM_INFO out_mon.sv(31) @ 12365351: uvm_test_top.env0.out_mon_h [OUT_MON] GOT AN OUTPUT!: cc31a53b10b6
UVM_INFO out_mon.sv(31) @ 12370331: uvm_test_top.env0.out_mon_h [OUT_MON] GOT AN OUTPUT!: b46e39013b28
UVM_INFO out_mon.sv(31) @ 12375311: uvm_test_top.env0.out_mon_h [OUT_MON] GOT AN OUTPUT!: 134b9c67ce92
UVM_INFO out_mon.sv(31) @ 12380291: uvm_test_top.env0.out_mon_h [OUT_MON] GOT AN OUTPUT!: 2a5fb45dd06e
UVM_INFO out_mon.sv(31) @ 12385271: uvm_test_top.env0.out_mon_h [OUT_MON] GOT AN OUTPUT!: 2891d0b4230f
UVM_INFO out_mon.sv(31) @ 12390251: uvm_test_top.env0.out_mon_h [OUT_MON] GOT AN OUTPUT!: 45f9e2cfe171
UVM_INFO out_mon.sv(31) @ 12395231: uvm_test_top.env0.out_mon_h [OUT_MON] GOT AN OUTPUT!: 7ab0d87bc790
UVM_INFO out_mon.sv(31) @ 12400211: uvm_test_top.env0.out_mon_h [OUT_MON] GOT AN OUTPUT!: 08c934b08b23
UVM_INFO out_mon.sv(31) @ 12405191: uvm_test_top.env0.out_mon_h [OUT_MON] GOT AN OUTPUT!: d11453ec3a5b
UVM_INFO out_mon.sv(31) @ 12410171: uvm_test_top.env0.out_mon_h [OUT_MON] GOT AN OUTPUT!: 2b1bfc70a7a4
UVM_INFO out_mon.sv(31) @ 12415151: uvm_test_top.env0.out_mon_h [OUT_MON] GOT AN OUTPUT!: b7ebc380b9ff
UVM_INFO out_mon.sv(31) @ 12420131: uvm_test_top.env0.out_mon_h [OUT_MON] GOT AN OUTPUT!: 67fdb274d2b6
UVM_INFO out_mon.sv(31) @ 12425111: uvm_test_top.env0.out_mon_h [OUT_MON] GOT AN OUTPUT!: ac1df93e3a5a
UVM_INFO out_mon.sv(31) @ 12430091: uvm_test_top.env0.out_mon_h [OUT_MON] GOT AN OUTPUT!: 893939b16b13
UVM_INFO out_mon.sv(31) @ 12435071: uvm_test_top.env0.out_mon_h [OUT_MON] GOT AN OUTPUT!: 07575eaf7fb9
UVM_INFO out_mon.sv(31) @ 12440051: uvm_test_top.env0.out_mon_h [OUT_MON] GOT AN OUTPUT!: 335c3e068be6
UVM_INFO out_mon.sv(31) @ 12445031: uvm_test_top.env0.out_mon_h [OUT_MON] GOT AN OUTPUT!: ac04f5a101f7
UVM_INFO out_mon.sv(31) @ 12450011: uvm_test_top.env0.out_mon_h [OUT_MON] GOT AN OUTPUT!: 71b3585c0f1c
UVM_INFO out_mon.sv(31) @ 12454991: uvm_test_top.env0.out_mon_h [OUT_MON] GOT AN OUTPUT!: 7155729cfd29
UVM_INFO out_mon.sv(31) @ 12459971: uvm_test_top.env0.out_mon_h [OUT_MON] GOT AN OUTPUT!: 0249ec7d92c6
UVM_INFO out_mon.sv(31) @ 12464951: uvm_test_top.env0.out_mon_h [OUT_MON] GOT AN OUTPUT!: 4f3338276ec2
UVM_INFO out_mon.sv(31) @ 12469931: uvm_test_top.env0.out_mon_h [OUT_MON] GOT AN OUTPUT!: 61e674b6713d
UVM_INFO out_mon.sv(31) @ 12474911: uvm_test_top.env0.out_mon_h [OUT_MON] GOT AN OUTPUT!: 4a4796ba13ab
UVM_INFO out_mon.sv(31) @ 12479891: uvm_test_top.env0.out_mon_h [OUT_MON] GOT AN OUTPUT!: 981d532dc948
UVM_INFO out_mon.sv(31) @ 12484871: uvm_test_top.env0.out_mon_h [OUT_MON] GOT AN OUTPUT!: 200124806347
UVM_INFO out_mon.sv(31) @ 12489851: uvm_test_top.env0.out_mon_h [OUT_MON] GOT AN OUTPUT!: c337a90272fe
UVM_INFO out_mon.sv(31) @ 12494831: uvm_test_top.env0.out_mon_h [OUT_MON] GOT AN OUTPUT!: b28c8bd39ed7
UVM_INFO out_mon.sv(31) @ 12499811: uvm_test_top.env0.out_mon_h [OUT_MON] GOT AN OUTPUT!: 643f68270d90
UVM_INFO out_mon.sv(31) @ 12504791: uvm_test_top.env0.out_mon_h [OUT_MON] GOT AN OUTPUT!: 34d49c76be42
UVM_INFO out_mon.sv(31) @ 12509771: uvm_test_top.env0.out_mon_h [OUT_MON] GOT AN OUTPUT!: 6b0122fdf3c1
UVM_INFO out_mon.sv(31) @ 12514751: uvm_test_top.env0.out_mon_h [OUT_MON] GOT AN OUTPUT!: 1684049282a7
UVM_INFO out_mon.sv(31) @ 12519731: uvm_test_top.env0.out_mon_h [OUT_MON] GOT AN OUTPUT!: 020bbab5403b
UVM_INFO out_mon.sv(31) @ 12524711: uvm_test_top.env0.out_mon_h [OUT_MON] GOT AN OUTPUT!: b00a7b7162bc
UVM_INFO out_mon.sv(31) @ 12529691: uvm_test_top.env0.out_mon_h [OUT_MON] GOT AN OUTPUT!: 1aa78662d276
UVM_INFO out_mon.sv(31) @ 12534671: uvm_test_top.env0.out_mon_h [OUT_MON] GOT AN OUTPUT!: ae8ec7fb9c7b
UVM_INFO out_mon.sv(31) @ 12539651: uvm_test_top.env0.out_mon_h [OUT_MON] GOT AN OUTPUT!: b8e007e0447b
UVM_INFO out_mon.sv(31) @ 12544631: uvm_test_top.env0.out_mon_h [OUT_MON] GOT AN OUTPUT!: 400264f32cfb
UVM_INFO out_mon.sv(31) @ 12549611: uvm_test_top.env0.out_mon_h [OUT_MON] GOT AN OUTPUT!: ff86bd66f122
UVM_INFO out_mon.sv(31) @ 12554591: uvm_test_top.env0.out_mon_h [OUT_MON] GOT AN OUTPUT!: ff0f31efcd07
UVM_INFO out_mon.sv(31) @ 12559571: uvm_test_top.env0.out_mon_h [OUT_MON] GOT AN OUTPUT!: fc233febf617
UVM_INFO out_mon.sv(31) @ 12564551: uvm_test_top.env0.out_mon_h [OUT_MON] GOT AN OUTPUT!: 9f1ef71afc5e
UVM_INFO out_mon.sv(31) @ 12569531: uvm_test_top.env0.out_mon_h [OUT_MON] GOT AN OUTPUT!: 3302243c2e54
UVM_INFO out_mon.sv(31) @ 12574511: uvm_test_top.env0.out_mon_h [OUT_MON] GOT AN OUTPUT!: 585e1aabf513
UVM_INFO out_mon.sv(31) @ 12579491: uvm_test_top.env0.out_mon_h [OUT_MON] GOT AN OUTPUT!: eb31dbd83749
UVM_INFO out_mon.sv(31) @ 12584471: uvm_test_top.env0.out_mon_h [OUT_MON] GOT AN OUTPUT!: 13bc6223b410
UVM_INFO out_mon.sv(31) @ 12589451: uvm_test_top.env0.out_mon_h [OUT_MON] GOT AN OUTPUT!: 3a780e906a71
UVM_INFO out_mon.sv(31) @ 12594431: uvm_test_top.env0.out_mon_h [OUT_MON] GOT AN OUTPUT!: 56e21448f524
UVM_INFO out_mon.sv(31) @ 12599411: uvm_test_top.env0.out_mon_h [OUT_MON] GOT AN OUTPUT!: d16997e0e67d
UVM_INFO out_mon.sv(31) @ 12604391: uvm_test_top.env0.out_mon_h [OUT_MON] GOT AN OUTPUT!: f03f55e432a3
UVM_INFO out_mon.sv(31) @ 12609371: uvm_test_top.env0.out_mon_h [OUT_MON] GOT AN OUTPUT!: 874ab70d86e4
UVM_INFO out_mon.sv(31) @ 12614351: uvm_test_top.env0.out_mon_h [OUT_MON] GOT AN OUTPUT!: 62fb123baa06
UVM_INFO out_mon.sv(31) @ 12619331: uvm_test_top.env0.out_mon_h [OUT_MON] GOT AN OUTPUT!: a62a8ffde7f1
UVM_INFO out_mon.sv(31) @ 12624311: uvm_test_top.env0.out_mon_h [OUT_MON] GOT AN OUTPUT!: 1302584f5886
UVM_INFO out_mon.sv(31) @ 12629291: uvm_test_top.env0.out_mon_h [OUT_MON] GOT AN OUTPUT!: f6d689d9612d
UVM_INFO out_mon.sv(31) @ 12634271: uvm_test_top.env0.out_mon_h [OUT_MON] GOT AN OUTPUT!: 31046ad4f82f
UVM_INFO out_mon.sv(31) @ 12639251: uvm_test_top.env0.out_mon_h [OUT_MON] GOT AN OUTPUT!: 8cd9b9631534
UVM_INFO out_mon.sv(31) @ 12644231: uvm_test_top.env0.out_mon_h [OUT_MON] GOT AN OUTPUT!: 666b76f40559
UVM_INFO out_mon.sv(31) @ 12649211: uvm_test_top.env0.out_mon_h [OUT_MON] GOT AN OUTPUT!: 527dce15dbd2
UVM_INFO out_mon.sv(31) @ 12654191: uvm_test_top.env0.out_mon_h [OUT_MON] GOT AN OUTPUT!: 416136c1bc09
UVM_INFO out_mon.sv(31) @ 12659171: uvm_test_top.env0.out_mon_h [OUT_MON] GOT AN OUTPUT!: 54d0c0005084
UVM_INFO out_mon.sv(31) @ 12664151: uvm_test_top.env0.out_mon_h [OUT_MON] GOT AN OUTPUT!: 60d45a7d1828
UVM_INFO out_mon.sv(31) @ 12669131: uvm_test_top.env0.out_mon_h [OUT_MON] GOT AN OUTPUT!: cfa1b360d328
UVM_INFO out_mon.sv(31) @ 12674111: uvm_test_top.env0.out_mon_h [OUT_MON] GOT AN OUTPUT!: 60711a8ad717
UVM_INFO out_mon.sv(31) @ 12679091: uvm_test_top.env0.out_mon_h [OUT_MON] GOT AN OUTPUT!: f97541017c0c
UVM_INFO out_mon.sv(31) @ 12684071: uvm_test_top.env0.out_mon_h [OUT_MON] GOT AN OUTPUT!: 84a2bb317480
UVM_INFO out_mon.sv(31) @ 12689051: uvm_test_top.env0.out_mon_h [OUT_MON] GOT AN OUTPUT!: 8f9cb9542a0a
UVM_INFO out_mon.sv(31) @ 12694031: uvm_test_top.env0.out_mon_h [OUT_MON] GOT AN OUTPUT!: 269566152bfc
UVM_INFO out_mon.sv(31) @ 12699011: uvm_test_top.env0.out_mon_h [OUT_MON] GOT AN OUTPUT!: 2225644e7906
UVM_INFO out_mon.sv(31) @ 12703991: uvm_test_top.env0.out_mon_h [OUT_MON] GOT AN OUTPUT!: e0332f73f464
UVM_INFO out_mon.sv(31) @ 12708971: uvm_test_top.env0.out_mon_h [OUT_MON] GOT AN OUTPUT!: 1fd47c05c062
UVM_INFO out_mon.sv(31) @ 12713951: uvm_test_top.env0.out_mon_h [OUT_MON] GOT AN OUTPUT!: 782a96219364
UVM_INFO out_mon.sv(31) @ 12718931: uvm_test_top.env0.out_mon_h [OUT_MON] GOT AN OUTPUT!: a23fd50b22ba
UVM_INFO out_mon.sv(31) @ 12723911: uvm_test_top.env0.out_mon_h [OUT_MON] GOT AN OUTPUT!: 8de665437f2a
UVM_INFO out_mon.sv(31) @ 12728891: uvm_test_top.env0.out_mon_h [OUT_MON] GOT AN OUTPUT!: f9a8e1877799
UVM_INFO out_mon.sv(31) @ 12733871: uvm_test_top.env0.out_mon_h [OUT_MON] GOT AN OUTPUT!: 05923cccf3c9
UVM_INFO out_mon.sv(31) @ 12738851: uvm_test_top.env0.out_mon_h [OUT_MON] GOT AN OUTPUT!: f92323175b58
UVM_INFO out_mon.sv(31) @ 12743831: uvm_test_top.env0.out_mon_h [OUT_MON] GOT AN OUTPUT!: 341caebaef2b
UVM_INFO out_mon.sv(31) @ 12748811: uvm_test_top.env0.out_mon_h [OUT_MON] GOT AN OUTPUT!: 0276a2672ae8
UVM_INFO out_mon.sv(31) @ 12753791: uvm_test_top.env0.out_mon_h [OUT_MON] GOT AN OUTPUT!: cb3139102a1c
UVM_INFO out_mon.sv(31) @ 12758771: uvm_test_top.env0.out_mon_h [OUT_MON] GOT AN OUTPUT!: d2327b8f02bd
UVM_INFO out_mon.sv(31) @ 12763751: uvm_test_top.env0.out_mon_h [OUT_MON] GOT AN OUTPUT!: 8537f991245f
UVM_INFO out_mon.sv(31) @ 12768731: uvm_test_top.env0.out_mon_h [OUT_MON] GOT AN OUTPUT!: 0ba1322ebf88
UVM_INFO out_mon.sv(31) @ 12773711: uvm_test_top.env0.out_mon_h [OUT_MON] GOT AN OUTPUT!: 915e6b401948
UVM_INFO out_mon.sv(31) @ 12778691: uvm_test_top.env0.out_mon_h [OUT_MON] GOT AN OUTPUT!: 84cdbf49f90e
UVM_INFO out_mon.sv(31) @ 12783671: uvm_test_top.env0.out_mon_h [OUT_MON] GOT AN OUTPUT!: bf921f9903d1
UVM_INFO out_mon.sv(31) @ 12788651: uvm_test_top.env0.out_mon_h [OUT_MON] GOT AN OUTPUT!: 528410e410bb
UVM_INFO out_mon.sv(31) @ 12793631: uvm_test_top.env0.out_mon_h [OUT_MON] GOT AN OUTPUT!: 6c81a68d9e9f
UVM_INFO out_mon.sv(31) @ 12798611: uvm_test_top.env0.out_mon_h [OUT_MON] GOT AN OUTPUT!: 9453035c1f3a
UVM_INFO out_mon.sv(31) @ 12803591: uvm_test_top.env0.out_mon_h [OUT_MON] GOT AN OUTPUT!: 2d939c4167f8
UVM_INFO out_mon.sv(31) @ 12808571: uvm_test_top.env0.out_mon_h [OUT_MON] GOT AN OUTPUT!: 0085708903c3
UVM_INFO out_mon.sv(31) @ 12813551: uvm_test_top.env0.out_mon_h [OUT_MON] GOT AN OUTPUT!: 3cf720859b1b
UVM_INFO out_mon.sv(31) @ 12818531: uvm_test_top.env0.out_mon_h [OUT_MON] GOT AN OUTPUT!: 30256a955557
UVM_INFO out_mon.sv(31) @ 12823511: uvm_test_top.env0.out_mon_h [OUT_MON] GOT AN OUTPUT!: a5949d1533ee
UVM_INFO out_mon.sv(31) @ 12828491: uvm_test_top.env0.out_mon_h [OUT_MON] GOT AN OUTPUT!: aafe419b73a9
UVM_INFO out_mon.sv(31) @ 12833471: uvm_test_top.env0.out_mon_h [OUT_MON] GOT AN OUTPUT!: 2f1f2c90ed89
UVM_INFO out_mon.sv(31) @ 12838451: uvm_test_top.env0.out_mon_h [OUT_MON] GOT AN OUTPUT!: b3a15f0178e0
UVM_INFO out_mon.sv(31) @ 12843431: uvm_test_top.env0.out_mon_h [OUT_MON] GOT AN OUTPUT!: 09fa763b4584
UVM_INFO out_mon.sv(31) @ 12848411: uvm_test_top.env0.out_mon_h [OUT_MON] GOT AN OUTPUT!: d3559f9542f3
UVM_INFO out_mon.sv(31) @ 12853391: uvm_test_top.env0.out_mon_h [OUT_MON] GOT AN OUTPUT!: 3b586274778e
UVM_INFO out_mon.sv(31) @ 12858371: uvm_test_top.env0.out_mon_h [OUT_MON] GOT AN OUTPUT!: 262630686ad6
UVM_INFO out_mon.sv(31) @ 12863351: uvm_test_top.env0.out_mon_h [OUT_MON] GOT AN OUTPUT!: c92573f67e3d
UVM_INFO out_mon.sv(31) @ 12868331: uvm_test_top.env0.out_mon_h [OUT_MON] GOT AN OUTPUT!: 66e59a6c512e
UVM_INFO out_mon.sv(31) @ 12873311: uvm_test_top.env0.out_mon_h [OUT_MON] GOT AN OUTPUT!: a60621d11991
UVM_INFO out_mon.sv(31) @ 12878291: uvm_test_top.env0.out_mon_h [OUT_MON] GOT AN OUTPUT!: bb1909ce0dc1
UVM_INFO out_mon.sv(31) @ 12883271: uvm_test_top.env0.out_mon_h [OUT_MON] GOT AN OUTPUT!: 5d6f0e25c124
UVM_INFO out_mon.sv(31) @ 12888251: uvm_test_top.env0.out_mon_h [OUT_MON] GOT AN OUTPUT!: 3f0f62127e62
UVM_INFO out_mon.sv(31) @ 12893231: uvm_test_top.env0.out_mon_h [OUT_MON] GOT AN OUTPUT!: 7f8970a3b17d
UVM_INFO out_mon.sv(31) @ 12898211: uvm_test_top.env0.out_mon_h [OUT_MON] GOT AN OUTPUT!: 51d550f23f89
UVM_INFO out_mon.sv(31) @ 12903191: uvm_test_top.env0.out_mon_h [OUT_MON] GOT AN OUTPUT!: cd3e7fc3e97f
UVM_INFO out_mon.sv(31) @ 12908171: uvm_test_top.env0.out_mon_h [OUT_MON] GOT AN OUTPUT!: a136d1f5aa59
UVM_INFO out_mon.sv(31) @ 12913151: uvm_test_top.env0.out_mon_h [OUT_MON] GOT AN OUTPUT!: 243c46c5206b
UVM_INFO out_mon.sv(31) @ 12918131: uvm_test_top.env0.out_mon_h [OUT_MON] GOT AN OUTPUT!: f5bc5fd0df3b
UVM_INFO out_mon.sv(31) @ 12923111: uvm_test_top.env0.out_mon_h [OUT_MON] GOT AN OUTPUT!: 2aefb067d66c
UVM_INFO out_mon.sv(31) @ 12928091: uvm_test_top.env0.out_mon_h [OUT_MON] GOT AN OUTPUT!: beb7577fb7d8
UVM_INFO out_mon.sv(31) @ 12933071: uvm_test_top.env0.out_mon_h [OUT_MON] GOT AN OUTPUT!: bc83256a472a
UVM_INFO out_mon.sv(31) @ 12938051: uvm_test_top.env0.out_mon_h [OUT_MON] GOT AN OUTPUT!: 5e30a021cca4
UVM_INFO out_mon.sv(31) @ 12943031: uvm_test_top.env0.out_mon_h [OUT_MON] GOT AN OUTPUT!: 14e490c46d55
UVM_INFO out_mon.sv(31) @ 12948011: uvm_test_top.env0.out_mon_h [OUT_MON] GOT AN OUTPUT!: 34f2469681a7
UVM_INFO out_mon.sv(31) @ 12952991: uvm_test_top.env0.out_mon_h [OUT_MON] GOT AN OUTPUT!: bcbd25a403a5
UVM_INFO out_mon.sv(31) @ 12957971: uvm_test_top.env0.out_mon_h [OUT_MON] GOT AN OUTPUT!: 6e8e06d8ebd1
UVM_INFO out_mon.sv(31) @ 12962951: uvm_test_top.env0.out_mon_h [OUT_MON] GOT AN OUTPUT!: 357cc6288946
UVM_INFO out_mon.sv(31) @ 12967931: uvm_test_top.env0.out_mon_h [OUT_MON] GOT AN OUTPUT!: 8d4a7b1beb80
UVM_INFO out_mon.sv(31) @ 12972911: uvm_test_top.env0.out_mon_h [OUT_MON] GOT AN OUTPUT!: 654a52df3927
UVM_INFO out_mon.sv(31) @ 12977891: uvm_test_top.env0.out_mon_h [OUT_MON] GOT AN OUTPUT!: b637eba61871
UVM_INFO out_mon.sv(31) @ 12982871: uvm_test_top.env0.out_mon_h [OUT_MON] GOT AN OUTPUT!: c317c5ff0d25
UVM_INFO out_mon.sv(31) @ 12987851: uvm_test_top.env0.out_mon_h [OUT_MON] GOT AN OUTPUT!: bd1d696dd2e2
UVM_INFO out_mon.sv(31) @ 12992831: uvm_test_top.env0.out_mon_h [OUT_MON] GOT AN OUTPUT!: 428a7264c388
UVM_INFO out_mon.sv(31) @ 12997811: uvm_test_top.env0.out_mon_h [OUT_MON] GOT AN OUTPUT!: f08a4775350e
UVM_INFO out_mon.sv(31) @ 13002791: uvm_test_top.env0.out_mon_h [OUT_MON] GOT AN OUTPUT!: 00153e4ed6cc
UVM_INFO out_mon.sv(31) @ 13007771: uvm_test_top.env0.out_mon_h [OUT_MON] GOT AN OUTPUT!: a5cb87e61bbf
UVM_INFO out_mon.sv(31) @ 13012751: uvm_test_top.env0.out_mon_h [OUT_MON] GOT AN OUTPUT!: acde25d9852f
UVM_INFO out_mon.sv(31) @ 13017731: uvm_test_top.env0.out_mon_h [OUT_MON] GOT AN OUTPUT!: 84e851ee1e33
UVM_INFO out_mon.sv(31) @ 13022711: uvm_test_top.env0.out_mon_h [OUT_MON] GOT AN OUTPUT!: bad5f13ac8fa
UVM_INFO out_mon.sv(31) @ 13027691: uvm_test_top.env0.out_mon_h [OUT_MON] GOT AN OUTPUT!: 94b2175aa108
UVM_INFO out_mon.sv(31) @ 13032671: uvm_test_top.env0.out_mon_h [OUT_MON] GOT AN OUTPUT!: 48a46abe5ffb
UVM_INFO out_mon.sv(31) @ 13037651: uvm_test_top.env0.out_mon_h [OUT_MON] GOT AN OUTPUT!: 06b272f4b965
UVM_INFO out_mon.sv(31) @ 13042631: uvm_test_top.env0.out_mon_h [OUT_MON] GOT AN OUTPUT!: cdb8e581c22f
UVM_INFO out_mon.sv(31) @ 13047611: uvm_test_top.env0.out_mon_h [OUT_MON] GOT AN OUTPUT!: c336539d471f
UVM_INFO out_mon.sv(31) @ 13052591: uvm_test_top.env0.out_mon_h [OUT_MON] GOT AN OUTPUT!: 863c83f02f09
UVM_INFO out_mon.sv(31) @ 13057571: uvm_test_top.env0.out_mon_h [OUT_MON] GOT AN OUTPUT!: b549a728e206
UVM_INFO out_mon.sv(31) @ 13062551: uvm_test_top.env0.out_mon_h [OUT_MON] GOT AN OUTPUT!: 9f1ef7fea05f
UVM_INFO out_mon.sv(31) @ 13067531: uvm_test_top.env0.out_mon_h [OUT_MON] GOT AN OUTPUT!: d6b5f9fbea23
UVM_INFO out_mon.sv(31) @ 13072511: uvm_test_top.env0.out_mon_h [OUT_MON] GOT AN OUTPUT!: 22083427d75e
UVM_INFO out_mon.sv(31) @ 13077491: uvm_test_top.env0.out_mon_h [OUT_MON] GOT AN OUTPUT!: fc0839667a10
UVM_INFO out_mon.sv(31) @ 13082471: uvm_test_top.env0.out_mon_h [OUT_MON] GOT AN OUTPUT!: a168cd284990
UVM_INFO out_mon.sv(31) @ 13087451: uvm_test_top.env0.out_mon_h [OUT_MON] GOT AN OUTPUT!: 608f34c06e25
UVM_INFO out_mon.sv(31) @ 13092431: uvm_test_top.env0.out_mon_h [OUT_MON] GOT AN OUTPUT!: a4686b7a3568
UVM_INFO out_mon.sv(31) @ 13097411: uvm_test_top.env0.out_mon_h [OUT_MON] GOT AN OUTPUT!: f253d94560ba
UVM_INFO out_mon.sv(31) @ 13102391: uvm_test_top.env0.out_mon_h [OUT_MON] GOT AN OUTPUT!: d2f52b919747
UVM_INFO out_mon.sv(31) @ 13107371: uvm_test_top.env0.out_mon_h [OUT_MON] GOT AN OUTPUT!: 5e23e8b0b12f
UVM_INFO out_mon.sv(31) @ 13112351: uvm_test_top.env0.out_mon_h [OUT_MON] GOT AN OUTPUT!: e1ba3fd8296d
UVM_INFO out_mon.sv(31) @ 13117331: uvm_test_top.env0.out_mon_h [OUT_MON] GOT AN OUTPUT!: db89199976f1
UVM_INFO out_mon.sv(31) @ 13122311: uvm_test_top.env0.out_mon_h [OUT_MON] GOT AN OUTPUT!: 3e25a6696ae6
UVM_INFO out_mon.sv(31) @ 13127291: uvm_test_top.env0.out_mon_h [OUT_MON] GOT AN OUTPUT!: b8d25d8e9339
UVM_INFO out_mon.sv(31) @ 13132271: uvm_test_top.env0.out_mon_h [OUT_MON] GOT AN OUTPUT!: 7a5e568e94cb
UVM_INFO out_mon.sv(31) @ 13137251: uvm_test_top.env0.out_mon_h [OUT_MON] GOT AN OUTPUT!: a70849f29db9
UVM_INFO out_mon.sv(31) @ 13142231: uvm_test_top.env0.out_mon_h [OUT_MON] GOT AN OUTPUT!: 7957b4faa6e3
UVM_INFO out_mon.sv(31) @ 13147211: uvm_test_top.env0.out_mon_h [OUT_MON] GOT AN OUTPUT!: c5fd4997f3f5
UVM_INFO out_mon.sv(31) @ 13152191: uvm_test_top.env0.out_mon_h [OUT_MON] GOT AN OUTPUT!: 5ab6a6c65821
UVM_INFO out_mon.sv(31) @ 13157171: uvm_test_top.env0.out_mon_h [OUT_MON] GOT AN OUTPUT!: 7035b01cb070
UVM_INFO out_mon.sv(31) @ 13162151: uvm_test_top.env0.out_mon_h [OUT_MON] GOT AN OUTPUT!: 26ec242c28dc
UVM_INFO out_mon.sv(31) @ 13167131: uvm_test_top.env0.out_mon_h [OUT_MON] GOT AN OUTPUT!: c7013d06b080
UVM_INFO out_mon.sv(31) @ 13172111: uvm_test_top.env0.out_mon_h [OUT_MON] GOT AN OUTPUT!: 3b229804525a
UVM_INFO out_mon.sv(31) @ 13177091: uvm_test_top.env0.out_mon_h [OUT_MON] GOT AN OUTPUT!: fe6d2b9f92e5
UVM_INFO out_mon.sv(31) @ 13182071: uvm_test_top.env0.out_mon_h [OUT_MON] GOT AN OUTPUT!: 7544ea00d28e
UVM_INFO out_mon.sv(31) @ 13187051: uvm_test_top.env0.out_mon_h [OUT_MON] GOT AN OUTPUT!: 69436e90b0ef
UVM_INFO out_mon.sv(31) @ 13192031: uvm_test_top.env0.out_mon_h [OUT_MON] GOT AN OUTPUT!: 20018ca9648d
UVM_INFO out_mon.sv(31) @ 13197011: uvm_test_top.env0.out_mon_h [OUT_MON] GOT AN OUTPUT!: 450f243f255e
UVM_INFO out_mon.sv(31) @ 13201991: uvm_test_top.env0.out_mon_h [OUT_MON] GOT AN OUTPUT!: 9ec15b1783ae
UVM_INFO out_mon.sv(31) @ 13206971: uvm_test_top.env0.out_mon_h [OUT_MON] GOT AN OUTPUT!: 461de2e7cdbf
UVM_INFO out_mon.sv(31) @ 13211951: uvm_test_top.env0.out_mon_h [OUT_MON] GOT AN OUTPUT!: d9b3bb726cca
UVM_INFO out_mon.sv(31) @ 13216931: uvm_test_top.env0.out_mon_h [OUT_MON] GOT AN OUTPUT!: e37aed7b4674
UVM_INFO out_mon.sv(31) @ 13221911: uvm_test_top.env0.out_mon_h [OUT_MON] GOT AN OUTPUT!: 69beb62b1aa0
UVM_INFO out_mon.sv(31) @ 13226891: uvm_test_top.env0.out_mon_h [OUT_MON] GOT AN OUTPUT!: 62f2f839eb26
UVM_INFO out_mon.sv(31) @ 13231871: uvm_test_top.env0.out_mon_h [OUT_MON] GOT AN OUTPUT!: 84977df84dbf
UVM_INFO out_mon.sv(31) @ 13236851: uvm_test_top.env0.out_mon_h [OUT_MON] GOT AN OUTPUT!: a5127f0fd6d4
UVM_INFO out_mon.sv(31) @ 13241831: uvm_test_top.env0.out_mon_h [OUT_MON] GOT AN OUTPUT!: a8a121927a0d
UVM_INFO out_mon.sv(31) @ 13246811: uvm_test_top.env0.out_mon_h [OUT_MON] GOT AN OUTPUT!: b12457b0e43d
UVM_INFO out_mon.sv(31) @ 13251791: uvm_test_top.env0.out_mon_h [OUT_MON] GOT AN OUTPUT!: 090ce62fe33e
UVM_INFO out_mon.sv(31) @ 13256771: uvm_test_top.env0.out_mon_h [OUT_MON] GOT AN OUTPUT!: 01359074b4d8
UVM_INFO out_mon.sv(31) @ 13261751: uvm_test_top.env0.out_mon_h [OUT_MON] GOT AN OUTPUT!: b9c6f3c08159
UVM_INFO out_mon.sv(31) @ 13266731: uvm_test_top.env0.out_mon_h [OUT_MON] GOT AN OUTPUT!: 8e1135f2a013
UVM_INFO out_mon.sv(31) @ 13271711: uvm_test_top.env0.out_mon_h [OUT_MON] GOT AN OUTPUT!: 9b77cfea0fa3
UVM_INFO out_mon.sv(31) @ 13276691: uvm_test_top.env0.out_mon_h [OUT_MON] GOT AN OUTPUT!: 9b42115dc210
UVM_INFO out_mon.sv(31) @ 13281671: uvm_test_top.env0.out_mon_h [OUT_MON] GOT AN OUTPUT!: 078c6ec40dfd
UVM_INFO out_mon.sv(31) @ 13286651: uvm_test_top.env0.out_mon_h [OUT_MON] GOT AN OUTPUT!: 431804a0f89d
UVM_INFO out_mon.sv(31) @ 13291631: uvm_test_top.env0.out_mon_h [OUT_MON] GOT AN OUTPUT!: 3c343653b220
UVM_INFO out_mon.sv(31) @ 13296611: uvm_test_top.env0.out_mon_h [OUT_MON] GOT AN OUTPUT!: c29c093ae098
UVM_INFO out_mon.sv(31) @ 13301591: uvm_test_top.env0.out_mon_h [OUT_MON] GOT AN OUTPUT!: 8859cdc801bb
UVM_INFO out_mon.sv(31) @ 13306571: uvm_test_top.env0.out_mon_h [OUT_MON] GOT AN OUTPUT!: 859b7fd9d37f
UVM_INFO out_mon.sv(31) @ 13311551: uvm_test_top.env0.out_mon_h [OUT_MON] GOT AN OUTPUT!: 37a50275afde
UVM_INFO out_mon.sv(31) @ 13316531: uvm_test_top.env0.out_mon_h [OUT_MON] GOT AN OUTPUT!: f2a0cfb7ec5b
UVM_INFO out_mon.sv(31) @ 13321511: uvm_test_top.env0.out_mon_h [OUT_MON] GOT AN OUTPUT!: 3e85ba933bb7
UVM_INFO out_mon.sv(31) @ 13326491: uvm_test_top.env0.out_mon_h [OUT_MON] GOT AN OUTPUT!: f6f90fb708c3
UVM_INFO out_mon.sv(31) @ 13331471: uvm_test_top.env0.out_mon_h [OUT_MON] GOT AN OUTPUT!: a62725b4e009
UVM_INFO out_mon.sv(31) @ 13336451: uvm_test_top.env0.out_mon_h [OUT_MON] GOT AN OUTPUT!: 52afa63cc632
UVM_INFO out_mon.sv(31) @ 13341431: uvm_test_top.env0.out_mon_h [OUT_MON] GOT AN OUTPUT!: b87621089c6c
UVM_INFO out_mon.sv(31) @ 13346411: uvm_test_top.env0.out_mon_h [OUT_MON] GOT AN OUTPUT!: a4909fce8161
UVM_INFO out_mon.sv(31) @ 13351391: uvm_test_top.env0.out_mon_h [OUT_MON] GOT AN OUTPUT!: ec1d1f522ab2
UVM_INFO out_mon.sv(31) @ 13356371: uvm_test_top.env0.out_mon_h [OUT_MON] GOT AN OUTPUT!: 3629b66d50e2
UVM_INFO out_mon.sv(31) @ 13361351: uvm_test_top.env0.out_mon_h [OUT_MON] GOT AN OUTPUT!: 908b61a70485
UVM_INFO out_mon.sv(31) @ 13366331: uvm_test_top.env0.out_mon_h [OUT_MON] GOT AN OUTPUT!: 87c5bdb215b3
UVM_INFO out_mon.sv(31) @ 13371311: uvm_test_top.env0.out_mon_h [OUT_MON] GOT AN OUTPUT!: 39e6e4ea6a9b
UVM_INFO out_mon.sv(31) @ 13376291: uvm_test_top.env0.out_mon_h [OUT_MON] GOT AN OUTPUT!: 9c6d69a969fd
UVM_INFO out_mon.sv(31) @ 13381271: uvm_test_top.env0.out_mon_h [OUT_MON] GOT AN OUTPUT!: ed21df095494
UVM_INFO out_mon.sv(31) @ 13386251: uvm_test_top.env0.out_mon_h [OUT_MON] GOT AN OUTPUT!: 05f22c6fabc0
UVM_INFO out_mon.sv(31) @ 13391231: uvm_test_top.env0.out_mon_h [OUT_MON] GOT AN OUTPUT!: 0be21af681db
UVM_INFO out_mon.sv(31) @ 13396211: uvm_test_top.env0.out_mon_h [OUT_MON] GOT AN OUTPUT!: b0dd258cf09d
UVM_INFO out_mon.sv(31) @ 13401191: uvm_test_top.env0.out_mon_h [OUT_MON] GOT AN OUTPUT!: 009bfe666da6
UVM_INFO out_mon.sv(31) @ 13406171: uvm_test_top.env0.out_mon_h [OUT_MON] GOT AN OUTPUT!: 707bcc111d70
UVM_INFO out_mon.sv(31) @ 13411151: uvm_test_top.env0.out_mon_h [OUT_MON] GOT AN OUTPUT!: aa72bf4b5166
UVM_INFO out_mon.sv(31) @ 13416131: uvm_test_top.env0.out_mon_h [OUT_MON] GOT AN OUTPUT!: 4ad9686fc806
UVM_INFO out_mon.sv(31) @ 13421111: uvm_test_top.env0.out_mon_h [OUT_MON] GOT AN OUTPUT!: 8956691128c0
UVM_INFO out_mon.sv(31) @ 13426091: uvm_test_top.env0.out_mon_h [OUT_MON] GOT AN OUTPUT!: 84c1e91c5094
UVM_INFO out_mon.sv(31) @ 13431071: uvm_test_top.env0.out_mon_h [OUT_MON] GOT AN OUTPUT!: a9f42d99b573
UVM_INFO out_mon.sv(31) @ 13436051: uvm_test_top.env0.out_mon_h [OUT_MON] GOT AN OUTPUT!: 6dbe42e5ce27
UVM_INFO out_mon.sv(31) @ 13441031: uvm_test_top.env0.out_mon_h [OUT_MON] GOT AN OUTPUT!: 51b6cef86f2d
UVM_INFO out_mon.sv(31) @ 13446011: uvm_test_top.env0.out_mon_h [OUT_MON] GOT AN OUTPUT!: ec1fdd1320dc
UVM_INFO out_mon.sv(31) @ 13450991: uvm_test_top.env0.out_mon_h [OUT_MON] GOT AN OUTPUT!: 6ac87aee90c3
UVM_INFO out_mon.sv(31) @ 13455971: uvm_test_top.env0.out_mon_h [OUT_MON] GOT AN OUTPUT!: c8ee313ee3f4
UVM_INFO out_mon.sv(31) @ 13460951: uvm_test_top.env0.out_mon_h [OUT_MON] GOT AN OUTPUT!: b018ef271bc0
UVM_INFO out_mon.sv(31) @ 13465931: uvm_test_top.env0.out_mon_h [OUT_MON] GOT AN OUTPUT!: bbf927f371a1
UVM_INFO out_mon.sv(31) @ 13470911: uvm_test_top.env0.out_mon_h [OUT_MON] GOT AN OUTPUT!: 99503f32c4cc
UVM_INFO out_mon.sv(31) @ 13475891: uvm_test_top.env0.out_mon_h [OUT_MON] GOT AN OUTPUT!: 37ca5a06e7a8
UVM_INFO out_mon.sv(31) @ 13480871: uvm_test_top.env0.out_mon_h [OUT_MON] GOT AN OUTPUT!: 06de12440ce0
UVM_INFO out_mon.sv(31) @ 13485851: uvm_test_top.env0.out_mon_h [OUT_MON] GOT AN OUTPUT!: f5aecbb72199
UVM_INFO out_mon.sv(31) @ 13490831: uvm_test_top.env0.out_mon_h [OUT_MON] GOT AN OUTPUT!: adecb5ab2eb9
UVM_INFO out_mon.sv(31) @ 13495811: uvm_test_top.env0.out_mon_h [OUT_MON] GOT AN OUTPUT!: 41b02685bae3
UVM_INFO out_mon.sv(31) @ 13500791: uvm_test_top.env0.out_mon_h [OUT_MON] GOT AN OUTPUT!: 4466d6122788
UVM_INFO out_mon.sv(31) @ 13505771: uvm_test_top.env0.out_mon_h [OUT_MON] GOT AN OUTPUT!: 069e26d40e5f
UVM_INFO out_mon.sv(31) @ 13510751: uvm_test_top.env0.out_mon_h [OUT_MON] GOT AN OUTPUT!: 6cfa3e78b156
UVM_INFO out_mon.sv(31) @ 13515731: uvm_test_top.env0.out_mon_h [OUT_MON] GOT AN OUTPUT!: 9a023d3f3caa
UVM_INFO out_mon.sv(31) @ 13520711: uvm_test_top.env0.out_mon_h [OUT_MON] GOT AN OUTPUT!: 631368f04717
UVM_INFO out_mon.sv(31) @ 13525691: uvm_test_top.env0.out_mon_h [OUT_MON] GOT AN OUTPUT!: 482b10bc1de9
UVM_INFO out_mon.sv(31) @ 13530671: uvm_test_top.env0.out_mon_h [OUT_MON] GOT AN OUTPUT!: 66db461829d8
UVM_INFO out_mon.sv(31) @ 13535651: uvm_test_top.env0.out_mon_h [OUT_MON] GOT AN OUTPUT!: a020df734d46
UVM_INFO out_mon.sv(31) @ 13540631: uvm_test_top.env0.out_mon_h [OUT_MON] GOT AN OUTPUT!: e94013594e0e
UVM_INFO out_mon.sv(31) @ 13545611: uvm_test_top.env0.out_mon_h [OUT_MON] GOT AN OUTPUT!: 7fb1705d29d2
UVM_INFO out_mon.sv(31) @ 13550591: uvm_test_top.env0.out_mon_h [OUT_MON] GOT AN OUTPUT!: 77ef84e2777d
UVM_INFO out_mon.sv(31) @ 13555571: uvm_test_top.env0.out_mon_h [OUT_MON] GOT AN OUTPUT!: df69a19dcc03
UVM_INFO out_mon.sv(31) @ 13560551: uvm_test_top.env0.out_mon_h [OUT_MON] GOT AN OUTPUT!: 695234641da0
UVM_INFO out_mon.sv(31) @ 13565531: uvm_test_top.env0.out_mon_h [OUT_MON] GOT AN OUTPUT!: 5e9222a1148d
UVM_INFO out_mon.sv(31) @ 13570511: uvm_test_top.env0.out_mon_h [OUT_MON] GOT AN OUTPUT!: 4897a08c7c1d
UVM_INFO out_mon.sv(31) @ 13575491: uvm_test_top.env0.out_mon_h [OUT_MON] GOT AN OUTPUT!: 8f3a89f69ccb
UVM_INFO out_mon.sv(31) @ 13580471: uvm_test_top.env0.out_mon_h [OUT_MON] GOT AN OUTPUT!: 01a78e43922e
UVM_INFO out_mon.sv(31) @ 13585451: uvm_test_top.env0.out_mon_h [OUT_MON] GOT AN OUTPUT!: 022f42edbe6f
UVM_INFO out_mon.sv(31) @ 13590431: uvm_test_top.env0.out_mon_h [OUT_MON] GOT AN OUTPUT!: cd3133a71b87
UVM_INFO out_mon.sv(31) @ 13595411: uvm_test_top.env0.out_mon_h [OUT_MON] GOT AN OUTPUT!: 12f884f19bad
UVM_INFO out_mon.sv(31) @ 13600391: uvm_test_top.env0.out_mon_h [OUT_MON] GOT AN OUTPUT!: dc9ff9c6909b
UVM_INFO out_mon.sv(31) @ 13605371: uvm_test_top.env0.out_mon_h [OUT_MON] GOT AN OUTPUT!: 73e7d6a508a5
UVM_INFO out_mon.sv(31) @ 13610351: uvm_test_top.env0.out_mon_h [OUT_MON] GOT AN OUTPUT!: c61f2d1f2fd0
UVM_INFO out_mon.sv(31) @ 13615331: uvm_test_top.env0.out_mon_h [OUT_MON] GOT AN OUTPUT!: 7a0346bea635
UVM_INFO out_mon.sv(31) @ 13620311: uvm_test_top.env0.out_mon_h [OUT_MON] GOT AN OUTPUT!: b0997dd7f285
UVM_INFO out_mon.sv(31) @ 13625291: uvm_test_top.env0.out_mon_h [OUT_MON] GOT AN OUTPUT!: 2918e0a4d1fb
UVM_INFO out_mon.sv(31) @ 13630271: uvm_test_top.env0.out_mon_h [OUT_MON] GOT AN OUTPUT!: 3fbe96bd9a75
UVM_INFO out_mon.sv(31) @ 13635251: uvm_test_top.env0.out_mon_h [OUT_MON] GOT AN OUTPUT!: ffb485c9a2ad
UVM_INFO out_mon.sv(31) @ 13640231: uvm_test_top.env0.out_mon_h [OUT_MON] GOT AN OUTPUT!: 3ff6bcfe9f5b
UVM_INFO out_mon.sv(31) @ 13645211: uvm_test_top.env0.out_mon_h [OUT_MON] GOT AN OUTPUT!: 8325bfc6f991
UVM_INFO out_mon.sv(31) @ 13650191: uvm_test_top.env0.out_mon_h [OUT_MON] GOT AN OUTPUT!: 1271b2a73c65
UVM_INFO out_mon.sv(31) @ 13655171: uvm_test_top.env0.out_mon_h [OUT_MON] GOT AN OUTPUT!: 8b74913a6f3e
UVM_INFO out_mon.sv(31) @ 13660151: uvm_test_top.env0.out_mon_h [OUT_MON] GOT AN OUTPUT!: d917cbdd7055
UVM_INFO out_mon.sv(31) @ 13665131: uvm_test_top.env0.out_mon_h [OUT_MON] GOT AN OUTPUT!: 4f6e00615f68
UVM_INFO out_mon.sv(31) @ 13670111: uvm_test_top.env0.out_mon_h [OUT_MON] GOT AN OUTPUT!: 629782dcf4e5
UVM_INFO out_mon.sv(31) @ 13675091: uvm_test_top.env0.out_mon_h [OUT_MON] GOT AN OUTPUT!: 309e4e74e8ec
UVM_INFO out_mon.sv(31) @ 13680071: uvm_test_top.env0.out_mon_h [OUT_MON] GOT AN OUTPUT!: d65b63b34949
UVM_INFO out_mon.sv(31) @ 13685051: uvm_test_top.env0.out_mon_h [OUT_MON] GOT AN OUTPUT!: 47508ac5e4d1
UVM_INFO out_mon.sv(31) @ 13690031: uvm_test_top.env0.out_mon_h [OUT_MON] GOT AN OUTPUT!: 2091acbba75b
UVM_INFO out_mon.sv(31) @ 13695011: uvm_test_top.env0.out_mon_h [OUT_MON] GOT AN OUTPUT!: ae929598f079
UVM_INFO out_mon.sv(31) @ 13699991: uvm_test_top.env0.out_mon_h [OUT_MON] GOT AN OUTPUT!: 1e2274db0863
UVM_INFO out_mon.sv(31) @ 13704971: uvm_test_top.env0.out_mon_h [OUT_MON] GOT AN OUTPUT!: 902e25c268bb
UVM_INFO out_mon.sv(31) @ 13709951: uvm_test_top.env0.out_mon_h [OUT_MON] GOT AN OUTPUT!: 88bcb77c2df0
UVM_INFO out_mon.sv(31) @ 13714931: uvm_test_top.env0.out_mon_h [OUT_MON] GOT AN OUTPUT!: f0b2e902691e
UVM_INFO out_mon.sv(31) @ 13719911: uvm_test_top.env0.out_mon_h [OUT_MON] GOT AN OUTPUT!: a2ca174b8ebe
UVM_INFO out_mon.sv(31) @ 13724891: uvm_test_top.env0.out_mon_h [OUT_MON] GOT AN OUTPUT!: 3b696620cde4
UVM_INFO out_mon.sv(31) @ 13729871: uvm_test_top.env0.out_mon_h [OUT_MON] GOT AN OUTPUT!: a37ab3b36b1d
UVM_INFO out_mon.sv(31) @ 13734851: uvm_test_top.env0.out_mon_h [OUT_MON] GOT AN OUTPUT!: 8e5f97c9312f
UVM_INFO out_mon.sv(31) @ 13739831: uvm_test_top.env0.out_mon_h [OUT_MON] GOT AN OUTPUT!: e2b9e317bdd8
UVM_INFO out_mon.sv(31) @ 13744811: uvm_test_top.env0.out_mon_h [OUT_MON] GOT AN OUTPUT!: c65dfd26eee6
UVM_INFO out_mon.sv(31) @ 13749791: uvm_test_top.env0.out_mon_h [OUT_MON] GOT AN OUTPUT!: c52c3bd2400b
UVM_INFO out_mon.sv(31) @ 13754771: uvm_test_top.env0.out_mon_h [OUT_MON] GOT AN OUTPUT!: 4af32a41269a
UVM_INFO out_mon.sv(31) @ 13759751: uvm_test_top.env0.out_mon_h [OUT_MON] GOT AN OUTPUT!: 6846a0ee71e9
UVM_INFO out_mon.sv(31) @ 13764731: uvm_test_top.env0.out_mon_h [OUT_MON] GOT AN OUTPUT!: 9a6d5d16b028
UVM_INFO out_mon.sv(31) @ 13769711: uvm_test_top.env0.out_mon_h [OUT_MON] GOT AN OUTPUT!: 0e33d8a58de1
UVM_INFO out_mon.sv(31) @ 13774691: uvm_test_top.env0.out_mon_h [OUT_MON] GOT AN OUTPUT!: 95d54f7a2b42
UVM_INFO out_mon.sv(31) @ 13779671: uvm_test_top.env0.out_mon_h [OUT_MON] GOT AN OUTPUT!: 49db589a8d1f
UVM_INFO out_mon.sv(31) @ 13784651: uvm_test_top.env0.out_mon_h [OUT_MON] GOT AN OUTPUT!: 8cf6c7adf1ab
UVM_INFO out_mon.sv(31) @ 13789631: uvm_test_top.env0.out_mon_h [OUT_MON] GOT AN OUTPUT!: eaebc1d631e5
UVM_INFO out_mon.sv(31) @ 13794611: uvm_test_top.env0.out_mon_h [OUT_MON] GOT AN OUTPUT!: 0a6108c01f43
UVM_INFO out_mon.sv(31) @ 13799591: uvm_test_top.env0.out_mon_h [OUT_MON] GOT AN OUTPUT!: a9d0cb82f1ad
UVM_INFO out_mon.sv(31) @ 13804571: uvm_test_top.env0.out_mon_h [OUT_MON] GOT AN OUTPUT!: 5f5cb6a690bb
UVM_INFO out_mon.sv(31) @ 13809551: uvm_test_top.env0.out_mon_h [OUT_MON] GOT AN OUTPUT!: 93b405690a88
UVM_INFO out_mon.sv(31) @ 13814531: uvm_test_top.env0.out_mon_h [OUT_MON] GOT AN OUTPUT!: eff64b1ae30c
UVM_INFO out_mon.sv(31) @ 13819511: uvm_test_top.env0.out_mon_h [OUT_MON] GOT AN OUTPUT!: 3689422a7ac8
UVM_INFO out_mon.sv(31) @ 13824491: uvm_test_top.env0.out_mon_h [OUT_MON] GOT AN OUTPUT!: 3efdac366f7c
UVM_INFO out_mon.sv(31) @ 13829471: uvm_test_top.env0.out_mon_h [OUT_MON] GOT AN OUTPUT!: 8cf5053efb4a
UVM_INFO out_mon.sv(31) @ 13834451: uvm_test_top.env0.out_mon_h [OUT_MON] GOT AN OUTPUT!: b9f8ffce5561
UVM_INFO out_mon.sv(31) @ 13839431: uvm_test_top.env0.out_mon_h [OUT_MON] GOT AN OUTPUT!: aa64c3b00a7d
UVM_INFO out_mon.sv(31) @ 13844411: uvm_test_top.env0.out_mon_h [OUT_MON] GOT AN OUTPUT!: 4538588f6c5b
UVM_INFO out_mon.sv(31) @ 13849391: uvm_test_top.env0.out_mon_h [OUT_MON] GOT AN OUTPUT!: 27045e94e381
UVM_INFO out_mon.sv(31) @ 13854371: uvm_test_top.env0.out_mon_h [OUT_MON] GOT AN OUTPUT!: 87c751da553b
UVM_INFO out_mon.sv(31) @ 13859351: uvm_test_top.env0.out_mon_h [OUT_MON] GOT AN OUTPUT!: 4bc3a24e8266
UVM_INFO out_mon.sv(31) @ 13864331: uvm_test_top.env0.out_mon_h [OUT_MON] GOT AN OUTPUT!: f76f255f695a
UVM_INFO out_mon.sv(31) @ 13869311: uvm_test_top.env0.out_mon_h [OUT_MON] GOT AN OUTPUT!: fe482983a201
UVM_INFO out_mon.sv(31) @ 13874291: uvm_test_top.env0.out_mon_h [OUT_MON] GOT AN OUTPUT!: a4bf737ac584
UVM_INFO out_mon.sv(31) @ 13879271: uvm_test_top.env0.out_mon_h [OUT_MON] GOT AN OUTPUT!: 6d0576dcc143
UVM_INFO out_mon.sv(31) @ 13884251: uvm_test_top.env0.out_mon_h [OUT_MON] GOT AN OUTPUT!: c70125504544
UVM_INFO out_mon.sv(31) @ 13889231: uvm_test_top.env0.out_mon_h [OUT_MON] GOT AN OUTPUT!: 7b20a08019a3
UVM_INFO out_mon.sv(31) @ 13894211: uvm_test_top.env0.out_mon_h [OUT_MON] GOT AN OUTPUT!: 0840b8a784b9
UVM_INFO out_mon.sv(31) @ 13899191: uvm_test_top.env0.out_mon_h [OUT_MON] GOT AN OUTPUT!: ec886b4da770
UVM_INFO out_mon.sv(31) @ 13904171: uvm_test_top.env0.out_mon_h [OUT_MON] GOT AN OUTPUT!: 914c5987deb7
UVM_INFO out_mon.sv(31) @ 13909151: uvm_test_top.env0.out_mon_h [OUT_MON] GOT AN OUTPUT!: 51ea1edb26ab
UVM_INFO out_mon.sv(31) @ 13914131: uvm_test_top.env0.out_mon_h [OUT_MON] GOT AN OUTPUT!: d5ae0b947265
UVM_INFO out_mon.sv(31) @ 13919111: uvm_test_top.env0.out_mon_h [OUT_MON] GOT AN OUTPUT!: b4b0f530123c
UVM_INFO out_mon.sv(31) @ 13924091: uvm_test_top.env0.out_mon_h [OUT_MON] GOT AN OUTPUT!: 1fb35e281914
UVM_INFO out_mon.sv(31) @ 13929071: uvm_test_top.env0.out_mon_h [OUT_MON] GOT AN OUTPUT!: 03078441ab12
UVM_INFO out_mon.sv(31) @ 13934051: uvm_test_top.env0.out_mon_h [OUT_MON] GOT AN OUTPUT!: dc67cf316e84
UVM_INFO out_mon.sv(31) @ 13939031: uvm_test_top.env0.out_mon_h [OUT_MON] GOT AN OUTPUT!: 3bdbe22ee620
UVM_INFO out_mon.sv(31) @ 13944011: uvm_test_top.env0.out_mon_h [OUT_MON] GOT AN OUTPUT!: a79679ced151
UVM_INFO out_mon.sv(31) @ 13948991: uvm_test_top.env0.out_mon_h [OUT_MON] GOT AN OUTPUT!: 5ad6fa3c85a8
UVM_INFO out_mon.sv(31) @ 13953971: uvm_test_top.env0.out_mon_h [OUT_MON] GOT AN OUTPUT!: 17cb16aa5ac1
UVM_INFO out_mon.sv(31) @ 13958951: uvm_test_top.env0.out_mon_h [OUT_MON] GOT AN OUTPUT!: 0468d09103d7
UVM_INFO out_mon.sv(31) @ 13963931: uvm_test_top.env0.out_mon_h [OUT_MON] GOT AN OUTPUT!: 4a520015e8a6
UVM_INFO out_mon.sv(31) @ 13968911: uvm_test_top.env0.out_mon_h [OUT_MON] GOT AN OUTPUT!: f1bb17b0981f
UVM_INFO out_mon.sv(31) @ 13973891: uvm_test_top.env0.out_mon_h [OUT_MON] GOT AN OUTPUT!: 2f3a3ce71793
UVM_INFO out_mon.sv(31) @ 13978871: uvm_test_top.env0.out_mon_h [OUT_MON] GOT AN OUTPUT!: 1cb8fcb94253
UVM_INFO out_mon.sv(31) @ 13983851: uvm_test_top.env0.out_mon_h [OUT_MON] GOT AN OUTPUT!: 954a27133f1a
UVM_INFO out_mon.sv(31) @ 13988831: uvm_test_top.env0.out_mon_h [OUT_MON] GOT AN OUTPUT!: ac105f5ec1f0
UVM_INFO out_mon.sv(31) @ 13993811: uvm_test_top.env0.out_mon_h [OUT_MON] GOT AN OUTPUT!: f614e50b8140
UVM_INFO out_mon.sv(31) @ 13998791: uvm_test_top.env0.out_mon_h [OUT_MON] GOT AN OUTPUT!: 9f2c79a68d97
UVM_INFO out_mon.sv(31) @ 14003771: uvm_test_top.env0.out_mon_h [OUT_MON] GOT AN OUTPUT!: 01de28d8b5f5
UVM_INFO out_mon.sv(31) @ 14008751: uvm_test_top.env0.out_mon_h [OUT_MON] GOT AN OUTPUT!: 3a392663e024
UVM_INFO out_mon.sv(31) @ 14013731: uvm_test_top.env0.out_mon_h [OUT_MON] GOT AN OUTPUT!: ebb957f778b5
UVM_INFO out_mon.sv(31) @ 14018711: uvm_test_top.env0.out_mon_h [OUT_MON] GOT AN OUTPUT!: 3223c073bc6a
UVM_INFO out_mon.sv(31) @ 14023691: uvm_test_top.env0.out_mon_h [OUT_MON] GOT AN OUTPUT!: 756cd0f4280f
UVM_INFO out_mon.sv(31) @ 14028671: uvm_test_top.env0.out_mon_h [OUT_MON] GOT AN OUTPUT!: 9897d7b8d9f9
UVM_INFO out_mon.sv(31) @ 14033651: uvm_test_top.env0.out_mon_h [OUT_MON] GOT AN OUTPUT!: bb8933c6e04f
UVM_INFO out_mon.sv(31) @ 14038631: uvm_test_top.env0.out_mon_h [OUT_MON] GOT AN OUTPUT!: 87fda5d7b2f3
UVM_INFO out_mon.sv(31) @ 14043611: uvm_test_top.env0.out_mon_h [OUT_MON] GOT AN OUTPUT!: c1566def7dfd
UVM_INFO out_mon.sv(31) @ 14048591: uvm_test_top.env0.out_mon_h [OUT_MON] GOT AN OUTPUT!: 8f8593b28669
UVM_INFO out_mon.sv(31) @ 14053571: uvm_test_top.env0.out_mon_h [OUT_MON] GOT AN OUTPUT!: bce391519670
UVM_INFO out_mon.sv(31) @ 14058551: uvm_test_top.env0.out_mon_h [OUT_MON] GOT AN OUTPUT!: df19a7a5502b
UVM_INFO out_mon.sv(31) @ 14063531: uvm_test_top.env0.out_mon_h [OUT_MON] GOT AN OUTPUT!: 22fa12d08e21
UVM_INFO out_mon.sv(31) @ 14068511: uvm_test_top.env0.out_mon_h [OUT_MON] GOT AN OUTPUT!: 33673681cc93
UVM_INFO out_mon.sv(31) @ 14073491: uvm_test_top.env0.out_mon_h [OUT_MON] GOT AN OUTPUT!: 73287cab7c05
UVM_INFO out_mon.sv(31) @ 14078471: uvm_test_top.env0.out_mon_h [OUT_MON] GOT AN OUTPUT!: 81d8a94b7436
UVM_INFO out_mon.sv(31) @ 14083451: uvm_test_top.env0.out_mon_h [OUT_MON] GOT AN OUTPUT!: c3ba47994099
UVM_INFO out_mon.sv(31) @ 14088431: uvm_test_top.env0.out_mon_h [OUT_MON] GOT AN OUTPUT!: 649cbab388ff
UVM_INFO out_mon.sv(31) @ 14093411: uvm_test_top.env0.out_mon_h [OUT_MON] GOT AN OUTPUT!: 0dbbcea472e1
UVM_INFO out_mon.sv(31) @ 14098391: uvm_test_top.env0.out_mon_h [OUT_MON] GOT AN OUTPUT!: 469bfc55019c
UVM_INFO out_mon.sv(31) @ 14103371: uvm_test_top.env0.out_mon_h [OUT_MON] GOT AN OUTPUT!: 38f514c7710d
UVM_INFO out_mon.sv(31) @ 14108351: uvm_test_top.env0.out_mon_h [OUT_MON] GOT AN OUTPUT!: 4f84fab09bc9
UVM_INFO out_mon.sv(31) @ 14113331: uvm_test_top.env0.out_mon_h [OUT_MON] GOT AN OUTPUT!: e7f7654857fe
UVM_INFO out_mon.sv(31) @ 14118311: uvm_test_top.env0.out_mon_h [OUT_MON] GOT AN OUTPUT!: 0fc0dce8d35d
UVM_INFO out_mon.sv(31) @ 14123291: uvm_test_top.env0.out_mon_h [OUT_MON] GOT AN OUTPUT!: 040b6ad50061
UVM_INFO out_mon.sv(31) @ 14128271: uvm_test_top.env0.out_mon_h [OUT_MON] GOT AN OUTPUT!: ec7fd33de5a4
UVM_INFO out_mon.sv(31) @ 14133251: uvm_test_top.env0.out_mon_h [OUT_MON] GOT AN OUTPUT!: 093cc85f099c
UVM_INFO out_mon.sv(31) @ 14138231: uvm_test_top.env0.out_mon_h [OUT_MON] GOT AN OUTPUT!: 4baa3a49cdea
UVM_INFO out_mon.sv(31) @ 14143211: uvm_test_top.env0.out_mon_h [OUT_MON] GOT AN OUTPUT!: 125beeb7ce41
UVM_INFO out_mon.sv(31) @ 14148191: uvm_test_top.env0.out_mon_h [OUT_MON] GOT AN OUTPUT!: 7fecaafc47c3
UVM_INFO out_mon.sv(31) @ 14153171: uvm_test_top.env0.out_mon_h [OUT_MON] GOT AN OUTPUT!: a4ee17ec6b3f
UVM_INFO out_mon.sv(31) @ 14158151: uvm_test_top.env0.out_mon_h [OUT_MON] GOT AN OUTPUT!: 74b4f656cefa
UVM_INFO out_mon.sv(31) @ 14163131: uvm_test_top.env0.out_mon_h [OUT_MON] GOT AN OUTPUT!: 3d452661bc90
UVM_INFO out_mon.sv(31) @ 14168111: uvm_test_top.env0.out_mon_h [OUT_MON] GOT AN OUTPUT!: 1a2f4ee89ea1
UVM_INFO out_mon.sv(31) @ 14173091: uvm_test_top.env0.out_mon_h [OUT_MON] GOT AN OUTPUT!: 9a6a6fb05d8f
UVM_INFO out_mon.sv(31) @ 14178071: uvm_test_top.env0.out_mon_h [OUT_MON] GOT AN OUTPUT!: 91446f0ab644
UVM_INFO out_mon.sv(31) @ 14183051: uvm_test_top.env0.out_mon_h [OUT_MON] GOT AN OUTPUT!: ca2d0340a8ba
UVM_INFO out_mon.sv(31) @ 14188031: uvm_test_top.env0.out_mon_h [OUT_MON] GOT AN OUTPUT!: 17a338dbcfa5
UVM_INFO out_mon.sv(31) @ 14193011: uvm_test_top.env0.out_mon_h [OUT_MON] GOT AN OUTPUT!: f5139fa6bc15
UVM_INFO out_mon.sv(31) @ 14197991: uvm_test_top.env0.out_mon_h [OUT_MON] GOT AN OUTPUT!: b3b573fc6511
UVM_INFO out_mon.sv(31) @ 14202971: uvm_test_top.env0.out_mon_h [OUT_MON] GOT AN OUTPUT!: ea6dcbbe74df
UVM_INFO out_mon.sv(31) @ 14207951: uvm_test_top.env0.out_mon_h [OUT_MON] GOT AN OUTPUT!: a0a9330ab5ac
UVM_INFO out_mon.sv(31) @ 14212931: uvm_test_top.env0.out_mon_h [OUT_MON] GOT AN OUTPUT!: 6c4748876add
UVM_INFO out_mon.sv(31) @ 14217911: uvm_test_top.env0.out_mon_h [OUT_MON] GOT AN OUTPUT!: 7a6b98debabb
UVM_INFO out_mon.sv(31) @ 14222891: uvm_test_top.env0.out_mon_h [OUT_MON] GOT AN OUTPUT!: 3b6866c0fee5
UVM_INFO out_mon.sv(31) @ 14227871: uvm_test_top.env0.out_mon_h [OUT_MON] GOT AN OUTPUT!: 29a35c86306d
UVM_INFO out_mon.sv(31) @ 14232851: uvm_test_top.env0.out_mon_h [OUT_MON] GOT AN OUTPUT!: e365534649f2
UVM_INFO out_mon.sv(31) @ 14237831: uvm_test_top.env0.out_mon_h [OUT_MON] GOT AN OUTPUT!: 8fc2ed0097fc
UVM_INFO out_mon.sv(31) @ 14242811: uvm_test_top.env0.out_mon_h [OUT_MON] GOT AN OUTPUT!: 4680062a2966
UVM_INFO out_mon.sv(31) @ 14247791: uvm_test_top.env0.out_mon_h [OUT_MON] GOT AN OUTPUT!: f2f185bb26c3
UVM_INFO out_mon.sv(31) @ 14252771: uvm_test_top.env0.out_mon_h [OUT_MON] GOT AN OUTPUT!: e9cdcf9336c1
UVM_INFO out_mon.sv(31) @ 14257751: uvm_test_top.env0.out_mon_h [OUT_MON] GOT AN OUTPUT!: 2a1c08ccdb27
UVM_INFO out_mon.sv(31) @ 14262731: uvm_test_top.env0.out_mon_h [OUT_MON] GOT AN OUTPUT!: 01133657d07e
UVM_INFO out_mon.sv(31) @ 14267711: uvm_test_top.env0.out_mon_h [OUT_MON] GOT AN OUTPUT!: 88f1fbf271d3
UVM_INFO out_mon.sv(31) @ 14272691: uvm_test_top.env0.out_mon_h [OUT_MON] GOT AN OUTPUT!: 3ae02c5a1352
UVM_INFO out_mon.sv(31) @ 14277671: uvm_test_top.env0.out_mon_h [OUT_MON] GOT AN OUTPUT!: 8bda814a6544
UVM_INFO out_mon.sv(31) @ 14282651: uvm_test_top.env0.out_mon_h [OUT_MON] GOT AN OUTPUT!: 4c8040a3d87d
UVM_INFO out_mon.sv(31) @ 14287631: uvm_test_top.env0.out_mon_h [OUT_MON] GOT AN OUTPUT!: 4404a2d0f313
UVM_INFO out_mon.sv(31) @ 14292611: uvm_test_top.env0.out_mon_h [OUT_MON] GOT AN OUTPUT!: 3dffd442bd6e
UVM_INFO out_mon.sv(31) @ 14297591: uvm_test_top.env0.out_mon_h [OUT_MON] GOT AN OUTPUT!: 835bbf9c1601
UVM_INFO out_mon.sv(31) @ 14302571: uvm_test_top.env0.out_mon_h [OUT_MON] GOT AN OUTPUT!: 7628fee41e71
UVM_INFO out_mon.sv(31) @ 14307551: uvm_test_top.env0.out_mon_h [OUT_MON] GOT AN OUTPUT!: c88a81d78d2f
UVM_INFO out_mon.sv(31) @ 14312531: uvm_test_top.env0.out_mon_h [OUT_MON] GOT AN OUTPUT!: 868829311798
UVM_INFO out_mon.sv(31) @ 14317511: uvm_test_top.env0.out_mon_h [OUT_MON] GOT AN OUTPUT!: eafe2d80d08b
UVM_INFO out_mon.sv(31) @ 14322491: uvm_test_top.env0.out_mon_h [OUT_MON] GOT AN OUTPUT!: b76c01ea849b
UVM_INFO out_mon.sv(31) @ 14327471: uvm_test_top.env0.out_mon_h [OUT_MON] GOT AN OUTPUT!: 86e39fe31dd3
UVM_INFO out_mon.sv(31) @ 14332451: uvm_test_top.env0.out_mon_h [OUT_MON] GOT AN OUTPUT!: 53dfdcc501ef
UVM_INFO out_mon.sv(31) @ 14337431: uvm_test_top.env0.out_mon_h [OUT_MON] GOT AN OUTPUT!: 2924d0d36f45
UVM_INFO out_mon.sv(31) @ 14342411: uvm_test_top.env0.out_mon_h [OUT_MON] GOT AN OUTPUT!: b5ab1b04e8ba
UVM_INFO out_mon.sv(31) @ 14347391: uvm_test_top.env0.out_mon_h [OUT_MON] GOT AN OUTPUT!: 3b6f46ac8451
UVM_INFO out_mon.sv(31) @ 14352371: uvm_test_top.env0.out_mon_h [OUT_MON] GOT AN OUTPUT!: 115faeda58ed
UVM_INFO out_mon.sv(31) @ 14357351: uvm_test_top.env0.out_mon_h [OUT_MON] GOT AN OUTPUT!: b02f330ad662
UVM_INFO out_mon.sv(31) @ 14362331: uvm_test_top.env0.out_mon_h [OUT_MON] GOT AN OUTPUT!: 02454e7d2c38
UVM_INFO out_mon.sv(31) @ 14367311: uvm_test_top.env0.out_mon_h [OUT_MON] GOT AN OUTPUT!: 6e8eaa48a326
UVM_INFO out_mon.sv(31) @ 14372291: uvm_test_top.env0.out_mon_h [OUT_MON] GOT AN OUTPUT!: d6688308fe06
UVM_INFO out_mon.sv(31) @ 14377271: uvm_test_top.env0.out_mon_h [OUT_MON] GOT AN OUTPUT!: 7e7bc0b9e555
UVM_INFO out_mon.sv(31) @ 14382251: uvm_test_top.env0.out_mon_h [OUT_MON] GOT AN OUTPUT!: 9a9813192e42
UVM_INFO out_mon.sv(31) @ 14387231: uvm_test_top.env0.out_mon_h [OUT_MON] GOT AN OUTPUT!: f4a1e9a85665
UVM_INFO out_mon.sv(31) @ 14392211: uvm_test_top.env0.out_mon_h [OUT_MON] GOT AN OUTPUT!: e65ee524d424
UVM_INFO out_mon.sv(31) @ 14397191: uvm_test_top.env0.out_mon_h [OUT_MON] GOT AN OUTPUT!: 9e6a730f7930
UVM_INFO out_mon.sv(31) @ 14402171: uvm_test_top.env0.out_mon_h [OUT_MON] GOT AN OUTPUT!: 6808089ad1ab
UVM_INFO out_mon.sv(31) @ 14407151: uvm_test_top.env0.out_mon_h [OUT_MON] GOT AN OUTPUT!: 6e056e1882fa
UVM_INFO out_mon.sv(31) @ 14412131: uvm_test_top.env0.out_mon_h [OUT_MON] GOT AN OUTPUT!: 309fdabdba0b
UVM_INFO out_mon.sv(31) @ 14417111: uvm_test_top.env0.out_mon_h [OUT_MON] GOT AN OUTPUT!: a65de75675d4
UVM_INFO out_mon.sv(31) @ 14422091: uvm_test_top.env0.out_mon_h [OUT_MON] GOT AN OUTPUT!: bff2fb3ff0c4
UVM_INFO out_mon.sv(31) @ 14427071: uvm_test_top.env0.out_mon_h [OUT_MON] GOT AN OUTPUT!: c71db5c206d3
UVM_INFO out_mon.sv(31) @ 14432051: uvm_test_top.env0.out_mon_h [OUT_MON] GOT AN OUTPUT!: d08b1f9f8e95
UVM_INFO out_mon.sv(31) @ 14437031: uvm_test_top.env0.out_mon_h [OUT_MON] GOT AN OUTPUT!: 38b2d075b60e
UVM_INFO out_mon.sv(31) @ 14442011: uvm_test_top.env0.out_mon_h [OUT_MON] GOT AN OUTPUT!: e3b751426f08
UVM_INFO out_mon.sv(31) @ 14446991: uvm_test_top.env0.out_mon_h [OUT_MON] GOT AN OUTPUT!: b8496d29c1e8
UVM_INFO out_mon.sv(31) @ 14451971: uvm_test_top.env0.out_mon_h [OUT_MON] GOT AN OUTPUT!: 8d82c75230d0
UVM_INFO out_mon.sv(31) @ 14456951: uvm_test_top.env0.out_mon_h [OUT_MON] GOT AN OUTPUT!: 83cbcb70208a
UVM_INFO out_mon.sv(31) @ 14461931: uvm_test_top.env0.out_mon_h [OUT_MON] GOT AN OUTPUT!: 80b8d7582eaa
UVM_INFO out_mon.sv(31) @ 14466911: uvm_test_top.env0.out_mon_h [OUT_MON] GOT AN OUTPUT!: 45e7fcb0921f
UVM_INFO out_mon.sv(31) @ 14471891: uvm_test_top.env0.out_mon_h [OUT_MON] GOT AN OUTPUT!: 5ae430998201
UVM_INFO out_mon.sv(31) @ 14476871: uvm_test_top.env0.out_mon_h [OUT_MON] GOT AN OUTPUT!: c2078fe491ab
UVM_INFO out_mon.sv(31) @ 14481851: uvm_test_top.env0.out_mon_h [OUT_MON] GOT AN OUTPUT!: 3052e6330a06
UVM_INFO out_mon.sv(31) @ 14486831: uvm_test_top.env0.out_mon_h [OUT_MON] GOT AN OUTPUT!: 405862135a16
UVM_INFO out_mon.sv(31) @ 14491811: uvm_test_top.env0.out_mon_h [OUT_MON] GOT AN OUTPUT!: d81065f5657d
UVM_INFO out_mon.sv(31) @ 14496791: uvm_test_top.env0.out_mon_h [OUT_MON] GOT AN OUTPUT!: b9c5858de843
UVM_INFO out_mon.sv(31) @ 14501771: uvm_test_top.env0.out_mon_h [OUT_MON] GOT AN OUTPUT!: f7e9f500e8ee
UVM_INFO out_mon.sv(31) @ 14506751: uvm_test_top.env0.out_mon_h [OUT_MON] GOT AN OUTPUT!: c3fc7beafac7
UVM_INFO out_mon.sv(31) @ 14511731: uvm_test_top.env0.out_mon_h [OUT_MON] GOT AN OUTPUT!: d069d321b470
UVM_INFO out_mon.sv(31) @ 14516711: uvm_test_top.env0.out_mon_h [OUT_MON] GOT AN OUTPUT!: 3d66b6c30927
UVM_INFO out_mon.sv(31) @ 14521691: uvm_test_top.env0.out_mon_h [OUT_MON] GOT AN OUTPUT!: c8da81eba3d9
UVM_INFO out_mon.sv(31) @ 14526671: uvm_test_top.env0.out_mon_h [OUT_MON] GOT AN OUTPUT!: b932a32c5014
UVM_INFO out_mon.sv(31) @ 14531651: uvm_test_top.env0.out_mon_h [OUT_MON] GOT AN OUTPUT!: bb4b67965373
UVM_INFO out_mon.sv(31) @ 14536631: uvm_test_top.env0.out_mon_h [OUT_MON] GOT AN OUTPUT!: ab4d21f6cfab
UVM_INFO out_mon.sv(31) @ 14541611: uvm_test_top.env0.out_mon_h [OUT_MON] GOT AN OUTPUT!: 008756991ef7
UVM_INFO out_mon.sv(31) @ 14546591: uvm_test_top.env0.out_mon_h [OUT_MON] GOT AN OUTPUT!: 545db8a83c27
UVM_INFO out_mon.sv(31) @ 14551571: uvm_test_top.env0.out_mon_h [OUT_MON] GOT AN OUTPUT!: 3c1908072012
UVM_INFO out_mon.sv(31) @ 14556551: uvm_test_top.env0.out_mon_h [OUT_MON] GOT AN OUTPUT!: 6dd36c381af6
UVM_INFO out_mon.sv(31) @ 14561531: uvm_test_top.env0.out_mon_h [OUT_MON] GOT AN OUTPUT!: e84f3bab3717
UVM_INFO out_mon.sv(31) @ 14566511: uvm_test_top.env0.out_mon_h [OUT_MON] GOT AN OUTPUT!: 95db7f8ba1bf
UVM_INFO out_mon.sv(31) @ 14571491: uvm_test_top.env0.out_mon_h [OUT_MON] GOT AN OUTPUT!: a23373e3fe27
UVM_INFO out_mon.sv(31) @ 14576471: uvm_test_top.env0.out_mon_h [OUT_MON] GOT AN OUTPUT!: 7b5efab1ce37
UVM_INFO out_mon.sv(31) @ 14581451: uvm_test_top.env0.out_mon_h [OUT_MON] GOT AN OUTPUT!: 3590023fd07e
UVM_INFO out_mon.sv(31) @ 14586431: uvm_test_top.env0.out_mon_h [OUT_MON] GOT AN OUTPUT!: ca0b63df5d53
UVM_INFO out_mon.sv(31) @ 14591411: uvm_test_top.env0.out_mon_h [OUT_MON] GOT AN OUTPUT!: 68f774d8cb1d
UVM_INFO out_mon.sv(31) @ 14596391: uvm_test_top.env0.out_mon_h [OUT_MON] GOT AN OUTPUT!: d64a5b2ac9c0
UVM_INFO out_mon.sv(31) @ 14601371: uvm_test_top.env0.out_mon_h [OUT_MON] GOT AN OUTPUT!: 89aeeb70c792
UVM_INFO out_mon.sv(31) @ 14606351: uvm_test_top.env0.out_mon_h [OUT_MON] GOT AN OUTPUT!: 094d9e084f1e
UVM_INFO out_mon.sv(31) @ 14611331: uvm_test_top.env0.out_mon_h [OUT_MON] GOT AN OUTPUT!: b7c4854d650a
UVM_INFO out_mon.sv(31) @ 14616311: uvm_test_top.env0.out_mon_h [OUT_MON] GOT AN OUTPUT!: 0cfc2085eafb
UVM_INFO out_mon.sv(31) @ 14621291: uvm_test_top.env0.out_mon_h [OUT_MON] GOT AN OUTPUT!: f20673d3ff6b
UVM_INFO out_mon.sv(31) @ 14626271: uvm_test_top.env0.out_mon_h [OUT_MON] GOT AN OUTPUT!: b802b54759fe
UVM_INFO out_mon.sv(31) @ 14631251: uvm_test_top.env0.out_mon_h [OUT_MON] GOT AN OUTPUT!: e1fec3e5afb1
UVM_INFO out_mon.sv(31) @ 14636231: uvm_test_top.env0.out_mon_h [OUT_MON] GOT AN OUTPUT!: b9d00d421340
UVM_INFO out_mon.sv(31) @ 14641211: uvm_test_top.env0.out_mon_h [OUT_MON] GOT AN OUTPUT!: 67fb82fb523f
UVM_INFO out_mon.sv(31) @ 14646191: uvm_test_top.env0.out_mon_h [OUT_MON] GOT AN OUTPUT!: 068d62395944
UVM_INFO out_mon.sv(31) @ 14651171: uvm_test_top.env0.out_mon_h [OUT_MON] GOT AN OUTPUT!: e7024f018762
UVM_INFO out_mon.sv(31) @ 14656151: uvm_test_top.env0.out_mon_h [OUT_MON] GOT AN OUTPUT!: 0326b0fa238f
UVM_INFO out_mon.sv(31) @ 14661131: uvm_test_top.env0.out_mon_h [OUT_MON] GOT AN OUTPUT!: 50e9f0f4a9b5
UVM_INFO out_mon.sv(31) @ 14666111: uvm_test_top.env0.out_mon_h [OUT_MON] GOT AN OUTPUT!: 7148d0572f54
UVM_INFO out_mon.sv(31) @ 14671091: uvm_test_top.env0.out_mon_h [OUT_MON] GOT AN OUTPUT!: f232053ccfb4
UVM_INFO out_mon.sv(31) @ 14676071: uvm_test_top.env0.out_mon_h [OUT_MON] GOT AN OUTPUT!: 1b614ee4fb25
UVM_INFO out_mon.sv(31) @ 14681051: uvm_test_top.env0.out_mon_h [OUT_MON] GOT AN OUTPUT!: fe3073c9db11
UVM_INFO out_mon.sv(31) @ 14686031: uvm_test_top.env0.out_mon_h [OUT_MON] GOT AN OUTPUT!: 40994675bf30
UVM_INFO out_mon.sv(31) @ 14691011: uvm_test_top.env0.out_mon_h [OUT_MON] GOT AN OUTPUT!: daef99ef662b
UVM_INFO out_mon.sv(31) @ 14695991: uvm_test_top.env0.out_mon_h [OUT_MON] GOT AN OUTPUT!: c0dc3b5576f2
UVM_INFO out_mon.sv(31) @ 14700971: uvm_test_top.env0.out_mon_h [OUT_MON] GOT AN OUTPUT!: 2d37ec00cf44
UVM_INFO out_mon.sv(31) @ 14705951: uvm_test_top.env0.out_mon_h [OUT_MON] GOT AN OUTPUT!: 08db2245e2de
UVM_INFO out_mon.sv(31) @ 14710931: uvm_test_top.env0.out_mon_h [OUT_MON] GOT AN OUTPUT!: a49511ad2cb3
UVM_INFO out_mon.sv(31) @ 14715911: uvm_test_top.env0.out_mon_h [OUT_MON] GOT AN OUTPUT!: bdfd8b3a7df2
UVM_INFO out_mon.sv(31) @ 14720891: uvm_test_top.env0.out_mon_h [OUT_MON] GOT AN OUTPUT!: 87540d1b5eda
UVM_INFO out_mon.sv(31) @ 14725871: uvm_test_top.env0.out_mon_h [OUT_MON] GOT AN OUTPUT!: 2a6e40d47ead
UVM_INFO out_mon.sv(31) @ 14730851: uvm_test_top.env0.out_mon_h [OUT_MON] GOT AN OUTPUT!: fe859fc601fd
UVM_INFO out_mon.sv(31) @ 14735831: uvm_test_top.env0.out_mon_h [OUT_MON] GOT AN OUTPUT!: 691e249ee863
UVM_INFO out_mon.sv(31) @ 14740811: uvm_test_top.env0.out_mon_h [OUT_MON] GOT AN OUTPUT!: 21ef68176fcc
UVM_INFO out_mon.sv(31) @ 14745791: uvm_test_top.env0.out_mon_h [OUT_MON] GOT AN OUTPUT!: 51b7be0a7360
UVM_INFO out_mon.sv(31) @ 14750771: uvm_test_top.env0.out_mon_h [OUT_MON] GOT AN OUTPUT!: c421e1c5c5c3
UVM_INFO out_mon.sv(31) @ 14755751: uvm_test_top.env0.out_mon_h [OUT_MON] GOT AN OUTPUT!: 24a534299bdc
UVM_INFO out_mon.sv(31) @ 14760731: uvm_test_top.env0.out_mon_h [OUT_MON] GOT AN OUTPUT!: fe64d9eedf2b
UVM_INFO out_mon.sv(31) @ 14765711: uvm_test_top.env0.out_mon_h [OUT_MON] GOT AN OUTPUT!: f7121d2c9d30
UVM_INFO out_mon.sv(31) @ 14770691: uvm_test_top.env0.out_mon_h [OUT_MON] GOT AN OUTPUT!: 7cc774f458e3
UVM_INFO out_mon.sv(31) @ 14775671: uvm_test_top.env0.out_mon_h [OUT_MON] GOT AN OUTPUT!: deedff9d7445
UVM_INFO out_mon.sv(31) @ 14780651: uvm_test_top.env0.out_mon_h [OUT_MON] GOT AN OUTPUT!: 8a1453178cb4
UVM_INFO out_mon.sv(31) @ 14785631: uvm_test_top.env0.out_mon_h [OUT_MON] GOT AN OUTPUT!: dee1c55bdfb8
UVM_INFO out_mon.sv(31) @ 14790611: uvm_test_top.env0.out_mon_h [OUT_MON] GOT AN OUTPUT!: dbd9f7d59b61
UVM_INFO out_mon.sv(31) @ 14795591: uvm_test_top.env0.out_mon_h [OUT_MON] GOT AN OUTPUT!: 9258195955ac
UVM_INFO out_mon.sv(31) @ 14800571: uvm_test_top.env0.out_mon_h [OUT_MON] GOT AN OUTPUT!: 1e6104035a38
UVM_INFO out_mon.sv(31) @ 14805551: uvm_test_top.env0.out_mon_h [OUT_MON] GOT AN OUTPUT!: 9981e71516ba
UVM_INFO out_mon.sv(31) @ 14810531: uvm_test_top.env0.out_mon_h [OUT_MON] GOT AN OUTPUT!: 40b760a96a43
UVM_INFO out_mon.sv(31) @ 14815511: uvm_test_top.env0.out_mon_h [OUT_MON] GOT AN OUTPUT!: c547f1d81cff
UVM_INFO out_mon.sv(31) @ 14820491: uvm_test_top.env0.out_mon_h [OUT_MON] GOT AN OUTPUT!: 80a6e9a026f1
UVM_INFO out_mon.sv(31) @ 14825471: uvm_test_top.env0.out_mon_h [OUT_MON] GOT AN OUTPUT!: 0355c0b125c3
UVM_INFO out_mon.sv(31) @ 14830451: uvm_test_top.env0.out_mon_h [OUT_MON] GOT AN OUTPUT!: 36bfbaebab51
UVM_INFO out_mon.sv(31) @ 14835431: uvm_test_top.env0.out_mon_h [OUT_MON] GOT AN OUTPUT!: 0a19cc30aba0
UVM_INFO out_mon.sv(31) @ 14840411: uvm_test_top.env0.out_mon_h [OUT_MON] GOT AN OUTPUT!: 6249b2d7d2af
UVM_INFO out_mon.sv(31) @ 14845391: uvm_test_top.env0.out_mon_h [OUT_MON] GOT AN OUTPUT!: c4bc3de4eab7
UVM_INFO out_mon.sv(31) @ 14850371: uvm_test_top.env0.out_mon_h [OUT_MON] GOT AN OUTPUT!: f5503fd43ab7
UVM_INFO out_mon.sv(31) @ 14855351: uvm_test_top.env0.out_mon_h [OUT_MON] GOT AN OUTPUT!: 7f2d1095e1dd
UVM_INFO out_mon.sv(31) @ 14860331: uvm_test_top.env0.out_mon_h [OUT_MON] GOT AN OUTPUT!: e0a513103ce8
UVM_INFO out_mon.sv(31) @ 14865311: uvm_test_top.env0.out_mon_h [OUT_MON] GOT AN OUTPUT!: d217ff414936
UVM_INFO out_mon.sv(31) @ 14870291: uvm_test_top.env0.out_mon_h [OUT_MON] GOT AN OUTPUT!: dfcfd5d6f87f
UVM_INFO out_mon.sv(31) @ 14875271: uvm_test_top.env0.out_mon_h [OUT_MON] GOT AN OUTPUT!: 4ee400d69e47
UVM_INFO out_mon.sv(31) @ 14880251: uvm_test_top.env0.out_mon_h [OUT_MON] GOT AN OUTPUT!: 051c6aab47a3
UVM_INFO out_mon.sv(31) @ 14885231: uvm_test_top.env0.out_mon_h [OUT_MON] GOT AN OUTPUT!: ebc5bbb31ce1
UVM_INFO out_mon.sv(31) @ 14890211: uvm_test_top.env0.out_mon_h [OUT_MON] GOT AN OUTPUT!: 0598e623c5f4
UVM_INFO out_mon.sv(31) @ 14895191: uvm_test_top.env0.out_mon_h [OUT_MON] GOT AN OUTPUT!: 2f9fc6ddc1eb
UVM_INFO out_mon.sv(31) @ 14900171: uvm_test_top.env0.out_mon_h [OUT_MON] GOT AN OUTPUT!: 450fca86ce4d
UVM_INFO out_mon.sv(31) @ 14905151: uvm_test_top.env0.out_mon_h [OUT_MON] GOT AN OUTPUT!: 1e2500034884
UVM_INFO out_mon.sv(31) @ 14910131: uvm_test_top.env0.out_mon_h [OUT_MON] GOT AN OUTPUT!: a20a9b2680de
UVM_INFO out_mon.sv(31) @ 14915111: uvm_test_top.env0.out_mon_h [OUT_MON] GOT AN OUTPUT!: e3bceb322d66
UVM_INFO out_mon.sv(31) @ 14920091: uvm_test_top.env0.out_mon_h [OUT_MON] GOT AN OUTPUT!: 01da6c7cb662
UVM_INFO out_mon.sv(31) @ 14925071: uvm_test_top.env0.out_mon_h [OUT_MON] GOT AN OUTPUT!: 41975656aa1a
UVM_INFO out_mon.sv(31) @ 14930051: uvm_test_top.env0.out_mon_h [OUT_MON] GOT AN OUTPUT!: 9c8b7b070ca4
UVM_INFO out_mon.sv(31) @ 14935031: uvm_test_top.env0.out_mon_h [OUT_MON] GOT AN OUTPUT!: b99c2b76bedc
UVM_INFO out_mon.sv(31) @ 14940011: uvm_test_top.env0.out_mon_h [OUT_MON] GOT AN OUTPUT!: 08e472e2dc03
UVM_INFO out_mon.sv(31) @ 14944991: uvm_test_top.env0.out_mon_h [OUT_MON] GOT AN OUTPUT!: 7a7dc6ae23b9
UVM_INFO out_mon.sv(31) @ 14949971: uvm_test_top.env0.out_mon_h [OUT_MON] GOT AN OUTPUT!: 087562294748
UVM_INFO out_mon.sv(31) @ 14954951: uvm_test_top.env0.out_mon_h [OUT_MON] GOT AN OUTPUT!: 0ba1a4ea56d3
UVM_INFO out_mon.sv(31) @ 14959931: uvm_test_top.env0.out_mon_h [OUT_MON] GOT AN OUTPUT!: 1386180b225e
UVM_INFO out_mon.sv(31) @ 14964911: uvm_test_top.env0.out_mon_h [OUT_MON] GOT AN OUTPUT!: b936bb669552
UVM_INFO out_mon.sv(31) @ 14969891: uvm_test_top.env0.out_mon_h [OUT_MON] GOT AN OUTPUT!: a528ddad0e49
UVM_INFO out_mon.sv(31) @ 14974871: uvm_test_top.env0.out_mon_h [OUT_MON] GOT AN OUTPUT!: c0286be7d7e5
UVM_INFO out_mon.sv(31) @ 14979851: uvm_test_top.env0.out_mon_h [OUT_MON] GOT AN OUTPUT!: 47243cc367ff
UVM_INFO out_mon.sv(31) @ 14984831: uvm_test_top.env0.out_mon_h [OUT_MON] GOT AN OUTPUT!: 3a2242b8db5f
UVM_INFO out_mon.sv(31) @ 14989811: uvm_test_top.env0.out_mon_h [OUT_MON] GOT AN OUTPUT!: 5e09e6ee475f
UVM_INFO out_mon.sv(31) @ 14994791: uvm_test_top.env0.out_mon_h [OUT_MON] GOT AN OUTPUT!: c99081661d5a
UVM_INFO out_mon.sv(31) @ 14999771: uvm_test_top.env0.out_mon_h [OUT_MON] GOT AN OUTPUT!: b51e4bd58b03
UVM_INFO out_mon.sv(31) @ 15004751: uvm_test_top.env0.out_mon_h [OUT_MON] GOT AN OUTPUT!: 05a0b239d864
UVM_INFO out_mon.sv(31) @ 15009731: uvm_test_top.env0.out_mon_h [OUT_MON] GOT AN OUTPUT!: ca75ff04cf1e
UVM_INFO out_mon.sv(31) @ 15014711: uvm_test_top.env0.out_mon_h [OUT_MON] GOT AN OUTPUT!: a63f23780a9e
UVM_INFO out_mon.sv(31) @ 15019691: uvm_test_top.env0.out_mon_h [OUT_MON] GOT AN OUTPUT!: dad389876d23
UVM_INFO out_mon.sv(31) @ 15024671: uvm_test_top.env0.out_mon_h [OUT_MON] GOT AN OUTPUT!: 7013aa5a6f5a
UVM_INFO out_mon.sv(31) @ 15029651: uvm_test_top.env0.out_mon_h [OUT_MON] GOT AN OUTPUT!: adc9ab44856e
UVM_INFO out_mon.sv(31) @ 15034631: uvm_test_top.env0.out_mon_h [OUT_MON] GOT AN OUTPUT!: e08d7dcc7f99
UVM_INFO out_mon.sv(31) @ 15039611: uvm_test_top.env0.out_mon_h [OUT_MON] GOT AN OUTPUT!: 21a3c01aefa2
UVM_INFO out_mon.sv(31) @ 15044591: uvm_test_top.env0.out_mon_h [OUT_MON] GOT AN OUTPUT!: 99d97be77af5
UVM_INFO out_mon.sv(31) @ 15049571: uvm_test_top.env0.out_mon_h [OUT_MON] GOT AN OUTPUT!: 776b4abd49f3
UVM_INFO out_mon.sv(31) @ 15054551: uvm_test_top.env0.out_mon_h [OUT_MON] GOT AN OUTPUT!: 8ee1c12e5be4
UVM_INFO out_mon.sv(31) @ 15059531: uvm_test_top.env0.out_mon_h [OUT_MON] GOT AN OUTPUT!: 5eed464def20
UVM_INFO out_mon.sv(31) @ 15064511: uvm_test_top.env0.out_mon_h [OUT_MON] GOT AN OUTPUT!: ef50e189dfcb
UVM_INFO out_mon.sv(31) @ 15069491: uvm_test_top.env0.out_mon_h [OUT_MON] GOT AN OUTPUT!: c2b757bafc45
UVM_INFO out_mon.sv(31) @ 15074471: uvm_test_top.env0.out_mon_h [OUT_MON] GOT AN OUTPUT!: d39693047ee2
UVM_INFO out_mon.sv(31) @ 15079451: uvm_test_top.env0.out_mon_h [OUT_MON] GOT AN OUTPUT!: 54126eda4f47
UVM_INFO out_mon.sv(31) @ 15084431: uvm_test_top.env0.out_mon_h [OUT_MON] GOT AN OUTPUT!: a8db31467958
UVM_INFO out_mon.sv(31) @ 15089411: uvm_test_top.env0.out_mon_h [OUT_MON] GOT AN OUTPUT!: d70dfd458012
UVM_INFO out_mon.sv(31) @ 15094391: uvm_test_top.env0.out_mon_h [OUT_MON] GOT AN OUTPUT!: 5d0ee4d1c8b5
UVM_INFO out_mon.sv(31) @ 15099371: uvm_test_top.env0.out_mon_h [OUT_MON] GOT AN OUTPUT!: 2e724ef5ec59
UVM_INFO out_mon.sv(31) @ 15104351: uvm_test_top.env0.out_mon_h [OUT_MON] GOT AN OUTPUT!: 4adad2fe29eb
UVM_INFO out_mon.sv(31) @ 15109331: uvm_test_top.env0.out_mon_h [OUT_MON] GOT AN OUTPUT!: 27ce18a0b31d
UVM_INFO out_mon.sv(31) @ 15114311: uvm_test_top.env0.out_mon_h [OUT_MON] GOT AN OUTPUT!: e5aa1fb51819
UVM_INFO out_mon.sv(31) @ 15119291: uvm_test_top.env0.out_mon_h [OUT_MON] GOT AN OUTPUT!: 076eecd2aaa1
UVM_INFO out_mon.sv(31) @ 15124271: uvm_test_top.env0.out_mon_h [OUT_MON] GOT AN OUTPUT!: 25aa28edd169
UVM_INFO out_mon.sv(31) @ 15129251: uvm_test_top.env0.out_mon_h [OUT_MON] GOT AN OUTPUT!: d45d8bcc731b
UVM_INFO out_mon.sv(31) @ 15134231: uvm_test_top.env0.out_mon_h [OUT_MON] GOT AN OUTPUT!: b3c8bfe95115
UVM_INFO out_mon.sv(31) @ 15139211: uvm_test_top.env0.out_mon_h [OUT_MON] GOT AN OUTPUT!: 6464c81e67c0
UVM_INFO out_mon.sv(31) @ 15144191: uvm_test_top.env0.out_mon_h [OUT_MON] GOT AN OUTPUT!: d5aed12e50f4
UVM_INFO out_mon.sv(31) @ 15149171: uvm_test_top.env0.out_mon_h [OUT_MON] GOT AN OUTPUT!: 28150004a376
UVM_INFO out_mon.sv(31) @ 15154151: uvm_test_top.env0.out_mon_h [OUT_MON] GOT AN OUTPUT!: 19cb40454e98
UVM_INFO out_mon.sv(31) @ 15159131: uvm_test_top.env0.out_mon_h [OUT_MON] GOT AN OUTPUT!: b6b7cb8303dd
UVM_INFO out_mon.sv(31) @ 15164111: uvm_test_top.env0.out_mon_h [OUT_MON] GOT AN OUTPUT!: c3474d348772
UVM_INFO out_mon.sv(31) @ 15169091: uvm_test_top.env0.out_mon_h [OUT_MON] GOT AN OUTPUT!: 1a56fe4122e6
UVM_INFO out_mon.sv(31) @ 15174071: uvm_test_top.env0.out_mon_h [OUT_MON] GOT AN OUTPUT!: f60f73bbf4eb
UVM_INFO out_mon.sv(31) @ 15179051: uvm_test_top.env0.out_mon_h [OUT_MON] GOT AN OUTPUT!: dbc38b265cb4
UVM_INFO out_mon.sv(31) @ 15184031: uvm_test_top.env0.out_mon_h [OUT_MON] GOT AN OUTPUT!: a2d0fd5154f6
UVM_INFO out_mon.sv(31) @ 15189011: uvm_test_top.env0.out_mon_h [OUT_MON] GOT AN OUTPUT!: ce8467b5d0f7
UVM_INFO out_mon.sv(31) @ 15193991: uvm_test_top.env0.out_mon_h [OUT_MON] GOT AN OUTPUT!: 32f634dc210b
UVM_INFO out_mon.sv(31) @ 15198971: uvm_test_top.env0.out_mon_h [OUT_MON] GOT AN OUTPUT!: 9ce8fd2a5686
UVM_INFO out_mon.sv(31) @ 15203951: uvm_test_top.env0.out_mon_h [OUT_MON] GOT AN OUTPUT!: f4ac87319906
UVM_INFO out_mon.sv(31) @ 15208931: uvm_test_top.env0.out_mon_h [OUT_MON] GOT AN OUTPUT!: 13fc54528d62
UVM_INFO out_mon.sv(31) @ 15213911: uvm_test_top.env0.out_mon_h [OUT_MON] GOT AN OUTPUT!: 46e17650b4e0
UVM_INFO out_mon.sv(31) @ 15218891: uvm_test_top.env0.out_mon_h [OUT_MON] GOT AN OUTPUT!: 2f8d7a2ccee6
UVM_INFO out_mon.sv(31) @ 15223871: uvm_test_top.env0.out_mon_h [OUT_MON] GOT AN OUTPUT!: 853c9d5e33c0
UVM_INFO out_mon.sv(31) @ 15228851: uvm_test_top.env0.out_mon_h [OUT_MON] GOT AN OUTPUT!: e6214b433950
UVM_INFO out_mon.sv(31) @ 15233831: uvm_test_top.env0.out_mon_h [OUT_MON] GOT AN OUTPUT!: b42ebd609052
UVM_INFO out_mon.sv(31) @ 15238811: uvm_test_top.env0.out_mon_h [OUT_MON] GOT AN OUTPUT!: b5092fc7a769
UVM_INFO out_mon.sv(31) @ 15243791: uvm_test_top.env0.out_mon_h [OUT_MON] GOT AN OUTPUT!: ece117bc07e5
UVM_INFO out_mon.sv(31) @ 15248771: uvm_test_top.env0.out_mon_h [OUT_MON] GOT AN OUTPUT!: ec51e16fb476
UVM_INFO out_mon.sv(31) @ 15253751: uvm_test_top.env0.out_mon_h [OUT_MON] GOT AN OUTPUT!: 893fed6e9142
UVM_INFO out_mon.sv(31) @ 15258731: uvm_test_top.env0.out_mon_h [OUT_MON] GOT AN OUTPUT!: bac0e510bc36
UVM_INFO out_mon.sv(31) @ 15263711: uvm_test_top.env0.out_mon_h [OUT_MON] GOT AN OUTPUT!: 0ff6820befbc
UVM_INFO out_mon.sv(31) @ 15268691: uvm_test_top.env0.out_mon_h [OUT_MON] GOT AN OUTPUT!: f9eaaffbde17
UVM_INFO out_mon.sv(31) @ 15273671: uvm_test_top.env0.out_mon_h [OUT_MON] GOT AN OUTPUT!: e0727d799a60
UVM_INFO out_mon.sv(31) @ 15278651: uvm_test_top.env0.out_mon_h [OUT_MON] GOT AN OUTPUT!: ba152d19f272
UVM_INFO out_mon.sv(31) @ 15283631: uvm_test_top.env0.out_mon_h [OUT_MON] GOT AN OUTPUT!: 9edff76aceda
UVM_INFO out_mon.sv(31) @ 15288611: uvm_test_top.env0.out_mon_h [OUT_MON] GOT AN OUTPUT!: 8e4fb1c797e1
UVM_INFO out_mon.sv(31) @ 15293591: uvm_test_top.env0.out_mon_h [OUT_MON] GOT AN OUTPUT!: 60290e9c8ae3
UVM_INFO out_mon.sv(31) @ 15298571: uvm_test_top.env0.out_mon_h [OUT_MON] GOT AN OUTPUT!: 9862eb712692
UVM_INFO out_mon.sv(31) @ 15303551: uvm_test_top.env0.out_mon_h [OUT_MON] GOT AN OUTPUT!: 95fd67d186cd
UVM_INFO out_mon.sv(31) @ 15308531: uvm_test_top.env0.out_mon_h [OUT_MON] GOT AN OUTPUT!: 54defceebeab
UVM_INFO out_mon.sv(31) @ 15313511: uvm_test_top.env0.out_mon_h [OUT_MON] GOT AN OUTPUT!: bac3598e411d
UVM_INFO out_mon.sv(31) @ 15318491: uvm_test_top.env0.out_mon_h [OUT_MON] GOT AN OUTPUT!: 270d40a03a8b
UVM_INFO out_mon.sv(31) @ 15323471: uvm_test_top.env0.out_mon_h [OUT_MON] GOT AN OUTPUT!: bdaa3994f49d
UVM_INFO out_mon.sv(31) @ 15328451: uvm_test_top.env0.out_mon_h [OUT_MON] GOT AN OUTPUT!: a4f8e1493518
UVM_INFO out_mon.sv(31) @ 15333431: uvm_test_top.env0.out_mon_h [OUT_MON] GOT AN OUTPUT!: 2e9e84219ff6
UVM_INFO out_mon.sv(31) @ 15338411: uvm_test_top.env0.out_mon_h [OUT_MON] GOT AN OUTPUT!: a370d7ad0ddb
UVM_INFO out_mon.sv(31) @ 15343391: uvm_test_top.env0.out_mon_h [OUT_MON] GOT AN OUTPUT!: 2a4c50e5fb35
UVM_INFO out_mon.sv(31) @ 15348371: uvm_test_top.env0.out_mon_h [OUT_MON] GOT AN OUTPUT!: 01ff60eada11
UVM_INFO out_mon.sv(31) @ 15353351: uvm_test_top.env0.out_mon_h [OUT_MON] GOT AN OUTPUT!: 061fd6c58341
UVM_INFO out_mon.sv(31) @ 15358331: uvm_test_top.env0.out_mon_h [OUT_MON] GOT AN OUTPUT!: 36f08e997f7f
UVM_INFO out_mon.sv(31) @ 15363311: uvm_test_top.env0.out_mon_h [OUT_MON] GOT AN OUTPUT!: bc436b5176ae
UVM_INFO out_mon.sv(31) @ 15368291: uvm_test_top.env0.out_mon_h [OUT_MON] GOT AN OUTPUT!: 9b5107a39129
UVM_INFO out_mon.sv(31) @ 15373271: uvm_test_top.env0.out_mon_h [OUT_MON] GOT AN OUTPUT!: 17a1c804cef4
UVM_INFO out_mon.sv(31) @ 15378251: uvm_test_top.env0.out_mon_h [OUT_MON] GOT AN OUTPUT!: 76eb82e36fbd
UVM_INFO out_mon.sv(31) @ 15383231: uvm_test_top.env0.out_mon_h [OUT_MON] GOT AN OUTPUT!: 9feaeb404870
UVM_INFO out_mon.sv(31) @ 15388211: uvm_test_top.env0.out_mon_h [OUT_MON] GOT AN OUTPUT!: cc4d2d7f34d6
UVM_INFO out_mon.sv(31) @ 15393191: uvm_test_top.env0.out_mon_h [OUT_MON] GOT AN OUTPUT!: 45877a06613c
UVM_INFO out_mon.sv(31) @ 15398171: uvm_test_top.env0.out_mon_h [OUT_MON] GOT AN OUTPUT!: e4c07b04bfd8
UVM_INFO out_mon.sv(31) @ 15403151: uvm_test_top.env0.out_mon_h [OUT_MON] GOT AN OUTPUT!: cda5f377523c
UVM_INFO out_mon.sv(31) @ 15408131: uvm_test_top.env0.out_mon_h [OUT_MON] GOT AN OUTPUT!: 9c538d45a698
UVM_INFO out_mon.sv(31) @ 15413111: uvm_test_top.env0.out_mon_h [OUT_MON] GOT AN OUTPUT!: fe30850d1b78
UVM_INFO out_mon.sv(31) @ 15418091: uvm_test_top.env0.out_mon_h [OUT_MON] GOT AN OUTPUT!: 6dd0b4f34d97
UVM_INFO out_mon.sv(31) @ 15423071: uvm_test_top.env0.out_mon_h [OUT_MON] GOT AN OUTPUT!: 89d3ef977415
UVM_INFO out_mon.sv(31) @ 15428051: uvm_test_top.env0.out_mon_h [OUT_MON] GOT AN OUTPUT!: 3ec53efac8ef
UVM_INFO out_mon.sv(31) @ 15433031: uvm_test_top.env0.out_mon_h [OUT_MON] GOT AN OUTPUT!: bbfb2ff7dc0d
UVM_INFO out_mon.sv(31) @ 15438011: uvm_test_top.env0.out_mon_h [OUT_MON] GOT AN OUTPUT!: eb7a09a0fabf
UVM_INFO out_mon.sv(31) @ 15442991: uvm_test_top.env0.out_mon_h [OUT_MON] GOT AN OUTPUT!: e4d5719d8d01
UVM_INFO out_mon.sv(31) @ 15447971: uvm_test_top.env0.out_mon_h [OUT_MON] GOT AN OUTPUT!: 9301135e7b42
UVM_INFO out_mon.sv(31) @ 15452951: uvm_test_top.env0.out_mon_h [OUT_MON] GOT AN OUTPUT!: 854afbc18521
UVM_INFO out_mon.sv(31) @ 15457931: uvm_test_top.env0.out_mon_h [OUT_MON] GOT AN OUTPUT!: a322817ba656
UVM_INFO out_mon.sv(31) @ 15462911: uvm_test_top.env0.out_mon_h [OUT_MON] GOT AN OUTPUT!: 3b097c627cb6
UVM_INFO out_mon.sv(31) @ 15467891: uvm_test_top.env0.out_mon_h [OUT_MON] GOT AN OUTPUT!: a469516c9b98
UVM_INFO out_mon.sv(31) @ 15472871: uvm_test_top.env0.out_mon_h [OUT_MON] GOT AN OUTPUT!: 6c7b9e00f22c
UVM_INFO out_mon.sv(31) @ 15477851: uvm_test_top.env0.out_mon_h [OUT_MON] GOT AN OUTPUT!: c62337ed33dd
UVM_INFO out_mon.sv(31) @ 15482831: uvm_test_top.env0.out_mon_h [OUT_MON] GOT AN OUTPUT!: b4cf1f1b2220
UVM_INFO out_mon.sv(31) @ 15487811: uvm_test_top.env0.out_mon_h [OUT_MON] GOT AN OUTPUT!: 2a5ccedd083b
UVM_INFO out_mon.sv(31) @ 15492791: uvm_test_top.env0.out_mon_h [OUT_MON] GOT AN OUTPUT!: 0ff056690872
UVM_INFO out_mon.sv(31) @ 15497771: uvm_test_top.env0.out_mon_h [OUT_MON] GOT AN OUTPUT!: f1dea9db7c57
UVM_INFO out_mon.sv(31) @ 15502751: uvm_test_top.env0.out_mon_h [OUT_MON] GOT AN OUTPUT!: c6897dd85ec3
UVM_INFO out_mon.sv(31) @ 15507731: uvm_test_top.env0.out_mon_h [OUT_MON] GOT AN OUTPUT!: 083b6aa3a735
UVM_INFO out_mon.sv(31) @ 15512711: uvm_test_top.env0.out_mon_h [OUT_MON] GOT AN OUTPUT!: 1a099448a45e
UVM_INFO out_mon.sv(31) @ 15517691: uvm_test_top.env0.out_mon_h [OUT_MON] GOT AN OUTPUT!: afb66128673c
UVM_INFO out_mon.sv(31) @ 15522671: uvm_test_top.env0.out_mon_h [OUT_MON] GOT AN OUTPUT!: b0962f07150a
UVM_INFO out_mon.sv(31) @ 15527651: uvm_test_top.env0.out_mon_h [OUT_MON] GOT AN OUTPUT!: cd63e97055ae
UVM_INFO out_mon.sv(31) @ 15532631: uvm_test_top.env0.out_mon_h [OUT_MON] GOT AN OUTPUT!: c123170aa9b2
UVM_INFO out_mon.sv(31) @ 15537611: uvm_test_top.env0.out_mon_h [OUT_MON] GOT AN OUTPUT!: f509fd31cf46
UVM_INFO out_mon.sv(31) @ 15542591: uvm_test_top.env0.out_mon_h [OUT_MON] GOT AN OUTPUT!: ff5605f01f65
UVM_INFO out_mon.sv(31) @ 15547571: uvm_test_top.env0.out_mon_h [OUT_MON] GOT AN OUTPUT!: 3537322ef130
UVM_INFO out_mon.sv(31) @ 15552551: uvm_test_top.env0.out_mon_h [OUT_MON] GOT AN OUTPUT!: 47a05cb5f2a1
UVM_INFO out_mon.sv(31) @ 15557531: uvm_test_top.env0.out_mon_h [OUT_MON] GOT AN OUTPUT!: a337a1519722
UVM_INFO out_mon.sv(31) @ 15562511: uvm_test_top.env0.out_mon_h [OUT_MON] GOT AN OUTPUT!: 0b2a2e38605a
UVM_INFO out_mon.sv(31) @ 15567491: uvm_test_top.env0.out_mon_h [OUT_MON] GOT AN OUTPUT!: a714e5875abf
UVM_INFO out_mon.sv(31) @ 15572471: uvm_test_top.env0.out_mon_h [OUT_MON] GOT AN OUTPUT!: 7be1706d65c8
UVM_INFO out_mon.sv(31) @ 15577451: uvm_test_top.env0.out_mon_h [OUT_MON] GOT AN OUTPUT!: 079fba5d9dfe
UVM_INFO out_mon.sv(31) @ 15582431: uvm_test_top.env0.out_mon_h [OUT_MON] GOT AN OUTPUT!: 7871b260bb62
UVM_INFO out_mon.sv(31) @ 15587411: uvm_test_top.env0.out_mon_h [OUT_MON] GOT AN OUTPUT!: b65f595d75dc
UVM_INFO out_mon.sv(31) @ 15592391: uvm_test_top.env0.out_mon_h [OUT_MON] GOT AN OUTPUT!: 384426efdf03
UVM_INFO out_mon.sv(31) @ 15597371: uvm_test_top.env0.out_mon_h [OUT_MON] GOT AN OUTPUT!: 5ba22e27c3f8
UVM_INFO out_mon.sv(31) @ 15602351: uvm_test_top.env0.out_mon_h [OUT_MON] GOT AN OUTPUT!: b78961460ab8
UVM_INFO out_mon.sv(31) @ 15607331: uvm_test_top.env0.out_mon_h [OUT_MON] GOT AN OUTPUT!: a274f7511f66
UVM_INFO out_mon.sv(31) @ 15612311: uvm_test_top.env0.out_mon_h [OUT_MON] GOT AN OUTPUT!: e32ba5183d24
UVM_INFO out_mon.sv(31) @ 15617291: uvm_test_top.env0.out_mon_h [OUT_MON] GOT AN OUTPUT!: 44a0e8fde66b
UVM_INFO out_mon.sv(31) @ 15622271: uvm_test_top.env0.out_mon_h [OUT_MON] GOT AN OUTPUT!: 84d40ba133fb
UVM_INFO out_mon.sv(31) @ 15627251: uvm_test_top.env0.out_mon_h [OUT_MON] GOT AN OUTPUT!: d6b4f33e3654
UVM_INFO out_mon.sv(31) @ 15632231: uvm_test_top.env0.out_mon_h [OUT_MON] GOT AN OUTPUT!: eef4615d6488
UVM_INFO out_mon.sv(31) @ 15637211: uvm_test_top.env0.out_mon_h [OUT_MON] GOT AN OUTPUT!: 53fbbe29ea24
UVM_INFO out_mon.sv(31) @ 15642191: uvm_test_top.env0.out_mon_h [OUT_MON] GOT AN OUTPUT!: 68b5288711b7
UVM_INFO out_mon.sv(31) @ 15647171: uvm_test_top.env0.out_mon_h [OUT_MON] GOT AN OUTPUT!: 6a7f6abc9c57
UVM_INFO out_mon.sv(31) @ 15652151: uvm_test_top.env0.out_mon_h [OUT_MON] GOT AN OUTPUT!: 5a006a523294
UVM_INFO out_mon.sv(31) @ 15657131: uvm_test_top.env0.out_mon_h [OUT_MON] GOT AN OUTPUT!: 870fc171ad68
UVM_INFO out_mon.sv(31) @ 15662111: uvm_test_top.env0.out_mon_h [OUT_MON] GOT AN OUTPUT!: 3787dee885cb
UVM_INFO out_mon.sv(31) @ 15667091: uvm_test_top.env0.out_mon_h [OUT_MON] GOT AN OUTPUT!: a134dba03259
UVM_INFO out_mon.sv(31) @ 15672071: uvm_test_top.env0.out_mon_h [OUT_MON] GOT AN OUTPUT!: 2eb020258606
UVM_INFO out_mon.sv(31) @ 15677051: uvm_test_top.env0.out_mon_h [OUT_MON] GOT AN OUTPUT!: c73fe3970fed
UVM_INFO out_mon.sv(31) @ 15682031: uvm_test_top.env0.out_mon_h [OUT_MON] GOT AN OUTPUT!: 91aa5d1270b4
UVM_INFO out_mon.sv(31) @ 15687011: uvm_test_top.env0.out_mon_h [OUT_MON] GOT AN OUTPUT!: 6a350078d8da
UVM_INFO out_mon.sv(31) @ 15691991: uvm_test_top.env0.out_mon_h [OUT_MON] GOT AN OUTPUT!: 03634622422e
UVM_INFO out_mon.sv(31) @ 15696971: uvm_test_top.env0.out_mon_h [OUT_MON] GOT AN OUTPUT!: 69e908d7ee9f
UVM_INFO out_mon.sv(31) @ 15701951: uvm_test_top.env0.out_mon_h [OUT_MON] GOT AN OUTPUT!: 6383a62db5ac
UVM_INFO out_mon.sv(31) @ 15706931: uvm_test_top.env0.out_mon_h [OUT_MON] GOT AN OUTPUT!: e0e10f126c34
UVM_INFO out_mon.sv(31) @ 15711911: uvm_test_top.env0.out_mon_h [OUT_MON] GOT AN OUTPUT!: 7a78742f4506
UVM_INFO out_mon.sv(31) @ 15716891: uvm_test_top.env0.out_mon_h [OUT_MON] GOT AN OUTPUT!: b06d6d6e2d58
UVM_INFO out_mon.sv(31) @ 15721871: uvm_test_top.env0.out_mon_h [OUT_MON] GOT AN OUTPUT!: 656fb0bf2fb9
UVM_INFO out_mon.sv(31) @ 15726851: uvm_test_top.env0.out_mon_h [OUT_MON] GOT AN OUTPUT!: cc994ff4ceb1
UVM_INFO out_mon.sv(31) @ 15731831: uvm_test_top.env0.out_mon_h [OUT_MON] GOT AN OUTPUT!: c250ef4f6e28
UVM_INFO out_mon.sv(31) @ 15736811: uvm_test_top.env0.out_mon_h [OUT_MON] GOT AN OUTPUT!: 482f720fac6a
UVM_INFO out_mon.sv(31) @ 15741791: uvm_test_top.env0.out_mon_h [OUT_MON] GOT AN OUTPUT!: 9bcde727c190
UVM_INFO out_mon.sv(31) @ 15746771: uvm_test_top.env0.out_mon_h [OUT_MON] GOT AN OUTPUT!: 20ba16e3e095
UVM_INFO out_mon.sv(31) @ 15751751: uvm_test_top.env0.out_mon_h [OUT_MON] GOT AN OUTPUT!: 154cd4219ea6
UVM_INFO out_mon.sv(31) @ 15756731: uvm_test_top.env0.out_mon_h [OUT_MON] GOT AN OUTPUT!: ca89c96e480c
UVM_INFO out_mon.sv(31) @ 15761711: uvm_test_top.env0.out_mon_h [OUT_MON] GOT AN OUTPUT!: d6fe0f24485c
UVM_INFO out_mon.sv(31) @ 15766691: uvm_test_top.env0.out_mon_h [OUT_MON] GOT AN OUTPUT!: 7ca6225f83f4
UVM_INFO out_mon.sv(31) @ 15771671: uvm_test_top.env0.out_mon_h [OUT_MON] GOT AN OUTPUT!: 39cbb060b7be
UVM_INFO out_mon.sv(31) @ 15776651: uvm_test_top.env0.out_mon_h [OUT_MON] GOT AN OUTPUT!: 3cdefeb7e7b1
UVM_INFO out_mon.sv(31) @ 15781631: uvm_test_top.env0.out_mon_h [OUT_MON] GOT AN OUTPUT!: 33638c4da966
UVM_INFO out_mon.sv(31) @ 15786611: uvm_test_top.env0.out_mon_h [OUT_MON] GOT AN OUTPUT!: abbe59239276
UVM_INFO out_mon.sv(31) @ 15791591: uvm_test_top.env0.out_mon_h [OUT_MON] GOT AN OUTPUT!: 022d74639676
UVM_INFO out_mon.sv(31) @ 15796571: uvm_test_top.env0.out_mon_h [OUT_MON] GOT AN OUTPUT!: 90906316612e
UVM_INFO out_mon.sv(31) @ 15801551: uvm_test_top.env0.out_mon_h [OUT_MON] GOT AN OUTPUT!: 9958ff98be9d
UVM_INFO out_mon.sv(31) @ 15806531: uvm_test_top.env0.out_mon_h [OUT_MON] GOT AN OUTPUT!: 2560dca7f0f3
UVM_INFO out_mon.sv(31) @ 15811511: uvm_test_top.env0.out_mon_h [OUT_MON] GOT AN OUTPUT!: ccd3c39d1c0f
UVM_INFO out_mon.sv(31) @ 15816491: uvm_test_top.env0.out_mon_h [OUT_MON] GOT AN OUTPUT!: 22fc5a2f9dce
UVM_INFO out_mon.sv(31) @ 15821471: uvm_test_top.env0.out_mon_h [OUT_MON] GOT AN OUTPUT!: 3d424cd66bf9
UVM_INFO out_mon.sv(31) @ 15826451: uvm_test_top.env0.out_mon_h [OUT_MON] GOT AN OUTPUT!: 8cef89a07ef5
UVM_INFO out_mon.sv(31) @ 15831431: uvm_test_top.env0.out_mon_h [OUT_MON] GOT AN OUTPUT!: 0419ac1c295c
UVM_INFO out_mon.sv(31) @ 15836411: uvm_test_top.env0.out_mon_h [OUT_MON] GOT AN OUTPUT!: 3d8402a57541
UVM_INFO out_mon.sv(31) @ 15841391: uvm_test_top.env0.out_mon_h [OUT_MON] GOT AN OUTPUT!: 1f80fe338fc8
UVM_INFO out_mon.sv(31) @ 15846371: uvm_test_top.env0.out_mon_h [OUT_MON] GOT AN OUTPUT!: 31c9d27d1c14
UVM_INFO out_mon.sv(31) @ 15851351: uvm_test_top.env0.out_mon_h [OUT_MON] GOT AN OUTPUT!: 9e65b50b9cfc
UVM_INFO out_mon.sv(31) @ 15856331: uvm_test_top.env0.out_mon_h [OUT_MON] GOT AN OUTPUT!: 95864195ce69
UVM_INFO out_mon.sv(31) @ 15861311: uvm_test_top.env0.out_mon_h [OUT_MON] GOT AN OUTPUT!: 8c7107b90bcf
UVM_INFO out_mon.sv(31) @ 15866291: uvm_test_top.env0.out_mon_h [OUT_MON] GOT AN OUTPUT!: 8f4dfbe9a939
UVM_INFO out_mon.sv(31) @ 15871271: uvm_test_top.env0.out_mon_h [OUT_MON] GOT AN OUTPUT!: 9e105532566e
UVM_INFO out_mon.sv(31) @ 15876251: uvm_test_top.env0.out_mon_h [OUT_MON] GOT AN OUTPUT!: cc642d1a840a
UVM_INFO out_mon.sv(31) @ 15881231: uvm_test_top.env0.out_mon_h [OUT_MON] GOT AN OUTPUT!: 9c73e5cbbd55
UVM_INFO out_mon.sv(31) @ 15886211: uvm_test_top.env0.out_mon_h [OUT_MON] GOT AN OUTPUT!: ccdbb14e03b8
UVM_INFO out_mon.sv(31) @ 15891191: uvm_test_top.env0.out_mon_h [OUT_MON] GOT AN OUTPUT!: 9182c373380a
UVM_INFO out_mon.sv(31) @ 15896171: uvm_test_top.env0.out_mon_h [OUT_MON] GOT AN OUTPUT!: ef7cdbc97d59
UVM_INFO out_mon.sv(31) @ 15901151: uvm_test_top.env0.out_mon_h [OUT_MON] GOT AN OUTPUT!: b3e825ac8609
UVM_INFO out_mon.sv(31) @ 15906131: uvm_test_top.env0.out_mon_h [OUT_MON] GOT AN OUTPUT!: 3dd40a4e0c52
UVM_INFO out_mon.sv(31) @ 15911111: uvm_test_top.env0.out_mon_h [OUT_MON] GOT AN OUTPUT!: 13162a4d21d8
UVM_INFO out_mon.sv(31) @ 15916091: uvm_test_top.env0.out_mon_h [OUT_MON] GOT AN OUTPUT!: f8308734906c
UVM_INFO out_mon.sv(31) @ 15921071: uvm_test_top.env0.out_mon_h [OUT_MON] GOT AN OUTPUT!: 033346f847c7
UVM_INFO out_mon.sv(31) @ 15926051: uvm_test_top.env0.out_mon_h [OUT_MON] GOT AN OUTPUT!: e198db49a414
UVM_INFO out_mon.sv(31) @ 15931031: uvm_test_top.env0.out_mon_h [OUT_MON] GOT AN OUTPUT!: 492d3c5af144
UVM_INFO out_mon.sv(31) @ 15936011: uvm_test_top.env0.out_mon_h [OUT_MON] GOT AN OUTPUT!: 4bdf2069a686
UVM_INFO out_mon.sv(31) @ 15940991: uvm_test_top.env0.out_mon_h [OUT_MON] GOT AN OUTPUT!: 06affa27dd44
UVM_INFO out_mon.sv(31) @ 15945971: uvm_test_top.env0.out_mon_h [OUT_MON] GOT AN OUTPUT!: e38977dcad15
UVM_INFO out_mon.sv(31) @ 15950951: uvm_test_top.env0.out_mon_h [OUT_MON] GOT AN OUTPUT!: 662626d389b9
UVM_INFO out_mon.sv(31) @ 15955931: uvm_test_top.env0.out_mon_h [OUT_MON] GOT AN OUTPUT!: 3be63272984a
UVM_INFO out_mon.sv(31) @ 15960911: uvm_test_top.env0.out_mon_h [OUT_MON] GOT AN OUTPUT!: 06becc102d8e
UVM_INFO out_mon.sv(31) @ 15965891: uvm_test_top.env0.out_mon_h [OUT_MON] GOT AN OUTPUT!: 1b04c85f0516
UVM_INFO out_mon.sv(31) @ 15970871: uvm_test_top.env0.out_mon_h [OUT_MON] GOT AN OUTPUT!: 2862e209c416
UVM_INFO out_mon.sv(31) @ 15975851: uvm_test_top.env0.out_mon_h [OUT_MON] GOT AN OUTPUT!: 85ac33d54dc7
UVM_INFO out_mon.sv(31) @ 15980831: uvm_test_top.env0.out_mon_h [OUT_MON] GOT AN OUTPUT!: 97c121621078
UVM_INFO out_mon.sv(31) @ 15985811: uvm_test_top.env0.out_mon_h [OUT_MON] GOT AN OUTPUT!: 8b6ac9648a00
UVM_INFO out_mon.sv(31) @ 15990791: uvm_test_top.env0.out_mon_h [OUT_MON] GOT AN OUTPUT!: 5a43e8ec8b03
UVM_INFO out_mon.sv(31) @ 15995771: uvm_test_top.env0.out_mon_h [OUT_MON] GOT AN OUTPUT!: d28b2b139c68
UVM_INFO out_mon.sv(31) @ 16000751: uvm_test_top.env0.out_mon_h [OUT_MON] GOT AN OUTPUT!: 1a149c2a6de2
UVM_INFO out_mon.sv(31) @ 16005731: uvm_test_top.env0.out_mon_h [OUT_MON] GOT AN OUTPUT!: e41b633d1e44
UVM_INFO out_mon.sv(31) @ 16010711: uvm_test_top.env0.out_mon_h [OUT_MON] GOT AN OUTPUT!: 52254686b62f
UVM_INFO out_mon.sv(31) @ 16015691: uvm_test_top.env0.out_mon_h [OUT_MON] GOT AN OUTPUT!: 37e4c42b6cc2
UVM_INFO out_mon.sv(31) @ 16020671: uvm_test_top.env0.out_mon_h [OUT_MON] GOT AN OUTPUT!: 3a1ce05221da
UVM_INFO out_mon.sv(31) @ 16025651: uvm_test_top.env0.out_mon_h [OUT_MON] GOT AN OUTPUT!: 0076aa74a318
UVM_INFO out_mon.sv(31) @ 16030631: uvm_test_top.env0.out_mon_h [OUT_MON] GOT AN OUTPUT!: 726a0e7f285c
UVM_INFO out_mon.sv(31) @ 16035611: uvm_test_top.env0.out_mon_h [OUT_MON] GOT AN OUTPUT!: b71baf169c46
UVM_INFO out_mon.sv(31) @ 16040591: uvm_test_top.env0.out_mon_h [OUT_MON] GOT AN OUTPUT!: 7039b41e0baa
UVM_INFO out_mon.sv(31) @ 16045571: uvm_test_top.env0.out_mon_h [OUT_MON] GOT AN OUTPUT!: 67dc7052f69a
UVM_INFO out_mon.sv(31) @ 16050551: uvm_test_top.env0.out_mon_h [OUT_MON] GOT AN OUTPUT!: a9722d98c263
UVM_INFO out_mon.sv(31) @ 16055531: uvm_test_top.env0.out_mon_h [OUT_MON] GOT AN OUTPUT!: bd8a734b0acc
UVM_INFO out_mon.sv(31) @ 16060511: uvm_test_top.env0.out_mon_h [OUT_MON] GOT AN OUTPUT!: 80c787af0db9
UVM_INFO out_mon.sv(31) @ 16065491: uvm_test_top.env0.out_mon_h [OUT_MON] GOT AN OUTPUT!: cdaf4b5bf9ca
UVM_INFO out_mon.sv(31) @ 16070471: uvm_test_top.env0.out_mon_h [OUT_MON] GOT AN OUTPUT!: f19e993262fe
UVM_INFO out_mon.sv(31) @ 16075451: uvm_test_top.env0.out_mon_h [OUT_MON] GOT AN OUTPUT!: a497973a9806
UVM_INFO out_mon.sv(31) @ 16080431: uvm_test_top.env0.out_mon_h [OUT_MON] GOT AN OUTPUT!: fc264d820457
UVM_INFO out_mon.sv(31) @ 16085411: uvm_test_top.env0.out_mon_h [OUT_MON] GOT AN OUTPUT!: 914ce7cf886d
UVM_INFO out_mon.sv(31) @ 16090391: uvm_test_top.env0.out_mon_h [OUT_MON] GOT AN OUTPUT!: d14debc6eb89
UVM_INFO out_mon.sv(31) @ 16095371: uvm_test_top.env0.out_mon_h [OUT_MON] GOT AN OUTPUT!: 319d2cd324cb
UVM_INFO out_mon.sv(31) @ 16100351: uvm_test_top.env0.out_mon_h [OUT_MON] GOT AN OUTPUT!: bebacdefd35f
UVM_INFO out_mon.sv(31) @ 16105331: uvm_test_top.env0.out_mon_h [OUT_MON] GOT AN OUTPUT!: 3e15c42988ca
UVM_INFO out_mon.sv(31) @ 16110311: uvm_test_top.env0.out_mon_h [OUT_MON] GOT AN OUTPUT!: dadf4b6d3994
UVM_INFO out_mon.sv(31) @ 16115291: uvm_test_top.env0.out_mon_h [OUT_MON] GOT AN OUTPUT!: 15ffaafe9049
UVM_INFO comparator.sv(28) @ 16115291: uvm_test_top.env0.comparator_h [ERROR: COMPARATOR] Expected:15ffbafe9049, Actual: 15ffaafe9049
UVM_INFO out_mon.sv(31) @ 16120271: uvm_test_top.env0.out_mon_h [OUT_MON] GOT AN OUTPUT!: 70e238ad58c5
UVM_INFO out_mon.sv(31) @ 16125251: uvm_test_top.env0.out_mon_h [OUT_MON] GOT AN OUTPUT!: 0b6654a1d949
UVM_INFO out_mon.sv(31) @ 16130231: uvm_test_top.env0.out_mon_h [OUT_MON] GOT AN OUTPUT!: 2cb3c8582f5c
UVM_INFO out_mon.sv(31) @ 16135211: uvm_test_top.env0.out_mon_h [OUT_MON] GOT AN OUTPUT!: 6f1a8822bb14
UVM_INFO out_mon.sv(31) @ 16140191: uvm_test_top.env0.out_mon_h [OUT_MON] GOT AN OUTPUT!: 06fc364b77f4
UVM_INFO out_mon.sv(31) @ 16145171: uvm_test_top.env0.out_mon_h [OUT_MON] GOT AN OUTPUT!: 5ca570ac57f3
UVM_INFO out_mon.sv(31) @ 16150151: uvm_test_top.env0.out_mon_h [OUT_MON] GOT AN OUTPUT!: f12a0756ad20
UVM_INFO out_mon.sv(31) @ 16155131: uvm_test_top.env0.out_mon_h [OUT_MON] GOT AN OUTPUT!: 46534ca18411
UVM_INFO out_mon.sv(31) @ 16160111: uvm_test_top.env0.out_mon_h [OUT_MON] GOT AN OUTPUT!: 416b40b70a1d
UVM_INFO out_mon.sv(31) @ 16165091: uvm_test_top.env0.out_mon_h [OUT_MON] GOT AN OUTPUT!: 412e3a78e3d0
UVM_INFO out_mon.sv(31) @ 16170071: uvm_test_top.env0.out_mon_h [OUT_MON] GOT AN OUTPUT!: dea45b538f5a
UVM_INFO out_mon.sv(31) @ 16175051: uvm_test_top.env0.out_mon_h [OUT_MON] GOT AN OUTPUT!: 11053058cd4a
UVM_INFO out_mon.sv(31) @ 16180031: uvm_test_top.env0.out_mon_h [OUT_MON] GOT AN OUTPUT!: 2c8b6cb8f759
UVM_INFO out_mon.sv(31) @ 16185011: uvm_test_top.env0.out_mon_h [OUT_MON] GOT AN OUTPUT!: f46151735e28
UVM_INFO out_mon.sv(31) @ 16189991: uvm_test_top.env0.out_mon_h [OUT_MON] GOT AN OUTPUT!: b78333d5bbd5
UVM_INFO out_mon.sv(31) @ 16194971: uvm_test_top.env0.out_mon_h [OUT_MON] GOT AN OUTPUT!: 30914022749c
UVM_INFO out_mon.sv(31) @ 16199951: uvm_test_top.env0.out_mon_h [OUT_MON] GOT AN OUTPUT!: a0bd897618b2
UVM_INFO out_mon.sv(31) @ 16204931: uvm_test_top.env0.out_mon_h [OUT_MON] GOT AN OUTPUT!: 5da172c3ab9f
UVM_INFO out_mon.sv(31) @ 16209911: uvm_test_top.env0.out_mon_h [OUT_MON] GOT AN OUTPUT!: ca23ef800da5
UVM_INFO out_mon.sv(31) @ 16214891: uvm_test_top.env0.out_mon_h [OUT_MON] GOT AN OUTPUT!: 725a36545a42
UVM_INFO out_mon.sv(31) @ 16219871: uvm_test_top.env0.out_mon_h [OUT_MON] GOT AN OUTPUT!: c262a5ef510b
UVM_INFO out_mon.sv(31) @ 16224851: uvm_test_top.env0.out_mon_h [OUT_MON] GOT AN OUTPUT!: 904b6fcda535
UVM_INFO out_mon.sv(31) @ 16229831: uvm_test_top.env0.out_mon_h [OUT_MON] GOT AN OUTPUT!: 70e6149165fb
UVM_INFO out_mon.sv(31) @ 16234811: uvm_test_top.env0.out_mon_h [OUT_MON] GOT AN OUTPUT!: 8fbda540614a
UVM_INFO out_mon.sv(31) @ 16239791: uvm_test_top.env0.out_mon_h [OUT_MON] GOT AN OUTPUT!: 81ddf18182e5
UVM_INFO out_mon.sv(31) @ 16244771: uvm_test_top.env0.out_mon_h [OUT_MON] GOT AN OUTPUT!: 4bbf8ab12d27
UVM_INFO out_mon.sv(31) @ 16249751: uvm_test_top.env0.out_mon_h [OUT_MON] GOT AN OUTPUT!: 922edf64a5e0
UVM_INFO out_mon.sv(31) @ 16254731: uvm_test_top.env0.out_mon_h [OUT_MON] GOT AN OUTPUT!: ae1a7fb465df
UVM_INFO out_mon.sv(31) @ 16259711: uvm_test_top.env0.out_mon_h [OUT_MON] GOT AN OUTPUT!: 1b8900658904
UVM_INFO out_mon.sv(31) @ 16264691: uvm_test_top.env0.out_mon_h [OUT_MON] GOT AN OUTPUT!: 7b5e34ca25ab
UVM_INFO out_mon.sv(31) @ 16269671: uvm_test_top.env0.out_mon_h [OUT_MON] GOT AN OUTPUT!: 205734f0aacb
UVM_INFO out_mon.sv(31) @ 16274651: uvm_test_top.env0.out_mon_h [OUT_MON] GOT AN OUTPUT!: ded5077a497a
UVM_INFO out_mon.sv(31) @ 16279631: uvm_test_top.env0.out_mon_h [OUT_MON] GOT AN OUTPUT!: 97c66f3047fe
UVM_INFO out_mon.sv(31) @ 16284611: uvm_test_top.env0.out_mon_h [OUT_MON] GOT AN OUTPUT!: b68a25306d92
UVM_INFO out_mon.sv(31) @ 16289591: uvm_test_top.env0.out_mon_h [OUT_MON] GOT AN OUTPUT!: 99c5f7485816
UVM_INFO out_mon.sv(31) @ 16294571: uvm_test_top.env0.out_mon_h [OUT_MON] GOT AN OUTPUT!: 9f4819d7eaf3
UVM_INFO out_mon.sv(31) @ 16299551: uvm_test_top.env0.out_mon_h [OUT_MON] GOT AN OUTPUT!: 4af8e4529c98
UVM_INFO out_mon.sv(31) @ 16304531: uvm_test_top.env0.out_mon_h [OUT_MON] GOT AN OUTPUT!: c09fd537e2c4
UVM_INFO out_mon.sv(31) @ 16309511: uvm_test_top.env0.out_mon_h [OUT_MON] GOT AN OUTPUT!: 88d2bb1a8d56
UVM_INFO out_mon.sv(31) @ 16314491: uvm_test_top.env0.out_mon_h [OUT_MON] GOT AN OUTPUT!: 58d9d20f2c6c
UVM_INFO out_mon.sv(31) @ 16319471: uvm_test_top.env0.out_mon_h [OUT_MON] GOT AN OUTPUT!: 557e74996915
UVM_INFO out_mon.sv(31) @ 16324451: uvm_test_top.env0.out_mon_h [OUT_MON] GOT AN OUTPUT!: 09005cf066a1
UVM_INFO out_mon.sv(31) @ 16329431: uvm_test_top.env0.out_mon_h [OUT_MON] GOT AN OUTPUT!: 03e6d6322992
UVM_INFO out_mon.sv(31) @ 16334411: uvm_test_top.env0.out_mon_h [OUT_MON] GOT AN OUTPUT!: e0e3a1dded21
UVM_INFO out_mon.sv(31) @ 16339391: uvm_test_top.env0.out_mon_h [OUT_MON] GOT AN OUTPUT!: 23b664ad8d57
UVM_INFO out_mon.sv(31) @ 16344371: uvm_test_top.env0.out_mon_h [OUT_MON] GOT AN OUTPUT!: 2b0da8a5da41
UVM_INFO out_mon.sv(31) @ 16349351: uvm_test_top.env0.out_mon_h [OUT_MON] GOT AN OUTPUT!: 2d5cd4f60d5b
UVM_INFO out_mon.sv(31) @ 16354331: uvm_test_top.env0.out_mon_h [OUT_MON] GOT AN OUTPUT!: f8c9adfe0d1b
UVM_INFO out_mon.sv(31) @ 16359311: uvm_test_top.env0.out_mon_h [OUT_MON] GOT AN OUTPUT!: ee014b93e7eb
UVM_INFO out_mon.sv(31) @ 16364291: uvm_test_top.env0.out_mon_h [OUT_MON] GOT AN OUTPUT!: 6e221c601e8e
UVM_INFO out_mon.sv(31) @ 16369271: uvm_test_top.env0.out_mon_h [OUT_MON] GOT AN OUTPUT!: b3944be917c3
UVM_INFO out_mon.sv(31) @ 16374251: uvm_test_top.env0.out_mon_h [OUT_MON] GOT AN OUTPUT!: cde9a3a56abb
UVM_INFO out_mon.sv(31) @ 16379231: uvm_test_top.env0.out_mon_h [OUT_MON] GOT AN OUTPUT!: 38c19a2d57ec
UVM_INFO out_mon.sv(31) @ 16384211: uvm_test_top.env0.out_mon_h [OUT_MON] GOT AN OUTPUT!: 45a58a63104a
UVM_INFO out_mon.sv(31) @ 16389191: uvm_test_top.env0.out_mon_h [OUT_MON] GOT AN OUTPUT!: 50f00c2a2632
UVM_INFO out_mon.sv(31) @ 16394171: uvm_test_top.env0.out_mon_h [OUT_MON] GOT AN OUTPUT!: 79a4de05e828
UVM_INFO out_mon.sv(31) @ 16399151: uvm_test_top.env0.out_mon_h [OUT_MON] GOT AN OUTPUT!: 545078b6bfcd
UVM_INFO out_mon.sv(31) @ 16404131: uvm_test_top.env0.out_mon_h [OUT_MON] GOT AN OUTPUT!: d0f38bae91e9
UVM_INFO out_mon.sv(31) @ 16409111: uvm_test_top.env0.out_mon_h [OUT_MON] GOT AN OUTPUT!: 4bceb8f41f1d
UVM_INFO out_mon.sv(31) @ 16414091: uvm_test_top.env0.out_mon_h [OUT_MON] GOT AN OUTPUT!: 815bf7cd64a1
UVM_INFO out_mon.sv(31) @ 16419071: uvm_test_top.env0.out_mon_h [OUT_MON] GOT AN OUTPUT!: dd150b48fefe
UVM_INFO out_mon.sv(31) @ 16424051: uvm_test_top.env0.out_mon_h [OUT_MON] GOT AN OUTPUT!: 5b6b3e7e8150
UVM_INFO out_mon.sv(31) @ 16429031: uvm_test_top.env0.out_mon_h [OUT_MON] GOT AN OUTPUT!: f691b11ddda2
UVM_INFO out_mon.sv(31) @ 16434011: uvm_test_top.env0.out_mon_h [OUT_MON] GOT AN OUTPUT!: 566da8a5c1ad
UVM_INFO out_mon.sv(31) @ 16438991: uvm_test_top.env0.out_mon_h [OUT_MON] GOT AN OUTPUT!: 3b6c1858f474
UVM_INFO out_mon.sv(31) @ 16443971: uvm_test_top.env0.out_mon_h [OUT_MON] GOT AN OUTPUT!: dc6c61cac179
UVM_INFO out_mon.sv(31) @ 16448951: uvm_test_top.env0.out_mon_h [OUT_MON] GOT AN OUTPUT!: 2f94709a43f7
UVM_INFO out_mon.sv(31) @ 16453931: uvm_test_top.env0.out_mon_h [OUT_MON] GOT AN OUTPUT!: d63921b4da25
UVM_INFO out_mon.sv(31) @ 16458911: uvm_test_top.env0.out_mon_h [OUT_MON] GOT AN OUTPUT!: 23b606378210
UVM_INFO out_mon.sv(31) @ 16463891: uvm_test_top.env0.out_mon_h [OUT_MON] GOT AN OUTPUT!: 775bccc72feb
UVM_INFO out_mon.sv(31) @ 16468871: uvm_test_top.env0.out_mon_h [OUT_MON] GOT AN OUTPUT!: e13c33f82ec7
UVM_INFO out_mon.sv(31) @ 16473851: uvm_test_top.env0.out_mon_h [OUT_MON] GOT AN OUTPUT!: ca1fab1c9528
UVM_INFO out_mon.sv(31) @ 16478831: uvm_test_top.env0.out_mon_h [OUT_MON] GOT AN OUTPUT!: 1653429186e5
UVM_INFO out_mon.sv(31) @ 16483811: uvm_test_top.env0.out_mon_h [OUT_MON] GOT AN OUTPUT!: fb934d63aa1e
UVM_INFO out_mon.sv(31) @ 16488791: uvm_test_top.env0.out_mon_h [OUT_MON] GOT AN OUTPUT!: 81e617e28369
UVM_INFO out_mon.sv(31) @ 16493771: uvm_test_top.env0.out_mon_h [OUT_MON] GOT AN OUTPUT!: 6783b67acce6
UVM_INFO out_mon.sv(31) @ 16498751: uvm_test_top.env0.out_mon_h [OUT_MON] GOT AN OUTPUT!: dfa301efe05f
UVM_INFO out_mon.sv(31) @ 16503731: uvm_test_top.env0.out_mon_h [OUT_MON] GOT AN OUTPUT!: 6476e2cc16b9
UVM_INFO out_mon.sv(31) @ 16508711: uvm_test_top.env0.out_mon_h [OUT_MON] GOT AN OUTPUT!: 93f583a01ef3
UVM_INFO out_mon.sv(31) @ 16513691: uvm_test_top.env0.out_mon_h [OUT_MON] GOT AN OUTPUT!: cfbf45696554
UVM_INFO out_mon.sv(31) @ 16518671: uvm_test_top.env0.out_mon_h [OUT_MON] GOT AN OUTPUT!: 18066637744e
UVM_INFO out_mon.sv(31) @ 16523651: uvm_test_top.env0.out_mon_h [OUT_MON] GOT AN OUTPUT!: 596754e852af
UVM_INFO out_mon.sv(31) @ 16528631: uvm_test_top.env0.out_mon_h [OUT_MON] GOT AN OUTPUT!: 25c50293de33
UVM_INFO out_mon.sv(31) @ 16533611: uvm_test_top.env0.out_mon_h [OUT_MON] GOT AN OUTPUT!: 9037b7fe3ab5
UVM_INFO out_mon.sv(31) @ 16538591: uvm_test_top.env0.out_mon_h [OUT_MON] GOT AN OUTPUT!: a3ddff291dc6
UVM_INFO out_mon.sv(31) @ 16543571: uvm_test_top.env0.out_mon_h [OUT_MON] GOT AN OUTPUT!: adc033dc3c41
UVM_INFO out_mon.sv(31) @ 16548551: uvm_test_top.env0.out_mon_h [OUT_MON] GOT AN OUTPUT!: 51b972bca887
UVM_INFO out_mon.sv(31) @ 16553531: uvm_test_top.env0.out_mon_h [OUT_MON] GOT AN OUTPUT!: 224af24b300e
UVM_INFO out_mon.sv(31) @ 16558511: uvm_test_top.env0.out_mon_h [OUT_MON] GOT AN OUTPUT!: 3385aee1bceb
UVM_INFO out_mon.sv(31) @ 16563491: uvm_test_top.env0.out_mon_h [OUT_MON] GOT AN OUTPUT!: e0e52f87b5db
UVM_INFO out_mon.sv(31) @ 16568471: uvm_test_top.env0.out_mon_h [OUT_MON] GOT AN OUTPUT!: be2f99355994
UVM_INFO out_mon.sv(31) @ 16573451: uvm_test_top.env0.out_mon_h [OUT_MON] GOT AN OUTPUT!: 6b59f0de2571
UVM_INFO out_mon.sv(31) @ 16578431: uvm_test_top.env0.out_mon_h [OUT_MON] GOT AN OUTPUT!: c362e95a3598
UVM_INFO out_mon.sv(31) @ 16583411: uvm_test_top.env0.out_mon_h [OUT_MON] GOT AN OUTPUT!: 9e34d7069cd2
UVM_INFO out_mon.sv(31) @ 16588391: uvm_test_top.env0.out_mon_h [OUT_MON] GOT AN OUTPUT!: 1d8816b4cfdb
UVM_INFO out_mon.sv(31) @ 16593371: uvm_test_top.env0.out_mon_h [OUT_MON] GOT AN OUTPUT!: 3cc2aa40f830
UVM_INFO out_mon.sv(31) @ 16598351: uvm_test_top.env0.out_mon_h [OUT_MON] GOT AN OUTPUT!: 1bd15ee762e3
UVM_INFO out_mon.sv(31) @ 16603331: uvm_test_top.env0.out_mon_h [OUT_MON] GOT AN OUTPUT!: 3d0eae30d206
UVM_INFO out_mon.sv(31) @ 16608311: uvm_test_top.env0.out_mon_h [OUT_MON] GOT AN OUTPUT!: ae25b50dec32
UVM_INFO out_mon.sv(31) @ 16613291: uvm_test_top.env0.out_mon_h [OUT_MON] GOT AN OUTPUT!: d3e75f798ae8
UVM_INFO out_mon.sv(31) @ 16618271: uvm_test_top.env0.out_mon_h [OUT_MON] GOT AN OUTPUT!: 5133f4ba2987
UVM_INFO out_mon.sv(31) @ 16623251: uvm_test_top.env0.out_mon_h [OUT_MON] GOT AN OUTPUT!: 40d4ac1a3860
UVM_INFO out_mon.sv(31) @ 16628231: uvm_test_top.env0.out_mon_h [OUT_MON] GOT AN OUTPUT!: ba6423af9019
UVM_INFO out_mon.sv(31) @ 16633211: uvm_test_top.env0.out_mon_h [OUT_MON] GOT AN OUTPUT!: 5a274489bd75
UVM_INFO out_mon.sv(31) @ 16638191: uvm_test_top.env0.out_mon_h [OUT_MON] GOT AN OUTPUT!: 43e8325f6528
UVM_INFO out_mon.sv(31) @ 16643171: uvm_test_top.env0.out_mon_h [OUT_MON] GOT AN OUTPUT!: d8e61592af2f
UVM_INFO out_mon.sv(31) @ 16648151: uvm_test_top.env0.out_mon_h [OUT_MON] GOT AN OUTPUT!: 18a700249cf4
UVM_INFO out_mon.sv(31) @ 16653131: uvm_test_top.env0.out_mon_h [OUT_MON] GOT AN OUTPUT!: 64e08cef6cb9
UVM_INFO out_mon.sv(31) @ 16658111: uvm_test_top.env0.out_mon_h [OUT_MON] GOT AN OUTPUT!: 2051fe3ff67e
UVM_INFO out_mon.sv(31) @ 16663091: uvm_test_top.env0.out_mon_h [OUT_MON] GOT AN OUTPUT!: 60a3b6a61269
UVM_INFO out_mon.sv(31) @ 16668071: uvm_test_top.env0.out_mon_h [OUT_MON] GOT AN OUTPUT!: ab4d5193ee1f
UVM_INFO out_mon.sv(31) @ 16673051: uvm_test_top.env0.out_mon_h [OUT_MON] GOT AN OUTPUT!: 7577d4247c56
UVM_INFO out_mon.sv(31) @ 16678031: uvm_test_top.env0.out_mon_h [OUT_MON] GOT AN OUTPUT!: decbc120c058
UVM_INFO out_mon.sv(31) @ 16683011: uvm_test_top.env0.out_mon_h [OUT_MON] GOT AN OUTPUT!: df697f1c44ca
UVM_INFO out_mon.sv(31) @ 16687991: uvm_test_top.env0.out_mon_h [OUT_MON] GOT AN OUTPUT!: e0b7554069e6
UVM_INFO out_mon.sv(31) @ 16692971: uvm_test_top.env0.out_mon_h [OUT_MON] GOT AN OUTPUT!: 7946ee1eca32
UVM_INFO out_mon.sv(31) @ 16697951: uvm_test_top.env0.out_mon_h [OUT_MON] GOT AN OUTPUT!: c3b8eda2a385
UVM_INFO out_mon.sv(31) @ 16702931: uvm_test_top.env0.out_mon_h [OUT_MON] GOT AN OUTPUT!: 889b7ff927d1
UVM_INFO out_mon.sv(31) @ 16707911: uvm_test_top.env0.out_mon_h [OUT_MON] GOT AN OUTPUT!: 3340b808eb5e
UVM_INFO out_mon.sv(31) @ 16712891: uvm_test_top.env0.out_mon_h [OUT_MON] GOT AN OUTPUT!: 49b10cd039ed
UVM_INFO out_mon.sv(31) @ 16717871: uvm_test_top.env0.out_mon_h [OUT_MON] GOT AN OUTPUT!: df7adbc27b9b
UVM_INFO out_mon.sv(31) @ 16722851: uvm_test_top.env0.out_mon_h [OUT_MON] GOT AN OUTPUT!: 3b963cfc99a3
UVM_INFO out_mon.sv(31) @ 16727831: uvm_test_top.env0.out_mon_h [OUT_MON] GOT AN OUTPUT!: a95123e85317
UVM_INFO out_mon.sv(31) @ 16732811: uvm_test_top.env0.out_mon_h [OUT_MON] GOT AN OUTPUT!: 2c184aa6a42f
UVM_INFO out_mon.sv(31) @ 16737791: uvm_test_top.env0.out_mon_h [OUT_MON] GOT AN OUTPUT!: 8e6e13592a9e
UVM_INFO out_mon.sv(31) @ 16742771: uvm_test_top.env0.out_mon_h [OUT_MON] GOT AN OUTPUT!: 03be742278c6
UVM_INFO out_mon.sv(31) @ 16747751: uvm_test_top.env0.out_mon_h [OUT_MON] GOT AN OUTPUT!: 5541327580ba
UVM_INFO out_mon.sv(31) @ 16752731: uvm_test_top.env0.out_mon_h [OUT_MON] GOT AN OUTPUT!: 51d89a0bf1d4
UVM_INFO out_mon.sv(31) @ 16757711: uvm_test_top.env0.out_mon_h [OUT_MON] GOT AN OUTPUT!: f8f5e99b9187
UVM_INFO out_mon.sv(31) @ 16762691: uvm_test_top.env0.out_mon_h [OUT_MON] GOT AN OUTPUT!: 98723122a7c0
UVM_INFO out_mon.sv(31) @ 16767671: uvm_test_top.env0.out_mon_h [OUT_MON] GOT AN OUTPUT!: d577c763577a
UVM_INFO out_mon.sv(31) @ 16772651: uvm_test_top.env0.out_mon_h [OUT_MON] GOT AN OUTPUT!: 585410e5fafd
UVM_INFO out_mon.sv(31) @ 16777631: uvm_test_top.env0.out_mon_h [OUT_MON] GOT AN OUTPUT!: 936e899a8da9
UVM_INFO out_mon.sv(31) @ 16782611: uvm_test_top.env0.out_mon_h [OUT_MON] GOT AN OUTPUT!: dd1149f10499
UVM_INFO out_mon.sv(31) @ 16787591: uvm_test_top.env0.out_mon_h [OUT_MON] GOT AN OUTPUT!: d44fbb00b36e
UVM_INFO out_mon.sv(31) @ 16792571: uvm_test_top.env0.out_mon_h [OUT_MON] GOT AN OUTPUT!: c8ec8b16a402
UVM_INFO out_mon.sv(31) @ 16797551: uvm_test_top.env0.out_mon_h [OUT_MON] GOT AN OUTPUT!: 9e3d4fc302fb
UVM_INFO out_mon.sv(31) @ 16802531: uvm_test_top.env0.out_mon_h [OUT_MON] GOT AN OUTPUT!: 60f9383d723a
UVM_INFO out_mon.sv(31) @ 16807511: uvm_test_top.env0.out_mon_h [OUT_MON] GOT AN OUTPUT!: 8829f3b877c5
UVM_INFO out_mon.sv(31) @ 16812491: uvm_test_top.env0.out_mon_h [OUT_MON] GOT AN OUTPUT!: 98fec1fbcc39
UVM_INFO out_mon.sv(31) @ 16817471: uvm_test_top.env0.out_mon_h [OUT_MON] GOT AN OUTPUT!: a5bd935dcd3e
UVM_INFO out_mon.sv(31) @ 16822451: uvm_test_top.env0.out_mon_h [OUT_MON] GOT AN OUTPUT!: df8c59f3cfa7
UVM_INFO out_mon.sv(31) @ 16827431: uvm_test_top.env0.out_mon_h [OUT_MON] GOT AN OUTPUT!: 3367d09181e3
UVM_INFO out_mon.sv(31) @ 16832411: uvm_test_top.env0.out_mon_h [OUT_MON] GOT AN OUTPUT!: a9eca9ef54af
UVM_INFO out_mon.sv(31) @ 16837391: uvm_test_top.env0.out_mon_h [OUT_MON] GOT AN OUTPUT!: 0251c80fce04
UVM_INFO out_mon.sv(31) @ 16842371: uvm_test_top.env0.out_mon_h [OUT_MON] GOT AN OUTPUT!: c02a83bbf925
UVM_INFO out_mon.sv(31) @ 16847351: uvm_test_top.env0.out_mon_h [OUT_MON] GOT AN OUTPUT!: a46607aeb351
UVM_INFO out_mon.sv(31) @ 16852331: uvm_test_top.env0.out_mon_h [OUT_MON] GOT AN OUTPUT!: 491548c71aaf
UVM_INFO out_mon.sv(31) @ 16857311: uvm_test_top.env0.out_mon_h [OUT_MON] GOT AN OUTPUT!: 5856fe59e994
UVM_INFO out_mon.sv(31) @ 16862291: uvm_test_top.env0.out_mon_h [OUT_MON] GOT AN OUTPUT!: 96350379d332
UVM_INFO out_mon.sv(31) @ 16867271: uvm_test_top.env0.out_mon_h [OUT_MON] GOT AN OUTPUT!: b58bcfceec99
UVM_INFO out_mon.sv(31) @ 16872251: uvm_test_top.env0.out_mon_h [OUT_MON] GOT AN OUTPUT!: afd9db550034
UVM_INFO out_mon.sv(31) @ 16877231: uvm_test_top.env0.out_mon_h [OUT_MON] GOT AN OUTPUT!: 182eca18f8b8
UVM_INFO out_mon.sv(31) @ 16882211: uvm_test_top.env0.out_mon_h [OUT_MON] GOT AN OUTPUT!: a10bf7cd3d6b
UVM_INFO out_mon.sv(31) @ 16887191: uvm_test_top.env0.out_mon_h [OUT_MON] GOT AN OUTPUT!: cd3077cd0afb
UVM_INFO out_mon.sv(31) @ 16892171: uvm_test_top.env0.out_mon_h [OUT_MON] GOT AN OUTPUT!: 839661e6e439
UVM_INFO out_mon.sv(31) @ 16897151: uvm_test_top.env0.out_mon_h [OUT_MON] GOT AN OUTPUT!: fe3b8105e15c
UVM_INFO out_mon.sv(31) @ 16902131: uvm_test_top.env0.out_mon_h [OUT_MON] GOT AN OUTPUT!: 4c0b0a921545
UVM_INFO out_mon.sv(31) @ 16907111: uvm_test_top.env0.out_mon_h [OUT_MON] GOT AN OUTPUT!: 5dbb581ff304
UVM_INFO out_mon.sv(31) @ 16912091: uvm_test_top.env0.out_mon_h [OUT_MON] GOT AN OUTPUT!: 55b186c6a8e7
UVM_INFO out_mon.sv(31) @ 16917071: uvm_test_top.env0.out_mon_h [OUT_MON] GOT AN OUTPUT!: 92dae5357e1a
UVM_INFO out_mon.sv(31) @ 16922051: uvm_test_top.env0.out_mon_h [OUT_MON] GOT AN OUTPUT!: ae958f603aae
UVM_INFO out_mon.sv(31) @ 16927031: uvm_test_top.env0.out_mon_h [OUT_MON] GOT AN OUTPUT!: 6586285a8004
UVM_INFO out_mon.sv(31) @ 16932011: uvm_test_top.env0.out_mon_h [OUT_MON] GOT AN OUTPUT!: 2385f2ba2ba3
UVM_INFO out_mon.sv(31) @ 16936991: uvm_test_top.env0.out_mon_h [OUT_MON] GOT AN OUTPUT!: aa6d1d98b2a1
UVM_INFO out_mon.sv(31) @ 16941971: uvm_test_top.env0.out_mon_h [OUT_MON] GOT AN OUTPUT!: 0c0bfa0b9090
UVM_INFO out_mon.sv(31) @ 16946951: uvm_test_top.env0.out_mon_h [OUT_MON] GOT AN OUTPUT!: eef7adab9469
UVM_INFO out_mon.sv(31) @ 16951931: uvm_test_top.env0.out_mon_h [OUT_MON] GOT AN OUTPUT!: d674ed834cff
UVM_INFO out_mon.sv(31) @ 16956911: uvm_test_top.env0.out_mon_h [OUT_MON] GOT AN OUTPUT!: e550217c5ef8
UVM_INFO out_mon.sv(31) @ 16961891: uvm_test_top.env0.out_mon_h [OUT_MON] GOT AN OUTPUT!: 53cabc23f728
UVM_INFO out_mon.sv(31) @ 16966871: uvm_test_top.env0.out_mon_h [OUT_MON] GOT AN OUTPUT!: 9068d15e10f0
UVM_INFO out_mon.sv(31) @ 16971851: uvm_test_top.env0.out_mon_h [OUT_MON] GOT AN OUTPUT!: c3de715fec86
UVM_INFO out_mon.sv(31) @ 16976831: uvm_test_top.env0.out_mon_h [OUT_MON] GOT AN OUTPUT!: 2fe97a0963ac
UVM_INFO out_mon.sv(31) @ 16981811: uvm_test_top.env0.out_mon_h [OUT_MON] GOT AN OUTPUT!: a13681754a4c
UVM_INFO out_mon.sv(31) @ 16986791: uvm_test_top.env0.out_mon_h [OUT_MON] GOT AN OUTPUT!: ec3e1158d2c2
UVM_INFO out_mon.sv(31) @ 16991771: uvm_test_top.env0.out_mon_h [OUT_MON] GOT AN OUTPUT!: 2d229089ea71
UVM_INFO out_mon.sv(31) @ 16996751: uvm_test_top.env0.out_mon_h [OUT_MON] GOT AN OUTPUT!: 429462c49ccd
UVM_INFO out_mon.sv(31) @ 17001731: uvm_test_top.env0.out_mon_h [OUT_MON] GOT AN OUTPUT!: bbafc5876d89
UVM_INFO out_mon.sv(31) @ 17006711: uvm_test_top.env0.out_mon_h [OUT_MON] GOT AN OUTPUT!: 30d7589ebc67
UVM_INFO out_mon.sv(31) @ 17011691: uvm_test_top.env0.out_mon_h [OUT_MON] GOT AN OUTPUT!: bfa441b72b2d
UVM_INFO out_mon.sv(31) @ 17016671: uvm_test_top.env0.out_mon_h [OUT_MON] GOT AN OUTPUT!: 21b24c0eefe0
UVM_INFO out_mon.sv(31) @ 17021651: uvm_test_top.env0.out_mon_h [OUT_MON] GOT AN OUTPUT!: 9691d51e3e1c
UVM_INFO out_mon.sv(31) @ 17026631: uvm_test_top.env0.out_mon_h [OUT_MON] GOT AN OUTPUT!: 989229cead9d
UVM_INFO out_mon.sv(31) @ 17031611: uvm_test_top.env0.out_mon_h [OUT_MON] GOT AN OUTPUT!: 14bf8c9986d3
UVM_INFO out_mon.sv(31) @ 17036591: uvm_test_top.env0.out_mon_h [OUT_MON] GOT AN OUTPUT!: 9da5c3a5369d
UVM_INFO out_mon.sv(31) @ 17041571: uvm_test_top.env0.out_mon_h [OUT_MON] GOT AN OUTPUT!: d13d25b9a0d9
UVM_INFO out_mon.sv(31) @ 17046551: uvm_test_top.env0.out_mon_h [OUT_MON] GOT AN OUTPUT!: e9d037a38413
UVM_INFO out_mon.sv(31) @ 17051531: uvm_test_top.env0.out_mon_h [OUT_MON] GOT AN OUTPUT!: 31d5125ee470
UVM_INFO out_mon.sv(31) @ 17056511: uvm_test_top.env0.out_mon_h [OUT_MON] GOT AN OUTPUT!: d2c9af20569c
UVM_INFO out_mon.sv(31) @ 17061491: uvm_test_top.env0.out_mon_h [OUT_MON] GOT AN OUTPUT!: 3715101571e6
UVM_INFO out_mon.sv(31) @ 17066471: uvm_test_top.env0.out_mon_h [OUT_MON] GOT AN OUTPUT!: f6f2597424fa
UVM_INFO out_mon.sv(31) @ 17071451: uvm_test_top.env0.out_mon_h [OUT_MON] GOT AN OUTPUT!: 0846fc311f3a
UVM_INFO out_mon.sv(31) @ 17076431: uvm_test_top.env0.out_mon_h [OUT_MON] GOT AN OUTPUT!: a97ef9752dd8
UVM_INFO out_mon.sv(31) @ 17081411: uvm_test_top.env0.out_mon_h [OUT_MON] GOT AN OUTPUT!: 3f76eea98e59
UVM_INFO out_mon.sv(31) @ 17086391: uvm_test_top.env0.out_mon_h [OUT_MON] GOT AN OUTPUT!: 1e59dab36b83
UVM_INFO out_mon.sv(31) @ 17091371: uvm_test_top.env0.out_mon_h [OUT_MON] GOT AN OUTPUT!: f57341b61b99
UVM_INFO out_mon.sv(31) @ 17096351: uvm_test_top.env0.out_mon_h [OUT_MON] GOT AN OUTPUT!: 56288a74981a
UVM_INFO out_mon.sv(31) @ 17101331: uvm_test_top.env0.out_mon_h [OUT_MON] GOT AN OUTPUT!: 8dc49329ddba
UVM_INFO out_mon.sv(31) @ 17106311: uvm_test_top.env0.out_mon_h [OUT_MON] GOT AN OUTPUT!: ca5e2b70362e
UVM_INFO out_mon.sv(31) @ 17111291: uvm_test_top.env0.out_mon_h [OUT_MON] GOT AN OUTPUT!: 42bb588fb21b
UVM_INFO out_mon.sv(31) @ 17116271: uvm_test_top.env0.out_mon_h [OUT_MON] GOT AN OUTPUT!: d927b34b7d3c
UVM_INFO out_mon.sv(31) @ 17121251: uvm_test_top.env0.out_mon_h [OUT_MON] GOT AN OUTPUT!: 715e26063b60
UVM_INFO out_mon.sv(31) @ 17126231: uvm_test_top.env0.out_mon_h [OUT_MON] GOT AN OUTPUT!: f16afbd56b09
UVM_INFO out_mon.sv(31) @ 17131211: uvm_test_top.env0.out_mon_h [OUT_MON] GOT AN OUTPUT!: a57d3bdbcc3f
UVM_INFO out_mon.sv(31) @ 17136191: uvm_test_top.env0.out_mon_h [OUT_MON] GOT AN OUTPUT!: 7ed6ec02b852
UVM_INFO out_mon.sv(31) @ 17141171: uvm_test_top.env0.out_mon_h [OUT_MON] GOT AN OUTPUT!: 65a362ea87af
UVM_INFO out_mon.sv(31) @ 17146151: uvm_test_top.env0.out_mon_h [OUT_MON] GOT AN OUTPUT!: 95d6a7a9e4c1
UVM_INFO out_mon.sv(31) @ 17151131: uvm_test_top.env0.out_mon_h [OUT_MON] GOT AN OUTPUT!: bf1bd7b44329
UVM_INFO out_mon.sv(31) @ 17156111: uvm_test_top.env0.out_mon_h [OUT_MON] GOT AN OUTPUT!: 5f98faff2baf
UVM_INFO out_mon.sv(31) @ 17161091: uvm_test_top.env0.out_mon_h [OUT_MON] GOT AN OUTPUT!: 91f02b3ea13c
UVM_INFO out_mon.sv(31) @ 17166071: uvm_test_top.env0.out_mon_h [OUT_MON] GOT AN OUTPUT!: 46090ad0869b
UVM_INFO out_mon.sv(31) @ 17171051: uvm_test_top.env0.out_mon_h [OUT_MON] GOT AN OUTPUT!: 9cf2d7aefa2b
UVM_INFO out_mon.sv(31) @ 17176031: uvm_test_top.env0.out_mon_h [OUT_MON] GOT AN OUTPUT!: dfce6f81b5d3
UVM_INFO out_mon.sv(31) @ 17181011: uvm_test_top.env0.out_mon_h [OUT_MON] GOT AN OUTPUT!: 49aa8aa66bc5
UVM_INFO out_mon.sv(31) @ 17185991: uvm_test_top.env0.out_mon_h [OUT_MON] GOT AN OUTPUT!: 9c5cb7c82f4d
UVM_INFO out_mon.sv(31) @ 17190971: uvm_test_top.env0.out_mon_h [OUT_MON] GOT AN OUTPUT!: 3867cc5dcf38
UVM_INFO out_mon.sv(31) @ 17195951: uvm_test_top.env0.out_mon_h [OUT_MON] GOT AN OUTPUT!: 2fd990273526
UVM_INFO out_mon.sv(31) @ 17200931: uvm_test_top.env0.out_mon_h [OUT_MON] GOT AN OUTPUT!: 8c2e0d81c315
UVM_INFO out_mon.sv(31) @ 17205911: uvm_test_top.env0.out_mon_h [OUT_MON] GOT AN OUTPUT!: bf32852bbeb2
UVM_INFO out_mon.sv(31) @ 17210891: uvm_test_top.env0.out_mon_h [OUT_MON] GOT AN OUTPUT!: f6d4bbcea533
UVM_INFO out_mon.sv(31) @ 17215871: uvm_test_top.env0.out_mon_h [OUT_MON] GOT AN OUTPUT!: cc1495688aaa
UVM_INFO out_mon.sv(31) @ 17220851: uvm_test_top.env0.out_mon_h [OUT_MON] GOT AN OUTPUT!: 84de7b6c8bc0
UVM_INFO out_mon.sv(31) @ 17225831: uvm_test_top.env0.out_mon_h [OUT_MON] GOT AN OUTPUT!: e0ed87321662
UVM_INFO out_mon.sv(31) @ 17230811: uvm_test_top.env0.out_mon_h [OUT_MON] GOT AN OUTPUT!: 299c080b561c
UVM_INFO out_mon.sv(31) @ 17235791: uvm_test_top.env0.out_mon_h [OUT_MON] GOT AN OUTPUT!: fce44f1a9b7e
UVM_INFO out_mon.sv(31) @ 17240771: uvm_test_top.env0.out_mon_h [OUT_MON] GOT AN OUTPUT!: 0b1bf4bea3c7
UVM_INFO out_mon.sv(31) @ 17245751: uvm_test_top.env0.out_mon_h [OUT_MON] GOT AN OUTPUT!: bfe95d2e132a
UVM_INFO out_mon.sv(31) @ 17250731: uvm_test_top.env0.out_mon_h [OUT_MON] GOT AN OUTPUT!: 8e23bd99cb1f
UVM_INFO out_mon.sv(31) @ 17255711: uvm_test_top.env0.out_mon_h [OUT_MON] GOT AN OUTPUT!: 56a72aee3f41
UVM_INFO out_mon.sv(31) @ 17260691: uvm_test_top.env0.out_mon_h [OUT_MON] GOT AN OUTPUT!: 22406a0be910
UVM_INFO out_mon.sv(31) @ 17265671: uvm_test_top.env0.out_mon_h [OUT_MON] GOT AN OUTPUT!: 2688e60e9962
UVM_INFO out_mon.sv(31) @ 17270651: uvm_test_top.env0.out_mon_h [OUT_MON] GOT AN OUTPUT!: cdc039fbda85
UVM_INFO out_mon.sv(31) @ 17275631: uvm_test_top.env0.out_mon_h [OUT_MON] GOT AN OUTPUT!: 39ba8ef05b61
UVM_INFO out_mon.sv(31) @ 17280611: uvm_test_top.env0.out_mon_h [OUT_MON] GOT AN OUTPUT!: 79b07ca43dc9
UVM_INFO out_mon.sv(31) @ 17285591: uvm_test_top.env0.out_mon_h [OUT_MON] GOT AN OUTPUT!: 6b2b54de8423
UVM_INFO out_mon.sv(31) @ 17290571: uvm_test_top.env0.out_mon_h [OUT_MON] GOT AN OUTPUT!: fdda3b2f6b84
UVM_INFO out_mon.sv(31) @ 17295551: uvm_test_top.env0.out_mon_h [OUT_MON] GOT AN OUTPUT!: 5282a409cf3c
UVM_INFO out_mon.sv(31) @ 17300531: uvm_test_top.env0.out_mon_h [OUT_MON] GOT AN OUTPUT!: eccdb31380a8
UVM_INFO out_mon.sv(31) @ 17305511: uvm_test_top.env0.out_mon_h [OUT_MON] GOT AN OUTPUT!: f031a144b762
UVM_INFO out_mon.sv(31) @ 17310491: uvm_test_top.env0.out_mon_h [OUT_MON] GOT AN OUTPUT!: 1fd04c2e5be8
UVM_INFO out_mon.sv(31) @ 17315471: uvm_test_top.env0.out_mon_h [OUT_MON] GOT AN OUTPUT!: 195e7a7f7926
UVM_INFO out_mon.sv(31) @ 17320451: uvm_test_top.env0.out_mon_h [OUT_MON] GOT AN OUTPUT!: 02f21aa19507
UVM_INFO out_mon.sv(31) @ 17325431: uvm_test_top.env0.out_mon_h [OUT_MON] GOT AN OUTPUT!: a3f85f0410e2
UVM_INFO out_mon.sv(31) @ 17330411: uvm_test_top.env0.out_mon_h [OUT_MON] GOT AN OUTPUT!: a101876e89a8
UVM_INFO out_mon.sv(31) @ 17335391: uvm_test_top.env0.out_mon_h [OUT_MON] GOT AN OUTPUT!: 52ac82723a58
UVM_INFO out_mon.sv(31) @ 17340371: uvm_test_top.env0.out_mon_h [OUT_MON] GOT AN OUTPUT!: 6f8538d256e5
UVM_INFO out_mon.sv(31) @ 17345351: uvm_test_top.env0.out_mon_h [OUT_MON] GOT AN OUTPUT!: 80e5eb7b700c
UVM_INFO out_mon.sv(31) @ 17350331: uvm_test_top.env0.out_mon_h [OUT_MON] GOT AN OUTPUT!: dacdc961d654
UVM_INFO out_mon.sv(31) @ 17355311: uvm_test_top.env0.out_mon_h [OUT_MON] GOT AN OUTPUT!: 8ecd7b5ef3ae
UVM_INFO out_mon.sv(31) @ 17360291: uvm_test_top.env0.out_mon_h [OUT_MON] GOT AN OUTPUT!: 91e273e5a6c5
UVM_INFO out_mon.sv(31) @ 17365271: uvm_test_top.env0.out_mon_h [OUT_MON] GOT AN OUTPUT!: 0d530225b8ac
UVM_INFO out_mon.sv(31) @ 17370251: uvm_test_top.env0.out_mon_h [OUT_MON] GOT AN OUTPUT!: 92933bf62261
UVM_INFO out_mon.sv(31) @ 17375231: uvm_test_top.env0.out_mon_h [OUT_MON] GOT AN OUTPUT!: aa21ad9e8153
UVM_INFO out_mon.sv(31) @ 17380211: uvm_test_top.env0.out_mon_h [OUT_MON] GOT AN OUTPUT!: f56abf57676c
UVM_INFO out_mon.sv(31) @ 17385191: uvm_test_top.env0.out_mon_h [OUT_MON] GOT AN OUTPUT!: dba5b319c67e
UVM_INFO out_mon.sv(31) @ 17390171: uvm_test_top.env0.out_mon_h [OUT_MON] GOT AN OUTPUT!: 79b538154e5c
UVM_INFO out_mon.sv(31) @ 17395151: uvm_test_top.env0.out_mon_h [OUT_MON] GOT AN OUTPUT!: 4d0892e5c745
UVM_INFO out_mon.sv(31) @ 17400131: uvm_test_top.env0.out_mon_h [OUT_MON] GOT AN OUTPUT!: d17dc55f7780
UVM_INFO out_mon.sv(31) @ 17405111: uvm_test_top.env0.out_mon_h [OUT_MON] GOT AN OUTPUT!: 0a38b48a7dad
UVM_INFO out_mon.sv(31) @ 17410091: uvm_test_top.env0.out_mon_h [OUT_MON] GOT AN OUTPUT!: ad90a12539f4
UVM_INFO out_mon.sv(31) @ 17415071: uvm_test_top.env0.out_mon_h [OUT_MON] GOT AN OUTPUT!: 6be2d6c5a4c1
UVM_INFO out_mon.sv(31) @ 17420051: uvm_test_top.env0.out_mon_h [OUT_MON] GOT AN OUTPUT!: 897a5571b508
UVM_INFO out_mon.sv(31) @ 17425031: uvm_test_top.env0.out_mon_h [OUT_MON] GOT AN OUTPUT!: c3710f46ba26
UVM_INFO out_mon.sv(31) @ 17430011: uvm_test_top.env0.out_mon_h [OUT_MON] GOT AN OUTPUT!: 37897e87c2ef
UVM_INFO out_mon.sv(31) @ 17434991: uvm_test_top.env0.out_mon_h [OUT_MON] GOT AN OUTPUT!: c710bb2af884
UVM_INFO out_mon.sv(31) @ 17439971: uvm_test_top.env0.out_mon_h [OUT_MON] GOT AN OUTPUT!: 2cc444be00cb
UVM_INFO out_mon.sv(31) @ 17444951: uvm_test_top.env0.out_mon_h [OUT_MON] GOT AN OUTPUT!: bdaa3d395dd2
UVM_INFO out_mon.sv(31) @ 17449931: uvm_test_top.env0.out_mon_h [OUT_MON] GOT AN OUTPUT!: 8cfa111acbf4
UVM_INFO out_mon.sv(31) @ 17454911: uvm_test_top.env0.out_mon_h [OUT_MON] GOT AN OUTPUT!: 6af0dadea5f5
UVM_INFO out_mon.sv(31) @ 17459891: uvm_test_top.env0.out_mon_h [OUT_MON] GOT AN OUTPUT!: f6b7a9b03d8d
UVM_INFO out_mon.sv(31) @ 17464871: uvm_test_top.env0.out_mon_h [OUT_MON] GOT AN OUTPUT!: bb4893e949a9
UVM_INFO out_mon.sv(31) @ 17469851: uvm_test_top.env0.out_mon_h [OUT_MON] GOT AN OUTPUT!: 0f473cb8333d
UVM_INFO out_mon.sv(31) @ 17474831: uvm_test_top.env0.out_mon_h [OUT_MON] GOT AN OUTPUT!: 2fe34a05872e
UVM_INFO out_mon.sv(31) @ 17479811: uvm_test_top.env0.out_mon_h [OUT_MON] GOT AN OUTPUT!: ceb777704930
UVM_INFO out_mon.sv(31) @ 17484791: uvm_test_top.env0.out_mon_h [OUT_MON] GOT AN OUTPUT!: 0aa818f95bad
UVM_INFO out_mon.sv(31) @ 17489771: uvm_test_top.env0.out_mon_h [OUT_MON] GOT AN OUTPUT!: 8bd04fb5d925
UVM_INFO out_mon.sv(31) @ 17494751: uvm_test_top.env0.out_mon_h [OUT_MON] GOT AN OUTPUT!: 3a491ea07fdd
UVM_INFO out_mon.sv(31) @ 17499731: uvm_test_top.env0.out_mon_h [OUT_MON] GOT AN OUTPUT!: c821756203b4
UVM_INFO out_mon.sv(31) @ 17504711: uvm_test_top.env0.out_mon_h [OUT_MON] GOT AN OUTPUT!: 062db6a873bf
UVM_INFO out_mon.sv(31) @ 17509691: uvm_test_top.env0.out_mon_h [OUT_MON] GOT AN OUTPUT!: bbf231659e96
UVM_INFO out_mon.sv(31) @ 17514671: uvm_test_top.env0.out_mon_h [OUT_MON] GOT AN OUTPUT!: 7a824c0c7112
UVM_INFO out_mon.sv(31) @ 17519651: uvm_test_top.env0.out_mon_h [OUT_MON] GOT AN OUTPUT!: a2559da54a13
UVM_INFO out_mon.sv(31) @ 17524631: uvm_test_top.env0.out_mon_h [OUT_MON] GOT AN OUTPUT!: 9434cf517354
UVM_INFO out_mon.sv(31) @ 17529611: uvm_test_top.env0.out_mon_h [OUT_MON] GOT AN OUTPUT!: c511ed95635b
UVM_INFO out_mon.sv(31) @ 17534591: uvm_test_top.env0.out_mon_h [OUT_MON] GOT AN OUTPUT!: 2ceff08237e1
UVM_INFO out_mon.sv(31) @ 17539571: uvm_test_top.env0.out_mon_h [OUT_MON] GOT AN OUTPUT!: 48b4d4960301
UVM_INFO out_mon.sv(31) @ 17544551: uvm_test_top.env0.out_mon_h [OUT_MON] GOT AN OUTPUT!: a71d2feb3811
UVM_INFO out_mon.sv(31) @ 17549531: uvm_test_top.env0.out_mon_h [OUT_MON] GOT AN OUTPUT!: b88a9b0f064a
UVM_INFO out_mon.sv(31) @ 17554511: uvm_test_top.env0.out_mon_h [OUT_MON] GOT AN OUTPUT!: 59ecea96b4eb
UVM_INFO out_mon.sv(31) @ 17559491: uvm_test_top.env0.out_mon_h [OUT_MON] GOT AN OUTPUT!: 52a1084c0b8c
UVM_INFO out_mon.sv(31) @ 17564471: uvm_test_top.env0.out_mon_h [OUT_MON] GOT AN OUTPUT!: bd4b5f88a73f
UVM_INFO out_mon.sv(31) @ 17569451: uvm_test_top.env0.out_mon_h [OUT_MON] GOT AN OUTPUT!: 13beac186958
UVM_INFO out_mon.sv(31) @ 17574431: uvm_test_top.env0.out_mon_h [OUT_MON] GOT AN OUTPUT!: 55dee8bacac5
UVM_INFO out_mon.sv(31) @ 17579411: uvm_test_top.env0.out_mon_h [OUT_MON] GOT AN OUTPUT!: 8374a91b419c
UVM_INFO out_mon.sv(31) @ 17584391: uvm_test_top.env0.out_mon_h [OUT_MON] GOT AN OUTPUT!: 611958d89a1f
UVM_INFO out_mon.sv(31) @ 17589371: uvm_test_top.env0.out_mon_h [OUT_MON] GOT AN OUTPUT!: 400e94f36b85
UVM_INFO out_mon.sv(31) @ 17594351: uvm_test_top.env0.out_mon_h [OUT_MON] GOT AN OUTPUT!: 4125c4bb573f
UVM_INFO out_mon.sv(31) @ 17599331: uvm_test_top.env0.out_mon_h [OUT_MON] GOT AN OUTPUT!: 4a978213844e
UVM_INFO out_mon.sv(31) @ 17604311: uvm_test_top.env0.out_mon_h [OUT_MON] GOT AN OUTPUT!: a8ed97a5f729
UVM_INFO out_mon.sv(31) @ 17609291: uvm_test_top.env0.out_mon_h [OUT_MON] GOT AN OUTPUT!: 12d8d85deaae
UVM_INFO out_mon.sv(31) @ 17614271: uvm_test_top.env0.out_mon_h [OUT_MON] GOT AN OUTPUT!: 881d49413b8a
UVM_INFO out_mon.sv(31) @ 17619251: uvm_test_top.env0.out_mon_h [OUT_MON] GOT AN OUTPUT!: 4362fa80b837
UVM_INFO out_mon.sv(31) @ 17624231: uvm_test_top.env0.out_mon_h [OUT_MON] GOT AN OUTPUT!: b7228d579a1a
UVM_INFO out_mon.sv(31) @ 17629211: uvm_test_top.env0.out_mon_h [OUT_MON] GOT AN OUTPUT!: 4d7f7411cb38
UVM_INFO out_mon.sv(31) @ 17634191: uvm_test_top.env0.out_mon_h [OUT_MON] GOT AN OUTPUT!: 632754515540
UVM_INFO out_mon.sv(31) @ 17639171: uvm_test_top.env0.out_mon_h [OUT_MON] GOT AN OUTPUT!: b539a96abd80
UVM_INFO out_mon.sv(31) @ 17644151: uvm_test_top.env0.out_mon_h [OUT_MON] GOT AN OUTPUT!: 3a1a767064f2
UVM_INFO out_mon.sv(31) @ 17649131: uvm_test_top.env0.out_mon_h [OUT_MON] GOT AN OUTPUT!: 1d5eac44e9a0
UVM_INFO out_mon.sv(31) @ 17654111: uvm_test_top.env0.out_mon_h [OUT_MON] GOT AN OUTPUT!: 56a65ccc844b
UVM_INFO out_mon.sv(31) @ 17659091: uvm_test_top.env0.out_mon_h [OUT_MON] GOT AN OUTPUT!: 137a56156fea
UVM_INFO out_mon.sv(31) @ 17664071: uvm_test_top.env0.out_mon_h [OUT_MON] GOT AN OUTPUT!: ec37890f35c8
UVM_INFO out_mon.sv(31) @ 17669051: uvm_test_top.env0.out_mon_h [OUT_MON] GOT AN OUTPUT!: 9bdb312927ee
UVM_INFO out_mon.sv(31) @ 17674031: uvm_test_top.env0.out_mon_h [OUT_MON] GOT AN OUTPUT!: b2f64fefadab
UVM_INFO out_mon.sv(31) @ 17679011: uvm_test_top.env0.out_mon_h [OUT_MON] GOT AN OUTPUT!: 7d885080aea5
UVM_INFO out_mon.sv(31) @ 17683991: uvm_test_top.env0.out_mon_h [OUT_MON] GOT AN OUTPUT!: 13d48e6eed7e
UVM_INFO out_mon.sv(31) @ 17688971: uvm_test_top.env0.out_mon_h [OUT_MON] GOT AN OUTPUT!: 4e51b06c62fe
UVM_INFO out_mon.sv(31) @ 17693951: uvm_test_top.env0.out_mon_h [OUT_MON] GOT AN OUTPUT!: 147bd8d3ad1f
UVM_INFO out_mon.sv(31) @ 17698931: uvm_test_top.env0.out_mon_h [OUT_MON] GOT AN OUTPUT!: 3ec12ee85e15
UVM_INFO out_mon.sv(31) @ 17703911: uvm_test_top.env0.out_mon_h [OUT_MON] GOT AN OUTPUT!: 0357cc666b60
UVM_INFO out_mon.sv(31) @ 17708891: uvm_test_top.env0.out_mon_h [OUT_MON] GOT AN OUTPUT!: a623bdb87fb5
UVM_INFO out_mon.sv(31) @ 17713871: uvm_test_top.env0.out_mon_h [OUT_MON] GOT AN OUTPUT!: e39201ed63a9
UVM_INFO out_mon.sv(31) @ 17718851: uvm_test_top.env0.out_mon_h [OUT_MON] GOT AN OUTPUT!: 4e83e2445f72
UVM_INFO out_mon.sv(31) @ 17723831: uvm_test_top.env0.out_mon_h [OUT_MON] GOT AN OUTPUT!: 991a61e89193
UVM_INFO out_mon.sv(31) @ 17728811: uvm_test_top.env0.out_mon_h [OUT_MON] GOT AN OUTPUT!: 80ae1b33580a
UVM_INFO out_mon.sv(31) @ 17733791: uvm_test_top.env0.out_mon_h [OUT_MON] GOT AN OUTPUT!: d49c398db0f9
UVM_INFO out_mon.sv(31) @ 17738771: uvm_test_top.env0.out_mon_h [OUT_MON] GOT AN OUTPUT!: d0313bc88c41
UVM_INFO out_mon.sv(31) @ 17743751: uvm_test_top.env0.out_mon_h [OUT_MON] GOT AN OUTPUT!: bf83f3843c71
UVM_INFO out_mon.sv(31) @ 17748731: uvm_test_top.env0.out_mon_h [OUT_MON] GOT AN OUTPUT!: a75469fed3f9
UVM_INFO out_mon.sv(31) @ 17753711: uvm_test_top.env0.out_mon_h [OUT_MON] GOT AN OUTPUT!: 67f8b26175ae
UVM_INFO out_mon.sv(31) @ 17758691: uvm_test_top.env0.out_mon_h [OUT_MON] GOT AN OUTPUT!: 9329bd64c9b8
UVM_INFO out_mon.sv(31) @ 17763671: uvm_test_top.env0.out_mon_h [OUT_MON] GOT AN OUTPUT!: ececc3e450bb
UVM_INFO out_mon.sv(31) @ 17768651: uvm_test_top.env0.out_mon_h [OUT_MON] GOT AN OUTPUT!: 4f782eb8ca53
UVM_INFO out_mon.sv(31) @ 17773631: uvm_test_top.env0.out_mon_h [OUT_MON] GOT AN OUTPUT!: 6a0928f18e85
UVM_INFO out_mon.sv(31) @ 17778611: uvm_test_top.env0.out_mon_h [OUT_MON] GOT AN OUTPUT!: 92ccdb44f5fc
UVM_INFO out_mon.sv(31) @ 17783591: uvm_test_top.env0.out_mon_h [OUT_MON] GOT AN OUTPUT!: a3ba214facb8
UVM_INFO out_mon.sv(31) @ 17788571: uvm_test_top.env0.out_mon_h [OUT_MON] GOT AN OUTPUT!: 9a7543fb2367
UVM_INFO out_mon.sv(31) @ 17793551: uvm_test_top.env0.out_mon_h [OUT_MON] GOT AN OUTPUT!: 732c0222e25a
UVM_INFO out_mon.sv(31) @ 17798531: uvm_test_top.env0.out_mon_h [OUT_MON] GOT AN OUTPUT!: 767d9450f13e
UVM_INFO out_mon.sv(31) @ 17803511: uvm_test_top.env0.out_mon_h [OUT_MON] GOT AN OUTPUT!: f24b3b292c24
UVM_INFO out_mon.sv(31) @ 17808491: uvm_test_top.env0.out_mon_h [OUT_MON] GOT AN OUTPUT!: 15ad9cdbb999
UVM_INFO out_mon.sv(31) @ 17813471: uvm_test_top.env0.out_mon_h [OUT_MON] GOT AN OUTPUT!: 67c3d6b64b0f
UVM_INFO out_mon.sv(31) @ 17818451: uvm_test_top.env0.out_mon_h [OUT_MON] GOT AN OUTPUT!: 119670ac9abd
UVM_INFO out_mon.sv(31) @ 17823431: uvm_test_top.env0.out_mon_h [OUT_MON] GOT AN OUTPUT!: f2fe576fb70a
UVM_INFO out_mon.sv(31) @ 17828411: uvm_test_top.env0.out_mon_h [OUT_MON] GOT AN OUTPUT!: 3a80766c6fca
UVM_INFO out_mon.sv(31) @ 17833391: uvm_test_top.env0.out_mon_h [OUT_MON] GOT AN OUTPUT!: f82b4bc8ab57
UVM_INFO out_mon.sv(31) @ 17838371: uvm_test_top.env0.out_mon_h [OUT_MON] GOT AN OUTPUT!: e37ad337d3a2
UVM_INFO out_mon.sv(31) @ 17843351: uvm_test_top.env0.out_mon_h [OUT_MON] GOT AN OUTPUT!: 4c34603e277e
UVM_INFO out_mon.sv(31) @ 17848331: uvm_test_top.env0.out_mon_h [OUT_MON] GOT AN OUTPUT!: ee4ee13b23ac
UVM_INFO out_mon.sv(31) @ 17853311: uvm_test_top.env0.out_mon_h [OUT_MON] GOT AN OUTPUT!: 20c95e52e35a
UVM_INFO out_mon.sv(31) @ 17858291: uvm_test_top.env0.out_mon_h [OUT_MON] GOT AN OUTPUT!: 978bc30e7bc2
UVM_INFO out_mon.sv(31) @ 17863271: uvm_test_top.env0.out_mon_h [OUT_MON] GOT AN OUTPUT!: b04edb4b5c2e
UVM_INFO out_mon.sv(31) @ 17868251: uvm_test_top.env0.out_mon_h [OUT_MON] GOT AN OUTPUT!: 0279acd1b7ed
UVM_INFO out_mon.sv(31) @ 17873231: uvm_test_top.env0.out_mon_h [OUT_MON] GOT AN OUTPUT!: a9f601a9d03d
UVM_INFO out_mon.sv(31) @ 17878211: uvm_test_top.env0.out_mon_h [OUT_MON] GOT AN OUTPUT!: 8525f908703a
UVM_INFO out_mon.sv(31) @ 17883191: uvm_test_top.env0.out_mon_h [OUT_MON] GOT AN OUTPUT!: 5daa3a6a3bde
UVM_INFO out_mon.sv(31) @ 17888171: uvm_test_top.env0.out_mon_h [OUT_MON] GOT AN OUTPUT!: b45cab36084a
UVM_INFO out_mon.sv(31) @ 17893151: uvm_test_top.env0.out_mon_h [OUT_MON] GOT AN OUTPUT!: a81923fe5687
UVM_INFO out_mon.sv(31) @ 17898131: uvm_test_top.env0.out_mon_h [OUT_MON] GOT AN OUTPUT!: 2fab623997f0
UVM_INFO out_mon.sv(31) @ 17903111: uvm_test_top.env0.out_mon_h [OUT_MON] GOT AN OUTPUT!: 9eaa91099fbe
UVM_INFO out_mon.sv(31) @ 17908091: uvm_test_top.env0.out_mon_h [OUT_MON] GOT AN OUTPUT!: 2d5d6a69fb7a
UVM_INFO out_mon.sv(31) @ 17913071: uvm_test_top.env0.out_mon_h [OUT_MON] GOT AN OUTPUT!: fb8e0fdd536d
UVM_INFO out_mon.sv(31) @ 17918051: uvm_test_top.env0.out_mon_h [OUT_MON] GOT AN OUTPUT!: c67df971cdf2
UVM_INFO out_mon.sv(31) @ 17923031: uvm_test_top.env0.out_mon_h [OUT_MON] GOT AN OUTPUT!: 49aca4b46a9d
UVM_INFO out_mon.sv(31) @ 17928011: uvm_test_top.env0.out_mon_h [OUT_MON] GOT AN OUTPUT!: 02d732eb6b01
UVM_INFO out_mon.sv(31) @ 17932991: uvm_test_top.env0.out_mon_h [OUT_MON] GOT AN OUTPUT!: d0b733afa4f3
UVM_INFO out_mon.sv(31) @ 17937971: uvm_test_top.env0.out_mon_h [OUT_MON] GOT AN OUTPUT!: a4f801bcf1b5
UVM_INFO out_mon.sv(31) @ 17942951: uvm_test_top.env0.out_mon_h [OUT_MON] GOT AN OUTPUT!: 411360917d07
UVM_INFO out_mon.sv(31) @ 17947931: uvm_test_top.env0.out_mon_h [OUT_MON] GOT AN OUTPUT!: b62c75343adc
UVM_INFO out_mon.sv(31) @ 17952911: uvm_test_top.env0.out_mon_h [OUT_MON] GOT AN OUTPUT!: 1ff03e3a2ef6
UVM_INFO out_mon.sv(31) @ 17957891: uvm_test_top.env0.out_mon_h [OUT_MON] GOT AN OUTPUT!: d27f9fe2e331
UVM_INFO out_mon.sv(31) @ 17962871: uvm_test_top.env0.out_mon_h [OUT_MON] GOT AN OUTPUT!: f33da9e3b635
UVM_INFO out_mon.sv(31) @ 17967851: uvm_test_top.env0.out_mon_h [OUT_MON] GOT AN OUTPUT!: 34bd9c3a4910
UVM_INFO out_mon.sv(31) @ 17972831: uvm_test_top.env0.out_mon_h [OUT_MON] GOT AN OUTPUT!: 2d9ea61dd114
UVM_INFO out_mon.sv(31) @ 17977811: uvm_test_top.env0.out_mon_h [OUT_MON] GOT AN OUTPUT!: 8271d9e784e5
UVM_INFO out_mon.sv(31) @ 17982791: uvm_test_top.env0.out_mon_h [OUT_MON] GOT AN OUTPUT!: da869189f9eb
UVM_INFO out_mon.sv(31) @ 17987771: uvm_test_top.env0.out_mon_h [OUT_MON] GOT AN OUTPUT!: 57e72eef771b
UVM_INFO out_mon.sv(31) @ 17992751: uvm_test_top.env0.out_mon_h [OUT_MON] GOT AN OUTPUT!: 0a208c576970
UVM_INFO out_mon.sv(31) @ 17997731: uvm_test_top.env0.out_mon_h [OUT_MON] GOT AN OUTPUT!: 942ceb8ab7b3
UVM_INFO out_mon.sv(31) @ 18002711: uvm_test_top.env0.out_mon_h [OUT_MON] GOT AN OUTPUT!: fd57e77f2126
UVM_INFO out_mon.sv(31) @ 18007691: uvm_test_top.env0.out_mon_h [OUT_MON] GOT AN OUTPUT!: 650f5ec1a343
UVM_INFO out_mon.sv(31) @ 18012671: uvm_test_top.env0.out_mon_h [OUT_MON] GOT AN OUTPUT!: 11d5fcbfd85d
UVM_INFO out_mon.sv(31) @ 18017651: uvm_test_top.env0.out_mon_h [OUT_MON] GOT AN OUTPUT!: 131408c8569d
UVM_INFO out_mon.sv(31) @ 18022631: uvm_test_top.env0.out_mon_h [OUT_MON] GOT AN OUTPUT!: 6e072e5a0fbe
UVM_INFO out_mon.sv(31) @ 18027611: uvm_test_top.env0.out_mon_h [OUT_MON] GOT AN OUTPUT!: 8d8ef51aafc2
UVM_INFO out_mon.sv(31) @ 18032591: uvm_test_top.env0.out_mon_h [OUT_MON] GOT AN OUTPUT!: 6d1a928bfee1
UVM_INFO out_mon.sv(31) @ 18037571: uvm_test_top.env0.out_mon_h [OUT_MON] GOT AN OUTPUT!: b6887158446a
UVM_INFO out_mon.sv(31) @ 18042551: uvm_test_top.env0.out_mon_h [OUT_MON] GOT AN OUTPUT!: cafcedcda4d3
UVM_INFO out_mon.sv(31) @ 18047531: uvm_test_top.env0.out_mon_h [OUT_MON] GOT AN OUTPUT!: 6ecb9ae079d7
UVM_INFO out_mon.sv(31) @ 18052511: uvm_test_top.env0.out_mon_h [OUT_MON] GOT AN OUTPUT!: 90557fccba1d
UVM_INFO out_mon.sv(31) @ 18057491: uvm_test_top.env0.out_mon_h [OUT_MON] GOT AN OUTPUT!: 61e7f22e6320
UVM_INFO out_mon.sv(31) @ 18062471: uvm_test_top.env0.out_mon_h [OUT_MON] GOT AN OUTPUT!: be946328c02a
UVM_INFO out_mon.sv(31) @ 18067451: uvm_test_top.env0.out_mon_h [OUT_MON] GOT AN OUTPUT!: 922385f4e2b7
UVM_INFO out_mon.sv(31) @ 18072431: uvm_test_top.env0.out_mon_h [OUT_MON] GOT AN OUTPUT!: bbe3e5eef197
UVM_INFO out_mon.sv(31) @ 18077411: uvm_test_top.env0.out_mon_h [OUT_MON] GOT AN OUTPUT!: a48ebdfa9163
UVM_INFO out_mon.sv(31) @ 18082391: uvm_test_top.env0.out_mon_h [OUT_MON] GOT AN OUTPUT!: 7f2f9ad64461
UVM_INFO out_mon.sv(31) @ 18087371: uvm_test_top.env0.out_mon_h [OUT_MON] GOT AN OUTPUT!: ecf47fb5ca59
UVM_INFO out_mon.sv(31) @ 18092351: uvm_test_top.env0.out_mon_h [OUT_MON] GOT AN OUTPUT!: 7c23a23b7a5e
UVM_INFO out_mon.sv(31) @ 18097331: uvm_test_top.env0.out_mon_h [OUT_MON] GOT AN OUTPUT!: 39e2a2a8adb9
UVM_INFO out_mon.sv(31) @ 18102311: uvm_test_top.env0.out_mon_h [OUT_MON] GOT AN OUTPUT!: 4f2ddcdd0e09
UVM_INFO out_mon.sv(31) @ 18107291: uvm_test_top.env0.out_mon_h [OUT_MON] GOT AN OUTPUT!: 60a2587d1224
UVM_INFO out_mon.sv(31) @ 18112271: uvm_test_top.env0.out_mon_h [OUT_MON] GOT AN OUTPUT!: 297670573d10
UVM_INFO out_mon.sv(31) @ 18117251: uvm_test_top.env0.out_mon_h [OUT_MON] GOT AN OUTPUT!: 8941afe097a1
UVM_INFO out_mon.sv(31) @ 18122231: uvm_test_top.env0.out_mon_h [OUT_MON] GOT AN OUTPUT!: fcec8160019a
UVM_INFO out_mon.sv(31) @ 18127211: uvm_test_top.env0.out_mon_h [OUT_MON] GOT AN OUTPUT!: 3a8aaa209984
UVM_INFO out_mon.sv(31) @ 18132191: uvm_test_top.env0.out_mon_h [OUT_MON] GOT AN OUTPUT!: 683d64c316c5
UVM_INFO out_mon.sv(31) @ 18137171: uvm_test_top.env0.out_mon_h [OUT_MON] GOT AN OUTPUT!: 260a2686309b
UVM_INFO out_mon.sv(31) @ 18142151: uvm_test_top.env0.out_mon_h [OUT_MON] GOT AN OUTPUT!: 62d0281dfa4c
UVM_INFO out_mon.sv(31) @ 18147131: uvm_test_top.env0.out_mon_h [OUT_MON] GOT AN OUTPUT!: b40e07723e50
UVM_INFO out_mon.sv(31) @ 18152111: uvm_test_top.env0.out_mon_h [OUT_MON] GOT AN OUTPUT!: a8d4d95be6d2
UVM_INFO out_mon.sv(31) @ 18157091: uvm_test_top.env0.out_mon_h [OUT_MON] GOT AN OUTPUT!: 4fa1dc395afe
UVM_INFO out_mon.sv(31) @ 18162071: uvm_test_top.env0.out_mon_h [OUT_MON] GOT AN OUTPUT!: e73645f1d9cb
UVM_INFO out_mon.sv(31) @ 18167051: uvm_test_top.env0.out_mon_h [OUT_MON] GOT AN OUTPUT!: 728c84bfe323
UVM_INFO out_mon.sv(31) @ 18172031: uvm_test_top.env0.out_mon_h [OUT_MON] GOT AN OUTPUT!: a7a0abda8f73
UVM_INFO out_mon.sv(31) @ 18177011: uvm_test_top.env0.out_mon_h [OUT_MON] GOT AN OUTPUT!: 7160f2d5f2bf
UVM_INFO out_mon.sv(31) @ 18181991: uvm_test_top.env0.out_mon_h [OUT_MON] GOT AN OUTPUT!: fc81175280d4
UVM_INFO out_mon.sv(31) @ 18186971: uvm_test_top.env0.out_mon_h [OUT_MON] GOT AN OUTPUT!: 0767a6536782
UVM_INFO out_mon.sv(31) @ 18191951: uvm_test_top.env0.out_mon_h [OUT_MON] GOT AN OUTPUT!: ed00df53ed50
UVM_INFO out_mon.sv(31) @ 18196931: uvm_test_top.env0.out_mon_h [OUT_MON] GOT AN OUTPUT!: a2abf1f3d80b
UVM_INFO out_mon.sv(31) @ 18201911: uvm_test_top.env0.out_mon_h [OUT_MON] GOT AN OUTPUT!: a10dfbd2cea5
UVM_INFO out_mon.sv(31) @ 18206891: uvm_test_top.env0.out_mon_h [OUT_MON] GOT AN OUTPUT!: 6ffba6f2a9f1
UVM_INFO out_mon.sv(31) @ 18211871: uvm_test_top.env0.out_mon_h [OUT_MON] GOT AN OUTPUT!: 4d52a6b8e1e5
UVM_INFO out_mon.sv(31) @ 18216851: uvm_test_top.env0.out_mon_h [OUT_MON] GOT AN OUTPUT!: 26e14266efc8
UVM_INFO out_mon.sv(31) @ 18221831: uvm_test_top.env0.out_mon_h [OUT_MON] GOT AN OUTPUT!: df3c1ba1a359
UVM_INFO out_mon.sv(31) @ 18226811: uvm_test_top.env0.out_mon_h [OUT_MON] GOT AN OUTPUT!: 95aa275f8be0
UVM_INFO out_mon.sv(31) @ 18231791: uvm_test_top.env0.out_mon_h [OUT_MON] GOT AN OUTPUT!: 68f7bc564cc8
UVM_INFO out_mon.sv(31) @ 18236771: uvm_test_top.env0.out_mon_h [OUT_MON] GOT AN OUTPUT!: ed600dbf15f3
UVM_INFO out_mon.sv(31) @ 18241751: uvm_test_top.env0.out_mon_h [OUT_MON] GOT AN OUTPUT!: 4d6f8809df1c
UVM_INFO out_mon.sv(31) @ 18246731: uvm_test_top.env0.out_mon_h [OUT_MON] GOT AN OUTPUT!: cdd435d7eb79
UVM_INFO out_mon.sv(31) @ 18251711: uvm_test_top.env0.out_mon_h [OUT_MON] GOT AN OUTPUT!: 2c4e305511d2
UVM_INFO out_mon.sv(31) @ 18256691: uvm_test_top.env0.out_mon_h [OUT_MON] GOT AN OUTPUT!: 118c74c829df
UVM_INFO out_mon.sv(31) @ 18261671: uvm_test_top.env0.out_mon_h [OUT_MON] GOT AN OUTPUT!: 8e04a7f26043
UVM_INFO out_mon.sv(31) @ 18266651: uvm_test_top.env0.out_mon_h [OUT_MON] GOT AN OUTPUT!: 59d9ba95a951
UVM_INFO out_mon.sv(31) @ 18271631: uvm_test_top.env0.out_mon_h [OUT_MON] GOT AN OUTPUT!: 4fba823a0a24
UVM_INFO out_mon.sv(31) @ 18276611: uvm_test_top.env0.out_mon_h [OUT_MON] GOT AN OUTPUT!: 5ac5280a0a56
UVM_INFO out_mon.sv(31) @ 18281591: uvm_test_top.env0.out_mon_h [OUT_MON] GOT AN OUTPUT!: cf5c055e0a46
UVM_INFO out_mon.sv(31) @ 18286571: uvm_test_top.env0.out_mon_h [OUT_MON] GOT AN OUTPUT!: e71a434ea9f4
UVM_INFO out_mon.sv(31) @ 18291551: uvm_test_top.env0.out_mon_h [OUT_MON] GOT AN OUTPUT!: d7982b661c0e
UVM_INFO out_mon.sv(31) @ 18296531: uvm_test_top.env0.out_mon_h [OUT_MON] GOT AN OUTPUT!: bc666d489d94
UVM_INFO out_mon.sv(31) @ 18301511: uvm_test_top.env0.out_mon_h [OUT_MON] GOT AN OUTPUT!: 4bd88eebbb91
UVM_INFO out_mon.sv(31) @ 18306491: uvm_test_top.env0.out_mon_h [OUT_MON] GOT AN OUTPUT!: 0ef52eb4c559
UVM_INFO out_mon.sv(31) @ 18311471: uvm_test_top.env0.out_mon_h [OUT_MON] GOT AN OUTPUT!: 944a7d9625d9
UVM_INFO out_mon.sv(31) @ 18316451: uvm_test_top.env0.out_mon_h [OUT_MON] GOT AN OUTPUT!: d5d26d03bf2c
UVM_INFO out_mon.sv(31) @ 18321431: uvm_test_top.env0.out_mon_h [OUT_MON] GOT AN OUTPUT!: c9d61b565240
UVM_INFO out_mon.sv(31) @ 18326411: uvm_test_top.env0.out_mon_h [OUT_MON] GOT AN OUTPUT!: d6cb31f5e22b
UVM_INFO out_mon.sv(31) @ 18331391: uvm_test_top.env0.out_mon_h [OUT_MON] GOT AN OUTPUT!: a22fe5630568
UVM_INFO out_mon.sv(31) @ 18336371: uvm_test_top.env0.out_mon_h [OUT_MON] GOT AN OUTPUT!: 726af8f74fbf
UVM_INFO out_mon.sv(31) @ 18341351: uvm_test_top.env0.out_mon_h [OUT_MON] GOT AN OUTPUT!: 1bb868f4b3b3
UVM_INFO out_mon.sv(31) @ 18346331: uvm_test_top.env0.out_mon_h [OUT_MON] GOT AN OUTPUT!: 2ffd4c3bdcfe
UVM_INFO out_mon.sv(31) @ 18351311: uvm_test_top.env0.out_mon_h [OUT_MON] GOT AN OUTPUT!: e9a591c19ac7
UVM_INFO out_mon.sv(31) @ 18356291: uvm_test_top.env0.out_mon_h [OUT_MON] GOT AN OUTPUT!: 098c9e9b2ca5
UVM_INFO out_mon.sv(31) @ 18361271: uvm_test_top.env0.out_mon_h [OUT_MON] GOT AN OUTPUT!: 9fde6539b908
UVM_INFO out_mon.sv(31) @ 18366251: uvm_test_top.env0.out_mon_h [OUT_MON] GOT AN OUTPUT!: 77e90c2c9958
UVM_INFO out_mon.sv(31) @ 18371231: uvm_test_top.env0.out_mon_h [OUT_MON] GOT AN OUTPUT!: 9f0f7382c78b
UVM_INFO out_mon.sv(31) @ 18376211: uvm_test_top.env0.out_mon_h [OUT_MON] GOT AN OUTPUT!: 3e9b26a33b61
UVM_INFO out_mon.sv(31) @ 18381191: uvm_test_top.env0.out_mon_h [OUT_MON] GOT AN OUTPUT!: c0a5eb34446e
UVM_INFO out_mon.sv(31) @ 18386171: uvm_test_top.env0.out_mon_h [OUT_MON] GOT AN OUTPUT!: f7f03d69f0a4
UVM_INFO out_mon.sv(31) @ 18391151: uvm_test_top.env0.out_mon_h [OUT_MON] GOT AN OUTPUT!: c2cc9fd36b1b
UVM_INFO out_mon.sv(31) @ 18396131: uvm_test_top.env0.out_mon_h [OUT_MON] GOT AN OUTPUT!: 60f5707f5908
UVM_INFO out_mon.sv(31) @ 18401111: uvm_test_top.env0.out_mon_h [OUT_MON] GOT AN OUTPUT!: 7471ce0f3960
UVM_INFO out_mon.sv(31) @ 18406091: uvm_test_top.env0.out_mon_h [OUT_MON] GOT AN OUTPUT!: 6573f011cb02
UVM_INFO out_mon.sv(31) @ 18411071: uvm_test_top.env0.out_mon_h [OUT_MON] GOT AN OUTPUT!: a13c15bc67db
UVM_INFO out_mon.sv(31) @ 18416051: uvm_test_top.env0.out_mon_h [OUT_MON] GOT AN OUTPUT!: ebf8abdb657f
UVM_INFO out_mon.sv(31) @ 18421031: uvm_test_top.env0.out_mon_h [OUT_MON] GOT AN OUTPUT!: bd9c519173b9
UVM_INFO out_mon.sv(31) @ 18426011: uvm_test_top.env0.out_mon_h [OUT_MON] GOT AN OUTPUT!: 61d0e83e01f0
UVM_INFO out_mon.sv(31) @ 18430991: uvm_test_top.env0.out_mon_h [OUT_MON] GOT AN OUTPUT!: 52bfdea2992d
UVM_INFO out_mon.sv(31) @ 18435971: uvm_test_top.env0.out_mon_h [OUT_MON] GOT AN OUTPUT!: 0706f21f3e96
UVM_INFO out_mon.sv(31) @ 18440951: uvm_test_top.env0.out_mon_h [OUT_MON] GOT AN OUTPUT!: 2a8ff69dd5ad
UVM_INFO out_mon.sv(31) @ 18445931: uvm_test_top.env0.out_mon_h [OUT_MON] GOT AN OUTPUT!: fa69658478e1
UVM_INFO out_mon.sv(31) @ 18450911: uvm_test_top.env0.out_mon_h [OUT_MON] GOT AN OUTPUT!: 3bb494c6e25b
UVM_INFO out_mon.sv(31) @ 18455891: uvm_test_top.env0.out_mon_h [OUT_MON] GOT AN OUTPUT!: 058144eec909
UVM_INFO out_mon.sv(31) @ 18460871: uvm_test_top.env0.out_mon_h [OUT_MON] GOT AN OUTPUT!: 55a2b4b33c9f
UVM_INFO out_mon.sv(31) @ 18465851: uvm_test_top.env0.out_mon_h [OUT_MON] GOT AN OUTPUT!: 289c50770da4
UVM_INFO out_mon.sv(31) @ 18470831: uvm_test_top.env0.out_mon_h [OUT_MON] GOT AN OUTPUT!: 8c7f41c6225f
UVM_INFO out_mon.sv(31) @ 18475811: uvm_test_top.env0.out_mon_h [OUT_MON] GOT AN OUTPUT!: e6c4e3a9e163
UVM_INFO out_mon.sv(31) @ 18480791: uvm_test_top.env0.out_mon_h [OUT_MON] GOT AN OUTPUT!: 65398a6c8cd8
UVM_INFO out_mon.sv(31) @ 18485771: uvm_test_top.env0.out_mon_h [OUT_MON] GOT AN OUTPUT!: 51cbc223a2bc
UVM_INFO out_mon.sv(31) @ 18490751: uvm_test_top.env0.out_mon_h [OUT_MON] GOT AN OUTPUT!: c17ba3193888
UVM_INFO out_mon.sv(31) @ 18495731: uvm_test_top.env0.out_mon_h [OUT_MON] GOT AN OUTPUT!: d6340fec68b5
UVM_INFO out_mon.sv(31) @ 18500711: uvm_test_top.env0.out_mon_h [OUT_MON] GOT AN OUTPUT!: 8bb27100a420
UVM_INFO out_mon.sv(31) @ 18505691: uvm_test_top.env0.out_mon_h [OUT_MON] GOT AN OUTPUT!: c752f5941585
UVM_INFO out_mon.sv(31) @ 18510671: uvm_test_top.env0.out_mon_h [OUT_MON] GOT AN OUTPUT!: 230ad2950801
UVM_INFO out_mon.sv(31) @ 18515651: uvm_test_top.env0.out_mon_h [OUT_MON] GOT AN OUTPUT!: ab301d0e413e
UVM_INFO out_mon.sv(31) @ 18520631: uvm_test_top.env0.out_mon_h [OUT_MON] GOT AN OUTPUT!: 876eadc2612f
UVM_INFO out_mon.sv(31) @ 18525611: uvm_test_top.env0.out_mon_h [OUT_MON] GOT AN OUTPUT!: 46998a4e484a
UVM_INFO out_mon.sv(31) @ 18530591: uvm_test_top.env0.out_mon_h [OUT_MON] GOT AN OUTPUT!: 458c3eea6c39
UVM_INFO out_mon.sv(31) @ 18535571: uvm_test_top.env0.out_mon_h [OUT_MON] GOT AN OUTPUT!: 6916f4a346e1
UVM_INFO out_mon.sv(31) @ 18540551: uvm_test_top.env0.out_mon_h [OUT_MON] GOT AN OUTPUT!: 22cf84a0a60d
UVM_INFO out_mon.sv(31) @ 18545531: uvm_test_top.env0.out_mon_h [OUT_MON] GOT AN OUTPUT!: 78f636d41833
UVM_INFO out_mon.sv(31) @ 18550511: uvm_test_top.env0.out_mon_h [OUT_MON] GOT AN OUTPUT!: 89611726482c
UVM_INFO out_mon.sv(31) @ 18555491: uvm_test_top.env0.out_mon_h [OUT_MON] GOT AN OUTPUT!: bf47ebfb5b8b
UVM_INFO out_mon.sv(31) @ 18560471: uvm_test_top.env0.out_mon_h [OUT_MON] GOT AN OUTPUT!: b4314fa65341
UVM_INFO out_mon.sv(31) @ 18565451: uvm_test_top.env0.out_mon_h [OUT_MON] GOT AN OUTPUT!: 73d0ce236912
UVM_INFO out_mon.sv(31) @ 18570431: uvm_test_top.env0.out_mon_h [OUT_MON] GOT AN OUTPUT!: 9ae80b317c84
UVM_INFO out_mon.sv(31) @ 18575411: uvm_test_top.env0.out_mon_h [OUT_MON] GOT AN OUTPUT!: 8923ffa25f71
UVM_INFO out_mon.sv(31) @ 18580391: uvm_test_top.env0.out_mon_h [OUT_MON] GOT AN OUTPUT!: 9df6ed7a45ec
UVM_INFO out_mon.sv(31) @ 18585371: uvm_test_top.env0.out_mon_h [OUT_MON] GOT AN OUTPUT!: 3887b0361912
UVM_INFO out_mon.sv(31) @ 18590351: uvm_test_top.env0.out_mon_h [OUT_MON] GOT AN OUTPUT!: f2856d50e6a6
UVM_INFO out_mon.sv(31) @ 18595331: uvm_test_top.env0.out_mon_h [OUT_MON] GOT AN OUTPUT!: 4e0970e03329
UVM_INFO out_mon.sv(31) @ 18600311: uvm_test_top.env0.out_mon_h [OUT_MON] GOT AN OUTPUT!: ce7f95df5ec1
UVM_INFO out_mon.sv(31) @ 18605291: uvm_test_top.env0.out_mon_h [OUT_MON] GOT AN OUTPUT!: 34768e820649
UVM_INFO out_mon.sv(31) @ 18610271: uvm_test_top.env0.out_mon_h [OUT_MON] GOT AN OUTPUT!: 5493b8a56897
UVM_INFO out_mon.sv(31) @ 18615251: uvm_test_top.env0.out_mon_h [OUT_MON] GOT AN OUTPUT!: c15abf38b5b2
UVM_INFO out_mon.sv(31) @ 18620231: uvm_test_top.env0.out_mon_h [OUT_MON] GOT AN OUTPUT!: 402b0c347fd8
UVM_INFO out_mon.sv(31) @ 18625211: uvm_test_top.env0.out_mon_h [OUT_MON] GOT AN OUTPUT!: c1029b791422
UVM_INFO out_mon.sv(31) @ 18630191: uvm_test_top.env0.out_mon_h [OUT_MON] GOT AN OUTPUT!: 51726eabe1c1
UVM_INFO out_mon.sv(31) @ 18635171: uvm_test_top.env0.out_mon_h [OUT_MON] GOT AN OUTPUT!: 427904ebc44b
UVM_INFO out_mon.sv(31) @ 18640151: uvm_test_top.env0.out_mon_h [OUT_MON] GOT AN OUTPUT!: 795834f48767
UVM_INFO out_mon.sv(31) @ 18645131: uvm_test_top.env0.out_mon_h [OUT_MON] GOT AN OUTPUT!: a388150920b4
UVM_INFO out_mon.sv(31) @ 18650111: uvm_test_top.env0.out_mon_h [OUT_MON] GOT AN OUTPUT!: c5875fbd2e9d
UVM_INFO out_mon.sv(31) @ 18655091: uvm_test_top.env0.out_mon_h [OUT_MON] GOT AN OUTPUT!: 5cc1ac754438
UVM_INFO out_mon.sv(31) @ 18660071: uvm_test_top.env0.out_mon_h [OUT_MON] GOT AN OUTPUT!: 0c6a0436555c
UVM_INFO out_mon.sv(31) @ 18665051: uvm_test_top.env0.out_mon_h [OUT_MON] GOT AN OUTPUT!: 8d6b2f1c0de6
UVM_INFO out_mon.sv(31) @ 18670031: uvm_test_top.env0.out_mon_h [OUT_MON] GOT AN OUTPUT!: 592e4a8e3539
UVM_INFO out_mon.sv(31) @ 18675011: uvm_test_top.env0.out_mon_h [OUT_MON] GOT AN OUTPUT!: 4793940d145e
UVM_INFO out_mon.sv(31) @ 18679991: uvm_test_top.env0.out_mon_h [OUT_MON] GOT AN OUTPUT!: 17bed42ccbce
UVM_INFO out_mon.sv(31) @ 18684971: uvm_test_top.env0.out_mon_h [OUT_MON] GOT AN OUTPUT!: 9c065d17b688
UVM_INFO out_mon.sv(31) @ 18689951: uvm_test_top.env0.out_mon_h [OUT_MON] GOT AN OUTPUT!: 00c8e2afd29d
UVM_INFO out_mon.sv(31) @ 18694931: uvm_test_top.env0.out_mon_h [OUT_MON] GOT AN OUTPUT!: 6651822712c0
UVM_INFO out_mon.sv(31) @ 18699911: uvm_test_top.env0.out_mon_h [OUT_MON] GOT AN OUTPUT!: c5b617a6c859
UVM_INFO out_mon.sv(31) @ 18704891: uvm_test_top.env0.out_mon_h [OUT_MON] GOT AN OUTPUT!: d8bfff5e013c
UVM_INFO out_mon.sv(31) @ 18709871: uvm_test_top.env0.out_mon_h [OUT_MON] GOT AN OUTPUT!: 7cb72c0ee716
UVM_INFO out_mon.sv(31) @ 18714851: uvm_test_top.env0.out_mon_h [OUT_MON] GOT AN OUTPUT!: c85a03f31fe3
UVM_INFO out_mon.sv(31) @ 18719831: uvm_test_top.env0.out_mon_h [OUT_MON] GOT AN OUTPUT!: ccb06b8f2a53
UVM_INFO out_mon.sv(31) @ 18724811: uvm_test_top.env0.out_mon_h [OUT_MON] GOT AN OUTPUT!: b8f16dccc949
UVM_INFO out_mon.sv(31) @ 18729791: uvm_test_top.env0.out_mon_h [OUT_MON] GOT AN OUTPUT!: d9564b745358
UVM_INFO out_mon.sv(31) @ 18734771: uvm_test_top.env0.out_mon_h [OUT_MON] GOT AN OUTPUT!: a90ca3dd1a0b
UVM_INFO out_mon.sv(31) @ 18739751: uvm_test_top.env0.out_mon_h [OUT_MON] GOT AN OUTPUT!: ef0e0b6cd7e2
UVM_INFO out_mon.sv(31) @ 18744731: uvm_test_top.env0.out_mon_h [OUT_MON] GOT AN OUTPUT!: 9dfd5f3df146
UVM_INFO out_mon.sv(31) @ 18749711: uvm_test_top.env0.out_mon_h [OUT_MON] GOT AN OUTPUT!: ef099904f48c
UVM_INFO out_mon.sv(31) @ 18754691: uvm_test_top.env0.out_mon_h [OUT_MON] GOT AN OUTPUT!: efcc890ce658
UVM_INFO out_mon.sv(31) @ 18759671: uvm_test_top.env0.out_mon_h [OUT_MON] GOT AN OUTPUT!: 7b2fa4e2a9f7
UVM_INFO out_mon.sv(31) @ 18764651: uvm_test_top.env0.out_mon_h [OUT_MON] GOT AN OUTPUT!: 5547ba0757ac
UVM_INFO out_mon.sv(31) @ 18769631: uvm_test_top.env0.out_mon_h [OUT_MON] GOT AN OUTPUT!: e22e31c1ad2d
UVM_INFO out_mon.sv(31) @ 18774611: uvm_test_top.env0.out_mon_h [OUT_MON] GOT AN OUTPUT!: aff675e661c5
UVM_INFO out_mon.sv(31) @ 18779591: uvm_test_top.env0.out_mon_h [OUT_MON] GOT AN OUTPUT!: cb73872f8120
UVM_INFO out_mon.sv(31) @ 18784571: uvm_test_top.env0.out_mon_h [OUT_MON] GOT AN OUTPUT!: 9828bd7add42
UVM_INFO out_mon.sv(31) @ 18789551: uvm_test_top.env0.out_mon_h [OUT_MON] GOT AN OUTPUT!: a328cf075eda
UVM_INFO out_mon.sv(31) @ 18794531: uvm_test_top.env0.out_mon_h [OUT_MON] GOT AN OUTPUT!: a8ea1589680d
UVM_INFO out_mon.sv(31) @ 18799511: uvm_test_top.env0.out_mon_h [OUT_MON] GOT AN OUTPUT!: c63b3bae4141
UVM_INFO out_mon.sv(31) @ 18804491: uvm_test_top.env0.out_mon_h [OUT_MON] GOT AN OUTPUT!: 8c0787666172
UVM_INFO out_mon.sv(31) @ 18809471: uvm_test_top.env0.out_mon_h [OUT_MON] GOT AN OUTPUT!: 6e54120ee4f4
UVM_INFO out_mon.sv(31) @ 18814451: uvm_test_top.env0.out_mon_h [OUT_MON] GOT AN OUTPUT!: c60ac551e060
UVM_INFO out_mon.sv(31) @ 18819431: uvm_test_top.env0.out_mon_h [OUT_MON] GOT AN OUTPUT!: 5de37255c62c
UVM_INFO out_mon.sv(31) @ 18824411: uvm_test_top.env0.out_mon_h [OUT_MON] GOT AN OUTPUT!: 42400693c471
UVM_INFO out_mon.sv(31) @ 18829391: uvm_test_top.env0.out_mon_h [OUT_MON] GOT AN OUTPUT!: 4c13246d222a
UVM_INFO out_mon.sv(31) @ 18834371: uvm_test_top.env0.out_mon_h [OUT_MON] GOT AN OUTPUT!: 9eb7a957a80c
UVM_INFO out_mon.sv(31) @ 18839351: uvm_test_top.env0.out_mon_h [OUT_MON] GOT AN OUTPUT!: 10d05c38f518
UVM_INFO out_mon.sv(31) @ 18844331: uvm_test_top.env0.out_mon_h [OUT_MON] GOT AN OUTPUT!: 38344248e750
UVM_INFO out_mon.sv(31) @ 18849311: uvm_test_top.env0.out_mon_h [OUT_MON] GOT AN OUTPUT!: 90c4b792f8e1
UVM_INFO out_mon.sv(31) @ 18854291: uvm_test_top.env0.out_mon_h [OUT_MON] GOT AN OUTPUT!: f64b25ee9ef5
UVM_INFO out_mon.sv(31) @ 18859271: uvm_test_top.env0.out_mon_h [OUT_MON] GOT AN OUTPUT!: 695e5606a8f6
UVM_INFO out_mon.sv(31) @ 18864251: uvm_test_top.env0.out_mon_h [OUT_MON] GOT AN OUTPUT!: d74505c7a9ef
UVM_INFO out_mon.sv(31) @ 18869231: uvm_test_top.env0.out_mon_h [OUT_MON] GOT AN OUTPUT!: 5cca6a4d4474
UVM_INFO out_mon.sv(31) @ 18874211: uvm_test_top.env0.out_mon_h [OUT_MON] GOT AN OUTPUT!: 3c2dbe26a3f8
UVM_INFO out_mon.sv(31) @ 18879191: uvm_test_top.env0.out_mon_h [OUT_MON] GOT AN OUTPUT!: 7df30489c5a9
UVM_INFO out_mon.sv(31) @ 18884171: uvm_test_top.env0.out_mon_h [OUT_MON] GOT AN OUTPUT!: f4cfe9cde8c7
UVM_INFO out_mon.sv(31) @ 18889151: uvm_test_top.env0.out_mon_h [OUT_MON] GOT AN OUTPUT!: 1c829044e964
UVM_INFO out_mon.sv(31) @ 18894131: uvm_test_top.env0.out_mon_h [OUT_MON] GOT AN OUTPUT!: 0bb84e4b9726
UVM_INFO out_mon.sv(31) @ 18899111: uvm_test_top.env0.out_mon_h [OUT_MON] GOT AN OUTPUT!: 70e8be29281e
UVM_INFO out_mon.sv(31) @ 18904091: uvm_test_top.env0.out_mon_h [OUT_MON] GOT AN OUTPUT!: 5234c215889c
UVM_INFO out_mon.sv(31) @ 18909071: uvm_test_top.env0.out_mon_h [OUT_MON] GOT AN OUTPUT!: 084c4c7ec258
UVM_INFO out_mon.sv(31) @ 18914051: uvm_test_top.env0.out_mon_h [OUT_MON] GOT AN OUTPUT!: ac4fa3655be8
UVM_INFO out_mon.sv(31) @ 18919031: uvm_test_top.env0.out_mon_h [OUT_MON] GOT AN OUTPUT!: f0a06567b342
UVM_INFO out_mon.sv(31) @ 18924011: uvm_test_top.env0.out_mon_h [OUT_MON] GOT AN OUTPUT!: 1cd468d46609
UVM_INFO out_mon.sv(31) @ 18928991: uvm_test_top.env0.out_mon_h [OUT_MON] GOT AN OUTPUT!: a48c19dbb209
UVM_INFO out_mon.sv(31) @ 18933971: uvm_test_top.env0.out_mon_h [OUT_MON] GOT AN OUTPUT!: 91517bb7ccfb
UVM_INFO out_mon.sv(31) @ 18938951: uvm_test_top.env0.out_mon_h [OUT_MON] GOT AN OUTPUT!: b77d976443da
UVM_INFO out_mon.sv(31) @ 18943931: uvm_test_top.env0.out_mon_h [OUT_MON] GOT AN OUTPUT!: 6e10e23c64f4
UVM_INFO out_mon.sv(31) @ 18948911: uvm_test_top.env0.out_mon_h [OUT_MON] GOT AN OUTPUT!: 419cac989a05
UVM_INFO out_mon.sv(31) @ 18953891: uvm_test_top.env0.out_mon_h [OUT_MON] GOT AN OUTPUT!: da1edb42cc4e
UVM_INFO out_mon.sv(31) @ 18958871: uvm_test_top.env0.out_mon_h [OUT_MON] GOT AN OUTPUT!: 0bdb4059bb38
UVM_INFO out_mon.sv(31) @ 18963851: uvm_test_top.env0.out_mon_h [OUT_MON] GOT AN OUTPUT!: cb46f5fb61d7
UVM_INFO out_mon.sv(31) @ 18968831: uvm_test_top.env0.out_mon_h [OUT_MON] GOT AN OUTPUT!: 7be036ce5a57
UVM_INFO out_mon.sv(31) @ 18973811: uvm_test_top.env0.out_mon_h [OUT_MON] GOT AN OUTPUT!: d217cf423cc4
UVM_INFO out_mon.sv(31) @ 18978791: uvm_test_top.env0.out_mon_h [OUT_MON] GOT AN OUTPUT!: 401c8e1ef8d4
UVM_INFO out_mon.sv(31) @ 18983771: uvm_test_top.env0.out_mon_h [OUT_MON] GOT AN OUTPUT!: a5d909bb3cf5
UVM_INFO out_mon.sv(31) @ 18988751: uvm_test_top.env0.out_mon_h [OUT_MON] GOT AN OUTPUT!: bbb809f1d011
UVM_INFO out_mon.sv(31) @ 18993731: uvm_test_top.env0.out_mon_h [OUT_MON] GOT AN OUTPUT!: 709880adfdd1
UVM_INFO out_mon.sv(31) @ 18998711: uvm_test_top.env0.out_mon_h [OUT_MON] GOT AN OUTPUT!: 32a046a6dec1
UVM_INFO out_mon.sv(31) @ 19003691: uvm_test_top.env0.out_mon_h [OUT_MON] GOT AN OUTPUT!: db2577a1d763
UVM_INFO out_mon.sv(31) @ 19008671: uvm_test_top.env0.out_mon_h [OUT_MON] GOT AN OUTPUT!: b5829753deb0
UVM_INFO out_mon.sv(31) @ 19013651: uvm_test_top.env0.out_mon_h [OUT_MON] GOT AN OUTPUT!: d907b3b9eaf9
UVM_INFO out_mon.sv(31) @ 19018631: uvm_test_top.env0.out_mon_h [OUT_MON] GOT AN OUTPUT!: cdc873804b07
UVM_INFO out_mon.sv(31) @ 19023611: uvm_test_top.env0.out_mon_h [OUT_MON] GOT AN OUTPUT!: 348a36d111fb
UVM_INFO out_mon.sv(31) @ 19028591: uvm_test_top.env0.out_mon_h [OUT_MON] GOT AN OUTPUT!: e99fd9a16263
UVM_INFO out_mon.sv(31) @ 19033571: uvm_test_top.env0.out_mon_h [OUT_MON] GOT AN OUTPUT!: dabea155e730
UVM_INFO out_mon.sv(31) @ 19038551: uvm_test_top.env0.out_mon_h [OUT_MON] GOT AN OUTPUT!: 87f27d561fd6
UVM_INFO out_mon.sv(31) @ 19043531: uvm_test_top.env0.out_mon_h [OUT_MON] GOT AN OUTPUT!: e76fe1e6c82b
UVM_INFO out_mon.sv(31) @ 19048511: uvm_test_top.env0.out_mon_h [OUT_MON] GOT AN OUTPUT!: 246e12633d32
UVM_INFO out_mon.sv(31) @ 19053491: uvm_test_top.env0.out_mon_h [OUT_MON] GOT AN OUTPUT!: 712234add219
UVM_INFO out_mon.sv(31) @ 19058471: uvm_test_top.env0.out_mon_h [OUT_MON] GOT AN OUTPUT!: e381976f3aa2
UVM_INFO out_mon.sv(31) @ 19063451: uvm_test_top.env0.out_mon_h [OUT_MON] GOT AN OUTPUT!: 152a287ce0a2
UVM_INFO out_mon.sv(31) @ 19068431: uvm_test_top.env0.out_mon_h [OUT_MON] GOT AN OUTPUT!: fe52ed7e5108
UVM_INFO out_mon.sv(31) @ 19073411: uvm_test_top.env0.out_mon_h [OUT_MON] GOT AN OUTPUT!: 4393a2a98f23
UVM_INFO out_mon.sv(31) @ 19078391: uvm_test_top.env0.out_mon_h [OUT_MON] GOT AN OUTPUT!: eed1992e7a16
UVM_INFO out_mon.sv(31) @ 19083371: uvm_test_top.env0.out_mon_h [OUT_MON] GOT AN OUTPUT!: 4b2394a937e1
UVM_INFO out_mon.sv(31) @ 19088351: uvm_test_top.env0.out_mon_h [OUT_MON] GOT AN OUTPUT!: 5ba908b37897
UVM_INFO out_mon.sv(31) @ 19093331: uvm_test_top.env0.out_mon_h [OUT_MON] GOT AN OUTPUT!: 256c666cf88a
UVM_INFO out_mon.sv(31) @ 19098311: uvm_test_top.env0.out_mon_h [OUT_MON] GOT AN OUTPUT!: c4442d92c4eb
UVM_INFO out_mon.sv(31) @ 19103291: uvm_test_top.env0.out_mon_h [OUT_MON] GOT AN OUTPUT!: 02b6ba7daca6
UVM_INFO out_mon.sv(31) @ 19108271: uvm_test_top.env0.out_mon_h [OUT_MON] GOT AN OUTPUT!: ecd1cf1f991e
UVM_INFO out_mon.sv(31) @ 19113251: uvm_test_top.env0.out_mon_h [OUT_MON] GOT AN OUTPUT!: 96119dd7f037
UVM_INFO out_mon.sv(31) @ 19118231: uvm_test_top.env0.out_mon_h [OUT_MON] GOT AN OUTPUT!: 0a3a64b6f5a1
UVM_INFO out_mon.sv(31) @ 19123211: uvm_test_top.env0.out_mon_h [OUT_MON] GOT AN OUTPUT!: 2144be882043
UVM_INFO out_mon.sv(31) @ 19128191: uvm_test_top.env0.out_mon_h [OUT_MON] GOT AN OUTPUT!: ae2fc5bb9113
UVM_INFO out_mon.sv(31) @ 19133171: uvm_test_top.env0.out_mon_h [OUT_MON] GOT AN OUTPUT!: 40e0c006587c
UVM_INFO out_mon.sv(31) @ 19138151: uvm_test_top.env0.out_mon_h [OUT_MON] GOT AN OUTPUT!: 7314a851eb16
UVM_INFO out_mon.sv(31) @ 19143131: uvm_test_top.env0.out_mon_h [OUT_MON] GOT AN OUTPUT!: 782f445274c2
UVM_INFO out_mon.sv(31) @ 19148111: uvm_test_top.env0.out_mon_h [OUT_MON] GOT AN OUTPUT!: 681d22dc3fa9
UVM_INFO out_mon.sv(31) @ 19153091: uvm_test_top.env0.out_mon_h [OUT_MON] GOT AN OUTPUT!: 7d3bc0d00eb3
UVM_INFO out_mon.sv(31) @ 19158071: uvm_test_top.env0.out_mon_h [OUT_MON] GOT AN OUTPUT!: 3d31143689fc
UVM_INFO out_mon.sv(31) @ 19163051: uvm_test_top.env0.out_mon_h [OUT_MON] GOT AN OUTPUT!: 44d3bae286ff
UVM_INFO out_mon.sv(31) @ 19168031: uvm_test_top.env0.out_mon_h [OUT_MON] GOT AN OUTPUT!: 2efedcb28537
UVM_INFO out_mon.sv(31) @ 19173011: uvm_test_top.env0.out_mon_h [OUT_MON] GOT AN OUTPUT!: ce808148f5c2
UVM_INFO out_mon.sv(31) @ 19177991: uvm_test_top.env0.out_mon_h [OUT_MON] GOT AN OUTPUT!: b2f01fd3ad2f
UVM_INFO out_mon.sv(31) @ 19182971: uvm_test_top.env0.out_mon_h [OUT_MON] GOT AN OUTPUT!: b093ff3a3890
UVM_INFO out_mon.sv(31) @ 19187951: uvm_test_top.env0.out_mon_h [OUT_MON] GOT AN OUTPUT!: e33403cb407d
UVM_INFO out_mon.sv(31) @ 19192931: uvm_test_top.env0.out_mon_h [OUT_MON] GOT AN OUTPUT!: 6413b240ea74
UVM_INFO out_mon.sv(31) @ 19197911: uvm_test_top.env0.out_mon_h [OUT_MON] GOT AN OUTPUT!: aab3b5b438ef
UVM_INFO out_mon.sv(31) @ 19202891: uvm_test_top.env0.out_mon_h [OUT_MON] GOT AN OUTPUT!: 50cc72d76995
UVM_INFO out_mon.sv(31) @ 19207871: uvm_test_top.env0.out_mon_h [OUT_MON] GOT AN OUTPUT!: b11d8b8f52cf
UVM_INFO out_mon.sv(31) @ 19212851: uvm_test_top.env0.out_mon_h [OUT_MON] GOT AN OUTPUT!: 994f0dc3cfbb
UVM_INFO out_mon.sv(31) @ 19217831: uvm_test_top.env0.out_mon_h [OUT_MON] GOT AN OUTPUT!: 06d8a8ff0af3
UVM_INFO out_mon.sv(31) @ 19222811: uvm_test_top.env0.out_mon_h [OUT_MON] GOT AN OUTPUT!: a6e35d33f86a
UVM_INFO out_mon.sv(31) @ 19227791: uvm_test_top.env0.out_mon_h [OUT_MON] GOT AN OUTPUT!: 911669c39d17
UVM_INFO out_mon.sv(31) @ 19232771: uvm_test_top.env0.out_mon_h [OUT_MON] GOT AN OUTPUT!: 7594ec9980cf
UVM_INFO out_mon.sv(31) @ 19237751: uvm_test_top.env0.out_mon_h [OUT_MON] GOT AN OUTPUT!: 35c282f70565
UVM_INFO out_mon.sv(31) @ 19242731: uvm_test_top.env0.out_mon_h [OUT_MON] GOT AN OUTPUT!: a033bd45c732
UVM_INFO out_mon.sv(31) @ 19247711: uvm_test_top.env0.out_mon_h [OUT_MON] GOT AN OUTPUT!: c7841908ffc2
UVM_INFO out_mon.sv(31) @ 19252691: uvm_test_top.env0.out_mon_h [OUT_MON] GOT AN OUTPUT!: 2c474cc5e32b
UVM_INFO out_mon.sv(31) @ 19257671: uvm_test_top.env0.out_mon_h [OUT_MON] GOT AN OUTPUT!: b1cdbb7b06b4
UVM_INFO out_mon.sv(31) @ 19262651: uvm_test_top.env0.out_mon_h [OUT_MON] GOT AN OUTPUT!: 161d70feb549
UVM_INFO out_mon.sv(31) @ 19267631: uvm_test_top.env0.out_mon_h [OUT_MON] GOT AN OUTPUT!: 64c7825c5780
UVM_INFO out_mon.sv(31) @ 19272611: uvm_test_top.env0.out_mon_h [OUT_MON] GOT AN OUTPUT!: 9cc21f08d470
UVM_INFO out_mon.sv(31) @ 19277591: uvm_test_top.env0.out_mon_h [OUT_MON] GOT AN OUTPUT!: 815c4985ee4f
UVM_INFO out_mon.sv(31) @ 19282571: uvm_test_top.env0.out_mon_h [OUT_MON] GOT AN OUTPUT!: 4e04becca093
UVM_INFO out_mon.sv(31) @ 19287551: uvm_test_top.env0.out_mon_h [OUT_MON] GOT AN OUTPUT!: c53a379686f3
UVM_INFO out_mon.sv(31) @ 19292531: uvm_test_top.env0.out_mon_h [OUT_MON] GOT AN OUTPUT!: d26b0d5e341e
UVM_INFO out_mon.sv(31) @ 19297511: uvm_test_top.env0.out_mon_h [OUT_MON] GOT AN OUTPUT!: b6cc93ae9c37
UVM_INFO out_mon.sv(31) @ 19302491: uvm_test_top.env0.out_mon_h [OUT_MON] GOT AN OUTPUT!: 794546196ca8
UVM_INFO out_mon.sv(31) @ 19307471: uvm_test_top.env0.out_mon_h [OUT_MON] GOT AN OUTPUT!: 11401aec6d2d
UVM_INFO out_mon.sv(31) @ 19312451: uvm_test_top.env0.out_mon_h [OUT_MON] GOT AN OUTPUT!: 849e8f7de33a
UVM_INFO out_mon.sv(31) @ 19317431: uvm_test_top.env0.out_mon_h [OUT_MON] GOT AN OUTPUT!: f082c7a7f37d
UVM_INFO out_mon.sv(31) @ 19322411: uvm_test_top.env0.out_mon_h [OUT_MON] GOT AN OUTPUT!: 354048caf7e5
UVM_INFO out_mon.sv(31) @ 19327391: uvm_test_top.env0.out_mon_h [OUT_MON] GOT AN OUTPUT!: bd3b5f6ee920
UVM_INFO out_mon.sv(31) @ 19332371: uvm_test_top.env0.out_mon_h [OUT_MON] GOT AN OUTPUT!: 96bc655bc1c8
UVM_INFO out_mon.sv(31) @ 19337351: uvm_test_top.env0.out_mon_h [OUT_MON] GOT AN OUTPUT!: d8da8bc0cf93
UVM_INFO out_mon.sv(31) @ 19342331: uvm_test_top.env0.out_mon_h [OUT_MON] GOT AN OUTPUT!: 0b584ec3205d
UVM_INFO out_mon.sv(31) @ 19347311: uvm_test_top.env0.out_mon_h [OUT_MON] GOT AN OUTPUT!: 0988f28adfdf
UVM_INFO out_mon.sv(31) @ 19352291: uvm_test_top.env0.out_mon_h [OUT_MON] GOT AN OUTPUT!: 982577a7ae2b
UVM_INFO out_mon.sv(31) @ 19357271: uvm_test_top.env0.out_mon_h [OUT_MON] GOT AN OUTPUT!: a6350f641286
UVM_INFO out_mon.sv(31) @ 19362251: uvm_test_top.env0.out_mon_h [OUT_MON] GOT AN OUTPUT!: f0ea395fc8a4
UVM_INFO out_mon.sv(31) @ 19367231: uvm_test_top.env0.out_mon_h [OUT_MON] GOT AN OUTPUT!: 8289358929c5
UVM_INFO out_mon.sv(31) @ 19372211: uvm_test_top.env0.out_mon_h [OUT_MON] GOT AN OUTPUT!: 44390c4d8a64
UVM_INFO out_mon.sv(31) @ 19377191: uvm_test_top.env0.out_mon_h [OUT_MON] GOT AN OUTPUT!: 9af381989c15
UVM_INFO out_mon.sv(31) @ 19382171: uvm_test_top.env0.out_mon_h [OUT_MON] GOT AN OUTPUT!: c759affad081
UVM_INFO out_mon.sv(31) @ 19387151: uvm_test_top.env0.out_mon_h [OUT_MON] GOT AN OUTPUT!: 809d270eaa80
UVM_INFO out_mon.sv(31) @ 19392131: uvm_test_top.env0.out_mon_h [OUT_MON] GOT AN OUTPUT!: 025768f53533
UVM_INFO out_mon.sv(31) @ 19397111: uvm_test_top.env0.out_mon_h [OUT_MON] GOT AN OUTPUT!: 8573e1814fa5
UVM_INFO out_mon.sv(31) @ 19402091: uvm_test_top.env0.out_mon_h [OUT_MON] GOT AN OUTPUT!: dc00df6a177c
UVM_INFO out_mon.sv(31) @ 19407071: uvm_test_top.env0.out_mon_h [OUT_MON] GOT AN OUTPUT!: a823e59c45f5
UVM_INFO out_mon.sv(31) @ 19412051: uvm_test_top.env0.out_mon_h [OUT_MON] GOT AN OUTPUT!: 65e1c2828f15
UVM_INFO out_mon.sv(31) @ 19417031: uvm_test_top.env0.out_mon_h [OUT_MON] GOT AN OUTPUT!: 401632dd091b
UVM_INFO out_mon.sv(31) @ 19422011: uvm_test_top.env0.out_mon_h [OUT_MON] GOT AN OUTPUT!: 6845b27f7d4c
UVM_INFO out_mon.sv(31) @ 19426991: uvm_test_top.env0.out_mon_h [OUT_MON] GOT AN OUTPUT!: 697a8e0ed408
UVM_INFO out_mon.sv(31) @ 19431971: uvm_test_top.env0.out_mon_h [OUT_MON] GOT AN OUTPUT!: ae37a795791f
UVM_INFO out_mon.sv(31) @ 19436951: uvm_test_top.env0.out_mon_h [OUT_MON] GOT AN OUTPUT!: 313c1086a695
UVM_INFO out_mon.sv(31) @ 19441931: uvm_test_top.env0.out_mon_h [OUT_MON] GOT AN OUTPUT!: 11825488e029
UVM_INFO out_mon.sv(31) @ 19446911: uvm_test_top.env0.out_mon_h [OUT_MON] GOT AN OUTPUT!: 8106871f3d42
UVM_INFO out_mon.sv(31) @ 19451891: uvm_test_top.env0.out_mon_h [OUT_MON] GOT AN OUTPUT!: 46b7ac09d1c4
UVM_INFO out_mon.sv(31) @ 19456871: uvm_test_top.env0.out_mon_h [OUT_MON] GOT AN OUTPUT!: cb469ff50ef9
UVM_INFO out_mon.sv(31) @ 19461851: uvm_test_top.env0.out_mon_h [OUT_MON] GOT AN OUTPUT!: 691d1cd024f5
UVM_INFO out_mon.sv(31) @ 19466831: uvm_test_top.env0.out_mon_h [OUT_MON] GOT AN OUTPUT!: 772618e25a59
UVM_INFO out_mon.sv(31) @ 19471811: uvm_test_top.env0.out_mon_h [OUT_MON] GOT AN OUTPUT!: 46c19077776e
UVM_INFO out_mon.sv(31) @ 19476791: uvm_test_top.env0.out_mon_h [OUT_MON] GOT AN OUTPUT!: 0c92e2bb1d77
UVM_INFO out_mon.sv(31) @ 19481771: uvm_test_top.env0.out_mon_h [OUT_MON] GOT AN OUTPUT!: 6c71de1b2754
UVM_INFO out_mon.sv(31) @ 19486751: uvm_test_top.env0.out_mon_h [OUT_MON] GOT AN OUTPUT!: 20397a490e98
UVM_INFO out_mon.sv(31) @ 19491731: uvm_test_top.env0.out_mon_h [OUT_MON] GOT AN OUTPUT!: f1b7b3b24d03
UVM_INFO out_mon.sv(31) @ 19496711: uvm_test_top.env0.out_mon_h [OUT_MON] GOT AN OUTPUT!: ff826907b1d6
UVM_INFO out_mon.sv(31) @ 19501691: uvm_test_top.env0.out_mon_h [OUT_MON] GOT AN OUTPUT!: 04e0902bc992
UVM_INFO out_mon.sv(31) @ 19506671: uvm_test_top.env0.out_mon_h [OUT_MON] GOT AN OUTPUT!: 1c9c2ea03b23
UVM_INFO out_mon.sv(31) @ 19511651: uvm_test_top.env0.out_mon_h [OUT_MON] GOT AN OUTPUT!: 36f7f44a323c
UVM_INFO out_mon.sv(31) @ 19516631: uvm_test_top.env0.out_mon_h [OUT_MON] GOT AN OUTPUT!: 3a746c25adb0
UVM_INFO out_mon.sv(31) @ 19521611: uvm_test_top.env0.out_mon_h [OUT_MON] GOT AN OUTPUT!: 87cb553fe878
UVM_INFO out_mon.sv(31) @ 19526591: uvm_test_top.env0.out_mon_h [OUT_MON] GOT AN OUTPUT!: 58b4c810bf20
UVM_INFO out_mon.sv(31) @ 19531571: uvm_test_top.env0.out_mon_h [OUT_MON] GOT AN OUTPUT!: 31e3e80b07ec
UVM_INFO out_mon.sv(31) @ 19536551: uvm_test_top.env0.out_mon_h [OUT_MON] GOT AN OUTPUT!: 5fcb34fbee89
UVM_INFO out_mon.sv(31) @ 19541531: uvm_test_top.env0.out_mon_h [OUT_MON] GOT AN OUTPUT!: 368fec9166f9
UVM_INFO out_mon.sv(31) @ 19546511: uvm_test_top.env0.out_mon_h [OUT_MON] GOT AN OUTPUT!: 8ce1111f78be
UVM_INFO out_mon.sv(31) @ 19551491: uvm_test_top.env0.out_mon_h [OUT_MON] GOT AN OUTPUT!: a9da797ca818
UVM_INFO out_mon.sv(31) @ 19556471: uvm_test_top.env0.out_mon_h [OUT_MON] GOT AN OUTPUT!: 9de3f78d58c7
UVM_INFO out_mon.sv(31) @ 19561451: uvm_test_top.env0.out_mon_h [OUT_MON] GOT AN OUTPUT!: be9079d627bf
UVM_INFO out_mon.sv(31) @ 19566431: uvm_test_top.env0.out_mon_h [OUT_MON] GOT AN OUTPUT!: bd7e852d4b1c
UVM_INFO out_mon.sv(31) @ 19571411: uvm_test_top.env0.out_mon_h [OUT_MON] GOT AN OUTPUT!: 923cdf62fbfe
UVM_INFO out_mon.sv(31) @ 19576391: uvm_test_top.env0.out_mon_h [OUT_MON] GOT AN OUTPUT!: 2f1f0478c982
UVM_INFO out_mon.sv(31) @ 19581371: uvm_test_top.env0.out_mon_h [OUT_MON] GOT AN OUTPUT!: b92bafc0029f
UVM_INFO out_mon.sv(31) @ 19586351: uvm_test_top.env0.out_mon_h [OUT_MON] GOT AN OUTPUT!: baf13df7130f
UVM_INFO out_mon.sv(31) @ 19591331: uvm_test_top.env0.out_mon_h [OUT_MON] GOT AN OUTPUT!: 8a68fb3dddec
UVM_INFO out_mon.sv(31) @ 19596311: uvm_test_top.env0.out_mon_h [OUT_MON] GOT AN OUTPUT!: d9dc5b792146
UVM_INFO out_mon.sv(31) @ 19601291: uvm_test_top.env0.out_mon_h [OUT_MON] GOT AN OUTPUT!: 2bc05c7ce1e2
UVM_INFO out_mon.sv(31) @ 19606271: uvm_test_top.env0.out_mon_h [OUT_MON] GOT AN OUTPUT!: a1952d15b2cc
UVM_INFO out_mon.sv(31) @ 19611251: uvm_test_top.env0.out_mon_h [OUT_MON] GOT AN OUTPUT!: 5dc112c92d03
UVM_INFO out_mon.sv(31) @ 19616231: uvm_test_top.env0.out_mon_h [OUT_MON] GOT AN OUTPUT!: 707e9ee541a1
UVM_INFO out_mon.sv(31) @ 19621211: uvm_test_top.env0.out_mon_h [OUT_MON] GOT AN OUTPUT!: 07b254369b7a
UVM_INFO out_mon.sv(31) @ 19626191: uvm_test_top.env0.out_mon_h [OUT_MON] GOT AN OUTPUT!: 59cbc87e0868
UVM_INFO out_mon.sv(31) @ 19631171: uvm_test_top.env0.out_mon_h [OUT_MON] GOT AN OUTPUT!: 83a2eb7ccad6
UVM_INFO out_mon.sv(31) @ 19636151: uvm_test_top.env0.out_mon_h [OUT_MON] GOT AN OUTPUT!: 51646430079e
UVM_INFO out_mon.sv(31) @ 19641131: uvm_test_top.env0.out_mon_h [OUT_MON] GOT AN OUTPUT!: aa5ebb93160b
UVM_INFO out_mon.sv(31) @ 19646111: uvm_test_top.env0.out_mon_h [OUT_MON] GOT AN OUTPUT!: 17f40600f54a
UVM_INFO out_mon.sv(31) @ 19651091: uvm_test_top.env0.out_mon_h [OUT_MON] GOT AN OUTPUT!: 9f70430c98ea
UVM_INFO out_mon.sv(31) @ 19656071: uvm_test_top.env0.out_mon_h [OUT_MON] GOT AN OUTPUT!: e6ebeb68531a
UVM_INFO out_mon.sv(31) @ 19661051: uvm_test_top.env0.out_mon_h [OUT_MON] GOT AN OUTPUT!: 5d27b2342fde
UVM_INFO out_mon.sv(31) @ 19666031: uvm_test_top.env0.out_mon_h [OUT_MON] GOT AN OUTPUT!: dc72c1cb5865
UVM_INFO out_mon.sv(31) @ 19671011: uvm_test_top.env0.out_mon_h [OUT_MON] GOT AN OUTPUT!: 008ab0e8760f
UVM_INFO out_mon.sv(31) @ 19675991: uvm_test_top.env0.out_mon_h [OUT_MON] GOT AN OUTPUT!: 27772eb906ff
UVM_INFO out_mon.sv(31) @ 19680971: uvm_test_top.env0.out_mon_h [OUT_MON] GOT AN OUTPUT!: d5696137c9b0
UVM_INFO out_mon.sv(31) @ 19685951: uvm_test_top.env0.out_mon_h [OUT_MON] GOT AN OUTPUT!: f3a37fe6156b
UVM_INFO out_mon.sv(31) @ 19690931: uvm_test_top.env0.out_mon_h [OUT_MON] GOT AN OUTPUT!: 224ed6bc43a9
UVM_INFO out_mon.sv(31) @ 19695911: uvm_test_top.env0.out_mon_h [OUT_MON] GOT AN OUTPUT!: 156254e90055
UVM_INFO out_mon.sv(31) @ 19700891: uvm_test_top.env0.out_mon_h [OUT_MON] GOT AN OUTPUT!: b48661b7bf5f
UVM_INFO out_mon.sv(31) @ 19705871: uvm_test_top.env0.out_mon_h [OUT_MON] GOT AN OUTPUT!: 75e590b606cd
UVM_INFO out_mon.sv(31) @ 19710851: uvm_test_top.env0.out_mon_h [OUT_MON] GOT AN OUTPUT!: 2c1d06efdcc5
UVM_INFO out_mon.sv(31) @ 19715831: uvm_test_top.env0.out_mon_h [OUT_MON] GOT AN OUTPUT!: 3f1486db223f
UVM_INFO out_mon.sv(31) @ 19720811: uvm_test_top.env0.out_mon_h [OUT_MON] GOT AN OUTPUT!: 07df8849f67a
UVM_INFO out_mon.sv(31) @ 19725791: uvm_test_top.env0.out_mon_h [OUT_MON] GOT AN OUTPUT!: c79b937c10a2
UVM_INFO out_mon.sv(31) @ 19730771: uvm_test_top.env0.out_mon_h [OUT_MON] GOT AN OUTPUT!: 715736272720
UVM_INFO out_mon.sv(31) @ 19735751: uvm_test_top.env0.out_mon_h [OUT_MON] GOT AN OUTPUT!: 3ee9220e4ace
UVM_INFO out_mon.sv(31) @ 19740731: uvm_test_top.env0.out_mon_h [OUT_MON] GOT AN OUTPUT!: c8d313804ab1
UVM_INFO out_mon.sv(31) @ 19745711: uvm_test_top.env0.out_mon_h [OUT_MON] GOT AN OUTPUT!: 192558d51073
UVM_INFO out_mon.sv(31) @ 19750691: uvm_test_top.env0.out_mon_h [OUT_MON] GOT AN OUTPUT!: f15a5fc1ffff
UVM_INFO out_mon.sv(31) @ 19755671: uvm_test_top.env0.out_mon_h [OUT_MON] GOT AN OUTPUT!: 3b3f4c1d5ab8
UVM_INFO out_mon.sv(31) @ 19760651: uvm_test_top.env0.out_mon_h [OUT_MON] GOT AN OUTPUT!: 5cc13468a020
UVM_INFO out_mon.sv(31) @ 19765631: uvm_test_top.env0.out_mon_h [OUT_MON] GOT AN OUTPUT!: e6e02339e7dc
UVM_INFO out_mon.sv(31) @ 19770611: uvm_test_top.env0.out_mon_h [OUT_MON] GOT AN OUTPUT!: d78b355c46f4
UVM_INFO out_mon.sv(31) @ 19775591: uvm_test_top.env0.out_mon_h [OUT_MON] GOT AN OUTPUT!: 6679e23f33f2
UVM_INFO out_mon.sv(31) @ 19780571: uvm_test_top.env0.out_mon_h [OUT_MON] GOT AN OUTPUT!: 1509fa0cd386
UVM_INFO out_mon.sv(31) @ 19785551: uvm_test_top.env0.out_mon_h [OUT_MON] GOT AN OUTPUT!: 7931527f7616
UVM_INFO out_mon.sv(31) @ 19790531: uvm_test_top.env0.out_mon_h [OUT_MON] GOT AN OUTPUT!: fb46434dde7a
UVM_INFO out_mon.sv(31) @ 19795511: uvm_test_top.env0.out_mon_h [OUT_MON] GOT AN OUTPUT!: 7ef5d0c6af25
UVM_INFO out_mon.sv(31) @ 19800491: uvm_test_top.env0.out_mon_h [OUT_MON] GOT AN OUTPUT!: af0e9bf2c649
UVM_INFO out_mon.sv(31) @ 19805471: uvm_test_top.env0.out_mon_h [OUT_MON] GOT AN OUTPUT!: 64735c569a60
UVM_INFO out_mon.sv(31) @ 19810451: uvm_test_top.env0.out_mon_h [OUT_MON] GOT AN OUTPUT!: 5fed682aa474
UVM_INFO out_mon.sv(31) @ 19815431: uvm_test_top.env0.out_mon_h [OUT_MON] GOT AN OUTPUT!: 4f14c2a2b405
UVM_INFO out_mon.sv(31) @ 19820411: uvm_test_top.env0.out_mon_h [OUT_MON] GOT AN OUTPUT!: d42c239c5671
UVM_INFO out_mon.sv(31) @ 19825391: uvm_test_top.env0.out_mon_h [OUT_MON] GOT AN OUTPUT!: 090736cc3741
UVM_INFO out_mon.sv(31) @ 19830371: uvm_test_top.env0.out_mon_h [OUT_MON] GOT AN OUTPUT!: b4dcaf42788c
UVM_INFO out_mon.sv(31) @ 19835351: uvm_test_top.env0.out_mon_h [OUT_MON] GOT AN OUTPUT!: 2d3636de2087
UVM_INFO out_mon.sv(31) @ 19840331: uvm_test_top.env0.out_mon_h [OUT_MON] GOT AN OUTPUT!: 99c77d07666c
UVM_INFO out_mon.sv(31) @ 19845311: uvm_test_top.env0.out_mon_h [OUT_MON] GOT AN OUTPUT!: 134e14c92ab3
UVM_INFO out_mon.sv(31) @ 19850291: uvm_test_top.env0.out_mon_h [OUT_MON] GOT AN OUTPUT!: d5788b213c74
UVM_INFO out_mon.sv(31) @ 19855271: uvm_test_top.env0.out_mon_h [OUT_MON] GOT AN OUTPUT!: 7bbcf01fd2fc
UVM_INFO out_mon.sv(31) @ 19860251: uvm_test_top.env0.out_mon_h [OUT_MON] GOT AN OUTPUT!: 013cdc2dd6c4
UVM_INFO out_mon.sv(31) @ 19865231: uvm_test_top.env0.out_mon_h [OUT_MON] GOT AN OUTPUT!: fbab8f925529
UVM_INFO out_mon.sv(31) @ 19870211: uvm_test_top.env0.out_mon_h [OUT_MON] GOT AN OUTPUT!: 491f740ed002
UVM_INFO out_mon.sv(31) @ 19875191: uvm_test_top.env0.out_mon_h [OUT_MON] GOT AN OUTPUT!: 2904d02aad02
UVM_INFO out_mon.sv(31) @ 19880171: uvm_test_top.env0.out_mon_h [OUT_MON] GOT AN OUTPUT!: 77ec888585ad
UVM_INFO out_mon.sv(31) @ 19885151: uvm_test_top.env0.out_mon_h [OUT_MON] GOT AN OUTPUT!: 867829489774
UVM_INFO out_mon.sv(31) @ 19890131: uvm_test_top.env0.out_mon_h [OUT_MON] GOT AN OUTPUT!: c330df8f1331
UVM_INFO out_mon.sv(31) @ 19895111: uvm_test_top.env0.out_mon_h [OUT_MON] GOT AN OUTPUT!: 2f70fe5d8d60
UVM_INFO out_mon.sv(31) @ 19900091: uvm_test_top.env0.out_mon_h [OUT_MON] GOT AN OUTPUT!: 57390c805271
UVM_INFO out_mon.sv(31) @ 19905071: uvm_test_top.env0.out_mon_h [OUT_MON] GOT AN OUTPUT!: 44182868cf8e
UVM_INFO out_mon.sv(31) @ 19910051: uvm_test_top.env0.out_mon_h [OUT_MON] GOT AN OUTPUT!: a30f9be1e3ff
UVM_INFO out_mon.sv(31) @ 19915031: uvm_test_top.env0.out_mon_h [OUT_MON] GOT AN OUTPUT!: 155e843354bc
UVM_INFO out_mon.sv(31) @ 19920011: uvm_test_top.env0.out_mon_h [OUT_MON] GOT AN OUTPUT!: 647eba0c1ec2
UVM_INFO out_mon.sv(31) @ 19924991: uvm_test_top.env0.out_mon_h [OUT_MON] GOT AN OUTPUT!: 10ece44bdc3e
UVM_INFO out_mon.sv(31) @ 19929971: uvm_test_top.env0.out_mon_h [OUT_MON] GOT AN OUTPUT!: 74178a83222f
UVM_INFO out_mon.sv(31) @ 19934951: uvm_test_top.env0.out_mon_h [OUT_MON] GOT AN OUTPUT!: 6d313cc2e32f
UVM_INFO out_mon.sv(31) @ 19939931: uvm_test_top.env0.out_mon_h [OUT_MON] GOT AN OUTPUT!: 51209c12cbe8
UVM_INFO out_mon.sv(31) @ 19944911: uvm_test_top.env0.out_mon_h [OUT_MON] GOT AN OUTPUT!: 955461a6a39f
UVM_INFO out_mon.sv(31) @ 19949891: uvm_test_top.env0.out_mon_h [OUT_MON] GOT AN OUTPUT!: 6da8c0aab2e1
UVM_INFO out_mon.sv(31) @ 19954871: uvm_test_top.env0.out_mon_h [OUT_MON] GOT AN OUTPUT!: 5545283f18c0
UVM_INFO out_mon.sv(31) @ 19959851: uvm_test_top.env0.out_mon_h [OUT_MON] GOT AN OUTPUT!: 3a7cbcfa35cf
UVM_INFO out_mon.sv(31) @ 19964831: uvm_test_top.env0.out_mon_h [OUT_MON] GOT AN OUTPUT!: c5af570a0088
UVM_INFO out_mon.sv(31) @ 19969811: uvm_test_top.env0.out_mon_h [OUT_MON] GOT AN OUTPUT!: f327f9cc7019
UVM_INFO out_mon.sv(31) @ 19974791: uvm_test_top.env0.out_mon_h [OUT_MON] GOT AN OUTPUT!: f7fc1f76d6b8
UVM_INFO out_mon.sv(31) @ 19979771: uvm_test_top.env0.out_mon_h [OUT_MON] GOT AN OUTPUT!: 29f5d0243ffa
UVM_INFO out_mon.sv(31) @ 19984751: uvm_test_top.env0.out_mon_h [OUT_MON] GOT AN OUTPUT!: 625d9462d4d2
UVM_INFO out_mon.sv(31) @ 19989731: uvm_test_top.env0.out_mon_h [OUT_MON] GOT AN OUTPUT!: 13f078183c1a
UVM_INFO out_mon.sv(31) @ 19994711: uvm_test_top.env0.out_mon_h [OUT_MON] GOT AN OUTPUT!: 0bb7e654f9dc
UVM_INFO out_mon.sv(31) @ 19999691: uvm_test_top.env0.out_mon_h [OUT_MON] GOT AN OUTPUT!: 94e6456ec64a
UVM_INFO out_mon.sv(31) @ 20004671: uvm_test_top.env0.out_mon_h [OUT_MON] GOT AN OUTPUT!: 77bcbe7a0082
UVM_INFO out_mon.sv(31) @ 20009651: uvm_test_top.env0.out_mon_h [OUT_MON] GOT AN OUTPUT!: 0b633ef9f8a3
UVM_INFO out_mon.sv(31) @ 20014631: uvm_test_top.env0.out_mon_h [OUT_MON] GOT AN OUTPUT!: 52d49c606580
UVM_INFO out_mon.sv(31) @ 20019611: uvm_test_top.env0.out_mon_h [OUT_MON] GOT AN OUTPUT!: dcb2a9b3afb7
UVM_INFO out_mon.sv(31) @ 20024591: uvm_test_top.env0.out_mon_h [OUT_MON] GOT AN OUTPUT!: de2f777463cc
UVM_INFO out_mon.sv(31) @ 20029571: uvm_test_top.env0.out_mon_h [OUT_MON] GOT AN OUTPUT!: c0e3a9998415
UVM_INFO out_mon.sv(31) @ 20034551: uvm_test_top.env0.out_mon_h [OUT_MON] GOT AN OUTPUT!: 1bb5963bf782
UVM_INFO out_mon.sv(31) @ 20039531: uvm_test_top.env0.out_mon_h [OUT_MON] GOT AN OUTPUT!: cebd7948d4d6
UVM_INFO out_mon.sv(31) @ 20044511: uvm_test_top.env0.out_mon_h [OUT_MON] GOT AN OUTPUT!: ba14df52dbfc
UVM_INFO out_mon.sv(31) @ 20049491: uvm_test_top.env0.out_mon_h [OUT_MON] GOT AN OUTPUT!: 47cd6e5abe68
UVM_INFO out_mon.sv(31) @ 20054471: uvm_test_top.env0.out_mon_h [OUT_MON] GOT AN OUTPUT!: c0b889268f1e
UVM_INFO out_mon.sv(31) @ 20059451: uvm_test_top.env0.out_mon_h [OUT_MON] GOT AN OUTPUT!: 245e48801a4f
UVM_INFO out_mon.sv(31) @ 20064431: uvm_test_top.env0.out_mon_h [OUT_MON] GOT AN OUTPUT!: fbce77724d3c
UVM_INFO out_mon.sv(31) @ 20069411: uvm_test_top.env0.out_mon_h [OUT_MON] GOT AN OUTPUT!: 5f81f25d8614
UVM_INFO out_mon.sv(31) @ 20074391: uvm_test_top.env0.out_mon_h [OUT_MON] GOT AN OUTPUT!: 2841247b0ea6
UVM_INFO out_mon.sv(31) @ 20079371: uvm_test_top.env0.out_mon_h [OUT_MON] GOT AN OUTPUT!: 02fc4c275f26
UVM_INFO out_mon.sv(31) @ 20084351: uvm_test_top.env0.out_mon_h [OUT_MON] GOT AN OUTPUT!: dfba670b933e
UVM_INFO out_mon.sv(31) @ 20089331: uvm_test_top.env0.out_mon_h [OUT_MON] GOT AN OUTPUT!: f36107fdbec9
UVM_INFO out_mon.sv(31) @ 20094311: uvm_test_top.env0.out_mon_h [OUT_MON] GOT AN OUTPUT!: 44a8fe30541c
UVM_INFO out_mon.sv(31) @ 20099291: uvm_test_top.env0.out_mon_h [OUT_MON] GOT AN OUTPUT!: 7bf6480882f0
UVM_INFO out_mon.sv(31) @ 20104271: uvm_test_top.env0.out_mon_h [OUT_MON] GOT AN OUTPUT!: 6e381cb390bd
UVM_INFO out_mon.sv(31) @ 20109251: uvm_test_top.env0.out_mon_h [OUT_MON] GOT AN OUTPUT!: 9acd07534612
UVM_INFO out_mon.sv(31) @ 20114231: uvm_test_top.env0.out_mon_h [OUT_MON] GOT AN OUTPUT!: 9457ed5942a2
UVM_INFO out_mon.sv(31) @ 20119211: uvm_test_top.env0.out_mon_h [OUT_MON] GOT AN OUTPUT!: 0cabdc6965dc
UVM_INFO out_mon.sv(31) @ 20124191: uvm_test_top.env0.out_mon_h [OUT_MON] GOT AN OUTPUT!: fbab4fdb27eb
UVM_INFO out_mon.sv(31) @ 20129171: uvm_test_top.env0.out_mon_h [OUT_MON] GOT AN OUTPUT!: 19204cb1fdd1
UVM_INFO out_mon.sv(31) @ 20134151: uvm_test_top.env0.out_mon_h [OUT_MON] GOT AN OUTPUT!: a1a4b5a4b6d9
UVM_INFO out_mon.sv(31) @ 20139131: uvm_test_top.env0.out_mon_h [OUT_MON] GOT AN OUTPUT!: 1e7a268be6a9
UVM_INFO out_mon.sv(31) @ 20144111: uvm_test_top.env0.out_mon_h [OUT_MON] GOT AN OUTPUT!: a871674f33b4
UVM_INFO out_mon.sv(31) @ 20149091: uvm_test_top.env0.out_mon_h [OUT_MON] GOT AN OUTPUT!: ddc20f29c0a0
UVM_INFO out_mon.sv(31) @ 20154071: uvm_test_top.env0.out_mon_h [OUT_MON] GOT AN OUTPUT!: 82f81fdd9211
UVM_INFO out_mon.sv(31) @ 20159051: uvm_test_top.env0.out_mon_h [OUT_MON] GOT AN OUTPUT!: 86c5d72de66c
UVM_INFO out_mon.sv(31) @ 20164031: uvm_test_top.env0.out_mon_h [OUT_MON] GOT AN OUTPUT!: e0e939b897e5
UVM_INFO out_mon.sv(31) @ 20169011: uvm_test_top.env0.out_mon_h [OUT_MON] GOT AN OUTPUT!: 840ea3067410
UVM_INFO out_mon.sv(31) @ 20173991: uvm_test_top.env0.out_mon_h [OUT_MON] GOT AN OUTPUT!: 5aae686ab666
UVM_INFO out_mon.sv(31) @ 20178971: uvm_test_top.env0.out_mon_h [OUT_MON] GOT AN OUTPUT!: 06ea98094648
UVM_INFO out_mon.sv(31) @ 20183951: uvm_test_top.env0.out_mon_h [OUT_MON] GOT AN OUTPUT!: dd73311c3034
UVM_INFO out_mon.sv(31) @ 20188931: uvm_test_top.env0.out_mon_h [OUT_MON] GOT AN OUTPUT!: 53650a4ff8c6
UVM_INFO out_mon.sv(31) @ 20193911: uvm_test_top.env0.out_mon_h [OUT_MON] GOT AN OUTPUT!: d72719cf01b3
UVM_INFO out_mon.sv(31) @ 20198891: uvm_test_top.env0.out_mon_h [OUT_MON] GOT AN OUTPUT!: cc4bd753e4f6
UVM_INFO out_mon.sv(31) @ 20203871: uvm_test_top.env0.out_mon_h [OUT_MON] GOT AN OUTPUT!: 2273d05ae026
UVM_INFO out_mon.sv(31) @ 20208851: uvm_test_top.env0.out_mon_h [OUT_MON] GOT AN OUTPUT!: bf27f94a2a7e
UVM_INFO out_mon.sv(31) @ 20213831: uvm_test_top.env0.out_mon_h [OUT_MON] GOT AN OUTPUT!: b2c33529516a
UVM_INFO out_mon.sv(31) @ 20218811: uvm_test_top.env0.out_mon_h [OUT_MON] GOT AN OUTPUT!: f046f33fa23a
UVM_INFO out_mon.sv(31) @ 20223791: uvm_test_top.env0.out_mon_h [OUT_MON] GOT AN OUTPUT!: 004290b189d9
UVM_INFO out_mon.sv(31) @ 20228771: uvm_test_top.env0.out_mon_h [OUT_MON] GOT AN OUTPUT!: e6b42bf4ebe5
UVM_INFO out_mon.sv(31) @ 20233751: uvm_test_top.env0.out_mon_h [OUT_MON] GOT AN OUTPUT!: 33e1ceb4894b
UVM_INFO out_mon.sv(31) @ 20238731: uvm_test_top.env0.out_mon_h [OUT_MON] GOT AN OUTPUT!: f83cc57a5e2c
UVM_INFO out_mon.sv(31) @ 20243711: uvm_test_top.env0.out_mon_h [OUT_MON] GOT AN OUTPUT!: 1347283909a6
UVM_INFO out_mon.sv(31) @ 20248691: uvm_test_top.env0.out_mon_h [OUT_MON] GOT AN OUTPUT!: 156c228c1a5d
UVM_INFO out_mon.sv(31) @ 20253671: uvm_test_top.env0.out_mon_h [OUT_MON] GOT AN OUTPUT!: ace2f94786fc
UVM_INFO out_mon.sv(31) @ 20258651: uvm_test_top.env0.out_mon_h [OUT_MON] GOT AN OUTPUT!: 558e8cadfa6d
UVM_INFO out_mon.sv(31) @ 20263631: uvm_test_top.env0.out_mon_h [OUT_MON] GOT AN OUTPUT!: c3df2f663eac
UVM_INFO out_mon.sv(31) @ 20268611: uvm_test_top.env0.out_mon_h [OUT_MON] GOT AN OUTPUT!: 42af3c079b96
UVM_INFO out_mon.sv(31) @ 20273591: uvm_test_top.env0.out_mon_h [OUT_MON] GOT AN OUTPUT!: fc271fd52c7f
UVM_INFO out_mon.sv(31) @ 20278571: uvm_test_top.env0.out_mon_h [OUT_MON] GOT AN OUTPUT!: e59a37005530
UVM_INFO out_mon.sv(31) @ 20283551: uvm_test_top.env0.out_mon_h [OUT_MON] GOT AN OUTPUT!: c6681f8a0c37
UVM_INFO out_mon.sv(31) @ 20288531: uvm_test_top.env0.out_mon_h [OUT_MON] GOT AN OUTPUT!: 91dc359b4913
UVM_INFO out_mon.sv(31) @ 20293511: uvm_test_top.env0.out_mon_h [OUT_MON] GOT AN OUTPUT!: 0c0eb4ec5989
UVM_INFO out_mon.sv(31) @ 20298491: uvm_test_top.env0.out_mon_h [OUT_MON] GOT AN OUTPUT!: 71c012934e2d
UVM_INFO out_mon.sv(31) @ 20303471: uvm_test_top.env0.out_mon_h [OUT_MON] GOT AN OUTPUT!: 9b45b7515002
UVM_INFO out_mon.sv(31) @ 20308451: uvm_test_top.env0.out_mon_h [OUT_MON] GOT AN OUTPUT!: d254fb370586
UVM_INFO out_mon.sv(31) @ 20313431: uvm_test_top.env0.out_mon_h [OUT_MON] GOT AN OUTPUT!: 52f84237edba
UVM_INFO out_mon.sv(31) @ 20318411: uvm_test_top.env0.out_mon_h [OUT_MON] GOT AN OUTPUT!: 2f65d004c770
UVM_INFO out_mon.sv(31) @ 20323391: uvm_test_top.env0.out_mon_h [OUT_MON] GOT AN OUTPUT!: 0ed4be44eb66
UVM_INFO out_mon.sv(31) @ 20328371: uvm_test_top.env0.out_mon_h [OUT_MON] GOT AN OUTPUT!: ff79ef06b010
UVM_INFO out_mon.sv(31) @ 20333351: uvm_test_top.env0.out_mon_h [OUT_MON] GOT AN OUTPUT!: 5346e6fec9b1
UVM_INFO out_mon.sv(31) @ 20338331: uvm_test_top.env0.out_mon_h [OUT_MON] GOT AN OUTPUT!: 3fe0f4ee9e05
UVM_INFO out_mon.sv(31) @ 20343311: uvm_test_top.env0.out_mon_h [OUT_MON] GOT AN OUTPUT!: b9782749bf5a
UVM_INFO out_mon.sv(31) @ 20348291: uvm_test_top.env0.out_mon_h [OUT_MON] GOT AN OUTPUT!: c0a87df22d5d
UVM_INFO out_mon.sv(31) @ 20353271: uvm_test_top.env0.out_mon_h [OUT_MON] GOT AN OUTPUT!: 1b571ca3c909
UVM_INFO out_mon.sv(31) @ 20358251: uvm_test_top.env0.out_mon_h [OUT_MON] GOT AN OUTPUT!: 3098a066b48c
UVM_INFO out_mon.sv(31) @ 20363231: uvm_test_top.env0.out_mon_h [OUT_MON] GOT AN OUTPUT!: 7f8e9420a75e
UVM_INFO out_mon.sv(31) @ 20368211: uvm_test_top.env0.out_mon_h [OUT_MON] GOT AN OUTPUT!: e943151d56aa
UVM_INFO out_mon.sv(31) @ 20373191: uvm_test_top.env0.out_mon_h [OUT_MON] GOT AN OUTPUT!: c58bf325d328
UVM_INFO out_mon.sv(31) @ 20378171: uvm_test_top.env0.out_mon_h [OUT_MON] GOT AN OUTPUT!: 7aecbc7eeba2
UVM_INFO out_mon.sv(31) @ 20383151: uvm_test_top.env0.out_mon_h [OUT_MON] GOT AN OUTPUT!: 11763ae6873f
UVM_INFO out_mon.sv(31) @ 20388131: uvm_test_top.env0.out_mon_h [OUT_MON] GOT AN OUTPUT!: f8a68b680e9a
UVM_INFO out_mon.sv(31) @ 20393111: uvm_test_top.env0.out_mon_h [OUT_MON] GOT AN OUTPUT!: f840a39fc2fd
UVM_INFO out_mon.sv(31) @ 20398091: uvm_test_top.env0.out_mon_h [OUT_MON] GOT AN OUTPUT!: 043a86c51e35
UVM_INFO out_mon.sv(31) @ 20403071: uvm_test_top.env0.out_mon_h [OUT_MON] GOT AN OUTPUT!: 6b951e943fc3
UVM_INFO out_mon.sv(31) @ 20408051: uvm_test_top.env0.out_mon_h [OUT_MON] GOT AN OUTPUT!: 9a36cfee37ff
UVM_INFO out_mon.sv(31) @ 20413031: uvm_test_top.env0.out_mon_h [OUT_MON] GOT AN OUTPUT!: 65da7ec87993
UVM_INFO out_mon.sv(31) @ 20418011: uvm_test_top.env0.out_mon_h [OUT_MON] GOT AN OUTPUT!: 9de475c333af
UVM_INFO out_mon.sv(31) @ 20422991: uvm_test_top.env0.out_mon_h [OUT_MON] GOT AN OUTPUT!: 5643c27eac28
UVM_INFO out_mon.sv(31) @ 20427971: uvm_test_top.env0.out_mon_h [OUT_MON] GOT AN OUTPUT!: 25510687ac73
UVM_INFO out_mon.sv(31) @ 20432951: uvm_test_top.env0.out_mon_h [OUT_MON] GOT AN OUTPUT!: 4cb74272d78a
UVM_INFO out_mon.sv(31) @ 20437931: uvm_test_top.env0.out_mon_h [OUT_MON] GOT AN OUTPUT!: 85498d7f0408
UVM_INFO out_mon.sv(31) @ 20442911: uvm_test_top.env0.out_mon_h [OUT_MON] GOT AN OUTPUT!: e5e41fd6b295
UVM_INFO out_mon.sv(31) @ 20447891: uvm_test_top.env0.out_mon_h [OUT_MON] GOT AN OUTPUT!: 1d570a4852d6
UVM_INFO out_mon.sv(31) @ 20452871: uvm_test_top.env0.out_mon_h [OUT_MON] GOT AN OUTPUT!: f737cd0dbb6e
UVM_INFO out_mon.sv(31) @ 20457851: uvm_test_top.env0.out_mon_h [OUT_MON] GOT AN OUTPUT!: e3c803fa77b5
UVM_INFO out_mon.sv(31) @ 20462831: uvm_test_top.env0.out_mon_h [OUT_MON] GOT AN OUTPUT!: fadb0d292f58
UVM_INFO out_mon.sv(31) @ 20467811: uvm_test_top.env0.out_mon_h [OUT_MON] GOT AN OUTPUT!: b1a8410009b4
UVM_INFO out_mon.sv(31) @ 20472791: uvm_test_top.env0.out_mon_h [OUT_MON] GOT AN OUTPUT!: 3bb9322406ea
UVM_INFO out_mon.sv(31) @ 20477771: uvm_test_top.env0.out_mon_h [OUT_MON] GOT AN OUTPUT!: 4ec34eb36775
UVM_INFO out_mon.sv(31) @ 20482751: uvm_test_top.env0.out_mon_h [OUT_MON] GOT AN OUTPUT!: c18205df0111
UVM_INFO out_mon.sv(31) @ 20487731: uvm_test_top.env0.out_mon_h [OUT_MON] GOT AN OUTPUT!: 3da5dabaad7b
UVM_INFO out_mon.sv(31) @ 20492711: uvm_test_top.env0.out_mon_h [OUT_MON] GOT AN OUTPUT!: fc9e27dc98e5
UVM_INFO out_mon.sv(31) @ 20497691: uvm_test_top.env0.out_mon_h [OUT_MON] GOT AN OUTPUT!: 47998c23b600
UVM_INFO out_mon.sv(31) @ 20502671: uvm_test_top.env0.out_mon_h [OUT_MON] GOT AN OUTPUT!: 323d42bd0bbb
UVM_INFO out_mon.sv(31) @ 20507651: uvm_test_top.env0.out_mon_h [OUT_MON] GOT AN OUTPUT!: c8aa67401ea2
UVM_INFO out_mon.sv(31) @ 20512631: uvm_test_top.env0.out_mon_h [OUT_MON] GOT AN OUTPUT!: a848df7a5276
UVM_INFO out_mon.sv(31) @ 20517611: uvm_test_top.env0.out_mon_h [OUT_MON] GOT AN OUTPUT!: bba851414598
UVM_INFO out_mon.sv(31) @ 20522591: uvm_test_top.env0.out_mon_h [OUT_MON] GOT AN OUTPUT!: 916a47642c8e
UVM_INFO out_mon.sv(31) @ 20527571: uvm_test_top.env0.out_mon_h [OUT_MON] GOT AN OUTPUT!: 861cd99441a3
UVM_INFO out_mon.sv(31) @ 20532551: uvm_test_top.env0.out_mon_h [OUT_MON] GOT AN OUTPUT!: b91335dc14bb
UVM_INFO out_mon.sv(31) @ 20537531: uvm_test_top.env0.out_mon_h [OUT_MON] GOT AN OUTPUT!: 8452d1fdf377
UVM_INFO out_mon.sv(31) @ 20542511: uvm_test_top.env0.out_mon_h [OUT_MON] GOT AN OUTPUT!: ef6cbfd144cb
UVM_INFO out_mon.sv(31) @ 20547491: uvm_test_top.env0.out_mon_h [OUT_MON] GOT AN OUTPUT!: 5558d876f2da
UVM_INFO out_mon.sv(31) @ 20552471: uvm_test_top.env0.out_mon_h [OUT_MON] GOT AN OUTPUT!: 356346fcbd8f
UVM_INFO out_mon.sv(31) @ 20557451: uvm_test_top.env0.out_mon_h [OUT_MON] GOT AN OUTPUT!: e6fb69c79f1f
UVM_INFO out_mon.sv(31) @ 20562431: uvm_test_top.env0.out_mon_h [OUT_MON] GOT AN OUTPUT!: a8a1c5dd355f
UVM_INFO out_mon.sv(31) @ 20567411: uvm_test_top.env0.out_mon_h [OUT_MON] GOT AN OUTPUT!: 41c084e41249
UVM_INFO out_mon.sv(31) @ 20572391: uvm_test_top.env0.out_mon_h [OUT_MON] GOT AN OUTPUT!: 2f9260732b24
UVM_INFO out_mon.sv(31) @ 20577371: uvm_test_top.env0.out_mon_h [OUT_MON] GOT AN OUTPUT!: 14fa90082b86
UVM_INFO out_mon.sv(31) @ 20582351: uvm_test_top.env0.out_mon_h [OUT_MON] GOT AN OUTPUT!: e5677fbcdb6d
UVM_INFO out_mon.sv(31) @ 20587331: uvm_test_top.env0.out_mon_h [OUT_MON] GOT AN OUTPUT!: 02b58a938131
UVM_INFO out_mon.sv(31) @ 20592311: uvm_test_top.env0.out_mon_h [OUT_MON] GOT AN OUTPUT!: 460856f24077
UVM_INFO out_mon.sv(31) @ 20597291: uvm_test_top.env0.out_mon_h [OUT_MON] GOT AN OUTPUT!: abb719a57427
UVM_INFO out_mon.sv(31) @ 20602271: uvm_test_top.env0.out_mon_h [OUT_MON] GOT AN OUTPUT!: 1a212a8117b3
UVM_INFO out_mon.sv(31) @ 20607251: uvm_test_top.env0.out_mon_h [OUT_MON] GOT AN OUTPUT!: 7b93a0791f92
UVM_INFO out_mon.sv(31) @ 20612231: uvm_test_top.env0.out_mon_h [OUT_MON] GOT AN OUTPUT!: 232134c8dca9
UVM_INFO out_mon.sv(31) @ 20617211: uvm_test_top.env0.out_mon_h [OUT_MON] GOT AN OUTPUT!: 348fe6815ff3
UVM_INFO out_mon.sv(31) @ 20622191: uvm_test_top.env0.out_mon_h [OUT_MON] GOT AN OUTPUT!: 872f7596ccd1
UVM_INFO out_mon.sv(31) @ 20627171: uvm_test_top.env0.out_mon_h [OUT_MON] GOT AN OUTPUT!: 3bba6644cd90
UVM_INFO out_mon.sv(31) @ 20632151: uvm_test_top.env0.out_mon_h [OUT_MON] GOT AN OUTPUT!: fd3b4f61e134
UVM_INFO out_mon.sv(31) @ 20637131: uvm_test_top.env0.out_mon_h [OUT_MON] GOT AN OUTPUT!: a4e0eff9c61b
UVM_INFO out_mon.sv(31) @ 20642111: uvm_test_top.env0.out_mon_h [OUT_MON] GOT AN OUTPUT!: b8ef4946d672
UVM_INFO out_mon.sv(31) @ 20647091: uvm_test_top.env0.out_mon_h [OUT_MON] GOT AN OUTPUT!: fe8e97e268a9
UVM_INFO out_mon.sv(31) @ 20652071: uvm_test_top.env0.out_mon_h [OUT_MON] GOT AN OUTPUT!: 16b9bec42b05
UVM_INFO out_mon.sv(31) @ 20657051: uvm_test_top.env0.out_mon_h [OUT_MON] GOT AN OUTPUT!: de0fad688ec6
UVM_INFO out_mon.sv(31) @ 20662031: uvm_test_top.env0.out_mon_h [OUT_MON] GOT AN OUTPUT!: 07c2ec361952
UVM_INFO out_mon.sv(31) @ 20667011: uvm_test_top.env0.out_mon_h [OUT_MON] GOT AN OUTPUT!: 2b6caef9d2db
UVM_INFO out_mon.sv(31) @ 20671991: uvm_test_top.env0.out_mon_h [OUT_MON] GOT AN OUTPUT!: 3df924129c70
UVM_INFO out_mon.sv(31) @ 20676971: uvm_test_top.env0.out_mon_h [OUT_MON] GOT AN OUTPUT!: 2d76e8a39599
UVM_INFO out_mon.sv(31) @ 20681951: uvm_test_top.env0.out_mon_h [OUT_MON] GOT AN OUTPUT!: 180980e57223
UVM_INFO out_mon.sv(31) @ 20686931: uvm_test_top.env0.out_mon_h [OUT_MON] GOT AN OUTPUT!: 55b6d86eeda0
UVM_INFO out_mon.sv(31) @ 20691911: uvm_test_top.env0.out_mon_h [OUT_MON] GOT AN OUTPUT!: 4d5cec0c1608
UVM_INFO out_mon.sv(31) @ 20696891: uvm_test_top.env0.out_mon_h [OUT_MON] GOT AN OUTPUT!: cc7bdd7cba28
UVM_INFO out_mon.sv(31) @ 20701871: uvm_test_top.env0.out_mon_h [OUT_MON] GOT AN OUTPUT!: 5a20ea31c358
UVM_INFO out_mon.sv(31) @ 20706851: uvm_test_top.env0.out_mon_h [OUT_MON] GOT AN OUTPUT!: bccc57e196cd
UVM_INFO out_mon.sv(31) @ 20711831: uvm_test_top.env0.out_mon_h [OUT_MON] GOT AN OUTPUT!: ab42d78b7457
UVM_INFO out_mon.sv(31) @ 20716811: uvm_test_top.env0.out_mon_h [OUT_MON] GOT AN OUTPUT!: 6078ce41de4a
UVM_INFO out_mon.sv(31) @ 20721791: uvm_test_top.env0.out_mon_h [OUT_MON] GOT AN OUTPUT!: 8a6c15d3ebc7
UVM_INFO out_mon.sv(31) @ 20726771: uvm_test_top.env0.out_mon_h [OUT_MON] GOT AN OUTPUT!: cc0c372daf52
UVM_INFO out_mon.sv(31) @ 20731751: uvm_test_top.env0.out_mon_h [OUT_MON] GOT AN OUTPUT!: ca0cef079c74
UVM_INFO out_mon.sv(31) @ 20736731: uvm_test_top.env0.out_mon_h [OUT_MON] GOT AN OUTPUT!: 7ad2ea3ce240
UVM_INFO out_mon.sv(31) @ 20741711: uvm_test_top.env0.out_mon_h [OUT_MON] GOT AN OUTPUT!: 314d90e0c835
UVM_INFO out_mon.sv(31) @ 20746691: uvm_test_top.env0.out_mon_h [OUT_MON] GOT AN OUTPUT!: 9ad76deb15d7
UVM_INFO out_mon.sv(31) @ 20751671: uvm_test_top.env0.out_mon_h [OUT_MON] GOT AN OUTPUT!: a819dd136b7a
UVM_INFO out_mon.sv(31) @ 20756651: uvm_test_top.env0.out_mon_h [OUT_MON] GOT AN OUTPUT!: 18e79a33a4ca
UVM_INFO out_mon.sv(31) @ 20761631: uvm_test_top.env0.out_mon_h [OUT_MON] GOT AN OUTPUT!: 231e98493dba
UVM_INFO out_mon.sv(31) @ 20766611: uvm_test_top.env0.out_mon_h [OUT_MON] GOT AN OUTPUT!: 6c8c4eedab3f
UVM_INFO out_mon.sv(31) @ 20771591: uvm_test_top.env0.out_mon_h [OUT_MON] GOT AN OUTPUT!: 4fc998ddbedf
UVM_INFO out_mon.sv(31) @ 20776571: uvm_test_top.env0.out_mon_h [OUT_MON] GOT AN OUTPUT!: 241728e80713
UVM_INFO out_mon.sv(31) @ 20781551: uvm_test_top.env0.out_mon_h [OUT_MON] GOT AN OUTPUT!: 0042765a2908
UVM_INFO out_mon.sv(31) @ 20786531: uvm_test_top.env0.out_mon_h [OUT_MON] GOT AN OUTPUT!: 308d70c55103
UVM_INFO out_mon.sv(31) @ 20791511: uvm_test_top.env0.out_mon_h [OUT_MON] GOT AN OUTPUT!: 577a7cb17bad
UVM_INFO out_mon.sv(31) @ 20796491: uvm_test_top.env0.out_mon_h [OUT_MON] GOT AN OUTPUT!: f1c0cf97e683
UVM_INFO out_mon.sv(31) @ 20801471: uvm_test_top.env0.out_mon_h [OUT_MON] GOT AN OUTPUT!: b51a433c6c94
UVM_INFO out_mon.sv(31) @ 20806451: uvm_test_top.env0.out_mon_h [OUT_MON] GOT AN OUTPUT!: 0239de3de572
UVM_INFO out_mon.sv(31) @ 20811431: uvm_test_top.env0.out_mon_h [OUT_MON] GOT AN OUTPUT!: 6190ba757c94
UVM_INFO out_mon.sv(31) @ 20816411: uvm_test_top.env0.out_mon_h [OUT_MON] GOT AN OUTPUT!: c344257d2468
UVM_INFO out_mon.sv(31) @ 20821391: uvm_test_top.env0.out_mon_h [OUT_MON] GOT AN OUTPUT!: fa070d74e79a
UVM_INFO out_mon.sv(31) @ 20826371: uvm_test_top.env0.out_mon_h [OUT_MON] GOT AN OUTPUT!: a8f0b7df47d1
UVM_INFO out_mon.sv(31) @ 20831351: uvm_test_top.env0.out_mon_h [OUT_MON] GOT AN OUTPUT!: 9c682d2ca6e8
UVM_INFO out_mon.sv(31) @ 20836331: uvm_test_top.env0.out_mon_h [OUT_MON] GOT AN OUTPUT!: 4607e24da58e
UVM_INFO out_mon.sv(31) @ 20841311: uvm_test_top.env0.out_mon_h [OUT_MON] GOT AN OUTPUT!: d36459647808
UVM_INFO out_mon.sv(31) @ 20846291: uvm_test_top.env0.out_mon_h [OUT_MON] GOT AN OUTPUT!: 18122a6d585a
UVM_INFO out_mon.sv(31) @ 20851271: uvm_test_top.env0.out_mon_h [OUT_MON] GOT AN OUTPUT!: 42648a75d670
UVM_INFO out_mon.sv(31) @ 20856251: uvm_test_top.env0.out_mon_h [OUT_MON] GOT AN OUTPUT!: 136010bb41a5
UVM_INFO out_mon.sv(31) @ 20861231: uvm_test_top.env0.out_mon_h [OUT_MON] GOT AN OUTPUT!: 119704c80141
UVM_INFO out_mon.sv(31) @ 20866211: uvm_test_top.env0.out_mon_h [OUT_MON] GOT AN OUTPUT!: eeffcd67fa1a
UVM_INFO out_mon.sv(31) @ 20871191: uvm_test_top.env0.out_mon_h [OUT_MON] GOT AN OUTPUT!: 19e3f80bee26
UVM_INFO out_mon.sv(31) @ 20876171: uvm_test_top.env0.out_mon_h [OUT_MON] GOT AN OUTPUT!: 30b792f3de95
UVM_INFO out_mon.sv(31) @ 20881151: uvm_test_top.env0.out_mon_h [OUT_MON] GOT AN OUTPUT!: d0fa873861c6
UVM_INFO out_mon.sv(31) @ 20886131: uvm_test_top.env0.out_mon_h [OUT_MON] GOT AN OUTPUT!: f9165d8b0ab1
UVM_INFO out_mon.sv(31) @ 20891111: uvm_test_top.env0.out_mon_h [OUT_MON] GOT AN OUTPUT!: f545fd45cfc4
UVM_INFO out_mon.sv(31) @ 20896091: uvm_test_top.env0.out_mon_h [OUT_MON] GOT AN OUTPUT!: 8f69132159ae
UVM_INFO out_mon.sv(31) @ 20901071: uvm_test_top.env0.out_mon_h [OUT_MON] GOT AN OUTPUT!: f9f09daa77bd
UVM_INFO out_mon.sv(31) @ 20906051: uvm_test_top.env0.out_mon_h [OUT_MON] GOT AN OUTPUT!: adb8d54e69ee
UVM_INFO out_mon.sv(31) @ 20911031: uvm_test_top.env0.out_mon_h [OUT_MON] GOT AN OUTPUT!: 32ead8965445
UVM_INFO out_mon.sv(31) @ 20916011: uvm_test_top.env0.out_mon_h [OUT_MON] GOT AN OUTPUT!: 8cd54de994b1
UVM_INFO out_mon.sv(31) @ 20920991: uvm_test_top.env0.out_mon_h [OUT_MON] GOT AN OUTPUT!: c0db43ef2257
UVM_INFO out_mon.sv(31) @ 20925971: uvm_test_top.env0.out_mon_h [OUT_MON] GOT AN OUTPUT!: b046e965f754
UVM_INFO out_mon.sv(31) @ 20930951: uvm_test_top.env0.out_mon_h [OUT_MON] GOT AN OUTPUT!: 3d312c0c6134
UVM_INFO out_mon.sv(31) @ 20935931: uvm_test_top.env0.out_mon_h [OUT_MON] GOT AN OUTPUT!: 725cb6ee6cc7
UVM_INFO out_mon.sv(31) @ 20940911: uvm_test_top.env0.out_mon_h [OUT_MON] GOT AN OUTPUT!: 26191a33461a
UVM_INFO out_mon.sv(31) @ 20945891: uvm_test_top.env0.out_mon_h [OUT_MON] GOT AN OUTPUT!: 5020e4419574
UVM_INFO out_mon.sv(31) @ 20950871: uvm_test_top.env0.out_mon_h [OUT_MON] GOT AN OUTPUT!: 0a7c1ad2d4e7
UVM_INFO out_mon.sv(31) @ 20955851: uvm_test_top.env0.out_mon_h [OUT_MON] GOT AN OUTPUT!: f55e8d4dc74a
UVM_INFO out_mon.sv(31) @ 20960831: uvm_test_top.env0.out_mon_h [OUT_MON] GOT AN OUTPUT!: 76082c7fc202
UVM_INFO out_mon.sv(31) @ 20965811: uvm_test_top.env0.out_mon_h [OUT_MON] GOT AN OUTPUT!: 08a4e28d212d
UVM_INFO out_mon.sv(31) @ 20970791: uvm_test_top.env0.out_mon_h [OUT_MON] GOT AN OUTPUT!: 9d29afb08f97
UVM_INFO out_mon.sv(31) @ 20975771: uvm_test_top.env0.out_mon_h [OUT_MON] GOT AN OUTPUT!: b73d41217c76
UVM_INFO out_mon.sv(31) @ 20980751: uvm_test_top.env0.out_mon_h [OUT_MON] GOT AN OUTPUT!: c90b11397590
UVM_INFO out_mon.sv(31) @ 20985731: uvm_test_top.env0.out_mon_h [OUT_MON] GOT AN OUTPUT!: 013368b07acb
UVM_INFO out_mon.sv(31) @ 20990711: uvm_test_top.env0.out_mon_h [OUT_MON] GOT AN OUTPUT!: 839bbb887153
UVM_INFO out_mon.sv(31) @ 20995691: uvm_test_top.env0.out_mon_h [OUT_MON] GOT AN OUTPUT!: c5543dff75f7
UVM_INFO out_mon.sv(31) @ 21000671: uvm_test_top.env0.out_mon_h [OUT_MON] GOT AN OUTPUT!: 83806da13fa9
UVM_INFO out_mon.sv(31) @ 21005651: uvm_test_top.env0.out_mon_h [OUT_MON] GOT AN OUTPUT!: 8d2d634f8508
UVM_INFO out_mon.sv(31) @ 21010631: uvm_test_top.env0.out_mon_h [OUT_MON] GOT AN OUTPUT!: 582f00d958d9
UVM_INFO out_mon.sv(31) @ 21015611: uvm_test_top.env0.out_mon_h [OUT_MON] GOT AN OUTPUT!: 19091679895c
UVM_INFO out_mon.sv(31) @ 21020591: uvm_test_top.env0.out_mon_h [OUT_MON] GOT AN OUTPUT!: d5cad553fe62
UVM_INFO out_mon.sv(31) @ 21025571: uvm_test_top.env0.out_mon_h [OUT_MON] GOT AN OUTPUT!: abf181ca1de9
UVM_INFO out_mon.sv(31) @ 21030551: uvm_test_top.env0.out_mon_h [OUT_MON] GOT AN OUTPUT!: 4144ca3e2950
UVM_INFO out_mon.sv(31) @ 21035531: uvm_test_top.env0.out_mon_h [OUT_MON] GOT AN OUTPUT!: 17b6129d9e61
UVM_INFO out_mon.sv(31) @ 21040511: uvm_test_top.env0.out_mon_h [OUT_MON] GOT AN OUTPUT!: 3c4716ca95a7
UVM_INFO out_mon.sv(31) @ 21045491: uvm_test_top.env0.out_mon_h [OUT_MON] GOT AN OUTPUT!: 88e0edbc257d
UVM_INFO out_mon.sv(31) @ 21050471: uvm_test_top.env0.out_mon_h [OUT_MON] GOT AN OUTPUT!: 713edcedc0d9
UVM_INFO out_mon.sv(31) @ 21055451: uvm_test_top.env0.out_mon_h [OUT_MON] GOT AN OUTPUT!: 12be1675911e
UVM_INFO out_mon.sv(31) @ 21060431: uvm_test_top.env0.out_mon_h [OUT_MON] GOT AN OUTPUT!: ff56d1d9e4bf
UVM_INFO out_mon.sv(31) @ 21065411: uvm_test_top.env0.out_mon_h [OUT_MON] GOT AN OUTPUT!: fb5d677d7c7c
UVM_INFO out_mon.sv(31) @ 21070391: uvm_test_top.env0.out_mon_h [OUT_MON] GOT AN OUTPUT!: a67bc93afc0c
UVM_INFO out_mon.sv(31) @ 21075371: uvm_test_top.env0.out_mon_h [OUT_MON] GOT AN OUTPUT!: c785ef87441d
UVM_INFO out_mon.sv(31) @ 21080351: uvm_test_top.env0.out_mon_h [OUT_MON] GOT AN OUTPUT!: b3598532c8b6
UVM_INFO out_mon.sv(31) @ 21085331: uvm_test_top.env0.out_mon_h [OUT_MON] GOT AN OUTPUT!: 06c2c6a202c9
UVM_INFO out_mon.sv(31) @ 21090311: uvm_test_top.env0.out_mon_h [OUT_MON] GOT AN OUTPUT!: ab5ba114c24a
UVM_INFO out_mon.sv(31) @ 21095291: uvm_test_top.env0.out_mon_h [OUT_MON] GOT AN OUTPUT!: df62ff54943e
UVM_INFO out_mon.sv(31) @ 21100271: uvm_test_top.env0.out_mon_h [OUT_MON] GOT AN OUTPUT!: b8adebe225a1
UVM_INFO out_mon.sv(31) @ 21105251: uvm_test_top.env0.out_mon_h [OUT_MON] GOT AN OUTPUT!: 5a73c87997ca
UVM_INFO out_mon.sv(31) @ 21110231: uvm_test_top.env0.out_mon_h [OUT_MON] GOT AN OUTPUT!: d63d0985eef7
UVM_INFO out_mon.sv(31) @ 21115211: uvm_test_top.env0.out_mon_h [OUT_MON] GOT AN OUTPUT!: 6fbd46db6491
UVM_INFO out_mon.sv(31) @ 21120191: uvm_test_top.env0.out_mon_h [OUT_MON] GOT AN OUTPUT!: bbb5bfd0d8c9
UVM_INFO out_mon.sv(31) @ 21125171: uvm_test_top.env0.out_mon_h [OUT_MON] GOT AN OUTPUT!: d1ce59901ab1
UVM_INFO out_mon.sv(31) @ 21130151: uvm_test_top.env0.out_mon_h [OUT_MON] GOT AN OUTPUT!: 8982ad356190
UVM_INFO out_mon.sv(31) @ 21135131: uvm_test_top.env0.out_mon_h [OUT_MON] GOT AN OUTPUT!: 79f2ce1595fe
UVM_INFO out_mon.sv(31) @ 21140111: uvm_test_top.env0.out_mon_h [OUT_MON] GOT AN OUTPUT!: 34d1e043c3ae
UVM_INFO out_mon.sv(31) @ 21145091: uvm_test_top.env0.out_mon_h [OUT_MON] GOT AN OUTPUT!: f435252d6e90
UVM_INFO out_mon.sv(31) @ 21150071: uvm_test_top.env0.out_mon_h [OUT_MON] GOT AN OUTPUT!: b38b0fe5faa3
UVM_INFO out_mon.sv(31) @ 21155051: uvm_test_top.env0.out_mon_h [OUT_MON] GOT AN OUTPUT!: 6b62767902d4
UVM_INFO out_mon.sv(31) @ 21160031: uvm_test_top.env0.out_mon_h [OUT_MON] GOT AN OUTPUT!: e85ed35bc5f0
UVM_INFO out_mon.sv(31) @ 21165011: uvm_test_top.env0.out_mon_h [OUT_MON] GOT AN OUTPUT!: 750698d57061
UVM_INFO out_mon.sv(31) @ 21169991: uvm_test_top.env0.out_mon_h [OUT_MON] GOT AN OUTPUT!: 4eb6c0f69ba5
UVM_INFO out_mon.sv(31) @ 21174971: uvm_test_top.env0.out_mon_h [OUT_MON] GOT AN OUTPUT!: 9d6e1d77903e
UVM_INFO out_mon.sv(31) @ 21179951: uvm_test_top.env0.out_mon_h [OUT_MON] GOT AN OUTPUT!: 66bfa895bc17
UVM_INFO out_mon.sv(31) @ 21184931: uvm_test_top.env0.out_mon_h [OUT_MON] GOT AN OUTPUT!: b3a537c800e1
UVM_INFO out_mon.sv(31) @ 21189911: uvm_test_top.env0.out_mon_h [OUT_MON] GOT AN OUTPUT!: e164efe223a9
UVM_INFO out_mon.sv(31) @ 21194891: uvm_test_top.env0.out_mon_h [OUT_MON] GOT AN OUTPUT!: d5742bff1d8b
UVM_INFO out_mon.sv(31) @ 21199871: uvm_test_top.env0.out_mon_h [OUT_MON] GOT AN OUTPUT!: 8c533b4a8b36
UVM_INFO out_mon.sv(31) @ 21204851: uvm_test_top.env0.out_mon_h [OUT_MON] GOT AN OUTPUT!: 3b6d5a81004f
UVM_INFO out_mon.sv(31) @ 21209831: uvm_test_top.env0.out_mon_h [OUT_MON] GOT AN OUTPUT!: fdf65dbf70f7
UVM_INFO out_mon.sv(31) @ 21214811: uvm_test_top.env0.out_mon_h [OUT_MON] GOT AN OUTPUT!: c4d681f98961
UVM_INFO out_mon.sv(31) @ 21219791: uvm_test_top.env0.out_mon_h [OUT_MON] GOT AN OUTPUT!: 017bd62f1178
UVM_INFO out_mon.sv(31) @ 21224771: uvm_test_top.env0.out_mon_h [OUT_MON] GOT AN OUTPUT!: 43be4a38500a
UVM_INFO out_mon.sv(31) @ 21229751: uvm_test_top.env0.out_mon_h [OUT_MON] GOT AN OUTPUT!: c2cab1c16783
UVM_INFO out_mon.sv(31) @ 21234731: uvm_test_top.env0.out_mon_h [OUT_MON] GOT AN OUTPUT!: 88f2bfccb2cb
UVM_INFO out_mon.sv(31) @ 21239711: uvm_test_top.env0.out_mon_h [OUT_MON] GOT AN OUTPUT!: ba9537d42f81
UVM_INFO out_mon.sv(31) @ 21244691: uvm_test_top.env0.out_mon_h [OUT_MON] GOT AN OUTPUT!: 2ffcba61ce14
UVM_INFO out_mon.sv(31) @ 21249671: uvm_test_top.env0.out_mon_h [OUT_MON] GOT AN OUTPUT!: 5a4228b6e445
UVM_INFO out_mon.sv(31) @ 21254651: uvm_test_top.env0.out_mon_h [OUT_MON] GOT AN OUTPUT!: 2b2bf0da7c27
UVM_INFO out_mon.sv(31) @ 21259631: uvm_test_top.env0.out_mon_h [OUT_MON] GOT AN OUTPUT!: 7802f226c2ba
UVM_INFO out_mon.sv(31) @ 21264611: uvm_test_top.env0.out_mon_h [OUT_MON] GOT AN OUTPUT!: 0f86a22d5a6e
UVM_INFO out_mon.sv(31) @ 21269591: uvm_test_top.env0.out_mon_h [OUT_MON] GOT AN OUTPUT!: 7abdac8ac76f
UVM_INFO out_mon.sv(31) @ 21274571: uvm_test_top.env0.out_mon_h [OUT_MON] GOT AN OUTPUT!: 20dd9800c5f8
UVM_INFO out_mon.sv(31) @ 21279551: uvm_test_top.env0.out_mon_h [OUT_MON] GOT AN OUTPUT!: 462334efae73
UVM_INFO out_mon.sv(31) @ 21284531: uvm_test_top.env0.out_mon_h [OUT_MON] GOT AN OUTPUT!: 1db87a06d656
UVM_INFO out_mon.sv(31) @ 21289511: uvm_test_top.env0.out_mon_h [OUT_MON] GOT AN OUTPUT!: e69b45c3f383
UVM_INFO out_mon.sv(31) @ 21294491: uvm_test_top.env0.out_mon_h [OUT_MON] GOT AN OUTPUT!: cb681b196d90
UVM_INFO out_mon.sv(31) @ 21299471: uvm_test_top.env0.out_mon_h [OUT_MON] GOT AN OUTPUT!: fd55e353d1f0
UVM_INFO out_mon.sv(31) @ 21304451: uvm_test_top.env0.out_mon_h [OUT_MON] GOT AN OUTPUT!: 41f9d6162368
UVM_INFO out_mon.sv(31) @ 21309431: uvm_test_top.env0.out_mon_h [OUT_MON] GOT AN OUTPUT!: ec3aeb05454e
UVM_INFO out_mon.sv(31) @ 21314411: uvm_test_top.env0.out_mon_h [OUT_MON] GOT AN OUTPUT!: f8328b7a53a4
UVM_INFO out_mon.sv(31) @ 21319391: uvm_test_top.env0.out_mon_h [OUT_MON] GOT AN OUTPUT!: c1fa2754094a
UVM_INFO out_mon.sv(31) @ 21324371: uvm_test_top.env0.out_mon_h [OUT_MON] GOT AN OUTPUT!: 8fa361bf1c9d
UVM_INFO out_mon.sv(31) @ 21329351: uvm_test_top.env0.out_mon_h [OUT_MON] GOT AN OUTPUT!: e5ffbb8d9cb9
UVM_INFO out_mon.sv(31) @ 21334331: uvm_test_top.env0.out_mon_h [OUT_MON] GOT AN OUTPUT!: 6095d27558ba
UVM_INFO out_mon.sv(31) @ 21339311: uvm_test_top.env0.out_mon_h [OUT_MON] GOT AN OUTPUT!: 8474474d3b3a
UVM_INFO out_mon.sv(31) @ 21344291: uvm_test_top.env0.out_mon_h [OUT_MON] GOT AN OUTPUT!: c6163521a52a
UVM_INFO out_mon.sv(31) @ 21349271: uvm_test_top.env0.out_mon_h [OUT_MON] GOT AN OUTPUT!: ba4789b7dc85
UVM_INFO out_mon.sv(31) @ 21354251: uvm_test_top.env0.out_mon_h [OUT_MON] GOT AN OUTPUT!: 29f33cd85d75
UVM_INFO out_mon.sv(31) @ 21359231: uvm_test_top.env0.out_mon_h [OUT_MON] GOT AN OUTPUT!: 8121ef7841be
UVM_INFO out_mon.sv(31) @ 21364211: uvm_test_top.env0.out_mon_h [OUT_MON] GOT AN OUTPUT!: d0b69b999d3d
UVM_INFO out_mon.sv(31) @ 21369191: uvm_test_top.env0.out_mon_h [OUT_MON] GOT AN OUTPUT!: 5b6ed27ae2e0
UVM_INFO out_mon.sv(31) @ 21374171: uvm_test_top.env0.out_mon_h [OUT_MON] GOT AN OUTPUT!: 65ac626d40c6
UVM_INFO out_mon.sv(31) @ 21379151: uvm_test_top.env0.out_mon_h [OUT_MON] GOT AN OUTPUT!: c05ed369ffa2
UVM_INFO out_mon.sv(31) @ 21384131: uvm_test_top.env0.out_mon_h [OUT_MON] GOT AN OUTPUT!: 46e2223ee49e
UVM_INFO out_mon.sv(31) @ 21389111: uvm_test_top.env0.out_mon_h [OUT_MON] GOT AN OUTPUT!: 47dd12e990dd
UVM_INFO out_mon.sv(31) @ 21394091: uvm_test_top.env0.out_mon_h [OUT_MON] GOT AN OUTPUT!: 91207979e3fc
UVM_INFO out_mon.sv(31) @ 21399071: uvm_test_top.env0.out_mon_h [OUT_MON] GOT AN OUTPUT!: 9691b39354e5
UVM_INFO out_mon.sv(31) @ 21404051: uvm_test_top.env0.out_mon_h [OUT_MON] GOT AN OUTPUT!: ebf71b655b2e
UVM_INFO out_mon.sv(31) @ 21409031: uvm_test_top.env0.out_mon_h [OUT_MON] GOT AN OUTPUT!: 09eb74b2c4c9
UVM_INFO out_mon.sv(31) @ 21414011: uvm_test_top.env0.out_mon_h [OUT_MON] GOT AN OUTPUT!: 15b0f64024b2
UVM_INFO out_mon.sv(31) @ 21418991: uvm_test_top.env0.out_mon_h [OUT_MON] GOT AN OUTPUT!: 2417bac121ff
UVM_INFO out_mon.sv(31) @ 21423971: uvm_test_top.env0.out_mon_h [OUT_MON] GOT AN OUTPUT!: 2f59761cdf46
UVM_INFO out_mon.sv(31) @ 21428951: uvm_test_top.env0.out_mon_h [OUT_MON] GOT AN OUTPUT!: b7ffe5a16163
UVM_INFO out_mon.sv(31) @ 21433931: uvm_test_top.env0.out_mon_h [OUT_MON] GOT AN OUTPUT!: c8bb9f7de49c
UVM_INFO out_mon.sv(31) @ 21438911: uvm_test_top.env0.out_mon_h [OUT_MON] GOT AN OUTPUT!: d54e459c440d
UVM_INFO out_mon.sv(31) @ 21443891: uvm_test_top.env0.out_mon_h [OUT_MON] GOT AN OUTPUT!: ac64f9b153f3
UVM_INFO out_mon.sv(31) @ 21448871: uvm_test_top.env0.out_mon_h [OUT_MON] GOT AN OUTPUT!: 74748a1c45f4
UVM_INFO out_mon.sv(31) @ 21453851: uvm_test_top.env0.out_mon_h [OUT_MON] GOT AN OUTPUT!: 6ba1f4ed053b
UVM_INFO out_mon.sv(31) @ 21458831: uvm_test_top.env0.out_mon_h [OUT_MON] GOT AN OUTPUT!: e29905299fd2
UVM_INFO out_mon.sv(31) @ 21463811: uvm_test_top.env0.out_mon_h [OUT_MON] GOT AN OUTPUT!: aa7adf2a971a
UVM_INFO out_mon.sv(31) @ 21468791: uvm_test_top.env0.out_mon_h [OUT_MON] GOT AN OUTPUT!: edad91a64f45
UVM_INFO out_mon.sv(31) @ 21473771: uvm_test_top.env0.out_mon_h [OUT_MON] GOT AN OUTPUT!: 2bc1fac36367
UVM_INFO out_mon.sv(31) @ 21478751: uvm_test_top.env0.out_mon_h [OUT_MON] GOT AN OUTPUT!: d058814a0fa2
UVM_INFO out_mon.sv(31) @ 21483731: uvm_test_top.env0.out_mon_h [OUT_MON] GOT AN OUTPUT!: 9cfcd1cc8973
UVM_INFO out_mon.sv(31) @ 21488711: uvm_test_top.env0.out_mon_h [OUT_MON] GOT AN OUTPUT!: de09635e5f76
UVM_INFO out_mon.sv(31) @ 21493691: uvm_test_top.env0.out_mon_h [OUT_MON] GOT AN OUTPUT!: 227c6432e0c0
UVM_INFO out_mon.sv(31) @ 21498671: uvm_test_top.env0.out_mon_h [OUT_MON] GOT AN OUTPUT!: eee8f93a7628
UVM_INFO out_mon.sv(31) @ 21503651: uvm_test_top.env0.out_mon_h [OUT_MON] GOT AN OUTPUT!: a34b4197086b
UVM_INFO out_mon.sv(31) @ 21508631: uvm_test_top.env0.out_mon_h [OUT_MON] GOT AN OUTPUT!: 8be7397f56b6
UVM_INFO out_mon.sv(31) @ 21513611: uvm_test_top.env0.out_mon_h [OUT_MON] GOT AN OUTPUT!: d53221e95cfd
UVM_INFO out_mon.sv(31) @ 21518591: uvm_test_top.env0.out_mon_h [OUT_MON] GOT AN OUTPUT!: daadab13b60c
UVM_INFO out_mon.sv(31) @ 21523571: uvm_test_top.env0.out_mon_h [OUT_MON] GOT AN OUTPUT!: 08c326c5f9df
UVM_INFO out_mon.sv(31) @ 21528551: uvm_test_top.env0.out_mon_h [OUT_MON] GOT AN OUTPUT!: 49a80ce014d9
UVM_INFO out_mon.sv(31) @ 21533531: uvm_test_top.env0.out_mon_h [OUT_MON] GOT AN OUTPUT!: b5454790b91d
UVM_INFO out_mon.sv(31) @ 21538511: uvm_test_top.env0.out_mon_h [OUT_MON] GOT AN OUTPUT!: fc04734aac7a
UVM_INFO out_mon.sv(31) @ 21543491: uvm_test_top.env0.out_mon_h [OUT_MON] GOT AN OUTPUT!: c4c5155139c0
UVM_INFO out_mon.sv(31) @ 21548471: uvm_test_top.env0.out_mon_h [OUT_MON] GOT AN OUTPUT!: f5aded737bce
UVM_INFO out_mon.sv(31) @ 21553451: uvm_test_top.env0.out_mon_h [OUT_MON] GOT AN OUTPUT!: a0115b4ed270
UVM_INFO out_mon.sv(31) @ 21558431: uvm_test_top.env0.out_mon_h [OUT_MON] GOT AN OUTPUT!: 074fd2303a8c
UVM_INFO out_mon.sv(31) @ 21563411: uvm_test_top.env0.out_mon_h [OUT_MON] GOT AN OUTPUT!: fab3bf6ca78e
UVM_INFO out_mon.sv(31) @ 21568391: uvm_test_top.env0.out_mon_h [OUT_MON] GOT AN OUTPUT!: 7a55b4c866f9
UVM_INFO out_mon.sv(31) @ 21573371: uvm_test_top.env0.out_mon_h [OUT_MON] GOT AN OUTPUT!: 5ef6fe458d8e
UVM_INFO out_mon.sv(31) @ 21578351: uvm_test_top.env0.out_mon_h [OUT_MON] GOT AN OUTPUT!: 7ceb4a713f8c
UVM_INFO out_mon.sv(31) @ 21583331: uvm_test_top.env0.out_mon_h [OUT_MON] GOT AN OUTPUT!: 79ebca0823ba
UVM_INFO out_mon.sv(31) @ 21588311: uvm_test_top.env0.out_mon_h [OUT_MON] GOT AN OUTPUT!: 4dff1489bb67
UVM_INFO out_mon.sv(31) @ 21593291: uvm_test_top.env0.out_mon_h [OUT_MON] GOT AN OUTPUT!: 275afa12c520
UVM_INFO out_mon.sv(31) @ 21598271: uvm_test_top.env0.out_mon_h [OUT_MON] GOT AN OUTPUT!: 293a2c969821
UVM_INFO out_mon.sv(31) @ 21603251: uvm_test_top.env0.out_mon_h [OUT_MON] GOT AN OUTPUT!: 3dcf0c4f8ee0
UVM_INFO out_mon.sv(31) @ 21608231: uvm_test_top.env0.out_mon_h [OUT_MON] GOT AN OUTPUT!: f30d0dfe56e5
UVM_INFO out_mon.sv(31) @ 21613211: uvm_test_top.env0.out_mon_h [OUT_MON] GOT AN OUTPUT!: 1a96a8505c90
UVM_INFO out_mon.sv(31) @ 21618191: uvm_test_top.env0.out_mon_h [OUT_MON] GOT AN OUTPUT!: a49eaf852c4f
UVM_INFO out_mon.sv(31) @ 21623171: uvm_test_top.env0.out_mon_h [OUT_MON] GOT AN OUTPUT!: edbf252acaee
UVM_INFO out_mon.sv(31) @ 21628151: uvm_test_top.env0.out_mon_h [OUT_MON] GOT AN OUTPUT!: 77dcc28917fd
UVM_INFO out_mon.sv(31) @ 21633131: uvm_test_top.env0.out_mon_h [OUT_MON] GOT AN OUTPUT!: c60fbf14329c
UVM_INFO out_mon.sv(31) @ 21638111: uvm_test_top.env0.out_mon_h [OUT_MON] GOT AN OUTPUT!: d3757bfdd463
UVM_INFO out_mon.sv(31) @ 21643091: uvm_test_top.env0.out_mon_h [OUT_MON] GOT AN OUTPUT!: 5d197ebdb41b
UVM_INFO out_mon.sv(31) @ 21648071: uvm_test_top.env0.out_mon_h [OUT_MON] GOT AN OUTPUT!: f6d0a928e0c2
UVM_INFO out_mon.sv(31) @ 21653051: uvm_test_top.env0.out_mon_h [OUT_MON] GOT AN OUTPUT!: a3237f7029be
UVM_INFO out_mon.sv(31) @ 21658031: uvm_test_top.env0.out_mon_h [OUT_MON] GOT AN OUTPUT!: 661d8a1d74bc
UVM_INFO out_mon.sv(31) @ 21663011: uvm_test_top.env0.out_mon_h [OUT_MON] GOT AN OUTPUT!: 0b3ca0e82dcb
UVM_INFO out_mon.sv(31) @ 21667991: uvm_test_top.env0.out_mon_h [OUT_MON] GOT AN OUTPUT!: 164620f89091
UVM_INFO out_mon.sv(31) @ 21672971: uvm_test_top.env0.out_mon_h [OUT_MON] GOT AN OUTPUT!: 973139f21c83
UVM_INFO out_mon.sv(31) @ 21677951: uvm_test_top.env0.out_mon_h [OUT_MON] GOT AN OUTPUT!: 58fa6adcec69
UVM_INFO out_mon.sv(31) @ 21682931: uvm_test_top.env0.out_mon_h [OUT_MON] GOT AN OUTPUT!: a38cefc6154d
UVM_INFO out_mon.sv(31) @ 21687911: uvm_test_top.env0.out_mon_h [OUT_MON] GOT AN OUTPUT!: 88a15daf06a5
UVM_INFO out_mon.sv(31) @ 21692891: uvm_test_top.env0.out_mon_h [OUT_MON] GOT AN OUTPUT!: 739a3c23f1b4
UVM_INFO out_mon.sv(31) @ 21697871: uvm_test_top.env0.out_mon_h [OUT_MON] GOT AN OUTPUT!: 7468e0911abb
UVM_INFO out_mon.sv(31) @ 21702851: uvm_test_top.env0.out_mon_h [OUT_MON] GOT AN OUTPUT!: 7d66c82f4a78
UVM_INFO out_mon.sv(31) @ 21707831: uvm_test_top.env0.out_mon_h [OUT_MON] GOT AN OUTPUT!: 8c3dc51f258a
UVM_INFO out_mon.sv(31) @ 21712811: uvm_test_top.env0.out_mon_h [OUT_MON] GOT AN OUTPUT!: 75bf220b8266
UVM_INFO out_mon.sv(31) @ 21717791: uvm_test_top.env0.out_mon_h [OUT_MON] GOT AN OUTPUT!: cccbed6ae1a2
UVM_INFO out_mon.sv(31) @ 21722771: uvm_test_top.env0.out_mon_h [OUT_MON] GOT AN OUTPUT!: 1c2dfc37b02c
UVM_INFO out_mon.sv(31) @ 21727751: uvm_test_top.env0.out_mon_h [OUT_MON] GOT AN OUTPUT!: 6b7c9cb7c979
UVM_INFO out_mon.sv(31) @ 21732731: uvm_test_top.env0.out_mon_h [OUT_MON] GOT AN OUTPUT!: c6fe77aab5eb
UVM_INFO out_mon.sv(31) @ 21737711: uvm_test_top.env0.out_mon_h [OUT_MON] GOT AN OUTPUT!: 42802ef71cfd
UVM_INFO out_mon.sv(31) @ 21742691: uvm_test_top.env0.out_mon_h [OUT_MON] GOT AN OUTPUT!: af3ea5af26b1
UVM_INFO out_mon.sv(31) @ 21747671: uvm_test_top.env0.out_mon_h [OUT_MON] GOT AN OUTPUT!: fcbe1b03d58e
UVM_INFO out_mon.sv(31) @ 21752651: uvm_test_top.env0.out_mon_h [OUT_MON] GOT AN OUTPUT!: fcb8c57f65a0
UVM_INFO out_mon.sv(31) @ 21757631: uvm_test_top.env0.out_mon_h [OUT_MON] GOT AN OUTPUT!: 01e9a29eaebb
UVM_INFO out_mon.sv(31) @ 21762611: uvm_test_top.env0.out_mon_h [OUT_MON] GOT AN OUTPUT!: 91fb69a18bf5
UVM_INFO out_mon.sv(31) @ 21767591: uvm_test_top.env0.out_mon_h [OUT_MON] GOT AN OUTPUT!: 2264e02a27dc
UVM_INFO out_mon.sv(31) @ 21772571: uvm_test_top.env0.out_mon_h [OUT_MON] GOT AN OUTPUT!: 984e0303749e
UVM_INFO out_mon.sv(31) @ 21777551: uvm_test_top.env0.out_mon_h [OUT_MON] GOT AN OUTPUT!: 0363ca2679e2
UVM_INFO out_mon.sv(31) @ 21782531: uvm_test_top.env0.out_mon_h [OUT_MON] GOT AN OUTPUT!: cbc10fd6bdab
UVM_INFO out_mon.sv(31) @ 21787511: uvm_test_top.env0.out_mon_h [OUT_MON] GOT AN OUTPUT!: 4acfc06da068
UVM_INFO out_mon.sv(31) @ 21792491: uvm_test_top.env0.out_mon_h [OUT_MON] GOT AN OUTPUT!: 871e592cc342
UVM_INFO out_mon.sv(31) @ 21797471: uvm_test_top.env0.out_mon_h [OUT_MON] GOT AN OUTPUT!: 8b502f2f5a7a
UVM_INFO out_mon.sv(31) @ 21802451: uvm_test_top.env0.out_mon_h [OUT_MON] GOT AN OUTPUT!: 8ff37f529f4c
UVM_INFO out_mon.sv(31) @ 21807431: uvm_test_top.env0.out_mon_h [OUT_MON] GOT AN OUTPUT!: f059ffad22ff
UVM_INFO out_mon.sv(31) @ 21812411: uvm_test_top.env0.out_mon_h [OUT_MON] GOT AN OUTPUT!: a28851ed30a5
UVM_INFO out_mon.sv(31) @ 21817391: uvm_test_top.env0.out_mon_h [OUT_MON] GOT AN OUTPUT!: aa1343b63251
UVM_INFO out_mon.sv(31) @ 21822371: uvm_test_top.env0.out_mon_h [OUT_MON] GOT AN OUTPUT!: bdee17d511f3
UVM_INFO out_mon.sv(31) @ 21827351: uvm_test_top.env0.out_mon_h [OUT_MON] GOT AN OUTPUT!: 1969e0e38be9
UVM_INFO out_mon.sv(31) @ 21832331: uvm_test_top.env0.out_mon_h [OUT_MON] GOT AN OUTPUT!: 2ff060b29de7
UVM_INFO out_mon.sv(31) @ 21837311: uvm_test_top.env0.out_mon_h [OUT_MON] GOT AN OUTPUT!: bc07a593e2a3
UVM_INFO out_mon.sv(31) @ 21842291: uvm_test_top.env0.out_mon_h [OUT_MON] GOT AN OUTPUT!: 61176c59f01e
UVM_INFO out_mon.sv(31) @ 21847271: uvm_test_top.env0.out_mon_h [OUT_MON] GOT AN OUTPUT!: d85995a7b987
UVM_INFO out_mon.sv(31) @ 21852251: uvm_test_top.env0.out_mon_h [OUT_MON] GOT AN OUTPUT!: 60b1d0e6e95b
UVM_INFO out_mon.sv(31) @ 21857231: uvm_test_top.env0.out_mon_h [OUT_MON] GOT AN OUTPUT!: e98dc3fd489f
UVM_INFO out_mon.sv(31) @ 21862211: uvm_test_top.env0.out_mon_h [OUT_MON] GOT AN OUTPUT!: 30ca62991f4d
UVM_INFO out_mon.sv(31) @ 21867191: uvm_test_top.env0.out_mon_h [OUT_MON] GOT AN OUTPUT!: cb8e99ac8ec3
UVM_INFO out_mon.sv(31) @ 21872171: uvm_test_top.env0.out_mon_h [OUT_MON] GOT AN OUTPUT!: d22d0d6ff39c
UVM_INFO out_mon.sv(31) @ 21877151: uvm_test_top.env0.out_mon_h [OUT_MON] GOT AN OUTPUT!: a707df0344d4
UVM_INFO out_mon.sv(31) @ 21882131: uvm_test_top.env0.out_mon_h [OUT_MON] GOT AN OUTPUT!: 1068a6867d7f
UVM_INFO out_mon.sv(31) @ 21887111: uvm_test_top.env0.out_mon_h [OUT_MON] GOT AN OUTPUT!: 9d675d40ea6c
UVM_INFO out_mon.sv(31) @ 21892091: uvm_test_top.env0.out_mon_h [OUT_MON] GOT AN OUTPUT!: 0dc54e2f9c78
UVM_INFO out_mon.sv(31) @ 21897071: uvm_test_top.env0.out_mon_h [OUT_MON] GOT AN OUTPUT!: 34d46e12bb6e
UVM_INFO out_mon.sv(31) @ 21902051: uvm_test_top.env0.out_mon_h [OUT_MON] GOT AN OUTPUT!: 8f508bd1ea93
UVM_INFO out_mon.sv(31) @ 21907031: uvm_test_top.env0.out_mon_h [OUT_MON] GOT AN OUTPUT!: 84415dcfaf6b
UVM_INFO out_mon.sv(31) @ 21912011: uvm_test_top.env0.out_mon_h [OUT_MON] GOT AN OUTPUT!: 08d7a083c5bf
UVM_INFO out_mon.sv(31) @ 21916991: uvm_test_top.env0.out_mon_h [OUT_MON] GOT AN OUTPUT!: 1f54e0748566
UVM_INFO out_mon.sv(31) @ 21921971: uvm_test_top.env0.out_mon_h [OUT_MON] GOT AN OUTPUT!: 68e444674788
UVM_INFO out_mon.sv(31) @ 21926951: uvm_test_top.env0.out_mon_h [OUT_MON] GOT AN OUTPUT!: c27f935fb9da
UVM_INFO out_mon.sv(31) @ 21931931: uvm_test_top.env0.out_mon_h [OUT_MON] GOT AN OUTPUT!: a4c553c64df3
UVM_INFO out_mon.sv(31) @ 21936911: uvm_test_top.env0.out_mon_h [OUT_MON] GOT AN OUTPUT!: bee8bfcd8687
UVM_INFO out_mon.sv(31) @ 21941891: uvm_test_top.env0.out_mon_h [OUT_MON] GOT AN OUTPUT!: 048282ee7199
UVM_INFO out_mon.sv(31) @ 21946871: uvm_test_top.env0.out_mon_h [OUT_MON] GOT AN OUTPUT!: 267f4c13eafc
UVM_INFO out_mon.sv(31) @ 21951851: uvm_test_top.env0.out_mon_h [OUT_MON] GOT AN OUTPUT!: 2eedc4cd12d9
UVM_INFO out_mon.sv(31) @ 21956831: uvm_test_top.env0.out_mon_h [OUT_MON] GOT AN OUTPUT!: b7ef359ea051
UVM_INFO out_mon.sv(31) @ 21961811: uvm_test_top.env0.out_mon_h [OUT_MON] GOT AN OUTPUT!: f58c674b4b3e
UVM_INFO out_mon.sv(31) @ 21966791: uvm_test_top.env0.out_mon_h [OUT_MON] GOT AN OUTPUT!: 8aa357ab2411
UVM_INFO out_mon.sv(31) @ 21971771: uvm_test_top.env0.out_mon_h [OUT_MON] GOT AN OUTPUT!: e0b18769f9e4
UVM_INFO out_mon.sv(31) @ 21976751: uvm_test_top.env0.out_mon_h [OUT_MON] GOT AN OUTPUT!: 7ac6ecc4b1c3
UVM_INFO out_mon.sv(31) @ 21981731: uvm_test_top.env0.out_mon_h [OUT_MON] GOT AN OUTPUT!: 7b62ec1db50a
UVM_INFO out_mon.sv(31) @ 21986711: uvm_test_top.env0.out_mon_h [OUT_MON] GOT AN OUTPUT!: 55499a004212
UVM_INFO out_mon.sv(31) @ 21991691: uvm_test_top.env0.out_mon_h [OUT_MON] GOT AN OUTPUT!: 5f6ef4eadc87
UVM_INFO out_mon.sv(31) @ 21996671: uvm_test_top.env0.out_mon_h [OUT_MON] GOT AN OUTPUT!: c3d255f89803
UVM_INFO out_mon.sv(31) @ 22001651: uvm_test_top.env0.out_mon_h [OUT_MON] GOT AN OUTPUT!: 016394418c6a
UVM_INFO out_mon.sv(31) @ 22006631: uvm_test_top.env0.out_mon_h [OUT_MON] GOT AN OUTPUT!: f8d3078a2a43
UVM_INFO out_mon.sv(31) @ 22011611: uvm_test_top.env0.out_mon_h [OUT_MON] GOT AN OUTPUT!: 3c881099a063
UVM_INFO out_mon.sv(31) @ 22016591: uvm_test_top.env0.out_mon_h [OUT_MON] GOT AN OUTPUT!: 1b72464f37e4
UVM_INFO out_mon.sv(31) @ 22021571: uvm_test_top.env0.out_mon_h [OUT_MON] GOT AN OUTPUT!: 9eec874eb246
UVM_INFO out_mon.sv(31) @ 22026551: uvm_test_top.env0.out_mon_h [OUT_MON] GOT AN OUTPUT!: 739fecdbb9ad
UVM_INFO out_mon.sv(31) @ 22031531: uvm_test_top.env0.out_mon_h [OUT_MON] GOT AN OUTPUT!: 755dd83c2354
UVM_INFO out_mon.sv(31) @ 22036511: uvm_test_top.env0.out_mon_h [OUT_MON] GOT AN OUTPUT!: 560500b96a4b
UVM_INFO out_mon.sv(31) @ 22041491: uvm_test_top.env0.out_mon_h [OUT_MON] GOT AN OUTPUT!: 97621319097e
UVM_INFO out_mon.sv(31) @ 22046471: uvm_test_top.env0.out_mon_h [OUT_MON] GOT AN OUTPUT!: d00ea723cd76
UVM_INFO out_mon.sv(31) @ 22051451: uvm_test_top.env0.out_mon_h [OUT_MON] GOT AN OUTPUT!: f34cef944565
UVM_INFO out_mon.sv(31) @ 22056431: uvm_test_top.env0.out_mon_h [OUT_MON] GOT AN OUTPUT!: 13e994841779
UVM_INFO out_mon.sv(31) @ 22061411: uvm_test_top.env0.out_mon_h [OUT_MON] GOT AN OUTPUT!: da2381306f48
UVM_INFO out_mon.sv(31) @ 22066391: uvm_test_top.env0.out_mon_h [OUT_MON] GOT AN OUTPUT!: a480b9ad4813
UVM_INFO out_mon.sv(31) @ 22071371: uvm_test_top.env0.out_mon_h [OUT_MON] GOT AN OUTPUT!: 0bb7a6dfe499
UVM_INFO out_mon.sv(31) @ 22076351: uvm_test_top.env0.out_mon_h [OUT_MON] GOT AN OUTPUT!: 4181a0d81b2f
UVM_INFO out_mon.sv(31) @ 22081331: uvm_test_top.env0.out_mon_h [OUT_MON] GOT AN OUTPUT!: 828f5560c372
UVM_INFO out_mon.sv(31) @ 22086311: uvm_test_top.env0.out_mon_h [OUT_MON] GOT AN OUTPUT!: 9356395f0b64
UVM_INFO out_mon.sv(31) @ 22091291: uvm_test_top.env0.out_mon_h [OUT_MON] GOT AN OUTPUT!: fffb6558e2a0
UVM_INFO out_mon.sv(31) @ 22096271: uvm_test_top.env0.out_mon_h [OUT_MON] GOT AN OUTPUT!: 972d793a55ba
UVM_INFO out_mon.sv(31) @ 22101251: uvm_test_top.env0.out_mon_h [OUT_MON] GOT AN OUTPUT!: 5806e231e480
UVM_INFO out_mon.sv(31) @ 22106231: uvm_test_top.env0.out_mon_h [OUT_MON] GOT AN OUTPUT!: caefa73bf5aa
UVM_INFO out_mon.sv(31) @ 22111211: uvm_test_top.env0.out_mon_h [OUT_MON] GOT AN OUTPUT!: 7d7d7eb52261
UVM_INFO out_mon.sv(31) @ 22116191: uvm_test_top.env0.out_mon_h [OUT_MON] GOT AN OUTPUT!: 194aa80ba7d4
UVM_INFO out_mon.sv(31) @ 22121171: uvm_test_top.env0.out_mon_h [OUT_MON] GOT AN OUTPUT!: 4de94e67b7a8
UVM_INFO out_mon.sv(31) @ 22126151: uvm_test_top.env0.out_mon_h [OUT_MON] GOT AN OUTPUT!: 85aa21e2e55b
UVM_INFO out_mon.sv(31) @ 22131131: uvm_test_top.env0.out_mon_h [OUT_MON] GOT AN OUTPUT!: 1d9750a67f6b
UVM_INFO out_mon.sv(31) @ 22136111: uvm_test_top.env0.out_mon_h [OUT_MON] GOT AN OUTPUT!: 983cd108ef6e
UVM_INFO out_mon.sv(31) @ 22141091: uvm_test_top.env0.out_mon_h [OUT_MON] GOT AN OUTPUT!: 0395e68218b7
UVM_INFO out_mon.sv(31) @ 22146071: uvm_test_top.env0.out_mon_h [OUT_MON] GOT AN OUTPUT!: 89e9f10ebdde
UVM_INFO out_mon.sv(31) @ 22151051: uvm_test_top.env0.out_mon_h [OUT_MON] GOT AN OUTPUT!: e5add35add44
UVM_INFO out_mon.sv(31) @ 22156031: uvm_test_top.env0.out_mon_h [OUT_MON] GOT AN OUTPUT!: 3060f4cb0f57
UVM_INFO out_mon.sv(31) @ 22161011: uvm_test_top.env0.out_mon_h [OUT_MON] GOT AN OUTPUT!: 446dda3ce9c8
UVM_INFO out_mon.sv(31) @ 22165991: uvm_test_top.env0.out_mon_h [OUT_MON] GOT AN OUTPUT!: aa0b85165d1c
UVM_INFO out_mon.sv(31) @ 22170971: uvm_test_top.env0.out_mon_h [OUT_MON] GOT AN OUTPUT!: c71e89fc1699
UVM_INFO out_mon.sv(31) @ 22175951: uvm_test_top.env0.out_mon_h [OUT_MON] GOT AN OUTPUT!: ca171146e5c4
UVM_INFO out_mon.sv(31) @ 22180931: uvm_test_top.env0.out_mon_h [OUT_MON] GOT AN OUTPUT!: 87cf5d1006ec
UVM_INFO out_mon.sv(31) @ 22185911: uvm_test_top.env0.out_mon_h [OUT_MON] GOT AN OUTPUT!: 4470c06ca3fc
UVM_INFO out_mon.sv(31) @ 22190891: uvm_test_top.env0.out_mon_h [OUT_MON] GOT AN OUTPUT!: 1f4bc230124c
UVM_INFO out_mon.sv(31) @ 22195871: uvm_test_top.env0.out_mon_h [OUT_MON] GOT AN OUTPUT!: 99c02b4d51b4
UVM_INFO out_mon.sv(31) @ 22200851: uvm_test_top.env0.out_mon_h [OUT_MON] GOT AN OUTPUT!: 711c18af55a1
UVM_INFO out_mon.sv(31) @ 22205831: uvm_test_top.env0.out_mon_h [OUT_MON] GOT AN OUTPUT!: c376ad206fba
UVM_INFO out_mon.sv(31) @ 22210811: uvm_test_top.env0.out_mon_h [OUT_MON] GOT AN OUTPUT!: 37924a98aa61
UVM_INFO out_mon.sv(31) @ 22215791: uvm_test_top.env0.out_mon_h [OUT_MON] GOT AN OUTPUT!: 9fbea90b353a
UVM_INFO out_mon.sv(31) @ 22220771: uvm_test_top.env0.out_mon_h [OUT_MON] GOT AN OUTPUT!: 4fb70e8ab237
UVM_INFO out_mon.sv(31) @ 22225751: uvm_test_top.env0.out_mon_h [OUT_MON] GOT AN OUTPUT!: 1d83925ca218
UVM_INFO out_mon.sv(31) @ 22230731: uvm_test_top.env0.out_mon_h [OUT_MON] GOT AN OUTPUT!: c5547553c4d0
UVM_INFO out_mon.sv(31) @ 22235711: uvm_test_top.env0.out_mon_h [OUT_MON] GOT AN OUTPUT!: 286f1c8970a1
UVM_INFO out_mon.sv(31) @ 22240691: uvm_test_top.env0.out_mon_h [OUT_MON] GOT AN OUTPUT!: 9efbcf4dff0a
UVM_INFO out_mon.sv(31) @ 22245671: uvm_test_top.env0.out_mon_h [OUT_MON] GOT AN OUTPUT!: 54ef62e81c7d
UVM_INFO out_mon.sv(31) @ 22250651: uvm_test_top.env0.out_mon_h [OUT_MON] GOT AN OUTPUT!: 69f2887b3a34
UVM_INFO out_mon.sv(31) @ 22255631: uvm_test_top.env0.out_mon_h [OUT_MON] GOT AN OUTPUT!: 4c31602ce276
UVM_INFO out_mon.sv(31) @ 22260611: uvm_test_top.env0.out_mon_h [OUT_MON] GOT AN OUTPUT!: 8649176119a6
UVM_INFO out_mon.sv(31) @ 22265591: uvm_test_top.env0.out_mon_h [OUT_MON] GOT AN OUTPUT!: f82093a5bfe7
UVM_INFO out_mon.sv(31) @ 22270571: uvm_test_top.env0.out_mon_h [OUT_MON] GOT AN OUTPUT!: 32ca86a4f259
UVM_INFO out_mon.sv(31) @ 22275551: uvm_test_top.env0.out_mon_h [OUT_MON] GOT AN OUTPUT!: 6f6620366c6e
UVM_INFO out_mon.sv(31) @ 22280531: uvm_test_top.env0.out_mon_h [OUT_MON] GOT AN OUTPUT!: 5902c867e3c2
UVM_INFO out_mon.sv(31) @ 22285511: uvm_test_top.env0.out_mon_h [OUT_MON] GOT AN OUTPUT!: a1754f1467c2
UVM_INFO out_mon.sv(31) @ 22290491: uvm_test_top.env0.out_mon_h [OUT_MON] GOT AN OUTPUT!: 193f5862c6a8
UVM_INFO out_mon.sv(31) @ 22295471: uvm_test_top.env0.out_mon_h [OUT_MON] GOT AN OUTPUT!: c270b942ed2c
UVM_INFO out_mon.sv(31) @ 22300451: uvm_test_top.env0.out_mon_h [OUT_MON] GOT AN OUTPUT!: 168748c23a21
UVM_INFO out_mon.sv(31) @ 22305431: uvm_test_top.env0.out_mon_h [OUT_MON] GOT AN OUTPUT!: 774b04cef7a1
UVM_INFO out_mon.sv(31) @ 22310411: uvm_test_top.env0.out_mon_h [OUT_MON] GOT AN OUTPUT!: 82ad5bc29c7d
UVM_INFO out_mon.sv(31) @ 22315391: uvm_test_top.env0.out_mon_h [OUT_MON] GOT AN OUTPUT!: c1ad7bcb42e9
UVM_INFO out_mon.sv(31) @ 22320371: uvm_test_top.env0.out_mon_h [OUT_MON] GOT AN OUTPUT!: ea36350c0350
UVM_INFO out_mon.sv(31) @ 22325351: uvm_test_top.env0.out_mon_h [OUT_MON] GOT AN OUTPUT!: ac045f0c4fd6
UVM_INFO out_mon.sv(31) @ 22330331: uvm_test_top.env0.out_mon_h [OUT_MON] GOT AN OUTPUT!: c07449ce4f4f
UVM_INFO out_mon.sv(31) @ 22335311: uvm_test_top.env0.out_mon_h [OUT_MON] GOT AN OUTPUT!: b57c4fa452fb
UVM_INFO out_mon.sv(31) @ 22340291: uvm_test_top.env0.out_mon_h [OUT_MON] GOT AN OUTPUT!: ab72899d1a45
UVM_INFO out_mon.sv(31) @ 22345271: uvm_test_top.env0.out_mon_h [OUT_MON] GOT AN OUTPUT!: fe01951f4ae4
UVM_INFO out_mon.sv(31) @ 22350251: uvm_test_top.env0.out_mon_h [OUT_MON] GOT AN OUTPUT!: 8ffa870bc2c4
UVM_INFO out_mon.sv(31) @ 22355231: uvm_test_top.env0.out_mon_h [OUT_MON] GOT AN OUTPUT!: 323fb87ef63a
UVM_INFO out_mon.sv(31) @ 22360211: uvm_test_top.env0.out_mon_h [OUT_MON] GOT AN OUTPUT!: 5d980c0960e0
UVM_INFO out_mon.sv(31) @ 22365191: uvm_test_top.env0.out_mon_h [OUT_MON] GOT AN OUTPUT!: 37a120f6d1db
UVM_INFO out_mon.sv(31) @ 22370171: uvm_test_top.env0.out_mon_h [OUT_MON] GOT AN OUTPUT!: 9a99cbfcd29b
UVM_INFO out_mon.sv(31) @ 22375151: uvm_test_top.env0.out_mon_h [OUT_MON] GOT AN OUTPUT!: 98523768124c
UVM_INFO out_mon.sv(31) @ 22380131: uvm_test_top.env0.out_mon_h [OUT_MON] GOT AN OUTPUT!: b00837a0b447
UVM_INFO out_mon.sv(31) @ 22385111: uvm_test_top.env0.out_mon_h [OUT_MON] GOT AN OUTPUT!: af42c99dbd8f
UVM_INFO out_mon.sv(31) @ 22390091: uvm_test_top.env0.out_mon_h [OUT_MON] GOT AN OUTPUT!: f5b32b9f6283
UVM_INFO out_mon.sv(31) @ 22395071: uvm_test_top.env0.out_mon_h [OUT_MON] GOT AN OUTPUT!: 941a0d4887c6
UVM_INFO out_mon.sv(31) @ 22400051: uvm_test_top.env0.out_mon_h [OUT_MON] GOT AN OUTPUT!: 7e2468eef927
UVM_INFO out_mon.sv(31) @ 22405031: uvm_test_top.env0.out_mon_h [OUT_MON] GOT AN OUTPUT!: c74921baeea9
UVM_INFO out_mon.sv(31) @ 22410011: uvm_test_top.env0.out_mon_h [OUT_MON] GOT AN OUTPUT!: a2a889ed53bf
UVM_INFO out_mon.sv(31) @ 22414991: uvm_test_top.env0.out_mon_h [OUT_MON] GOT AN OUTPUT!: 9df75f653136
UVM_INFO out_mon.sv(31) @ 22419971: uvm_test_top.env0.out_mon_h [OUT_MON] GOT AN OUTPUT!: 4f4b843c0dd4
UVM_INFO out_mon.sv(31) @ 22424951: uvm_test_top.env0.out_mon_h [OUT_MON] GOT AN OUTPUT!: 6e11521148a6
UVM_INFO out_mon.sv(31) @ 22429931: uvm_test_top.env0.out_mon_h [OUT_MON] GOT AN OUTPUT!: 0ed9585c80c0
UVM_INFO out_mon.sv(31) @ 22434911: uvm_test_top.env0.out_mon_h [OUT_MON] GOT AN OUTPUT!: 7a44b8def30b
UVM_INFO out_mon.sv(31) @ 22439891: uvm_test_top.env0.out_mon_h [OUT_MON] GOT AN OUTPUT!: d6dceb0bce44
UVM_INFO out_mon.sv(31) @ 22444871: uvm_test_top.env0.out_mon_h [OUT_MON] GOT AN OUTPUT!: 9dfd53ffa9a7
UVM_INFO out_mon.sv(31) @ 22449851: uvm_test_top.env0.out_mon_h [OUT_MON] GOT AN OUTPUT!: 93a4cd5ece8c
UVM_INFO out_mon.sv(31) @ 22454831: uvm_test_top.env0.out_mon_h [OUT_MON] GOT AN OUTPUT!: b965ef32aa5a
UVM_INFO out_mon.sv(31) @ 22459811: uvm_test_top.env0.out_mon_h [OUT_MON] GOT AN OUTPUT!: 743ad89e1ff1
UVM_INFO out_mon.sv(31) @ 22464791: uvm_test_top.env0.out_mon_h [OUT_MON] GOT AN OUTPUT!: dd6a7700f130
UVM_INFO out_mon.sv(31) @ 22469771: uvm_test_top.env0.out_mon_h [OUT_MON] GOT AN OUTPUT!: f66b67e21a11
UVM_INFO out_mon.sv(31) @ 22474751: uvm_test_top.env0.out_mon_h [OUT_MON] GOT AN OUTPUT!: 37b964b93885
UVM_INFO out_mon.sv(31) @ 22479731: uvm_test_top.env0.out_mon_h [OUT_MON] GOT AN OUTPUT!: b2c21b6edf98
UVM_INFO out_mon.sv(31) @ 22484711: uvm_test_top.env0.out_mon_h [OUT_MON] GOT AN OUTPUT!: bebc672bffb4
UVM_INFO out_mon.sv(31) @ 22489691: uvm_test_top.env0.out_mon_h [OUT_MON] GOT AN OUTPUT!: e88dddd04753
UVM_INFO out_mon.sv(31) @ 22494671: uvm_test_top.env0.out_mon_h [OUT_MON] GOT AN OUTPUT!: 9da1a9277fc4
UVM_INFO out_mon.sv(31) @ 22499651: uvm_test_top.env0.out_mon_h [OUT_MON] GOT AN OUTPUT!: c9d531b5eed9
UVM_INFO out_mon.sv(31) @ 22504631: uvm_test_top.env0.out_mon_h [OUT_MON] GOT AN OUTPUT!: 60506eb3b517
UVM_INFO out_mon.sv(31) @ 22509611: uvm_test_top.env0.out_mon_h [OUT_MON] GOT AN OUTPUT!: 8769658f307b
UVM_INFO out_mon.sv(31) @ 22514591: uvm_test_top.env0.out_mon_h [OUT_MON] GOT AN OUTPUT!: df7b810e5c8a
UVM_INFO out_mon.sv(31) @ 22519571: uvm_test_top.env0.out_mon_h [OUT_MON] GOT AN OUTPUT!: 1cd2c4e72db1
UVM_INFO out_mon.sv(31) @ 22524551: uvm_test_top.env0.out_mon_h [OUT_MON] GOT AN OUTPUT!: ec893166f3fe
UVM_INFO out_mon.sv(31) @ 22529531: uvm_test_top.env0.out_mon_h [OUT_MON] GOT AN OUTPUT!: dc615f80bac5
UVM_INFO out_mon.sv(31) @ 22534511: uvm_test_top.env0.out_mon_h [OUT_MON] GOT AN OUTPUT!: bda8475ab1cc
UVM_INFO out_mon.sv(31) @ 22539491: uvm_test_top.env0.out_mon_h [OUT_MON] GOT AN OUTPUT!: bb1d813279e0
UVM_INFO out_mon.sv(31) @ 22544471: uvm_test_top.env0.out_mon_h [OUT_MON] GOT AN OUTPUT!: 19c2c030940a
UVM_INFO out_mon.sv(31) @ 22549451: uvm_test_top.env0.out_mon_h [OUT_MON] GOT AN OUTPUT!: 5cd26682c351
UVM_INFO out_mon.sv(31) @ 22554431: uvm_test_top.env0.out_mon_h [OUT_MON] GOT AN OUTPUT!: 4488acd55c2b
UVM_INFO out_mon.sv(31) @ 22559411: uvm_test_top.env0.out_mon_h [OUT_MON] GOT AN OUTPUT!: e00f5703b422
UVM_INFO out_mon.sv(31) @ 22564391: uvm_test_top.env0.out_mon_h [OUT_MON] GOT AN OUTPUT!: aa61079780eb
UVM_INFO out_mon.sv(31) @ 22569371: uvm_test_top.env0.out_mon_h [OUT_MON] GOT AN OUTPUT!: 6a1eb46f2bd0
UVM_INFO out_mon.sv(31) @ 22574351: uvm_test_top.env0.out_mon_h [OUT_MON] GOT AN OUTPUT!: 4c7bdea33ff7
UVM_INFO out_mon.sv(31) @ 22579331: uvm_test_top.env0.out_mon_h [OUT_MON] GOT AN OUTPUT!: 730e1082c151
UVM_INFO out_mon.sv(31) @ 22584311: uvm_test_top.env0.out_mon_h [OUT_MON] GOT AN OUTPUT!: ecc0a53e925a
UVM_INFO out_mon.sv(31) @ 22589291: uvm_test_top.env0.out_mon_h [OUT_MON] GOT AN OUTPUT!: d1a9f19bd117
UVM_INFO out_mon.sv(31) @ 22594271: uvm_test_top.env0.out_mon_h [OUT_MON] GOT AN OUTPUT!: f9e109c53617
UVM_INFO out_mon.sv(31) @ 22599251: uvm_test_top.env0.out_mon_h [OUT_MON] GOT AN OUTPUT!: 87794d137b64
UVM_INFO out_mon.sv(31) @ 22604231: uvm_test_top.env0.out_mon_h [OUT_MON] GOT AN OUTPUT!: 3b441e64aaf0
UVM_INFO out_mon.sv(31) @ 22609211: uvm_test_top.env0.out_mon_h [OUT_MON] GOT AN OUTPUT!: 4cca5c5a9786
UVM_INFO out_mon.sv(31) @ 22614191: uvm_test_top.env0.out_mon_h [OUT_MON] GOT AN OUTPUT!: 3d1b3c9829d3
UVM_INFO out_mon.sv(31) @ 22619171: uvm_test_top.env0.out_mon_h [OUT_MON] GOT AN OUTPUT!: dcadddd5c24d
UVM_INFO out_mon.sv(31) @ 22624151: uvm_test_top.env0.out_mon_h [OUT_MON] GOT AN OUTPUT!: 7c4d6a64abdc
UVM_INFO out_mon.sv(31) @ 22629131: uvm_test_top.env0.out_mon_h [OUT_MON] GOT AN OUTPUT!: 00e958795b60
UVM_INFO out_mon.sv(31) @ 22634111: uvm_test_top.env0.out_mon_h [OUT_MON] GOT AN OUTPUT!: 5287a854ef76
UVM_INFO out_mon.sv(31) @ 22639091: uvm_test_top.env0.out_mon_h [OUT_MON] GOT AN OUTPUT!: 5e0c80257aba
UVM_INFO out_mon.sv(31) @ 22644071: uvm_test_top.env0.out_mon_h [OUT_MON] GOT AN OUTPUT!: a235ef35717a
UVM_INFO out_mon.sv(31) @ 22649051: uvm_test_top.env0.out_mon_h [OUT_MON] GOT AN OUTPUT!: ff6353c1fef5
UVM_INFO out_mon.sv(31) @ 22654031: uvm_test_top.env0.out_mon_h [OUT_MON] GOT AN OUTPUT!: 428448906ddb
UVM_INFO out_mon.sv(31) @ 22659011: uvm_test_top.env0.out_mon_h [OUT_MON] GOT AN OUTPUT!: a2f9fb1a82b0
UVM_INFO out_mon.sv(31) @ 22663991: uvm_test_top.env0.out_mon_h [OUT_MON] GOT AN OUTPUT!: 2b62cce9dec9
UVM_INFO out_mon.sv(31) @ 22668971: uvm_test_top.env0.out_mon_h [OUT_MON] GOT AN OUTPUT!: c597197a60b0
UVM_INFO out_mon.sv(31) @ 22673951: uvm_test_top.env0.out_mon_h [OUT_MON] GOT AN OUTPUT!: 6176e0bb82cd
UVM_INFO out_mon.sv(31) @ 22678931: uvm_test_top.env0.out_mon_h [OUT_MON] GOT AN OUTPUT!: 6ecc9408b80e
UVM_INFO out_mon.sv(31) @ 22683911: uvm_test_top.env0.out_mon_h [OUT_MON] GOT AN OUTPUT!: a2319330d3c6
UVM_INFO out_mon.sv(31) @ 22688891: uvm_test_top.env0.out_mon_h [OUT_MON] GOT AN OUTPUT!: bce675e4630b
UVM_INFO out_mon.sv(31) @ 22693871: uvm_test_top.env0.out_mon_h [OUT_MON] GOT AN OUTPUT!: cfbc63a30e55
UVM_INFO out_mon.sv(31) @ 22698851: uvm_test_top.env0.out_mon_h [OUT_MON] GOT AN OUTPUT!: 30eef2fffce9
UVM_INFO out_mon.sv(31) @ 22703831: uvm_test_top.env0.out_mon_h [OUT_MON] GOT AN OUTPUT!: 1d0558d52e9d
UVM_INFO out_mon.sv(31) @ 22708811: uvm_test_top.env0.out_mon_h [OUT_MON] GOT AN OUTPUT!: bab043bde259
UVM_INFO out_mon.sv(31) @ 22713791: uvm_test_top.env0.out_mon_h [OUT_MON] GOT AN OUTPUT!: f9b4b3eff2db
UVM_INFO out_mon.sv(31) @ 22718771: uvm_test_top.env0.out_mon_h [OUT_MON] GOT AN OUTPUT!: 84ba514c31d0
UVM_INFO out_mon.sv(31) @ 22723751: uvm_test_top.env0.out_mon_h [OUT_MON] GOT AN OUTPUT!: be3a253dd3c6
UVM_INFO out_mon.sv(31) @ 22728731: uvm_test_top.env0.out_mon_h [OUT_MON] GOT AN OUTPUT!: 8057d9c0c277
UVM_INFO out_mon.sv(31) @ 22733711: uvm_test_top.env0.out_mon_h [OUT_MON] GOT AN OUTPUT!: 17bec8a70c33
UVM_INFO out_mon.sv(31) @ 22738691: uvm_test_top.env0.out_mon_h [OUT_MON] GOT AN OUTPUT!: b19021f535e3
UVM_INFO out_mon.sv(31) @ 22743671: uvm_test_top.env0.out_mon_h [OUT_MON] GOT AN OUTPUT!: 3432ceed9cf7
UVM_INFO out_mon.sv(31) @ 22748651: uvm_test_top.env0.out_mon_h [OUT_MON] GOT AN OUTPUT!: 3b37d022e05c
UVM_INFO out_mon.sv(31) @ 22753631: uvm_test_top.env0.out_mon_h [OUT_MON] GOT AN OUTPUT!: ae3f2da93d7d
UVM_INFO out_mon.sv(31) @ 22758611: uvm_test_top.env0.out_mon_h [OUT_MON] GOT AN OUTPUT!: 2ad3023ee6da
UVM_INFO out_mon.sv(31) @ 22763591: uvm_test_top.env0.out_mon_h [OUT_MON] GOT AN OUTPUT!: 394f22036d00
UVM_INFO out_mon.sv(31) @ 22768571: uvm_test_top.env0.out_mon_h [OUT_MON] GOT AN OUTPUT!: 04b234161f86
UVM_INFO out_mon.sv(31) @ 22773551: uvm_test_top.env0.out_mon_h [OUT_MON] GOT AN OUTPUT!: 0d8eea3365f2
UVM_INFO out_mon.sv(31) @ 22778531: uvm_test_top.env0.out_mon_h [OUT_MON] GOT AN OUTPUT!: 0fe11c2926de
UVM_INFO out_mon.sv(31) @ 22783511: uvm_test_top.env0.out_mon_h [OUT_MON] GOT AN OUTPUT!: 13ec80ba247b
UVM_INFO out_mon.sv(31) @ 22788491: uvm_test_top.env0.out_mon_h [OUT_MON] GOT AN OUTPUT!: 622808485b4a
UVM_INFO out_mon.sv(31) @ 22793471: uvm_test_top.env0.out_mon_h [OUT_MON] GOT AN OUTPUT!: d212c15e6488
UVM_INFO out_mon.sv(31) @ 22798451: uvm_test_top.env0.out_mon_h [OUT_MON] GOT AN OUTPUT!: ac19dbefd64b
UVM_INFO out_mon.sv(31) @ 22803431: uvm_test_top.env0.out_mon_h [OUT_MON] GOT AN OUTPUT!: 166ec8e8a36b
UVM_INFO out_mon.sv(31) @ 22808411: uvm_test_top.env0.out_mon_h [OUT_MON] GOT AN OUTPUT!: c4fa39637604
UVM_INFO out_mon.sv(31) @ 22813391: uvm_test_top.env0.out_mon_h [OUT_MON] GOT AN OUTPUT!: 642ad69f1a7b
UVM_INFO out_mon.sv(31) @ 22818371: uvm_test_top.env0.out_mon_h [OUT_MON] GOT AN OUTPUT!: f6db0b8ad751
UVM_INFO out_mon.sv(31) @ 22823351: uvm_test_top.env0.out_mon_h [OUT_MON] GOT AN OUTPUT!: 1f33b081c9af
UVM_INFO out_mon.sv(31) @ 22828331: uvm_test_top.env0.out_mon_h [OUT_MON] GOT AN OUTPUT!: 0a87e28d5025
UVM_INFO out_mon.sv(31) @ 22833311: uvm_test_top.env0.out_mon_h [OUT_MON] GOT AN OUTPUT!: 7834ae4668b0
UVM_INFO out_mon.sv(31) @ 22838291: uvm_test_top.env0.out_mon_h [OUT_MON] GOT AN OUTPUT!: 1389542e056c
UVM_INFO out_mon.sv(31) @ 22843271: uvm_test_top.env0.out_mon_h [OUT_MON] GOT AN OUTPUT!: 189a76147456
UVM_INFO out_mon.sv(31) @ 22848251: uvm_test_top.env0.out_mon_h [OUT_MON] GOT AN OUTPUT!: fc2df9e7cb1f
UVM_INFO out_mon.sv(31) @ 22853231: uvm_test_top.env0.out_mon_h [OUT_MON] GOT AN OUTPUT!: 8e9195012c02
UVM_INFO out_mon.sv(31) @ 22858211: uvm_test_top.env0.out_mon_h [OUT_MON] GOT AN OUTPUT!: d1800fc940cb
UVM_INFO out_mon.sv(31) @ 22863191: uvm_test_top.env0.out_mon_h [OUT_MON] GOT AN OUTPUT!: 7905f24b89dc
UVM_INFO out_mon.sv(31) @ 22868171: uvm_test_top.env0.out_mon_h [OUT_MON] GOT AN OUTPUT!: cf505f10c23c
UVM_INFO out_mon.sv(31) @ 22873151: uvm_test_top.env0.out_mon_h [OUT_MON] GOT AN OUTPUT!: 73a15c584662
UVM_INFO out_mon.sv(31) @ 22878131: uvm_test_top.env0.out_mon_h [OUT_MON] GOT AN OUTPUT!: 2c248a886d8b
UVM_INFO out_mon.sv(31) @ 22883111: uvm_test_top.env0.out_mon_h [OUT_MON] GOT AN OUTPUT!: c2d30d6de53e
UVM_INFO out_mon.sv(31) @ 22888091: uvm_test_top.env0.out_mon_h [OUT_MON] GOT AN OUTPUT!: a54c43a21b43
UVM_INFO out_mon.sv(31) @ 22893071: uvm_test_top.env0.out_mon_h [OUT_MON] GOT AN OUTPUT!: bfc585309ae6
UVM_INFO out_mon.sv(31) @ 22898051: uvm_test_top.env0.out_mon_h [OUT_MON] GOT AN OUTPUT!: cad49b5368d4
UVM_INFO out_mon.sv(31) @ 22903031: uvm_test_top.env0.out_mon_h [OUT_MON] GOT AN OUTPUT!: 04638ede65f1
UVM_INFO out_mon.sv(31) @ 22908011: uvm_test_top.env0.out_mon_h [OUT_MON] GOT AN OUTPUT!: 0b85f2b1b10f
UVM_INFO out_mon.sv(31) @ 22912991: uvm_test_top.env0.out_mon_h [OUT_MON] GOT AN OUTPUT!: 575abc4b02a8
UVM_INFO out_mon.sv(31) @ 22917971: uvm_test_top.env0.out_mon_h [OUT_MON] GOT AN OUTPUT!: 80eea14e13de
UVM_INFO out_mon.sv(31) @ 22922951: uvm_test_top.env0.out_mon_h [OUT_MON] GOT AN OUTPUT!: 5817509beeb9
UVM_INFO out_mon.sv(31) @ 22927931: uvm_test_top.env0.out_mon_h [OUT_MON] GOT AN OUTPUT!: 7b58005167fa
UVM_INFO out_mon.sv(31) @ 22932911: uvm_test_top.env0.out_mon_h [OUT_MON] GOT AN OUTPUT!: eac2c1c46293
UVM_INFO out_mon.sv(31) @ 22937891: uvm_test_top.env0.out_mon_h [OUT_MON] GOT AN OUTPUT!: cdd2d9584aca
UVM_INFO out_mon.sv(31) @ 22942871: uvm_test_top.env0.out_mon_h [OUT_MON] GOT AN OUTPUT!: 644dd8c15f5f
UVM_INFO out_mon.sv(31) @ 22947851: uvm_test_top.env0.out_mon_h [OUT_MON] GOT AN OUTPUT!: da27d70f1a2e
UVM_INFO out_mon.sv(31) @ 22952831: uvm_test_top.env0.out_mon_h [OUT_MON] GOT AN OUTPUT!: 7660a8959a07
UVM_INFO out_mon.sv(31) @ 22957811: uvm_test_top.env0.out_mon_h [OUT_MON] GOT AN OUTPUT!: 5ce2208df365
UVM_INFO out_mon.sv(31) @ 22962791: uvm_test_top.env0.out_mon_h [OUT_MON] GOT AN OUTPUT!: db664305954c
UVM_INFO out_mon.sv(31) @ 22967771: uvm_test_top.env0.out_mon_h [OUT_MON] GOT AN OUTPUT!: f9519b74afd0
UVM_INFO out_mon.sv(31) @ 22972751: uvm_test_top.env0.out_mon_h [OUT_MON] GOT AN OUTPUT!: c28f7d138860
UVM_INFO out_mon.sv(31) @ 22977731: uvm_test_top.env0.out_mon_h [OUT_MON] GOT AN OUTPUT!: 857c09c6e9c3
UVM_INFO out_mon.sv(31) @ 22982711: uvm_test_top.env0.out_mon_h [OUT_MON] GOT AN OUTPUT!: fbc39b3b72fa
UVM_INFO out_mon.sv(31) @ 22987691: uvm_test_top.env0.out_mon_h [OUT_MON] GOT AN OUTPUT!: 16357c880117
UVM_INFO out_mon.sv(31) @ 22992671: uvm_test_top.env0.out_mon_h [OUT_MON] GOT AN OUTPUT!: e3b1456f0f5e
UVM_INFO out_mon.sv(31) @ 22997651: uvm_test_top.env0.out_mon_h [OUT_MON] GOT AN OUTPUT!: cb0257170ec4
UVM_INFO out_mon.sv(31) @ 23002631: uvm_test_top.env0.out_mon_h [OUT_MON] GOT AN OUTPUT!: 0fc38cd1d651
UVM_INFO out_mon.sv(31) @ 23007611: uvm_test_top.env0.out_mon_h [OUT_MON] GOT AN OUTPUT!: 5a345a4af230
UVM_INFO out_mon.sv(31) @ 23012591: uvm_test_top.env0.out_mon_h [OUT_MON] GOT AN OUTPUT!: ba2665350a6e
UVM_INFO out_mon.sv(31) @ 23017571: uvm_test_top.env0.out_mon_h [OUT_MON] GOT AN OUTPUT!: 5cd5de4e446c
UVM_INFO out_mon.sv(31) @ 23022551: uvm_test_top.env0.out_mon_h [OUT_MON] GOT AN OUTPUT!: edc57153a3da
UVM_INFO out_mon.sv(31) @ 23027531: uvm_test_top.env0.out_mon_h [OUT_MON] GOT AN OUTPUT!: 5aafd83b6318
UVM_INFO out_mon.sv(31) @ 23032511: uvm_test_top.env0.out_mon_h [OUT_MON] GOT AN OUTPUT!: 724f60ce5ccb
UVM_INFO out_mon.sv(31) @ 23037491: uvm_test_top.env0.out_mon_h [OUT_MON] GOT AN OUTPUT!: 9650b9786828
UVM_INFO out_mon.sv(31) @ 23042471: uvm_test_top.env0.out_mon_h [OUT_MON] GOT AN OUTPUT!: 782bd0e7b4d7
UVM_INFO out_mon.sv(31) @ 23047451: uvm_test_top.env0.out_mon_h [OUT_MON] GOT AN OUTPUT!: 9905c1d33343
UVM_INFO out_mon.sv(31) @ 23052431: uvm_test_top.env0.out_mon_h [OUT_MON] GOT AN OUTPUT!: 048900ffe68b
UVM_INFO out_mon.sv(31) @ 23057411: uvm_test_top.env0.out_mon_h [OUT_MON] GOT AN OUTPUT!: 7ed7e45d5aea
UVM_INFO out_mon.sv(31) @ 23062391: uvm_test_top.env0.out_mon_h [OUT_MON] GOT AN OUTPUT!: 1d5426d0ee3b
UVM_INFO out_mon.sv(31) @ 23067371: uvm_test_top.env0.out_mon_h [OUT_MON] GOT AN OUTPUT!: 0294d4084130
UVM_INFO out_mon.sv(31) @ 23072351: uvm_test_top.env0.out_mon_h [OUT_MON] GOT AN OUTPUT!: b536d16a8884
UVM_INFO out_mon.sv(31) @ 23077331: uvm_test_top.env0.out_mon_h [OUT_MON] GOT AN OUTPUT!: 49c83e00fd28
UVM_INFO out_mon.sv(31) @ 23082311: uvm_test_top.env0.out_mon_h [OUT_MON] GOT AN OUTPUT!: 579f1aee307f
UVM_INFO out_mon.sv(31) @ 23087291: uvm_test_top.env0.out_mon_h [OUT_MON] GOT AN OUTPUT!: 70bef0cc6fd3
UVM_INFO out_mon.sv(31) @ 23092271: uvm_test_top.env0.out_mon_h [OUT_MON] GOT AN OUTPUT!: 94b80d0b2112
UVM_INFO out_mon.sv(31) @ 23097251: uvm_test_top.env0.out_mon_h [OUT_MON] GOT AN OUTPUT!: d684db232eba
UVM_INFO out_mon.sv(31) @ 23102231: uvm_test_top.env0.out_mon_h [OUT_MON] GOT AN OUTPUT!: 2d6f163a585c
UVM_INFO out_mon.sv(31) @ 23107211: uvm_test_top.env0.out_mon_h [OUT_MON] GOT AN OUTPUT!: 28e6a28d9beb
UVM_INFO out_mon.sv(31) @ 23112191: uvm_test_top.env0.out_mon_h [OUT_MON] GOT AN OUTPUT!: ff6cd7ba91bd
UVM_INFO out_mon.sv(31) @ 23117171: uvm_test_top.env0.out_mon_h [OUT_MON] GOT AN OUTPUT!: 306cc6bfce9d
UVM_INFO out_mon.sv(31) @ 23122151: uvm_test_top.env0.out_mon_h [OUT_MON] GOT AN OUTPUT!: b11f334c465e
UVM_INFO out_mon.sv(31) @ 23127131: uvm_test_top.env0.out_mon_h [OUT_MON] GOT AN OUTPUT!: 5c6608b5a729
UVM_INFO out_mon.sv(31) @ 23132111: uvm_test_top.env0.out_mon_h [OUT_MON] GOT AN OUTPUT!: 1db3e6adb7c5
UVM_INFO out_mon.sv(31) @ 23137091: uvm_test_top.env0.out_mon_h [OUT_MON] GOT AN OUTPUT!: 0ee0188ebc8f
UVM_INFO out_mon.sv(31) @ 23142071: uvm_test_top.env0.out_mon_h [OUT_MON] GOT AN OUTPUT!: 811491d6dd5f
UVM_INFO out_mon.sv(31) @ 23147051: uvm_test_top.env0.out_mon_h [OUT_MON] GOT AN OUTPUT!: a8a3252a7146
UVM_INFO out_mon.sv(31) @ 23152031: uvm_test_top.env0.out_mon_h [OUT_MON] GOT AN OUTPUT!: 63ec7ef57383
UVM_INFO out_mon.sv(31) @ 23157011: uvm_test_top.env0.out_mon_h [OUT_MON] GOT AN OUTPUT!: 553e7483da8d
UVM_INFO out_mon.sv(31) @ 23161991: uvm_test_top.env0.out_mon_h [OUT_MON] GOT AN OUTPUT!: 47ac0628f9dc
UVM_INFO out_mon.sv(31) @ 23166971: uvm_test_top.env0.out_mon_h [OUT_MON] GOT AN OUTPUT!: 96fb85cddaed
UVM_INFO out_mon.sv(31) @ 23171951: uvm_test_top.env0.out_mon_h [OUT_MON] GOT AN OUTPUT!: 127adefea8b5
UVM_INFO out_mon.sv(31) @ 23176931: uvm_test_top.env0.out_mon_h [OUT_MON] GOT AN OUTPUT!: 92e6e54f0834
UVM_INFO out_mon.sv(31) @ 23181911: uvm_test_top.env0.out_mon_h [OUT_MON] GOT AN OUTPUT!: 3b4636ad7c2b
UVM_INFO out_mon.sv(31) @ 23186891: uvm_test_top.env0.out_mon_h [OUT_MON] GOT AN OUTPUT!: 1ccd4cfdc28d
UVM_INFO out_mon.sv(31) @ 23191871: uvm_test_top.env0.out_mon_h [OUT_MON] GOT AN OUTPUT!: b5baf91233a2
UVM_INFO out_mon.sv(31) @ 23196851: uvm_test_top.env0.out_mon_h [OUT_MON] GOT AN OUTPUT!: 833b13dc2401
UVM_INFO out_mon.sv(31) @ 23201831: uvm_test_top.env0.out_mon_h [OUT_MON] GOT AN OUTPUT!: 9e44016b4794
UVM_INFO out_mon.sv(31) @ 23206811: uvm_test_top.env0.out_mon_h [OUT_MON] GOT AN OUTPUT!: 1b7ba0140b08
UVM_INFO out_mon.sv(31) @ 23211791: uvm_test_top.env0.out_mon_h [OUT_MON] GOT AN OUTPUT!: a60fa1d4f51f
UVM_INFO out_mon.sv(31) @ 23216771: uvm_test_top.env0.out_mon_h [OUT_MON] GOT AN OUTPUT!: 8d99e3d30e6d
UVM_INFO out_mon.sv(31) @ 23221751: uvm_test_top.env0.out_mon_h [OUT_MON] GOT AN OUTPUT!: 3f0558853849
UVM_INFO out_mon.sv(31) @ 23226731: uvm_test_top.env0.out_mon_h [OUT_MON] GOT AN OUTPUT!: e06273e6903d
UVM_INFO out_mon.sv(31) @ 23231711: uvm_test_top.env0.out_mon_h [OUT_MON] GOT AN OUTPUT!: 87d405c7cf7d
UVM_INFO out_mon.sv(31) @ 23236691: uvm_test_top.env0.out_mon_h [OUT_MON] GOT AN OUTPUT!: 45637017a8ee
UVM_INFO out_mon.sv(31) @ 23241671: uvm_test_top.env0.out_mon_h [OUT_MON] GOT AN OUTPUT!: f7e871ba3237
UVM_INFO out_mon.sv(31) @ 23246651: uvm_test_top.env0.out_mon_h [OUT_MON] GOT AN OUTPUT!: a4e7b1473780
UVM_INFO out_mon.sv(31) @ 23251631: uvm_test_top.env0.out_mon_h [OUT_MON] GOT AN OUTPUT!: cb6d95c79e49
UVM_INFO out_mon.sv(31) @ 23256611: uvm_test_top.env0.out_mon_h [OUT_MON] GOT AN OUTPUT!: e9f86749d2d4
UVM_INFO out_mon.sv(31) @ 23261591: uvm_test_top.env0.out_mon_h [OUT_MON] GOT AN OUTPUT!: 2f4f5ae510c5
UVM_INFO out_mon.sv(31) @ 23266571: uvm_test_top.env0.out_mon_h [OUT_MON] GOT AN OUTPUT!: 0e65c683dbe1
UVM_INFO out_mon.sv(31) @ 23271551: uvm_test_top.env0.out_mon_h [OUT_MON] GOT AN OUTPUT!: 2d38488d46f7
UVM_INFO out_mon.sv(31) @ 23276531: uvm_test_top.env0.out_mon_h [OUT_MON] GOT AN OUTPUT!: e6b8c1456a0c
UVM_INFO out_mon.sv(31) @ 23281511: uvm_test_top.env0.out_mon_h [OUT_MON] GOT AN OUTPUT!: 5799e87cb966
UVM_INFO out_mon.sv(31) @ 23286491: uvm_test_top.env0.out_mon_h [OUT_MON] GOT AN OUTPUT!: ae3f8de65e5d
UVM_INFO out_mon.sv(31) @ 23291471: uvm_test_top.env0.out_mon_h [OUT_MON] GOT AN OUTPUT!: 35993a2da466
UVM_INFO out_mon.sv(31) @ 23296451: uvm_test_top.env0.out_mon_h [OUT_MON] GOT AN OUTPUT!: 5303dea251bb
UVM_INFO out_mon.sv(31) @ 23301431: uvm_test_top.env0.out_mon_h [OUT_MON] GOT AN OUTPUT!: 6f2410140712
UVM_INFO out_mon.sv(31) @ 23306411: uvm_test_top.env0.out_mon_h [OUT_MON] GOT AN OUTPUT!: 81d39b34a1f2
UVM_INFO out_mon.sv(31) @ 23311391: uvm_test_top.env0.out_mon_h [OUT_MON] GOT AN OUTPUT!: b8ebb399994b
UVM_INFO out_mon.sv(31) @ 23316371: uvm_test_top.env0.out_mon_h [OUT_MON] GOT AN OUTPUT!: 7238003466be
UVM_INFO out_mon.sv(31) @ 23321351: uvm_test_top.env0.out_mon_h [OUT_MON] GOT AN OUTPUT!: 805497d9da99
UVM_INFO out_mon.sv(31) @ 23326331: uvm_test_top.env0.out_mon_h [OUT_MON] GOT AN OUTPUT!: 7282e6308386
UVM_INFO out_mon.sv(31) @ 23331311: uvm_test_top.env0.out_mon_h [OUT_MON] GOT AN OUTPUT!: 578e881e0574
UVM_INFO out_mon.sv(31) @ 23336291: uvm_test_top.env0.out_mon_h [OUT_MON] GOT AN OUTPUT!: 33b9288b8c0b
UVM_INFO out_mon.sv(31) @ 23341271: uvm_test_top.env0.out_mon_h [OUT_MON] GOT AN OUTPUT!: 2186221917e2
UVM_INFO out_mon.sv(31) @ 23346251: uvm_test_top.env0.out_mon_h [OUT_MON] GOT AN OUTPUT!: d5acd717e3bc
UVM_INFO out_mon.sv(31) @ 23351231: uvm_test_top.env0.out_mon_h [OUT_MON] GOT AN OUTPUT!: fde7dfe3c9f1
UVM_INFO out_mon.sv(31) @ 23356211: uvm_test_top.env0.out_mon_h [OUT_MON] GOT AN OUTPUT!: b2e54d73a0ec
UVM_INFO out_mon.sv(31) @ 23361191: uvm_test_top.env0.out_mon_h [OUT_MON] GOT AN OUTPUT!: f51cafb899f9
UVM_INFO out_mon.sv(31) @ 23366171: uvm_test_top.env0.out_mon_h [OUT_MON] GOT AN OUTPUT!: ecb0ad24a0a0
UVM_INFO out_mon.sv(31) @ 23371151: uvm_test_top.env0.out_mon_h [OUT_MON] GOT AN OUTPUT!: 6453526fc21c
UVM_INFO out_mon.sv(31) @ 23376131: uvm_test_top.env0.out_mon_h [OUT_MON] GOT AN OUTPUT!: b71dfb748324
UVM_INFO out_mon.sv(31) @ 23381111: uvm_test_top.env0.out_mon_h [OUT_MON] GOT AN OUTPUT!: 297566bb420d
UVM_INFO out_mon.sv(31) @ 23386091: uvm_test_top.env0.out_mon_h [OUT_MON] GOT AN OUTPUT!: 64f24e0ca138
UVM_INFO out_mon.sv(31) @ 23391071: uvm_test_top.env0.out_mon_h [OUT_MON] GOT AN OUTPUT!: 8f307122d57e
UVM_INFO out_mon.sv(31) @ 23396051: uvm_test_top.env0.out_mon_h [OUT_MON] GOT AN OUTPUT!: 33bf4c5214e8
UVM_INFO out_mon.sv(31) @ 23401031: uvm_test_top.env0.out_mon_h [OUT_MON] GOT AN OUTPUT!: f8f0c7bff343
UVM_INFO out_mon.sv(31) @ 23406011: uvm_test_top.env0.out_mon_h [OUT_MON] GOT AN OUTPUT!: d7cc6f81bcf1
UVM_INFO out_mon.sv(31) @ 23410991: uvm_test_top.env0.out_mon_h [OUT_MON] GOT AN OUTPUT!: 4ee3a4b9dc95
UVM_INFO out_mon.sv(31) @ 23415971: uvm_test_top.env0.out_mon_h [OUT_MON] GOT AN OUTPUT!: c82a438c36c1
UVM_INFO out_mon.sv(31) @ 23420951: uvm_test_top.env0.out_mon_h [OUT_MON] GOT AN OUTPUT!: 29ef46818b6f
UVM_INFO out_mon.sv(31) @ 23425931: uvm_test_top.env0.out_mon_h [OUT_MON] GOT AN OUTPUT!: 4aa220b1daef
UVM_INFO out_mon.sv(31) @ 23430911: uvm_test_top.env0.out_mon_h [OUT_MON] GOT AN OUTPUT!: bfc773cdbc7f
UVM_INFO out_mon.sv(31) @ 23435891: uvm_test_top.env0.out_mon_h [OUT_MON] GOT AN OUTPUT!: 3fc288dec749
UVM_INFO out_mon.sv(31) @ 23440871: uvm_test_top.env0.out_mon_h [OUT_MON] GOT AN OUTPUT!: 8ed03556eaa8
UVM_INFO out_mon.sv(31) @ 23445851: uvm_test_top.env0.out_mon_h [OUT_MON] GOT AN OUTPUT!: aed5b7c6d53d
UVM_INFO out_mon.sv(31) @ 23450831: uvm_test_top.env0.out_mon_h [OUT_MON] GOT AN OUTPUT!: ca3c2353537e
UVM_INFO out_mon.sv(31) @ 23455811: uvm_test_top.env0.out_mon_h [OUT_MON] GOT AN OUTPUT!: 11e582c1a4cf
UVM_INFO out_mon.sv(31) @ 23460791: uvm_test_top.env0.out_mon_h [OUT_MON] GOT AN OUTPUT!: 85f71db2f1c5
UVM_INFO out_mon.sv(31) @ 23465771: uvm_test_top.env0.out_mon_h [OUT_MON] GOT AN OUTPUT!: 61c11a6691da
UVM_INFO out_mon.sv(31) @ 23470751: uvm_test_top.env0.out_mon_h [OUT_MON] GOT AN OUTPUT!: a2a7bd1b7e60
UVM_INFO out_mon.sv(31) @ 23475731: uvm_test_top.env0.out_mon_h [OUT_MON] GOT AN OUTPUT!: e1f2d1e8b2cf
UVM_INFO out_mon.sv(31) @ 23480711: uvm_test_top.env0.out_mon_h [OUT_MON] GOT AN OUTPUT!: 79bd6ea47dad
UVM_INFO out_mon.sv(31) @ 23485691: uvm_test_top.env0.out_mon_h [OUT_MON] GOT AN OUTPUT!: acc96d32e9aa
UVM_INFO out_mon.sv(31) @ 23490671: uvm_test_top.env0.out_mon_h [OUT_MON] GOT AN OUTPUT!: 49646e5322c4
UVM_INFO out_mon.sv(31) @ 23495651: uvm_test_top.env0.out_mon_h [OUT_MON] GOT AN OUTPUT!: ff4c2dc3d157
UVM_INFO out_mon.sv(31) @ 23500631: uvm_test_top.env0.out_mon_h [OUT_MON] GOT AN OUTPUT!: 608896567192
UVM_INFO out_mon.sv(31) @ 23505611: uvm_test_top.env0.out_mon_h [OUT_MON] GOT AN OUTPUT!: 454a1849c342
UVM_INFO out_mon.sv(31) @ 23510591: uvm_test_top.env0.out_mon_h [OUT_MON] GOT AN OUTPUT!: 0ad54e031e46
UVM_INFO out_mon.sv(31) @ 23515571: uvm_test_top.env0.out_mon_h [OUT_MON] GOT AN OUTPUT!: e5509dfedc41
UVM_INFO out_mon.sv(31) @ 23520551: uvm_test_top.env0.out_mon_h [OUT_MON] GOT AN OUTPUT!: 3cb46e8faa09
UVM_INFO out_mon.sv(31) @ 23525531: uvm_test_top.env0.out_mon_h [OUT_MON] GOT AN OUTPUT!: cca937c4f99b
UVM_INFO out_mon.sv(31) @ 23530511: uvm_test_top.env0.out_mon_h [OUT_MON] GOT AN OUTPUT!: ff577d90507f
UVM_INFO out_mon.sv(31) @ 23535491: uvm_test_top.env0.out_mon_h [OUT_MON] GOT AN OUTPUT!: bb5f1301b658
UVM_INFO out_mon.sv(31) @ 23540471: uvm_test_top.env0.out_mon_h [OUT_MON] GOT AN OUTPUT!: 9ca611330cfc
UVM_INFO out_mon.sv(31) @ 23545451: uvm_test_top.env0.out_mon_h [OUT_MON] GOT AN OUTPUT!: 5041623a709e
UVM_INFO out_mon.sv(31) @ 23550431: uvm_test_top.env0.out_mon_h [OUT_MON] GOT AN OUTPUT!: 8b4daf3b9bf2
UVM_INFO out_mon.sv(31) @ 23555411: uvm_test_top.env0.out_mon_h [OUT_MON] GOT AN OUTPUT!: d4d86770404e
UVM_INFO out_mon.sv(31) @ 23560391: uvm_test_top.env0.out_mon_h [OUT_MON] GOT AN OUTPUT!: 1abb0ebf7487
UVM_INFO out_mon.sv(31) @ 23565371: uvm_test_top.env0.out_mon_h [OUT_MON] GOT AN OUTPUT!: c974d93c0594
UVM_INFO out_mon.sv(31) @ 23570351: uvm_test_top.env0.out_mon_h [OUT_MON] GOT AN OUTPUT!: df1603a1dbd1
UVM_INFO out_mon.sv(31) @ 23575331: uvm_test_top.env0.out_mon_h [OUT_MON] GOT AN OUTPUT!: 311cb4aa59a7
UVM_INFO out_mon.sv(31) @ 23580311: uvm_test_top.env0.out_mon_h [OUT_MON] GOT AN OUTPUT!: dd50fbcfc4ab
UVM_INFO out_mon.sv(31) @ 23585291: uvm_test_top.env0.out_mon_h [OUT_MON] GOT AN OUTPUT!: 9da20fd79b75
UVM_INFO out_mon.sv(31) @ 23590271: uvm_test_top.env0.out_mon_h [OUT_MON] GOT AN OUTPUT!: 7712523bf0a2
UVM_INFO out_mon.sv(31) @ 23595251: uvm_test_top.env0.out_mon_h [OUT_MON] GOT AN OUTPUT!: fb8c0f4be16c
UVM_INFO out_mon.sv(31) @ 23600231: uvm_test_top.env0.out_mon_h [OUT_MON] GOT AN OUTPUT!: 16cb6a9adde7
UVM_INFO out_mon.sv(31) @ 23605211: uvm_test_top.env0.out_mon_h [OUT_MON] GOT AN OUTPUT!: 1e2b94170d18
UVM_INFO out_mon.sv(31) @ 23610191: uvm_test_top.env0.out_mon_h [OUT_MON] GOT AN OUTPUT!: 9ba2cbdec1c9
UVM_INFO out_mon.sv(31) @ 23615171: uvm_test_top.env0.out_mon_h [OUT_MON] GOT AN OUTPUT!: 0b88a8acb8d3
UVM_INFO out_mon.sv(31) @ 23620151: uvm_test_top.env0.out_mon_h [OUT_MON] GOT AN OUTPUT!: 8586377398ac
UVM_INFO out_mon.sv(31) @ 23625131: uvm_test_top.env0.out_mon_h [OUT_MON] GOT AN OUTPUT!: 08716280413f
UVM_INFO out_mon.sv(31) @ 23630111: uvm_test_top.env0.out_mon_h [OUT_MON] GOT AN OUTPUT!: e124f53b25ee
UVM_INFO out_mon.sv(31) @ 23635091: uvm_test_top.env0.out_mon_h [OUT_MON] GOT AN OUTPUT!: 646e3c60bfb8
UVM_INFO out_mon.sv(31) @ 23640071: uvm_test_top.env0.out_mon_h [OUT_MON] GOT AN OUTPUT!: f3e63f48dfba
UVM_INFO out_mon.sv(31) @ 23645051: uvm_test_top.env0.out_mon_h [OUT_MON] GOT AN OUTPUT!: 05cf86951089
UVM_INFO out_mon.sv(31) @ 23650031: uvm_test_top.env0.out_mon_h [OUT_MON] GOT AN OUTPUT!: a7f9195e0042
UVM_INFO out_mon.sv(31) @ 23655011: uvm_test_top.env0.out_mon_h [OUT_MON] GOT AN OUTPUT!: b59efbb7d301
UVM_INFO out_mon.sv(31) @ 23659991: uvm_test_top.env0.out_mon_h [OUT_MON] GOT AN OUTPUT!: b84875258b50
UVM_INFO out_mon.sv(31) @ 23664971: uvm_test_top.env0.out_mon_h [OUT_MON] GOT AN OUTPUT!: 2ba82c536140
UVM_INFO out_mon.sv(31) @ 23669951: uvm_test_top.env0.out_mon_h [OUT_MON] GOT AN OUTPUT!: 9c81fd3034aa
UVM_INFO out_mon.sv(31) @ 23674931: uvm_test_top.env0.out_mon_h [OUT_MON] GOT AN OUTPUT!: da7bb93dd6d8
UVM_INFO out_mon.sv(31) @ 23679911: uvm_test_top.env0.out_mon_h [OUT_MON] GOT AN OUTPUT!: 350f4eb07d47
UVM_INFO out_mon.sv(31) @ 23684891: uvm_test_top.env0.out_mon_h [OUT_MON] GOT AN OUTPUT!: 7b5f0ab51109
UVM_INFO out_mon.sv(31) @ 23689871: uvm_test_top.env0.out_mon_h [OUT_MON] GOT AN OUTPUT!: 371d0cf69ec1
UVM_INFO out_mon.sv(31) @ 23694851: uvm_test_top.env0.out_mon_h [OUT_MON] GOT AN OUTPUT!: 5a61903aaace
UVM_INFO out_mon.sv(31) @ 23699831: uvm_test_top.env0.out_mon_h [OUT_MON] GOT AN OUTPUT!: 58969aac9609
UVM_INFO out_mon.sv(31) @ 23704811: uvm_test_top.env0.out_mon_h [OUT_MON] GOT AN OUTPUT!: 624e2c2ffe70
UVM_INFO out_mon.sv(31) @ 23709791: uvm_test_top.env0.out_mon_h [OUT_MON] GOT AN OUTPUT!: 3c2ad8d221c5
UVM_INFO out_mon.sv(31) @ 23714771: uvm_test_top.env0.out_mon_h [OUT_MON] GOT AN OUTPUT!: e8b2d7322dd8
UVM_INFO out_mon.sv(31) @ 23719751: uvm_test_top.env0.out_mon_h [OUT_MON] GOT AN OUTPUT!: 1d43b678b666
UVM_INFO out_mon.sv(31) @ 23724731: uvm_test_top.env0.out_mon_h [OUT_MON] GOT AN OUTPUT!: 39da1c360c5a
UVM_INFO out_mon.sv(31) @ 23729711: uvm_test_top.env0.out_mon_h [OUT_MON] GOT AN OUTPUT!: 3c0bfc3f9958
UVM_INFO out_mon.sv(31) @ 23734691: uvm_test_top.env0.out_mon_h [OUT_MON] GOT AN OUTPUT!: e4d17f643c2e
UVM_INFO out_mon.sv(31) @ 23739671: uvm_test_top.env0.out_mon_h [OUT_MON] GOT AN OUTPUT!: 09701c8fbe4f
UVM_INFO out_mon.sv(31) @ 23744651: uvm_test_top.env0.out_mon_h [OUT_MON] GOT AN OUTPUT!: c7616fb51953
UVM_INFO out_mon.sv(31) @ 23749631: uvm_test_top.env0.out_mon_h [OUT_MON] GOT AN OUTPUT!: 131e6097e72b
UVM_INFO out_mon.sv(31) @ 23754611: uvm_test_top.env0.out_mon_h [OUT_MON] GOT AN OUTPUT!: da18cd4cbd0c
UVM_INFO out_mon.sv(31) @ 23759591: uvm_test_top.env0.out_mon_h [OUT_MON] GOT AN OUTPUT!: af8259088c66
UVM_INFO out_mon.sv(31) @ 23764571: uvm_test_top.env0.out_mon_h [OUT_MON] GOT AN OUTPUT!: bc43b19704bd
UVM_INFO out_mon.sv(31) @ 23769551: uvm_test_top.env0.out_mon_h [OUT_MON] GOT AN OUTPUT!: 69c6da8fed83
UVM_INFO out_mon.sv(31) @ 23774531: uvm_test_top.env0.out_mon_h [OUT_MON] GOT AN OUTPUT!: ffea75238c4e
UVM_INFO out_mon.sv(31) @ 23779511: uvm_test_top.env0.out_mon_h [OUT_MON] GOT AN OUTPUT!: 2dd76016027c
UVM_INFO out_mon.sv(31) @ 23784491: uvm_test_top.env0.out_mon_h [OUT_MON] GOT AN OUTPUT!: 35dfae41afde
UVM_INFO out_mon.sv(31) @ 23789471: uvm_test_top.env0.out_mon_h [OUT_MON] GOT AN OUTPUT!: 346136b88aa1
UVM_INFO out_mon.sv(31) @ 23794451: uvm_test_top.env0.out_mon_h [OUT_MON] GOT AN OUTPUT!: b9a9175c8bf0
UVM_INFO out_mon.sv(31) @ 23799431: uvm_test_top.env0.out_mon_h [OUT_MON] GOT AN OUTPUT!: aece3b8700e5
UVM_INFO out_mon.sv(31) @ 23804411: uvm_test_top.env0.out_mon_h [OUT_MON] GOT AN OUTPUT!: 3d971e16f8d2
UVM_INFO out_mon.sv(31) @ 23809391: uvm_test_top.env0.out_mon_h [OUT_MON] GOT AN OUTPUT!: 334e92fe9f09
UVM_INFO out_mon.sv(31) @ 23814371: uvm_test_top.env0.out_mon_h [OUT_MON] GOT AN OUTPUT!: 16b216279770
UVM_INFO out_mon.sv(31) @ 23819351: uvm_test_top.env0.out_mon_h [OUT_MON] GOT AN OUTPUT!: e8c81f4662ae
UVM_INFO out_mon.sv(31) @ 23824331: uvm_test_top.env0.out_mon_h [OUT_MON] GOT AN OUTPUT!: 48c9b0f4c155
UVM_INFO out_mon.sv(31) @ 23829311: uvm_test_top.env0.out_mon_h [OUT_MON] GOT AN OUTPUT!: 72ee262b0aaa
UVM_INFO out_mon.sv(31) @ 23834291: uvm_test_top.env0.out_mon_h [OUT_MON] GOT AN OUTPUT!: 5264d6f09307
UVM_INFO out_mon.sv(31) @ 23839271: uvm_test_top.env0.out_mon_h [OUT_MON] GOT AN OUTPUT!: 9e26e1db0eb7
UVM_INFO out_mon.sv(31) @ 23844251: uvm_test_top.env0.out_mon_h [OUT_MON] GOT AN OUTPUT!: b8d575b4e979
UVM_INFO out_mon.sv(31) @ 23849231: uvm_test_top.env0.out_mon_h [OUT_MON] GOT AN OUTPUT!: cba06762ace0
UVM_INFO out_mon.sv(31) @ 23854211: uvm_test_top.env0.out_mon_h [OUT_MON] GOT AN OUTPUT!: 542558df5ecf
UVM_INFO out_mon.sv(31) @ 23859191: uvm_test_top.env0.out_mon_h [OUT_MON] GOT AN OUTPUT!: 1d47c4e7e1a7
UVM_INFO out_mon.sv(31) @ 23864171: uvm_test_top.env0.out_mon_h [OUT_MON] GOT AN OUTPUT!: 5b1eaaad4e2d
UVM_INFO out_mon.sv(31) @ 23869151: uvm_test_top.env0.out_mon_h [OUT_MON] GOT AN OUTPUT!: 61c686a66563
UVM_INFO out_mon.sv(31) @ 23874131: uvm_test_top.env0.out_mon_h [OUT_MON] GOT AN OUTPUT!: 2f4e3257d9bc
UVM_INFO out_mon.sv(31) @ 23879111: uvm_test_top.env0.out_mon_h [OUT_MON] GOT AN OUTPUT!: c08ab1abb8c5
UVM_INFO out_mon.sv(31) @ 23884091: uvm_test_top.env0.out_mon_h [OUT_MON] GOT AN OUTPUT!: e900e52fd5b2
UVM_INFO out_mon.sv(31) @ 23889071: uvm_test_top.env0.out_mon_h [OUT_MON] GOT AN OUTPUT!: 25c058531606
UVM_INFO out_mon.sv(31) @ 23894051: uvm_test_top.env0.out_mon_h [OUT_MON] GOT AN OUTPUT!: a343eb79e07e
UVM_INFO out_mon.sv(31) @ 23899031: uvm_test_top.env0.out_mon_h [OUT_MON] GOT AN OUTPUT!: 6e53c88179ad
UVM_INFO out_mon.sv(31) @ 23904011: uvm_test_top.env0.out_mon_h [OUT_MON] GOT AN OUTPUT!: 87df9f0a59e8
UVM_INFO out_mon.sv(31) @ 23908991: uvm_test_top.env0.out_mon_h [OUT_MON] GOT AN OUTPUT!: 53ec94a19d65
UVM_INFO out_mon.sv(31) @ 23913971: uvm_test_top.env0.out_mon_h [OUT_MON] GOT AN OUTPUT!: 9b63b7a15841
UVM_INFO out_mon.sv(31) @ 23918951: uvm_test_top.env0.out_mon_h [OUT_MON] GOT AN OUTPUT!: 18fb545ffee8
UVM_INFO out_mon.sv(31) @ 23923931: uvm_test_top.env0.out_mon_h [OUT_MON] GOT AN OUTPUT!: 49181c06bc7c
UVM_INFO out_mon.sv(31) @ 23928911: uvm_test_top.env0.out_mon_h [OUT_MON] GOT AN OUTPUT!: f4ab7b26da66
UVM_INFO out_mon.sv(31) @ 23933891: uvm_test_top.env0.out_mon_h [OUT_MON] GOT AN OUTPUT!: af0f91e62147
UVM_INFO out_mon.sv(31) @ 23938871: uvm_test_top.env0.out_mon_h [OUT_MON] GOT AN OUTPUT!: 3ee81a5a2d66
UVM_INFO out_mon.sv(31) @ 23943851: uvm_test_top.env0.out_mon_h [OUT_MON] GOT AN OUTPUT!: aa0cbd6adef8
UVM_INFO out_mon.sv(31) @ 23948831: uvm_test_top.env0.out_mon_h [OUT_MON] GOT AN OUTPUT!: 5c5dd853b0a4
UVM_INFO out_mon.sv(31) @ 23953811: uvm_test_top.env0.out_mon_h [OUT_MON] GOT AN OUTPUT!: a1a3b79c176f
UVM_INFO out_mon.sv(31) @ 23958791: uvm_test_top.env0.out_mon_h [OUT_MON] GOT AN OUTPUT!: 6a76121ee0d0
UVM_INFO out_mon.sv(31) @ 23963771: uvm_test_top.env0.out_mon_h [OUT_MON] GOT AN OUTPUT!: 141da478a0b4
UVM_INFO out_mon.sv(31) @ 23968751: uvm_test_top.env0.out_mon_h [OUT_MON] GOT AN OUTPUT!: ab6263f4fdb5
UVM_INFO out_mon.sv(31) @ 23973731: uvm_test_top.env0.out_mon_h [OUT_MON] GOT AN OUTPUT!: e28583d31a8b
UVM_INFO out_mon.sv(31) @ 23978711: uvm_test_top.env0.out_mon_h [OUT_MON] GOT AN OUTPUT!: b20b7778fcc0
UVM_INFO out_mon.sv(31) @ 23983691: uvm_test_top.env0.out_mon_h [OUT_MON] GOT AN OUTPUT!: 5ca6c2ede0a1
UVM_INFO out_mon.sv(31) @ 23988671: uvm_test_top.env0.out_mon_h [OUT_MON] GOT AN OUTPUT!: 4e1b84b3a151
UVM_INFO out_mon.sv(31) @ 23993651: uvm_test_top.env0.out_mon_h [OUT_MON] GOT AN OUTPUT!: 0d11aad70ea7
UVM_INFO out_mon.sv(31) @ 23998631: uvm_test_top.env0.out_mon_h [OUT_MON] GOT AN OUTPUT!: 380038cf60dd
UVM_INFO out_mon.sv(31) @ 24003611: uvm_test_top.env0.out_mon_h [OUT_MON] GOT AN OUTPUT!: 450d448480fb
UVM_INFO out_mon.sv(31) @ 24008591: uvm_test_top.env0.out_mon_h [OUT_MON] GOT AN OUTPUT!: 7ce578947a57
UVM_INFO out_mon.sv(31) @ 24013571: uvm_test_top.env0.out_mon_h [OUT_MON] GOT AN OUTPUT!: 68a7d0afd223
UVM_INFO out_mon.sv(31) @ 24018551: uvm_test_top.env0.out_mon_h [OUT_MON] GOT AN OUTPUT!: aab9cfa4ebcb
UVM_INFO out_mon.sv(31) @ 24023531: uvm_test_top.env0.out_mon_h [OUT_MON] GOT AN OUTPUT!: faac59725ed4
UVM_INFO out_mon.sv(31) @ 24028511: uvm_test_top.env0.out_mon_h [OUT_MON] GOT AN OUTPUT!: bc24d3786ab6
UVM_INFO out_mon.sv(31) @ 24033491: uvm_test_top.env0.out_mon_h [OUT_MON] GOT AN OUTPUT!: 68a98ca145b3
UVM_INFO out_mon.sv(31) @ 24038471: uvm_test_top.env0.out_mon_h [OUT_MON] GOT AN OUTPUT!: c49571187b06
UVM_INFO out_mon.sv(31) @ 24043451: uvm_test_top.env0.out_mon_h [OUT_MON] GOT AN OUTPUT!: 96e963e95d8b
UVM_INFO out_mon.sv(31) @ 24048431: uvm_test_top.env0.out_mon_h [OUT_MON] GOT AN OUTPUT!: 5c35609c5237
UVM_INFO out_mon.sv(31) @ 24053411: uvm_test_top.env0.out_mon_h [OUT_MON] GOT AN OUTPUT!: 2c76bcab443f
UVM_INFO out_mon.sv(31) @ 24058391: uvm_test_top.env0.out_mon_h [OUT_MON] GOT AN OUTPUT!: cbf2a364f398
UVM_INFO out_mon.sv(31) @ 24063371: uvm_test_top.env0.out_mon_h [OUT_MON] GOT AN OUTPUT!: 9f1f7b975813
UVM_INFO out_mon.sv(31) @ 24068351: uvm_test_top.env0.out_mon_h [OUT_MON] GOT AN OUTPUT!: f9796919121c
UVM_INFO out_mon.sv(31) @ 24073331: uvm_test_top.env0.out_mon_h [OUT_MON] GOT AN OUTPUT!: ff6f4109b4a2
UVM_INFO out_mon.sv(31) @ 24078311: uvm_test_top.env0.out_mon_h [OUT_MON] GOT AN OUTPUT!: 13342c6131b2
UVM_INFO out_mon.sv(31) @ 24083291: uvm_test_top.env0.out_mon_h [OUT_MON] GOT AN OUTPUT!: 84b063263424
UVM_INFO out_mon.sv(31) @ 24088271: uvm_test_top.env0.out_mon_h [OUT_MON] GOT AN OUTPUT!: fc51576389ae
UVM_INFO out_mon.sv(31) @ 24093251: uvm_test_top.env0.out_mon_h [OUT_MON] GOT AN OUTPUT!: d8f01fb47547
UVM_INFO out_mon.sv(31) @ 24098231: uvm_test_top.env0.out_mon_h [OUT_MON] GOT AN OUTPUT!: 78b966001720
UVM_INFO out_mon.sv(31) @ 24103211: uvm_test_top.env0.out_mon_h [OUT_MON] GOT AN OUTPUT!: 24fcccbbcf4d
UVM_INFO out_mon.sv(31) @ 24108191: uvm_test_top.env0.out_mon_h [OUT_MON] GOT AN OUTPUT!: 191bb6cc97a3
UVM_INFO out_mon.sv(31) @ 24113171: uvm_test_top.env0.out_mon_h [OUT_MON] GOT AN OUTPUT!: dc5ff1df63ab
UVM_INFO out_mon.sv(31) @ 24118151: uvm_test_top.env0.out_mon_h [OUT_MON] GOT AN OUTPUT!: e6e1f7d0829f
UVM_INFO out_mon.sv(31) @ 24123131: uvm_test_top.env0.out_mon_h [OUT_MON] GOT AN OUTPUT!: 4962047a09e0
UVM_INFO out_mon.sv(31) @ 24128111: uvm_test_top.env0.out_mon_h [OUT_MON] GOT AN OUTPUT!: d03795011a62
UVM_INFO out_mon.sv(31) @ 24133091: uvm_test_top.env0.out_mon_h [OUT_MON] GOT AN OUTPUT!: d916c97a5fba
UVM_INFO out_mon.sv(31) @ 24138071: uvm_test_top.env0.out_mon_h [OUT_MON] GOT AN OUTPUT!: d40bdd7d561a
UVM_INFO out_mon.sv(31) @ 24143051: uvm_test_top.env0.out_mon_h [OUT_MON] GOT AN OUTPUT!: 274700fec1c3
UVM_INFO out_mon.sv(31) @ 24148031: uvm_test_top.env0.out_mon_h [OUT_MON] GOT AN OUTPUT!: ee074f89f52b
UVM_INFO out_mon.sv(31) @ 24153011: uvm_test_top.env0.out_mon_h [OUT_MON] GOT AN OUTPUT!: ca7b69b14b0f
UVM_INFO out_mon.sv(31) @ 24157991: uvm_test_top.env0.out_mon_h [OUT_MON] GOT AN OUTPUT!: c299e54d73bc
UVM_INFO out_mon.sv(31) @ 24162971: uvm_test_top.env0.out_mon_h [OUT_MON] GOT AN OUTPUT!: e002c5e3d91d
UVM_INFO out_mon.sv(31) @ 24167951: uvm_test_top.env0.out_mon_h [OUT_MON] GOT AN OUTPUT!: 0aebaa4c0820
UVM_INFO out_mon.sv(31) @ 24172931: uvm_test_top.env0.out_mon_h [OUT_MON] GOT AN OUTPUT!: 57ebde6c0610
UVM_INFO out_mon.sv(31) @ 24177911: uvm_test_top.env0.out_mon_h [OUT_MON] GOT AN OUTPUT!: c0e87da3b3e7
UVM_INFO out_mon.sv(31) @ 24182891: uvm_test_top.env0.out_mon_h [OUT_MON] GOT AN OUTPUT!: 00fa383f2ee6
UVM_INFO out_mon.sv(31) @ 24187871: uvm_test_top.env0.out_mon_h [OUT_MON] GOT AN OUTPUT!: 0b415808312c
UVM_INFO out_mon.sv(31) @ 24192851: uvm_test_top.env0.out_mon_h [OUT_MON] GOT AN OUTPUT!: 54c57cce70f3
UVM_INFO out_mon.sv(31) @ 24197831: uvm_test_top.env0.out_mon_h [OUT_MON] GOT AN OUTPUT!: e95ce77efc0c
UVM_INFO out_mon.sv(31) @ 24202811: uvm_test_top.env0.out_mon_h [OUT_MON] GOT AN OUTPUT!: 038f4222a556
UVM_INFO out_mon.sv(31) @ 24207791: uvm_test_top.env0.out_mon_h [OUT_MON] GOT AN OUTPUT!: 9f68dfdb51c5
UVM_INFO out_mon.sv(31) @ 24212771: uvm_test_top.env0.out_mon_h [OUT_MON] GOT AN OUTPUT!: 406838b86897
UVM_INFO out_mon.sv(31) @ 24217751: uvm_test_top.env0.out_mon_h [OUT_MON] GOT AN OUTPUT!: e252cdfa2c65
UVM_INFO out_mon.sv(31) @ 24222731: uvm_test_top.env0.out_mon_h [OUT_MON] GOT AN OUTPUT!: cd1d611c1834
UVM_INFO out_mon.sv(31) @ 24227711: uvm_test_top.env0.out_mon_h [OUT_MON] GOT AN OUTPUT!: c3c6d9be499b
UVM_INFO out_mon.sv(31) @ 24232691: uvm_test_top.env0.out_mon_h [OUT_MON] GOT AN OUTPUT!: c6396345d146
UVM_INFO out_mon.sv(31) @ 24237671: uvm_test_top.env0.out_mon_h [OUT_MON] GOT AN OUTPUT!: 5e2c32cc2287
UVM_INFO out_mon.sv(31) @ 24242651: uvm_test_top.env0.out_mon_h [OUT_MON] GOT AN OUTPUT!: 2f0792b56d05
UVM_INFO out_mon.sv(31) @ 24247631: uvm_test_top.env0.out_mon_h [OUT_MON] GOT AN OUTPUT!: 40b49805f618
UVM_INFO out_mon.sv(31) @ 24252611: uvm_test_top.env0.out_mon_h [OUT_MON] GOT AN OUTPUT!: 3d93c64e8754
UVM_INFO out_mon.sv(31) @ 24257591: uvm_test_top.env0.out_mon_h [OUT_MON] GOT AN OUTPUT!: 9b49c7c7c0db
UVM_INFO out_mon.sv(31) @ 24262571: uvm_test_top.env0.out_mon_h [OUT_MON] GOT AN OUTPUT!: 66ab98f47f1b
UVM_INFO out_mon.sv(31) @ 24267551: uvm_test_top.env0.out_mon_h [OUT_MON] GOT AN OUTPUT!: 2a9728e33cc9
UVM_INFO out_mon.sv(31) @ 24272531: uvm_test_top.env0.out_mon_h [OUT_MON] GOT AN OUTPUT!: 29d91ce66d9d
UVM_INFO out_mon.sv(31) @ 24277511: uvm_test_top.env0.out_mon_h [OUT_MON] GOT AN OUTPUT!: e4099b5be4f6
UVM_INFO out_mon.sv(31) @ 24282491: uvm_test_top.env0.out_mon_h [OUT_MON] GOT AN OUTPUT!: 9d6aaddb3185
UVM_INFO out_mon.sv(31) @ 24287471: uvm_test_top.env0.out_mon_h [OUT_MON] GOT AN OUTPUT!: 61ccb2e2f8a9
UVM_INFO out_mon.sv(31) @ 24292451: uvm_test_top.env0.out_mon_h [OUT_MON] GOT AN OUTPUT!: ba6aeddd63e5
UVM_INFO out_mon.sv(31) @ 24297431: uvm_test_top.env0.out_mon_h [OUT_MON] GOT AN OUTPUT!: 0eca341370d0
UVM_INFO out_mon.sv(31) @ 24302411: uvm_test_top.env0.out_mon_h [OUT_MON] GOT AN OUTPUT!: 68a586e760db
UVM_INFO out_mon.sv(31) @ 24307391: uvm_test_top.env0.out_mon_h [OUT_MON] GOT AN OUTPUT!: 12b4426e0a42
UVM_INFO out_mon.sv(31) @ 24312371: uvm_test_top.env0.out_mon_h [OUT_MON] GOT AN OUTPUT!: 4aa6ca3f4716
UVM_INFO out_mon.sv(31) @ 24317351: uvm_test_top.env0.out_mon_h [OUT_MON] GOT AN OUTPUT!: fdf1f91542d8
UVM_INFO out_mon.sv(31) @ 24322331: uvm_test_top.env0.out_mon_h [OUT_MON] GOT AN OUTPUT!: 49bbc692f0f1
UVM_INFO out_mon.sv(31) @ 24327311: uvm_test_top.env0.out_mon_h [OUT_MON] GOT AN OUTPUT!: 35afe44954b8
UVM_INFO out_mon.sv(31) @ 24332291: uvm_test_top.env0.out_mon_h [OUT_MON] GOT AN OUTPUT!: e1ede7d3f95f
UVM_INFO out_mon.sv(31) @ 24337271: uvm_test_top.env0.out_mon_h [OUT_MON] GOT AN OUTPUT!: 1fdb10a43cef
UVM_INFO out_mon.sv(31) @ 24342251: uvm_test_top.env0.out_mon_h [OUT_MON] GOT AN OUTPUT!: 2e0ac2d3be61
UVM_INFO out_mon.sv(31) @ 24347231: uvm_test_top.env0.out_mon_h [OUT_MON] GOT AN OUTPUT!: 0f1d2e15b7ae
UVM_INFO out_mon.sv(31) @ 24352211: uvm_test_top.env0.out_mon_h [OUT_MON] GOT AN OUTPUT!: b39e179f5a35
UVM_INFO out_mon.sv(31) @ 24357191: uvm_test_top.env0.out_mon_h [OUT_MON] GOT AN OUTPUT!: eee5859f3e3d
UVM_INFO out_mon.sv(31) @ 24362171: uvm_test_top.env0.out_mon_h [OUT_MON] GOT AN OUTPUT!: eef5af9bac01
UVM_INFO out_mon.sv(31) @ 24367151: uvm_test_top.env0.out_mon_h [OUT_MON] GOT AN OUTPUT!: af5e1dd00e0d
UVM_INFO out_mon.sv(31) @ 24372131: uvm_test_top.env0.out_mon_h [OUT_MON] GOT AN OUTPUT!: 9f1a25614c2e
UVM_INFO out_mon.sv(31) @ 24377111: uvm_test_top.env0.out_mon_h [OUT_MON] GOT AN OUTPUT!: 7175e80127e8
UVM_INFO out_mon.sv(31) @ 24382091: uvm_test_top.env0.out_mon_h [OUT_MON] GOT AN OUTPUT!: d1dd2f58982a
UVM_INFO out_mon.sv(31) @ 24387071: uvm_test_top.env0.out_mon_h [OUT_MON] GOT AN OUTPUT!: 72d25c513fae
UVM_INFO out_mon.sv(31) @ 24392051: uvm_test_top.env0.out_mon_h [OUT_MON] GOT AN OUTPUT!: afc39115acc6
UVM_INFO out_mon.sv(31) @ 24397031: uvm_test_top.env0.out_mon_h [OUT_MON] GOT AN OUTPUT!: b9e43960d4aa
UVM_INFO out_mon.sv(31) @ 24402011: uvm_test_top.env0.out_mon_h [OUT_MON] GOT AN OUTPUT!: 081c387465ee
UVM_INFO out_mon.sv(31) @ 24406991: uvm_test_top.env0.out_mon_h [OUT_MON] GOT AN OUTPUT!: 81d8e7ce25dd
UVM_INFO out_mon.sv(31) @ 24411971: uvm_test_top.env0.out_mon_h [OUT_MON] GOT AN OUTPUT!: 9cf7ab745bf6
UVM_INFO out_mon.sv(31) @ 24416951: uvm_test_top.env0.out_mon_h [OUT_MON] GOT AN OUTPUT!: 669b3c712b4c
UVM_INFO out_mon.sv(31) @ 24421931: uvm_test_top.env0.out_mon_h [OUT_MON] GOT AN OUTPUT!: 2f1860d4ee23
UVM_INFO out_mon.sv(31) @ 24426911: uvm_test_top.env0.out_mon_h [OUT_MON] GOT AN OUTPUT!: 50d20857a0c2
UVM_INFO out_mon.sv(31) @ 24431891: uvm_test_top.env0.out_mon_h [OUT_MON] GOT AN OUTPUT!: 4a140c7139bc
UVM_INFO out_mon.sv(31) @ 24436871: uvm_test_top.env0.out_mon_h [OUT_MON] GOT AN OUTPUT!: 21f2308107f9
UVM_INFO out_mon.sv(31) @ 24441851: uvm_test_top.env0.out_mon_h [OUT_MON] GOT AN OUTPUT!: d0318b5c1852
UVM_INFO out_mon.sv(31) @ 24446831: uvm_test_top.env0.out_mon_h [OUT_MON] GOT AN OUTPUT!: 2021c45a97a8
UVM_INFO out_mon.sv(31) @ 24451811: uvm_test_top.env0.out_mon_h [OUT_MON] GOT AN OUTPUT!: 467c74bc2773
UVM_INFO out_mon.sv(31) @ 24456791: uvm_test_top.env0.out_mon_h [OUT_MON] GOT AN OUTPUT!: 224cdcfb4a73
UVM_INFO out_mon.sv(31) @ 24461771: uvm_test_top.env0.out_mon_h [OUT_MON] GOT AN OUTPUT!: e0c2f367c188
UVM_INFO out_mon.sv(31) @ 24466751: uvm_test_top.env0.out_mon_h [OUT_MON] GOT AN OUTPUT!: 7c20941fe024
UVM_INFO out_mon.sv(31) @ 24471731: uvm_test_top.env0.out_mon_h [OUT_MON] GOT AN OUTPUT!: 4d9002410314
UVM_INFO out_mon.sv(31) @ 24476711: uvm_test_top.env0.out_mon_h [OUT_MON] GOT AN OUTPUT!: aa0a07e6d533
UVM_INFO out_mon.sv(31) @ 24481691: uvm_test_top.env0.out_mon_h [OUT_MON] GOT AN OUTPUT!: 42319451c904
UVM_INFO out_mon.sv(31) @ 24486671: uvm_test_top.env0.out_mon_h [OUT_MON] GOT AN OUTPUT!: bd34914c621a
UVM_INFO out_mon.sv(31) @ 24491651: uvm_test_top.env0.out_mon_h [OUT_MON] GOT AN OUTPUT!: c6afd1a7ac57
UVM_INFO out_mon.sv(31) @ 24496631: uvm_test_top.env0.out_mon_h [OUT_MON] GOT AN OUTPUT!: 878a49668756
UVM_INFO out_mon.sv(31) @ 24501611: uvm_test_top.env0.out_mon_h [OUT_MON] GOT AN OUTPUT!: 41d9f6f00ec5
UVM_INFO out_mon.sv(31) @ 24506591: uvm_test_top.env0.out_mon_h [OUT_MON] GOT AN OUTPUT!: 87baef60fca8
UVM_INFO out_mon.sv(31) @ 24511571: uvm_test_top.env0.out_mon_h [OUT_MON] GOT AN OUTPUT!: 4538f2d407af
UVM_INFO out_mon.sv(31) @ 24516551: uvm_test_top.env0.out_mon_h [OUT_MON] GOT AN OUTPUT!: 952f3d39417a
UVM_INFO out_mon.sv(31) @ 24521531: uvm_test_top.env0.out_mon_h [OUT_MON] GOT AN OUTPUT!: 191d5a1475fc
UVM_INFO out_mon.sv(31) @ 24526511: uvm_test_top.env0.out_mon_h [OUT_MON] GOT AN OUTPUT!: 4c13e43a8dea
UVM_INFO out_mon.sv(31) @ 24531491: uvm_test_top.env0.out_mon_h [OUT_MON] GOT AN OUTPUT!: 088fc865f12c
UVM_INFO out_mon.sv(31) @ 24536471: uvm_test_top.env0.out_mon_h [OUT_MON] GOT AN OUTPUT!: 39551639df72
UVM_INFO out_mon.sv(31) @ 24541451: uvm_test_top.env0.out_mon_h [OUT_MON] GOT AN OUTPUT!: 6d5a420cd956
UVM_INFO out_mon.sv(31) @ 24546431: uvm_test_top.env0.out_mon_h [OUT_MON] GOT AN OUTPUT!: c69eed91f5a1
UVM_INFO out_mon.sv(31) @ 24551411: uvm_test_top.env0.out_mon_h [OUT_MON] GOT AN OUTPUT!: 7c0ec0394938
UVM_INFO out_mon.sv(31) @ 24556391: uvm_test_top.env0.out_mon_h [OUT_MON] GOT AN OUTPUT!: e65e91df46df
UVM_INFO out_mon.sv(31) @ 24561371: uvm_test_top.env0.out_mon_h [OUT_MON] GOT AN OUTPUT!: cff461231d30
UVM_INFO out_mon.sv(31) @ 24566351: uvm_test_top.env0.out_mon_h [OUT_MON] GOT AN OUTPUT!: 7fbf6c7c12ba
UVM_INFO out_mon.sv(31) @ 24571331: uvm_test_top.env0.out_mon_h [OUT_MON] GOT AN OUTPUT!: b71873e5ef35
UVM_INFO out_mon.sv(31) @ 24576311: uvm_test_top.env0.out_mon_h [OUT_MON] GOT AN OUTPUT!: 9aab49bc54a7
UVM_INFO out_mon.sv(31) @ 24581291: uvm_test_top.env0.out_mon_h [OUT_MON] GOT AN OUTPUT!: 3e49e01d1fa4
UVM_INFO out_mon.sv(31) @ 24586271: uvm_test_top.env0.out_mon_h [OUT_MON] GOT AN OUTPUT!: 4bd1b0e9c7b9
UVM_INFO out_mon.sv(31) @ 24591251: uvm_test_top.env0.out_mon_h [OUT_MON] GOT AN OUTPUT!: fd0f173fc400
UVM_INFO out_mon.sv(31) @ 24596231: uvm_test_top.env0.out_mon_h [OUT_MON] GOT AN OUTPUT!: 609a66ffe949
UVM_INFO out_mon.sv(31) @ 24601211: uvm_test_top.env0.out_mon_h [OUT_MON] GOT AN OUTPUT!: a1b80dbcc077
UVM_INFO out_mon.sv(31) @ 24606191: uvm_test_top.env0.out_mon_h [OUT_MON] GOT AN OUTPUT!: cb345327f3fa
UVM_INFO out_mon.sv(31) @ 24611171: uvm_test_top.env0.out_mon_h [OUT_MON] GOT AN OUTPUT!: 3d4f64d6aa4b
UVM_INFO out_mon.sv(31) @ 24616151: uvm_test_top.env0.out_mon_h [OUT_MON] GOT AN OUTPUT!: ce8db7f4e419
UVM_INFO out_mon.sv(31) @ 24621131: uvm_test_top.env0.out_mon_h [OUT_MON] GOT AN OUTPUT!: 4fa3643fe0ea
UVM_INFO out_mon.sv(31) @ 24626111: uvm_test_top.env0.out_mon_h [OUT_MON] GOT AN OUTPUT!: ea4c015f77da
UVM_INFO out_mon.sv(31) @ 24631091: uvm_test_top.env0.out_mon_h [OUT_MON] GOT AN OUTPUT!: 933ac7767ee0
UVM_INFO out_mon.sv(31) @ 24636071: uvm_test_top.env0.out_mon_h [OUT_MON] GOT AN OUTPUT!: 86e31f822753
UVM_INFO out_mon.sv(31) @ 24641051: uvm_test_top.env0.out_mon_h [OUT_MON] GOT AN OUTPUT!: 8966fde05f67
UVM_INFO out_mon.sv(31) @ 24646031: uvm_test_top.env0.out_mon_h [OUT_MON] GOT AN OUTPUT!: 61799a1531c2
UVM_INFO out_mon.sv(31) @ 24651011: uvm_test_top.env0.out_mon_h [OUT_MON] GOT AN OUTPUT!: c63301a720bf
UVM_INFO out_mon.sv(31) @ 24655991: uvm_test_top.env0.out_mon_h [OUT_MON] GOT AN OUTPUT!: b7fa69aa9111
UVM_INFO out_mon.sv(31) @ 24660971: uvm_test_top.env0.out_mon_h [OUT_MON] GOT AN OUTPUT!: fc6951541f12
UVM_INFO out_mon.sv(31) @ 24665951: uvm_test_top.env0.out_mon_h [OUT_MON] GOT AN OUTPUT!: 3516b4aa0207
UVM_INFO out_mon.sv(31) @ 24670931: uvm_test_top.env0.out_mon_h [OUT_MON] GOT AN OUTPUT!: c995232c731a
UVM_INFO out_mon.sv(31) @ 24675911: uvm_test_top.env0.out_mon_h [OUT_MON] GOT AN OUTPUT!: 9c377f0d0128
UVM_INFO out_mon.sv(31) @ 24680891: uvm_test_top.env0.out_mon_h [OUT_MON] GOT AN OUTPUT!: 42026e4cfb36
UVM_INFO out_mon.sv(31) @ 24685871: uvm_test_top.env0.out_mon_h [OUT_MON] GOT AN OUTPUT!: 35887edacbb7
UVM_INFO out_mon.sv(31) @ 24690851: uvm_test_top.env0.out_mon_h [OUT_MON] GOT AN OUTPUT!: 3cc1e6865539
UVM_INFO out_mon.sv(31) @ 24695831: uvm_test_top.env0.out_mon_h [OUT_MON] GOT AN OUTPUT!: f9f4f76459d8
UVM_INFO out_mon.sv(31) @ 24700811: uvm_test_top.env0.out_mon_h [OUT_MON] GOT AN OUTPUT!: 5f9978f8d895
UVM_INFO out_mon.sv(31) @ 24705791: uvm_test_top.env0.out_mon_h [OUT_MON] GOT AN OUTPUT!: 7f2d04406a3e
UVM_INFO out_mon.sv(31) @ 24710771: uvm_test_top.env0.out_mon_h [OUT_MON] GOT AN OUTPUT!: eb196770a434
UVM_INFO out_mon.sv(31) @ 24715751: uvm_test_top.env0.out_mon_h [OUT_MON] GOT AN OUTPUT!: a3970d07796a
UVM_INFO out_mon.sv(31) @ 24720731: uvm_test_top.env0.out_mon_h [OUT_MON] GOT AN OUTPUT!: 468b9c819299
UVM_INFO out_mon.sv(31) @ 24725711: uvm_test_top.env0.out_mon_h [OUT_MON] GOT AN OUTPUT!: fa62d3cfc1eb
UVM_INFO out_mon.sv(31) @ 24730691: uvm_test_top.env0.out_mon_h [OUT_MON] GOT AN OUTPUT!: 4bfa44634298
UVM_INFO out_mon.sv(31) @ 24735671: uvm_test_top.env0.out_mon_h [OUT_MON] GOT AN OUTPUT!: f77ced693e9e
UVM_INFO out_mon.sv(31) @ 24740651: uvm_test_top.env0.out_mon_h [OUT_MON] GOT AN OUTPUT!: 5436568d0e5d
UVM_INFO out_mon.sv(31) @ 24745631: uvm_test_top.env0.out_mon_h [OUT_MON] GOT AN OUTPUT!: db8cf959ad5a
UVM_INFO out_mon.sv(31) @ 24750611: uvm_test_top.env0.out_mon_h [OUT_MON] GOT AN OUTPUT!: 02c8141211e0
UVM_INFO out_mon.sv(31) @ 24755591: uvm_test_top.env0.out_mon_h [OUT_MON] GOT AN OUTPUT!: 600270988a0d
UVM_INFO out_mon.sv(31) @ 24760571: uvm_test_top.env0.out_mon_h [OUT_MON] GOT AN OUTPUT!: d1ff1fbd27a3
UVM_INFO out_mon.sv(31) @ 24765551: uvm_test_top.env0.out_mon_h [OUT_MON] GOT AN OUTPUT!: 230b6a0b11ba
UVM_INFO out_mon.sv(31) @ 24770531: uvm_test_top.env0.out_mon_h [OUT_MON] GOT AN OUTPUT!: 5ee342ecefd5
UVM_INFO out_mon.sv(31) @ 24775511: uvm_test_top.env0.out_mon_h [OUT_MON] GOT AN OUTPUT!: d38e27c03e55
UVM_INFO out_mon.sv(31) @ 24780491: uvm_test_top.env0.out_mon_h [OUT_MON] GOT AN OUTPUT!: 7540762fc1a0
UVM_INFO out_mon.sv(31) @ 24785471: uvm_test_top.env0.out_mon_h [OUT_MON] GOT AN OUTPUT!: 1d3bc2eccdf1
UVM_INFO out_mon.sv(31) @ 24790451: uvm_test_top.env0.out_mon_h [OUT_MON] GOT AN OUTPUT!: dba64d9fbbd3
UVM_INFO out_mon.sv(31) @ 24795431: uvm_test_top.env0.out_mon_h [OUT_MON] GOT AN OUTPUT!: 547bd2a73939
UVM_INFO out_mon.sv(31) @ 24800411: uvm_test_top.env0.out_mon_h [OUT_MON] GOT AN OUTPUT!: df5e4dfeb7a9
UVM_INFO out_mon.sv(31) @ 24805391: uvm_test_top.env0.out_mon_h [OUT_MON] GOT AN OUTPUT!: e27c6963beaa
UVM_INFO out_mon.sv(31) @ 24810371: uvm_test_top.env0.out_mon_h [OUT_MON] GOT AN OUTPUT!: a0745d9255df
UVM_INFO out_mon.sv(31) @ 24815351: uvm_test_top.env0.out_mon_h [OUT_MON] GOT AN OUTPUT!: 712d32305b92
UVM_INFO out_mon.sv(31) @ 24820331: uvm_test_top.env0.out_mon_h [OUT_MON] GOT AN OUTPUT!: 1db7d2bfefc7
UVM_INFO out_mon.sv(31) @ 24825311: uvm_test_top.env0.out_mon_h [OUT_MON] GOT AN OUTPUT!: d73217b0c935
UVM_INFO out_mon.sv(31) @ 24830291: uvm_test_top.env0.out_mon_h [OUT_MON] GOT AN OUTPUT!: 00af40689fac
UVM_INFO out_mon.sv(31) @ 24835271: uvm_test_top.env0.out_mon_h [OUT_MON] GOT AN OUTPUT!: c4013dda8229
UVM_INFO out_mon.sv(31) @ 24840251: uvm_test_top.env0.out_mon_h [OUT_MON] GOT AN OUTPUT!: 29aa9a054320
UVM_INFO out_mon.sv(31) @ 24845231: uvm_test_top.env0.out_mon_h [OUT_MON] GOT AN OUTPUT!: 2bbdb470c950
UVM_INFO out_mon.sv(31) @ 24850211: uvm_test_top.env0.out_mon_h [OUT_MON] GOT AN OUTPUT!: fbb2c582777b
UVM_INFO out_mon.sv(31) @ 24855191: uvm_test_top.env0.out_mon_h [OUT_MON] GOT AN OUTPUT!: 7357ae40936e
UVM_INFO out_mon.sv(31) @ 24860171: uvm_test_top.env0.out_mon_h [OUT_MON] GOT AN OUTPUT!: 68992edc9849
UVM_INFO out_mon.sv(31) @ 24865151: uvm_test_top.env0.out_mon_h [OUT_MON] GOT AN OUTPUT!: 5c789c1c9fd2
UVM_INFO out_mon.sv(31) @ 24870131: uvm_test_top.env0.out_mon_h [OUT_MON] GOT AN OUTPUT!: bce37b7bbed2
UVM_INFO out_mon.sv(31) @ 24875111: uvm_test_top.env0.out_mon_h [OUT_MON] GOT AN OUTPUT!: b190fd996a0d
UVM_INFO out_mon.sv(31) @ 24880091: uvm_test_top.env0.out_mon_h [OUT_MON] GOT AN OUTPUT!: 2be0f64fcb78
UVM_INFO out_mon.sv(31) @ 24885071: uvm_test_top.env0.out_mon_h [OUT_MON] GOT AN OUTPUT!: b1c945892e2b
UVM_INFO out_mon.sv(31) @ 24890051: uvm_test_top.env0.out_mon_h [OUT_MON] GOT AN OUTPUT!: 1b9ec4ac5727
UVM_INFO out_mon.sv(31) @ 24895031: uvm_test_top.env0.out_mon_h [OUT_MON] GOT AN OUTPUT!: 3d0cac37e666
UVM_INFO out_mon.sv(31) @ 24900011: uvm_test_top.env0.out_mon_h [OUT_MON] GOT AN OUTPUT!: 30e780e4be8d
UVM_INFO out_mon.sv(31) @ 24904991: uvm_test_top.env0.out_mon_h [OUT_MON] GOT AN OUTPUT!: c00a3d6752d0
UVM_INFO out_mon.sv(31) @ 24909971: uvm_test_top.env0.out_mon_h [OUT_MON] GOT AN OUTPUT!: 1b4456a81c53
UVM_INFO out_mon.sv(31) @ 24914951: uvm_test_top.env0.out_mon_h [OUT_MON] GOT AN OUTPUT!: e02dff0aece6
UVM_INFO out_mon.sv(31) @ 24919931: uvm_test_top.env0.out_mon_h [OUT_MON] GOT AN OUTPUT!: 2105301d4f06
UVM_INFO out_mon.sv(31) @ 24924911: uvm_test_top.env0.out_mon_h [OUT_MON] GOT AN OUTPUT!: e79f91c3ee83
UVM_INFO out_mon.sv(31) @ 24929891: uvm_test_top.env0.out_mon_h [OUT_MON] GOT AN OUTPUT!: 6b3514bef0f9
UVM_INFO out_mon.sv(31) @ 24934871: uvm_test_top.env0.out_mon_h [OUT_MON] GOT AN OUTPUT!: f14f0d1d593a
UVM_INFO out_mon.sv(31) @ 24939851: uvm_test_top.env0.out_mon_h [OUT_MON] GOT AN OUTPUT!: 119f48f75fc9
UVM_INFO out_mon.sv(31) @ 24944831: uvm_test_top.env0.out_mon_h [OUT_MON] GOT AN OUTPUT!: d4e68f87e275
UVM_INFO out_mon.sv(31) @ 24949811: uvm_test_top.env0.out_mon_h [OUT_MON] GOT AN OUTPUT!: e6d14b7cb4c2
UVM_INFO out_mon.sv(31) @ 24954791: uvm_test_top.env0.out_mon_h [OUT_MON] GOT AN OUTPUT!: d2d433160a6a
UVM_INFO out_mon.sv(31) @ 24959771: uvm_test_top.env0.out_mon_h [OUT_MON] GOT AN OUTPUT!: 0415546cceda
UVM_INFO out_mon.sv(31) @ 24964751: uvm_test_top.env0.out_mon_h [OUT_MON] GOT AN OUTPUT!: 0043e8f80d4f
UVM_INFO out_mon.sv(31) @ 24969731: uvm_test_top.env0.out_mon_h [OUT_MON] GOT AN OUTPUT!: 15764a29487e
UVM_INFO out_mon.sv(31) @ 24974711: uvm_test_top.env0.out_mon_h [OUT_MON] GOT AN OUTPUT!: 731de6b7e5cd
UVM_INFO out_mon.sv(31) @ 24979691: uvm_test_top.env0.out_mon_h [OUT_MON] GOT AN OUTPUT!: 65c5f4f37ce3
UVM_INFO out_mon.sv(31) @ 24984671: uvm_test_top.env0.out_mon_h [OUT_MON] GOT AN OUTPUT!: 2e1032354f1e
UVM_INFO out_mon.sv(31) @ 24989651: uvm_test_top.env0.out_mon_h [OUT_MON] GOT AN OUTPUT!: aa895d488a1e
UVM_INFO out_mon.sv(31) @ 24994631: uvm_test_top.env0.out_mon_h [OUT_MON] GOT AN OUTPUT!: cc88e961c4e2
UVM_INFO out_mon.sv(31) @ 24999611: uvm_test_top.env0.out_mon_h [OUT_MON] GOT AN OUTPUT!: 90110bfd4aa7
UVM_INFO out_mon.sv(31) @ 25004591: uvm_test_top.env0.out_mon_h [OUT_MON] GOT AN OUTPUT!: eeb0cfbc8611
UVM_INFO out_mon.sv(31) @ 25009571: uvm_test_top.env0.out_mon_h [OUT_MON] GOT AN OUTPUT!: 05662c1a5a9a
UVM_INFO out_mon.sv(31) @ 25014551: uvm_test_top.env0.out_mon_h [OUT_MON] GOT AN OUTPUT!: 6576dc8e8c07
UVM_INFO out_mon.sv(31) @ 25019531: uvm_test_top.env0.out_mon_h [OUT_MON] GOT AN OUTPUT!: 485742781650
UVM_INFO out_mon.sv(31) @ 25024511: uvm_test_top.env0.out_mon_h [OUT_MON] GOT AN OUTPUT!: 1e852ee69427
UVM_INFO out_mon.sv(31) @ 25029491: uvm_test_top.env0.out_mon_h [OUT_MON] GOT AN OUTPUT!: b16e711a9baa
UVM_INFO out_mon.sv(31) @ 25034471: uvm_test_top.env0.out_mon_h [OUT_MON] GOT AN OUTPUT!: d04933551a0c
UVM_INFO out_mon.sv(31) @ 25039451: uvm_test_top.env0.out_mon_h [OUT_MON] GOT AN OUTPUT!: 3ff8fc4dc29e
UVM_INFO out_mon.sv(31) @ 25044431: uvm_test_top.env0.out_mon_h [OUT_MON] GOT AN OUTPUT!: 65ec6a685bb4
UVM_INFO out_mon.sv(31) @ 25049411: uvm_test_top.env0.out_mon_h [OUT_MON] GOT AN OUTPUT!: e60117812b69
UVM_INFO out_mon.sv(31) @ 25054391: uvm_test_top.env0.out_mon_h [OUT_MON] GOT AN OUTPUT!: 2b5c86e850b1
UVM_INFO out_mon.sv(31) @ 25059371: uvm_test_top.env0.out_mon_h [OUT_MON] GOT AN OUTPUT!: 94549be42df5
UVM_INFO out_mon.sv(31) @ 25064351: uvm_test_top.env0.out_mon_h [OUT_MON] GOT AN OUTPUT!: b94755d2b8c7
UVM_INFO out_mon.sv(31) @ 25069331: uvm_test_top.env0.out_mon_h [OUT_MON] GOT AN OUTPUT!: 067eb4c1e9d1
UVM_INFO out_mon.sv(31) @ 25074311: uvm_test_top.env0.out_mon_h [OUT_MON] GOT AN OUTPUT!: a11445170ff8
UVM_INFO out_mon.sv(31) @ 25079291: uvm_test_top.env0.out_mon_h [OUT_MON] GOT AN OUTPUT!: 4ecc2c9d374f
UVM_INFO out_mon.sv(31) @ 25084271: uvm_test_top.env0.out_mon_h [OUT_MON] GOT AN OUTPUT!: d8f4d3128d72
UVM_INFO out_mon.sv(31) @ 25089251: uvm_test_top.env0.out_mon_h [OUT_MON] GOT AN OUTPUT!: 2249600cb41e
UVM_INFO out_mon.sv(31) @ 25094231: uvm_test_top.env0.out_mon_h [OUT_MON] GOT AN OUTPUT!: e7cecbcc305b
UVM_INFO out_mon.sv(31) @ 25099211: uvm_test_top.env0.out_mon_h [OUT_MON] GOT AN OUTPUT!: e4be7556bf06
UVM_INFO out_mon.sv(31) @ 25104191: uvm_test_top.env0.out_mon_h [OUT_MON] GOT AN OUTPUT!: d154a3f0b8ef
UVM_INFO out_mon.sv(31) @ 25109171: uvm_test_top.env0.out_mon_h [OUT_MON] GOT AN OUTPUT!: 74bbf6cd7007
UVM_INFO out_mon.sv(31) @ 25114151: uvm_test_top.env0.out_mon_h [OUT_MON] GOT AN OUTPUT!: c1edd38e9de9
UVM_INFO out_mon.sv(31) @ 25119131: uvm_test_top.env0.out_mon_h [OUT_MON] GOT AN OUTPUT!: b78b5deaa789
UVM_INFO out_mon.sv(31) @ 25124111: uvm_test_top.env0.out_mon_h [OUT_MON] GOT AN OUTPUT!: 7ac67e921bad
UVM_INFO out_mon.sv(31) @ 25129091: uvm_test_top.env0.out_mon_h [OUT_MON] GOT AN OUTPUT!: e53aad2bfce4
UVM_INFO out_mon.sv(31) @ 25134071: uvm_test_top.env0.out_mon_h [OUT_MON] GOT AN OUTPUT!: 7dcd46012e36
UVM_INFO out_mon.sv(31) @ 25139051: uvm_test_top.env0.out_mon_h [OUT_MON] GOT AN OUTPUT!: 9495b7aecde7
UVM_INFO out_mon.sv(31) @ 25144031: uvm_test_top.env0.out_mon_h [OUT_MON] GOT AN OUTPUT!: f9ad9df7922d
UVM_INFO out_mon.sv(31) @ 25149011: uvm_test_top.env0.out_mon_h [OUT_MON] GOT AN OUTPUT!: 8725118c36a7
UVM_INFO out_mon.sv(31) @ 25153991: uvm_test_top.env0.out_mon_h [OUT_MON] GOT AN OUTPUT!: 75d07462c736
UVM_INFO out_mon.sv(31) @ 25158971: uvm_test_top.env0.out_mon_h [OUT_MON] GOT AN OUTPUT!: 35366ef5123d
UVM_INFO out_mon.sv(31) @ 25163951: uvm_test_top.env0.out_mon_h [OUT_MON] GOT AN OUTPUT!: 3e669a7e04d4
UVM_INFO out_mon.sv(31) @ 25168931: uvm_test_top.env0.out_mon_h [OUT_MON] GOT AN OUTPUT!: 19d95e0dfebe
UVM_INFO out_mon.sv(31) @ 25173911: uvm_test_top.env0.out_mon_h [OUT_MON] GOT AN OUTPUT!: 9059a30e46f6
UVM_INFO out_mon.sv(31) @ 25178891: uvm_test_top.env0.out_mon_h [OUT_MON] GOT AN OUTPUT!: bed5118b560b
UVM_INFO out_mon.sv(31) @ 25183871: uvm_test_top.env0.out_mon_h [OUT_MON] GOT AN OUTPUT!: 8553b35e4a8a
UVM_INFO out_mon.sv(31) @ 25188851: uvm_test_top.env0.out_mon_h [OUT_MON] GOT AN OUTPUT!: 88b93f0d36d2
UVM_INFO out_mon.sv(31) @ 25193831: uvm_test_top.env0.out_mon_h [OUT_MON] GOT AN OUTPUT!: bfc001fa8c2b
UVM_INFO out_mon.sv(31) @ 25198811: uvm_test_top.env0.out_mon_h [OUT_MON] GOT AN OUTPUT!: 42cfbc3b7a5a
UVM_INFO out_mon.sv(31) @ 25203791: uvm_test_top.env0.out_mon_h [OUT_MON] GOT AN OUTPUT!: d6d16d2d4844
UVM_INFO out_mon.sv(31) @ 25208771: uvm_test_top.env0.out_mon_h [OUT_MON] GOT AN OUTPUT!: 6b25e4a1bf65
UVM_INFO out_mon.sv(31) @ 25213751: uvm_test_top.env0.out_mon_h [OUT_MON] GOT AN OUTPUT!: 826ffd3a7bb4
UVM_INFO out_mon.sv(31) @ 25218731: uvm_test_top.env0.out_mon_h [OUT_MON] GOT AN OUTPUT!: 3e82644b5dd4
UVM_INFO out_mon.sv(31) @ 25223711: uvm_test_top.env0.out_mon_h [OUT_MON] GOT AN OUTPUT!: 87439b5bdf6a
UVM_INFO out_mon.sv(31) @ 25228691: uvm_test_top.env0.out_mon_h [OUT_MON] GOT AN OUTPUT!: 8479831f7452
UVM_INFO out_mon.sv(31) @ 25233671: uvm_test_top.env0.out_mon_h [OUT_MON] GOT AN OUTPUT!: 62bdf27ceee6
UVM_INFO out_mon.sv(31) @ 25238651: uvm_test_top.env0.out_mon_h [OUT_MON] GOT AN OUTPUT!: 1b5382fcdead
UVM_INFO out_mon.sv(31) @ 25243631: uvm_test_top.env0.out_mon_h [OUT_MON] GOT AN OUTPUT!: b708b9b6eb21
UVM_INFO out_mon.sv(31) @ 25248611: uvm_test_top.env0.out_mon_h [OUT_MON] GOT AN OUTPUT!: 441a2a96392b
UVM_INFO out_mon.sv(31) @ 25253591: uvm_test_top.env0.out_mon_h [OUT_MON] GOT AN OUTPUT!: 7711428ccacd
UVM_INFO out_mon.sv(31) @ 25258571: uvm_test_top.env0.out_mon_h [OUT_MON] GOT AN OUTPUT!: ae9c1d0dde76
UVM_INFO out_mon.sv(31) @ 25263551: uvm_test_top.env0.out_mon_h [OUT_MON] GOT AN OUTPUT!: d281b7e74e6d
UVM_INFO out_mon.sv(31) @ 25268531: uvm_test_top.env0.out_mon_h [OUT_MON] GOT AN OUTPUT!: 45660451ed78
UVM_INFO out_mon.sv(31) @ 25273511: uvm_test_top.env0.out_mon_h [OUT_MON] GOT AN OUTPUT!: e1c7c3d0ee39
UVM_INFO out_mon.sv(31) @ 25278491: uvm_test_top.env0.out_mon_h [OUT_MON] GOT AN OUTPUT!: b9c337383fc6
UVM_INFO out_mon.sv(31) @ 25283471: uvm_test_top.env0.out_mon_h [OUT_MON] GOT AN OUTPUT!: 120a18f1e93d
UVM_INFO out_mon.sv(31) @ 25288451: uvm_test_top.env0.out_mon_h [OUT_MON] GOT AN OUTPUT!: cfbced5a70d8
UVM_INFO out_mon.sv(31) @ 25293431: uvm_test_top.env0.out_mon_h [OUT_MON] GOT AN OUTPUT!: 513f94cc38bf
UVM_INFO out_mon.sv(31) @ 25298411: uvm_test_top.env0.out_mon_h [OUT_MON] GOT AN OUTPUT!: 6a2296b1ddd1
UVM_INFO out_mon.sv(31) @ 25303391: uvm_test_top.env0.out_mon_h [OUT_MON] GOT AN OUTPUT!: fa0a73b7984f
UVM_INFO out_mon.sv(31) @ 25308371: uvm_test_top.env0.out_mon_h [OUT_MON] GOT AN OUTPUT!: 567f70f3a2fd
UVM_INFO out_mon.sv(31) @ 25313351: uvm_test_top.env0.out_mon_h [OUT_MON] GOT AN OUTPUT!: 7fdb509d8889
UVM_INFO out_mon.sv(31) @ 25318331: uvm_test_top.env0.out_mon_h [OUT_MON] GOT AN OUTPUT!: d91ef1ac9bd1
UVM_INFO out_mon.sv(31) @ 25323311: uvm_test_top.env0.out_mon_h [OUT_MON] GOT AN OUTPUT!: dadb5d7541f6
UVM_INFO out_mon.sv(31) @ 25328291: uvm_test_top.env0.out_mon_h [OUT_MON] GOT AN OUTPUT!: f90d211d638e
UVM_INFO out_mon.sv(31) @ 25333271: uvm_test_top.env0.out_mon_h [OUT_MON] GOT AN OUTPUT!: b3f8a37fc10e
UVM_INFO out_mon.sv(31) @ 25338251: uvm_test_top.env0.out_mon_h [OUT_MON] GOT AN OUTPUT!: 8c1579d65657
UVM_INFO out_mon.sv(31) @ 25343231: uvm_test_top.env0.out_mon_h [OUT_MON] GOT AN OUTPUT!: 50dea443c1c6
UVM_INFO out_mon.sv(31) @ 25348211: uvm_test_top.env0.out_mon_h [OUT_MON] GOT AN OUTPUT!: 02c45a1393e2
UVM_INFO out_mon.sv(31) @ 25353191: uvm_test_top.env0.out_mon_h [OUT_MON] GOT AN OUTPUT!: 3ffb3849beae
UVM_INFO out_mon.sv(31) @ 25358171: uvm_test_top.env0.out_mon_h [OUT_MON] GOT AN OUTPUT!: f466c3d8f27b
UVM_INFO out_mon.sv(31) @ 25363151: uvm_test_top.env0.out_mon_h [OUT_MON] GOT AN OUTPUT!: c476f797f715
UVM_INFO out_mon.sv(31) @ 25368131: uvm_test_top.env0.out_mon_h [OUT_MON] GOT AN OUTPUT!: 6b0750ce12a3
UVM_INFO out_mon.sv(31) @ 25373111: uvm_test_top.env0.out_mon_h [OUT_MON] GOT AN OUTPUT!: 023e12ee6521
UVM_INFO out_mon.sv(31) @ 25378091: uvm_test_top.env0.out_mon_h [OUT_MON] GOT AN OUTPUT!: ef7319da4ce9
UVM_INFO out_mon.sv(31) @ 25383071: uvm_test_top.env0.out_mon_h [OUT_MON] GOT AN OUTPUT!: ea01e7c2c465
UVM_INFO out_mon.sv(31) @ 25388051: uvm_test_top.env0.out_mon_h [OUT_MON] GOT AN OUTPUT!: 55349880c14d
UVM_INFO out_mon.sv(31) @ 25393031: uvm_test_top.env0.out_mon_h [OUT_MON] GOT AN OUTPUT!: e52739fc90d5
UVM_INFO out_mon.sv(31) @ 25398011: uvm_test_top.env0.out_mon_h [OUT_MON] GOT AN OUTPUT!: 46981efc46d1
UVM_INFO out_mon.sv(31) @ 25402991: uvm_test_top.env0.out_mon_h [OUT_MON] GOT AN OUTPUT!: 41dc4c7109ac
UVM_INFO out_mon.sv(31) @ 25407971: uvm_test_top.env0.out_mon_h [OUT_MON] GOT AN OUTPUT!: 90acf91b7d88
UVM_INFO out_mon.sv(31) @ 25412951: uvm_test_top.env0.out_mon_h [OUT_MON] GOT AN OUTPUT!: 5f11d41f2522
UVM_INFO out_mon.sv(31) @ 25417931: uvm_test_top.env0.out_mon_h [OUT_MON] GOT AN OUTPUT!: 2f3ddcdcbeb7
UVM_INFO out_mon.sv(31) @ 25422911: uvm_test_top.env0.out_mon_h [OUT_MON] GOT AN OUTPUT!: 986d052ba37a
UVM_INFO out_mon.sv(31) @ 25427891: uvm_test_top.env0.out_mon_h [OUT_MON] GOT AN OUTPUT!: 18d0aaca286d
UVM_INFO out_mon.sv(31) @ 25432871: uvm_test_top.env0.out_mon_h [OUT_MON] GOT AN OUTPUT!: f25e959d015f
UVM_INFO out_mon.sv(31) @ 25437851: uvm_test_top.env0.out_mon_h [OUT_MON] GOT AN OUTPUT!: cab92f159720
UVM_INFO out_mon.sv(31) @ 25442831: uvm_test_top.env0.out_mon_h [OUT_MON] GOT AN OUTPUT!: 86101dd776fd
UVM_INFO out_mon.sv(31) @ 25447811: uvm_test_top.env0.out_mon_h [OUT_MON] GOT AN OUTPUT!: 9501ef74a5a2
UVM_INFO out_mon.sv(31) @ 25452791: uvm_test_top.env0.out_mon_h [OUT_MON] GOT AN OUTPUT!: ad6e91d900dd
UVM_INFO out_mon.sv(31) @ 25457771: uvm_test_top.env0.out_mon_h [OUT_MON] GOT AN OUTPUT!: a67191bcad21
UVM_INFO out_mon.sv(31) @ 25462751: uvm_test_top.env0.out_mon_h [OUT_MON] GOT AN OUTPUT!: ef264d355eee
UVM_INFO out_mon.sv(31) @ 25467731: uvm_test_top.env0.out_mon_h [OUT_MON] GOT AN OUTPUT!: d89b113ece5a
UVM_INFO out_mon.sv(31) @ 25472711: uvm_test_top.env0.out_mon_h [OUT_MON] GOT AN OUTPUT!: aaa26fd20bbd
UVM_INFO out_mon.sv(31) @ 25477691: uvm_test_top.env0.out_mon_h [OUT_MON] GOT AN OUTPUT!: 3bc442e3e2d1
UVM_INFO out_mon.sv(31) @ 25482671: uvm_test_top.env0.out_mon_h [OUT_MON] GOT AN OUTPUT!: 840ee3623f52
UVM_INFO out_mon.sv(31) @ 25487651: uvm_test_top.env0.out_mon_h [OUT_MON] GOT AN OUTPUT!: 62ffbc088632
UVM_INFO out_mon.sv(31) @ 25492631: uvm_test_top.env0.out_mon_h [OUT_MON] GOT AN OUTPUT!: 9059ffa2faa5
UVM_INFO out_mon.sv(31) @ 25497611: uvm_test_top.env0.out_mon_h [OUT_MON] GOT AN OUTPUT!: 7012d6191796
UVM_INFO out_mon.sv(31) @ 25502591: uvm_test_top.env0.out_mon_h [OUT_MON] GOT AN OUTPUT!: 412dfc56f626
UVM_INFO out_mon.sv(31) @ 25507571: uvm_test_top.env0.out_mon_h [OUT_MON] GOT AN OUTPUT!: df8fb7edaff1
UVM_INFO out_mon.sv(31) @ 25512551: uvm_test_top.env0.out_mon_h [OUT_MON] GOT AN OUTPUT!: 10f22a02b158
UVM_INFO out_mon.sv(31) @ 25517531: uvm_test_top.env0.out_mon_h [OUT_MON] GOT AN OUTPUT!: 14bd20e62a51
UVM_INFO out_mon.sv(31) @ 25522511: uvm_test_top.env0.out_mon_h [OUT_MON] GOT AN OUTPUT!: eedb316864e2
UVM_INFO out_mon.sv(31) @ 25527491: uvm_test_top.env0.out_mon_h [OUT_MON] GOT AN OUTPUT!: a5a901c6242b
UVM_INFO out_mon.sv(31) @ 25532471: uvm_test_top.env0.out_mon_h [OUT_MON] GOT AN OUTPUT!: 6acf46c40e2d
UVM_INFO out_mon.sv(31) @ 25537451: uvm_test_top.env0.out_mon_h [OUT_MON] GOT AN OUTPUT!: 67207850fd74
UVM_INFO out_mon.sv(31) @ 25542431: uvm_test_top.env0.out_mon_h [OUT_MON] GOT AN OUTPUT!: a17c95c76ae3
UVM_INFO out_mon.sv(31) @ 25547411: uvm_test_top.env0.out_mon_h [OUT_MON] GOT AN OUTPUT!: 38af4aa5cbb9
UVM_INFO out_mon.sv(31) @ 25552391: uvm_test_top.env0.out_mon_h [OUT_MON] GOT AN OUTPUT!: e84fcb55f268
UVM_INFO out_mon.sv(31) @ 25557371: uvm_test_top.env0.out_mon_h [OUT_MON] GOT AN OUTPUT!: 90a06f5b6eea
UVM_INFO out_mon.sv(31) @ 25562351: uvm_test_top.env0.out_mon_h [OUT_MON] GOT AN OUTPUT!: 39721600e6b0
UVM_INFO out_mon.sv(31) @ 25567331: uvm_test_top.env0.out_mon_h [OUT_MON] GOT AN OUTPUT!: c800d15c801c
UVM_INFO out_mon.sv(31) @ 25572311: uvm_test_top.env0.out_mon_h [OUT_MON] GOT AN OUTPUT!: 5fd162433f6e
UVM_INFO out_mon.sv(31) @ 25577291: uvm_test_top.env0.out_mon_h [OUT_MON] GOT AN OUTPUT!: 269ad0835feb
UVM_INFO out_mon.sv(31) @ 25582271: uvm_test_top.env0.out_mon_h [OUT_MON] GOT AN OUTPUT!: e31b457db820
UVM_INFO out_mon.sv(31) @ 25587251: uvm_test_top.env0.out_mon_h [OUT_MON] GOT AN OUTPUT!: aefc9df625bd
UVM_INFO out_mon.sv(31) @ 25592231: uvm_test_top.env0.out_mon_h [OUT_MON] GOT AN OUTPUT!: b3b65bb2d0dd
UVM_INFO out_mon.sv(31) @ 25597211: uvm_test_top.env0.out_mon_h [OUT_MON] GOT AN OUTPUT!: aa711342aea6
UVM_INFO out_mon.sv(31) @ 25602191: uvm_test_top.env0.out_mon_h [OUT_MON] GOT AN OUTPUT!: 96d57702c368
UVM_INFO out_mon.sv(31) @ 25607171: uvm_test_top.env0.out_mon_h [OUT_MON] GOT AN OUTPUT!: f502173a960a
UVM_INFO out_mon.sv(31) @ 25612151: uvm_test_top.env0.out_mon_h [OUT_MON] GOT AN OUTPUT!: 52617ee78b83
UVM_INFO out_mon.sv(31) @ 25617131: uvm_test_top.env0.out_mon_h [OUT_MON] GOT AN OUTPUT!: 0981248f3dd7
UVM_INFO out_mon.sv(31) @ 25622111: uvm_test_top.env0.out_mon_h [OUT_MON] GOT AN OUTPUT!: 99024530e4f6
UVM_INFO out_mon.sv(31) @ 25627091: uvm_test_top.env0.out_mon_h [OUT_MON] GOT AN OUTPUT!: cd74092db974
UVM_INFO out_mon.sv(31) @ 25632071: uvm_test_top.env0.out_mon_h [OUT_MON] GOT AN OUTPUT!: b62a41c04d37
UVM_INFO out_mon.sv(31) @ 25637051: uvm_test_top.env0.out_mon_h [OUT_MON] GOT AN OUTPUT!: 1d2b8e5aea2e
UVM_INFO out_mon.sv(31) @ 25642031: uvm_test_top.env0.out_mon_h [OUT_MON] GOT AN OUTPUT!: fa047304fc44
UVM_INFO out_mon.sv(31) @ 25647011: uvm_test_top.env0.out_mon_h [OUT_MON] GOT AN OUTPUT!: 17b0f48f6b51
UVM_INFO out_mon.sv(31) @ 25651991: uvm_test_top.env0.out_mon_h [OUT_MON] GOT AN OUTPUT!: e57b5737f58c
UVM_INFO out_mon.sv(31) @ 25656971: uvm_test_top.env0.out_mon_h [OUT_MON] GOT AN OUTPUT!: 2ad3081397a6
UVM_INFO out_mon.sv(31) @ 25661951: uvm_test_top.env0.out_mon_h [OUT_MON] GOT AN OUTPUT!: 16393457ed76
UVM_INFO out_mon.sv(31) @ 25666931: uvm_test_top.env0.out_mon_h [OUT_MON] GOT AN OUTPUT!: df18cd5b8b98
UVM_INFO out_mon.sv(31) @ 25671911: uvm_test_top.env0.out_mon_h [OUT_MON] GOT AN OUTPUT!: f2aba7e5636b
UVM_INFO out_mon.sv(31) @ 25676891: uvm_test_top.env0.out_mon_h [OUT_MON] GOT AN OUTPUT!: 63d35e2322ac
UVM_INFO out_mon.sv(31) @ 25681871: uvm_test_top.env0.out_mon_h [OUT_MON] GOT AN OUTPUT!: 15ffc65e93e8
UVM_INFO out_mon.sv(31) @ 25686851: uvm_test_top.env0.out_mon_h [OUT_MON] GOT AN OUTPUT!: db0c1b49f884
UVM_INFO out_mon.sv(31) @ 25691831: uvm_test_top.env0.out_mon_h [OUT_MON] GOT AN OUTPUT!: 7c219c7b798a
UVM_INFO out_mon.sv(31) @ 25696811: uvm_test_top.env0.out_mon_h [OUT_MON] GOT AN OUTPUT!: 658fbe6f6d34
UVM_INFO out_mon.sv(31) @ 25701791: uvm_test_top.env0.out_mon_h [OUT_MON] GOT AN OUTPUT!: 6db97c29cf90
UVM_INFO out_mon.sv(31) @ 25706771: uvm_test_top.env0.out_mon_h [OUT_MON] GOT AN OUTPUT!: eeea6d4e960e
UVM_INFO out_mon.sv(31) @ 25711751: uvm_test_top.env0.out_mon_h [OUT_MON] GOT AN OUTPUT!: 2c38da4915c2
UVM_INFO out_mon.sv(31) @ 25716731: uvm_test_top.env0.out_mon_h [OUT_MON] GOT AN OUTPUT!: b96661da57a7
UVM_INFO out_mon.sv(31) @ 25721711: uvm_test_top.env0.out_mon_h [OUT_MON] GOT AN OUTPUT!: 5dc620268546
UVM_INFO out_mon.sv(31) @ 25726691: uvm_test_top.env0.out_mon_h [OUT_MON] GOT AN OUTPUT!: aa1239194550
UVM_INFO out_mon.sv(31) @ 25731671: uvm_test_top.env0.out_mon_h [OUT_MON] GOT AN OUTPUT!: 39524eb91945
UVM_INFO out_mon.sv(31) @ 25736651: uvm_test_top.env0.out_mon_h [OUT_MON] GOT AN OUTPUT!: 54b996c1bfaf
UVM_INFO out_mon.sv(31) @ 25741631: uvm_test_top.env0.out_mon_h [OUT_MON] GOT AN OUTPUT!: 7286b29d8fed
UVM_INFO out_mon.sv(31) @ 25746611: uvm_test_top.env0.out_mon_h [OUT_MON] GOT AN OUTPUT!: c7e61395e1c1
UVM_INFO out_mon.sv(31) @ 25751591: uvm_test_top.env0.out_mon_h [OUT_MON] GOT AN OUTPUT!: e5d0a5d263b7
UVM_INFO out_mon.sv(31) @ 25756571: uvm_test_top.env0.out_mon_h [OUT_MON] GOT AN OUTPUT!: 18e6307f86e8
UVM_INFO out_mon.sv(31) @ 25761551: uvm_test_top.env0.out_mon_h [OUT_MON] GOT AN OUTPUT!: 045a9033d078
UVM_INFO out_mon.sv(31) @ 25766531: uvm_test_top.env0.out_mon_h [OUT_MON] GOT AN OUTPUT!: afc54d6c4a56
UVM_INFO out_mon.sv(31) @ 25771511: uvm_test_top.env0.out_mon_h [OUT_MON] GOT AN OUTPUT!: 00111eb7d525
UVM_INFO out_mon.sv(31) @ 25776491: uvm_test_top.env0.out_mon_h [OUT_MON] GOT AN OUTPUT!: 534f4ce98d71
UVM_INFO out_mon.sv(31) @ 25781471: uvm_test_top.env0.out_mon_h [OUT_MON] GOT AN OUTPUT!: b7a0f36a2ad2
UVM_INFO out_mon.sv(31) @ 25786451: uvm_test_top.env0.out_mon_h [OUT_MON] GOT AN OUTPUT!: f50fed806483
UVM_INFO out_mon.sv(31) @ 25791431: uvm_test_top.env0.out_mon_h [OUT_MON] GOT AN OUTPUT!: 6274b8284eda
UVM_INFO out_mon.sv(31) @ 25796411: uvm_test_top.env0.out_mon_h [OUT_MON] GOT AN OUTPUT!: 3d5382d1b257
UVM_INFO out_mon.sv(31) @ 25801391: uvm_test_top.env0.out_mon_h [OUT_MON] GOT AN OUTPUT!: fcb8d91d7ba6
UVM_INFO out_mon.sv(31) @ 25806371: uvm_test_top.env0.out_mon_h [OUT_MON] GOT AN OUTPUT!: d7240d720f12
UVM_INFO out_mon.sv(31) @ 25811351: uvm_test_top.env0.out_mon_h [OUT_MON] GOT AN OUTPUT!: 735bcefead17
UVM_INFO out_mon.sv(31) @ 25816331: uvm_test_top.env0.out_mon_h [OUT_MON] GOT AN OUTPUT!: 7c516a85d7e7
UVM_INFO out_mon.sv(31) @ 25821311: uvm_test_top.env0.out_mon_h [OUT_MON] GOT AN OUTPUT!: 90054506a302
UVM_INFO out_mon.sv(31) @ 25826291: uvm_test_top.env0.out_mon_h [OUT_MON] GOT AN OUTPUT!: c164911d26ee
UVM_INFO out_mon.sv(31) @ 25831271: uvm_test_top.env0.out_mon_h [OUT_MON] GOT AN OUTPUT!: a52403b1d5ad
UVM_INFO out_mon.sv(31) @ 25836251: uvm_test_top.env0.out_mon_h [OUT_MON] GOT AN OUTPUT!: a1ab8d4fdbda
UVM_INFO out_mon.sv(31) @ 25841231: uvm_test_top.env0.out_mon_h [OUT_MON] GOT AN OUTPUT!: f9e5dd3a81e2
UVM_INFO out_mon.sv(31) @ 25846211: uvm_test_top.env0.out_mon_h [OUT_MON] GOT AN OUTPUT!: cb2f45198db6
UVM_INFO out_mon.sv(31) @ 25851191: uvm_test_top.env0.out_mon_h [OUT_MON] GOT AN OUTPUT!: f63095d4a36d
UVM_INFO out_mon.sv(31) @ 25856171: uvm_test_top.env0.out_mon_h [OUT_MON] GOT AN OUTPUT!: aabfa9f59d69
UVM_INFO out_mon.sv(31) @ 25861151: uvm_test_top.env0.out_mon_h [OUT_MON] GOT AN OUTPUT!: 0eb7f8a9f497
UVM_INFO out_mon.sv(31) @ 25866131: uvm_test_top.env0.out_mon_h [OUT_MON] GOT AN OUTPUT!: 37e4583b2244
UVM_INFO out_mon.sv(31) @ 25871111: uvm_test_top.env0.out_mon_h [OUT_MON] GOT AN OUTPUT!: 70e11695f687
UVM_INFO out_mon.sv(31) @ 25876091: uvm_test_top.env0.out_mon_h [OUT_MON] GOT AN OUTPUT!: 80ef6338ff38
UVM_INFO out_mon.sv(31) @ 25881071: uvm_test_top.env0.out_mon_h [OUT_MON] GOT AN OUTPUT!: 6edbf4a1e00b
UVM_INFO out_mon.sv(31) @ 25886051: uvm_test_top.env0.out_mon_h [OUT_MON] GOT AN OUTPUT!: f6e53511c90a
UVM_INFO out_mon.sv(31) @ 25891031: uvm_test_top.env0.out_mon_h [OUT_MON] GOT AN OUTPUT!: ab927940b3ba
UVM_INFO out_mon.sv(31) @ 25896011: uvm_test_top.env0.out_mon_h [OUT_MON] GOT AN OUTPUT!: 79984c57df24
UVM_INFO out_mon.sv(31) @ 25900991: uvm_test_top.env0.out_mon_h [OUT_MON] GOT AN OUTPUT!: 06b3064b25ea
UVM_INFO out_mon.sv(31) @ 25905971: uvm_test_top.env0.out_mon_h [OUT_MON] GOT AN OUTPUT!: 2390c2695c4e
UVM_INFO out_mon.sv(31) @ 25910951: uvm_test_top.env0.out_mon_h [OUT_MON] GOT AN OUTPUT!: 48a886bbb471
UVM_INFO out_mon.sv(31) @ 25915931: uvm_test_top.env0.out_mon_h [OUT_MON] GOT AN OUTPUT!: d61d538c1df7
UVM_INFO out_mon.sv(31) @ 25920911: uvm_test_top.env0.out_mon_h [OUT_MON] GOT AN OUTPUT!: 8e9f512a9faa
UVM_INFO out_mon.sv(31) @ 25925891: uvm_test_top.env0.out_mon_h [OUT_MON] GOT AN OUTPUT!: 8548f5c9be4f
UVM_INFO out_mon.sv(31) @ 25930871: uvm_test_top.env0.out_mon_h [OUT_MON] GOT AN OUTPUT!: 7681b009dfb6
UVM_INFO out_mon.sv(31) @ 25935851: uvm_test_top.env0.out_mon_h [OUT_MON] GOT AN OUTPUT!: 43df888b9cf1
UVM_INFO out_mon.sv(31) @ 25940831: uvm_test_top.env0.out_mon_h [OUT_MON] GOT AN OUTPUT!: 0afc72a1306f
UVM_INFO out_mon.sv(31) @ 25945811: uvm_test_top.env0.out_mon_h [OUT_MON] GOT AN OUTPUT!: 0f6bd4f6d13d
UVM_INFO out_mon.sv(31) @ 25950791: uvm_test_top.env0.out_mon_h [OUT_MON] GOT AN OUTPUT!: 6f7d46ca0e09
UVM_INFO out_mon.sv(31) @ 25955771: uvm_test_top.env0.out_mon_h [OUT_MON] GOT AN OUTPUT!: 5c384c08393c
UVM_INFO out_mon.sv(31) @ 25960751: uvm_test_top.env0.out_mon_h [OUT_MON] GOT AN OUTPUT!: 4c2e5e6bb9d4
UVM_INFO out_mon.sv(31) @ 25965731: uvm_test_top.env0.out_mon_h [OUT_MON] GOT AN OUTPUT!: 6157ce70731e
UVM_INFO out_mon.sv(31) @ 25970711: uvm_test_top.env0.out_mon_h [OUT_MON] GOT AN OUTPUT!: f9fa05b7261b
UVM_INFO out_mon.sv(31) @ 25975691: uvm_test_top.env0.out_mon_h [OUT_MON] GOT AN OUTPUT!: 248edc2fd738
UVM_INFO out_mon.sv(31) @ 25980671: uvm_test_top.env0.out_mon_h [OUT_MON] GOT AN OUTPUT!: 6e92a8231994
UVM_INFO out_mon.sv(31) @ 25985651: uvm_test_top.env0.out_mon_h [OUT_MON] GOT AN OUTPUT!: 466f78f28389
UVM_INFO out_mon.sv(31) @ 25990631: uvm_test_top.env0.out_mon_h [OUT_MON] GOT AN OUTPUT!: e85d0d280660
UVM_INFO out_mon.sv(31) @ 25995611: uvm_test_top.env0.out_mon_h [OUT_MON] GOT AN OUTPUT!: 8e41392c51ac
UVM_INFO out_mon.sv(31) @ 26000591: uvm_test_top.env0.out_mon_h [OUT_MON] GOT AN OUTPUT!: 5a8822bc2e0b
UVM_INFO out_mon.sv(31) @ 26005571: uvm_test_top.env0.out_mon_h [OUT_MON] GOT AN OUTPUT!: 3610a4f4e147
UVM_INFO out_mon.sv(31) @ 26010551: uvm_test_top.env0.out_mon_h [OUT_MON] GOT AN OUTPUT!: 9903338f8d89
UVM_INFO out_mon.sv(31) @ 26015531: uvm_test_top.env0.out_mon_h [OUT_MON] GOT AN OUTPUT!: f6ac75a38cd3
UVM_INFO out_mon.sv(31) @ 26020511: uvm_test_top.env0.out_mon_h [OUT_MON] GOT AN OUTPUT!: 4472e007dba4
UVM_INFO out_mon.sv(31) @ 26025491: uvm_test_top.env0.out_mon_h [OUT_MON] GOT AN OUTPUT!: d39edf2b6fd2
UVM_INFO out_mon.sv(31) @ 26030471: uvm_test_top.env0.out_mon_h [OUT_MON] GOT AN OUTPUT!: 7648b2fc99d9
UVM_INFO out_mon.sv(31) @ 26035451: uvm_test_top.env0.out_mon_h [OUT_MON] GOT AN OUTPUT!: a7346137654c
UVM_INFO out_mon.sv(31) @ 26040431: uvm_test_top.env0.out_mon_h [OUT_MON] GOT AN OUTPUT!: 2cb09c32ff1a
UVM_INFO out_mon.sv(31) @ 26045411: uvm_test_top.env0.out_mon_h [OUT_MON] GOT AN OUTPUT!: 6e794c060cb2
UVM_INFO out_mon.sv(31) @ 26050391: uvm_test_top.env0.out_mon_h [OUT_MON] GOT AN OUTPUT!: 7695449a0d61
UVM_INFO out_mon.sv(31) @ 26055371: uvm_test_top.env0.out_mon_h [OUT_MON] GOT AN OUTPUT!: 55369005beea
UVM_INFO out_mon.sv(31) @ 26060351: uvm_test_top.env0.out_mon_h [OUT_MON] GOT AN OUTPUT!: 5fa178467aa4
UVM_INFO out_mon.sv(31) @ 26065331: uvm_test_top.env0.out_mon_h [OUT_MON] GOT AN OUTPUT!: 81fddf3098be
UVM_INFO out_mon.sv(31) @ 26070311: uvm_test_top.env0.out_mon_h [OUT_MON] GOT AN OUTPUT!: 9c408f2ec70e
UVM_INFO out_mon.sv(31) @ 26075291: uvm_test_top.env0.out_mon_h [OUT_MON] GOT AN OUTPUT!: a214cb287560
UVM_INFO out_mon.sv(31) @ 26080271: uvm_test_top.env0.out_mon_h [OUT_MON] GOT AN OUTPUT!: f5a323a72df9
UVM_INFO out_mon.sv(31) @ 26085251: uvm_test_top.env0.out_mon_h [OUT_MON] GOT AN OUTPUT!: 358bf412f33c
UVM_INFO out_mon.sv(31) @ 26090231: uvm_test_top.env0.out_mon_h [OUT_MON] GOT AN OUTPUT!: 75b2f89da8a9
UVM_INFO out_mon.sv(31) @ 26095211: uvm_test_top.env0.out_mon_h [OUT_MON] GOT AN OUTPUT!: 9b2cd5356cd4
UVM_INFO out_mon.sv(31) @ 26100191: uvm_test_top.env0.out_mon_h [OUT_MON] GOT AN OUTPUT!: 53185a95f737
UVM_INFO out_mon.sv(31) @ 26105171: uvm_test_top.env0.out_mon_h [OUT_MON] GOT AN OUTPUT!: dc845150fcdc
UVM_INFO out_mon.sv(31) @ 26110151: uvm_test_top.env0.out_mon_h [OUT_MON] GOT AN OUTPUT!: 9d46dd6591a8
UVM_INFO out_mon.sv(31) @ 26115131: uvm_test_top.env0.out_mon_h [OUT_MON] GOT AN OUTPUT!: 39e19abe804b
UVM_INFO out_mon.sv(31) @ 26120111: uvm_test_top.env0.out_mon_h [OUT_MON] GOT AN OUTPUT!: a862cbafb6ab
UVM_INFO out_mon.sv(31) @ 26125091: uvm_test_top.env0.out_mon_h [OUT_MON] GOT AN OUTPUT!: 76487c4a949c
UVM_INFO out_mon.sv(31) @ 26130071: uvm_test_top.env0.out_mon_h [OUT_MON] GOT AN OUTPUT!: 395c1e2160ea
UVM_INFO out_mon.sv(31) @ 26135051: uvm_test_top.env0.out_mon_h [OUT_MON] GOT AN OUTPUT!: e38fb9d197f9
UVM_INFO out_mon.sv(31) @ 26140031: uvm_test_top.env0.out_mon_h [OUT_MON] GOT AN OUTPUT!: 71df586d4d78
UVM_INFO out_mon.sv(31) @ 26145011: uvm_test_top.env0.out_mon_h [OUT_MON] GOT AN OUTPUT!: 2e39789b9c83
UVM_INFO out_mon.sv(31) @ 26149991: uvm_test_top.env0.out_mon_h [OUT_MON] GOT AN OUTPUT!: 7c561807f948
UVM_INFO out_mon.sv(31) @ 26154971: uvm_test_top.env0.out_mon_h [OUT_MON] GOT AN OUTPUT!: e9976f788970
UVM_INFO out_mon.sv(31) @ 26159951: uvm_test_top.env0.out_mon_h [OUT_MON] GOT AN OUTPUT!: f7eebda39d1f
UVM_INFO out_mon.sv(31) @ 26164931: uvm_test_top.env0.out_mon_h [OUT_MON] GOT AN OUTPUT!: dbb5dd9bf441
UVM_INFO out_mon.sv(31) @ 26169911: uvm_test_top.env0.out_mon_h [OUT_MON] GOT AN OUTPUT!: 2493f66c3510
UVM_INFO out_mon.sv(31) @ 26174891: uvm_test_top.env0.out_mon_h [OUT_MON] GOT AN OUTPUT!: 095de2393db0
UVM_INFO out_mon.sv(31) @ 26179871: uvm_test_top.env0.out_mon_h [OUT_MON] GOT AN OUTPUT!: cef08f0381e2
UVM_INFO out_mon.sv(31) @ 26184851: uvm_test_top.env0.out_mon_h [OUT_MON] GOT AN OUTPUT!: 821b59df7baf
UVM_INFO out_mon.sv(31) @ 26189831: uvm_test_top.env0.out_mon_h [OUT_MON] GOT AN OUTPUT!: fc735f3cfa5e
UVM_INFO out_mon.sv(31) @ 26194811: uvm_test_top.env0.out_mon_h [OUT_MON] GOT AN OUTPUT!: ec3bc9958d13
UVM_INFO out_mon.sv(31) @ 26199791: uvm_test_top.env0.out_mon_h [OUT_MON] GOT AN OUTPUT!: 5744a099dc0f
UVM_INFO out_mon.sv(31) @ 26204771: uvm_test_top.env0.out_mon_h [OUT_MON] GOT AN OUTPUT!: d0cb83b60f2f
UVM_INFO out_mon.sv(31) @ 26209751: uvm_test_top.env0.out_mon_h [OUT_MON] GOT AN OUTPUT!: 5a559285264d
UVM_INFO out_mon.sv(31) @ 26214731: uvm_test_top.env0.out_mon_h [OUT_MON] GOT AN OUTPUT!: a7957f8b5d1f
UVM_INFO out_mon.sv(31) @ 26219711: uvm_test_top.env0.out_mon_h [OUT_MON] GOT AN OUTPUT!: 3d4cc44f9026
UVM_INFO out_mon.sv(31) @ 26224691: uvm_test_top.env0.out_mon_h [OUT_MON] GOT AN OUTPUT!: a3261fab93e7
UVM_INFO out_mon.sv(31) @ 26229671: uvm_test_top.env0.out_mon_h [OUT_MON] GOT AN OUTPUT!: a09ad1eb9911
UVM_INFO out_mon.sv(31) @ 26234651: uvm_test_top.env0.out_mon_h [OUT_MON] GOT AN OUTPUT!: 3cca64148c34
UVM_INFO out_mon.sv(31) @ 26239631: uvm_test_top.env0.out_mon_h [OUT_MON] GOT AN OUTPUT!: f968f1697be0
UVM_INFO out_mon.sv(31) @ 26244611: uvm_test_top.env0.out_mon_h [OUT_MON] GOT AN OUTPUT!: 808cb107e7e4
UVM_INFO out_mon.sv(31) @ 26249591: uvm_test_top.env0.out_mon_h [OUT_MON] GOT AN OUTPUT!: bda2373332f2
UVM_INFO out_mon.sv(31) @ 26254571: uvm_test_top.env0.out_mon_h [OUT_MON] GOT AN OUTPUT!: 193bb0a6fb1b
UVM_INFO out_mon.sv(31) @ 26259551: uvm_test_top.env0.out_mon_h [OUT_MON] GOT AN OUTPUT!: 4ff7c6087c16
UVM_INFO out_mon.sv(31) @ 26264531: uvm_test_top.env0.out_mon_h [OUT_MON] GOT AN OUTPUT!: 1c5f7c4ee816
UVM_INFO out_mon.sv(31) @ 26269511: uvm_test_top.env0.out_mon_h [OUT_MON] GOT AN OUTPUT!: abcfedbad21b
UVM_INFO out_mon.sv(31) @ 26274491: uvm_test_top.env0.out_mon_h [OUT_MON] GOT AN OUTPUT!: 964699b48875
UVM_INFO out_mon.sv(31) @ 26279471: uvm_test_top.env0.out_mon_h [OUT_MON] GOT AN OUTPUT!: d15769a97585
UVM_INFO out_mon.sv(31) @ 26284451: uvm_test_top.env0.out_mon_h [OUT_MON] GOT AN OUTPUT!: d5fdddc07833
UVM_INFO out_mon.sv(31) @ 26289431: uvm_test_top.env0.out_mon_h [OUT_MON] GOT AN OUTPUT!: f17db9fd5b57
UVM_INFO out_mon.sv(31) @ 26294411: uvm_test_top.env0.out_mon_h [OUT_MON] GOT AN OUTPUT!: 794de02b140a
UVM_INFO out_mon.sv(31) @ 26299391: uvm_test_top.env0.out_mon_h [OUT_MON] GOT AN OUTPUT!: 59eacea5427b
UVM_INFO out_mon.sv(31) @ 26304371: uvm_test_top.env0.out_mon_h [OUT_MON] GOT AN OUTPUT!: 38c406d87871
UVM_INFO out_mon.sv(31) @ 26309351: uvm_test_top.env0.out_mon_h [OUT_MON] GOT AN OUTPUT!: 210ff611a9a8
UVM_INFO out_mon.sv(31) @ 26314331: uvm_test_top.env0.out_mon_h [OUT_MON] GOT AN OUTPUT!: 73aebef481f7
UVM_INFO out_mon.sv(31) @ 26319311: uvm_test_top.env0.out_mon_h [OUT_MON] GOT AN OUTPUT!: 921359b0c959
UVM_INFO out_mon.sv(31) @ 26324291: uvm_test_top.env0.out_mon_h [OUT_MON] GOT AN OUTPUT!: 7c1616cec929
UVM_INFO out_mon.sv(31) @ 26329271: uvm_test_top.env0.out_mon_h [OUT_MON] GOT AN OUTPUT!: 58e2e02a9eb8
UVM_INFO out_mon.sv(31) @ 26334251: uvm_test_top.env0.out_mon_h [OUT_MON] GOT AN OUTPUT!: a2cb2b76abc0
UVM_INFO out_mon.sv(31) @ 26339231: uvm_test_top.env0.out_mon_h [OUT_MON] GOT AN OUTPUT!: 6e2cde5ce7fc
UVM_INFO out_mon.sv(31) @ 26344211: uvm_test_top.env0.out_mon_h [OUT_MON] GOT AN OUTPUT!: 03549a174654
UVM_INFO out_mon.sv(31) @ 26349191: uvm_test_top.env0.out_mon_h [OUT_MON] GOT AN OUTPUT!: c35a4f171c38
UVM_INFO out_mon.sv(31) @ 26354171: uvm_test_top.env0.out_mon_h [OUT_MON] GOT AN OUTPUT!: 10038a13753c
UVM_INFO out_mon.sv(31) @ 26359151: uvm_test_top.env0.out_mon_h [OUT_MON] GOT AN OUTPUT!: ae9a0b967a05
UVM_INFO out_mon.sv(31) @ 26364131: uvm_test_top.env0.out_mon_h [OUT_MON] GOT AN OUTPUT!: ddde5fe1d2e9
UVM_INFO out_mon.sv(31) @ 26369111: uvm_test_top.env0.out_mon_h [OUT_MON] GOT AN OUTPUT!: 16d5c4c1fe11
UVM_INFO out_mon.sv(31) @ 26374091: uvm_test_top.env0.out_mon_h [OUT_MON] GOT AN OUTPUT!: 30b5b6a8bd63
UVM_INFO out_mon.sv(31) @ 26379071: uvm_test_top.env0.out_mon_h [OUT_MON] GOT AN OUTPUT!: 5fbb222667fc
UVM_INFO out_mon.sv(31) @ 26384051: uvm_test_top.env0.out_mon_h [OUT_MON] GOT AN OUTPUT!: 4711b89a4e21
UVM_INFO out_mon.sv(31) @ 26389031: uvm_test_top.env0.out_mon_h [OUT_MON] GOT AN OUTPUT!: 15b2deb22b7f
UVM_INFO out_mon.sv(31) @ 26394011: uvm_test_top.env0.out_mon_h [OUT_MON] GOT AN OUTPUT!: 66416c106502
UVM_INFO out_mon.sv(31) @ 26398991: uvm_test_top.env0.out_mon_h [OUT_MON] GOT AN OUTPUT!: 59ed2431895c
UVM_INFO out_mon.sv(31) @ 26403971: uvm_test_top.env0.out_mon_h [OUT_MON] GOT AN OUTPUT!: 265110689a8e
UVM_INFO out_mon.sv(31) @ 26408951: uvm_test_top.env0.out_mon_h [OUT_MON] GOT AN OUTPUT!: 0e522e8a7d05
UVM_INFO out_mon.sv(31) @ 26413931: uvm_test_top.env0.out_mon_h [OUT_MON] GOT AN OUTPUT!: 7e0a16a04b45
UVM_INFO out_mon.sv(31) @ 26418911: uvm_test_top.env0.out_mon_h [OUT_MON] GOT AN OUTPUT!: c1934fb8c177
UVM_INFO out_mon.sv(31) @ 26423891: uvm_test_top.env0.out_mon_h [OUT_MON] GOT AN OUTPUT!: 8efae9b09523
UVM_INFO out_mon.sv(31) @ 26428871: uvm_test_top.env0.out_mon_h [OUT_MON] GOT AN OUTPUT!: 5b166889d545
UVM_INFO out_mon.sv(31) @ 26433851: uvm_test_top.env0.out_mon_h [OUT_MON] GOT AN OUTPUT!: 316df6aa5029
UVM_INFO out_mon.sv(31) @ 26438831: uvm_test_top.env0.out_mon_h [OUT_MON] GOT AN OUTPUT!: 870d0318f33e
UVM_INFO out_mon.sv(31) @ 26443811: uvm_test_top.env0.out_mon_h [OUT_MON] GOT AN OUTPUT!: 406f36921c0b
UVM_INFO out_mon.sv(31) @ 26448791: uvm_test_top.env0.out_mon_h [OUT_MON] GOT AN OUTPUT!: e25ff90b14b8
UVM_INFO out_mon.sv(31) @ 26453771: uvm_test_top.env0.out_mon_h [OUT_MON] GOT AN OUTPUT!: a5caaffc54c9
UVM_INFO out_mon.sv(31) @ 26458751: uvm_test_top.env0.out_mon_h [OUT_MON] GOT AN OUTPUT!: e6b8038af9e7
UVM_INFO out_mon.sv(31) @ 26463731: uvm_test_top.env0.out_mon_h [OUT_MON] GOT AN OUTPUT!: 260e1869156c
UVM_INFO out_mon.sv(31) @ 26468711: uvm_test_top.env0.out_mon_h [OUT_MON] GOT AN OUTPUT!: 9686f7051a44
UVM_INFO out_mon.sv(31) @ 26473691: uvm_test_top.env0.out_mon_h [OUT_MON] GOT AN OUTPUT!: ec8533603990
UVM_INFO out_mon.sv(31) @ 26478671: uvm_test_top.env0.out_mon_h [OUT_MON] GOT AN OUTPUT!: e8f71da3b675
UVM_INFO out_mon.sv(31) @ 26483651: uvm_test_top.env0.out_mon_h [OUT_MON] GOT AN OUTPUT!: d73bf54d5c08
UVM_INFO out_mon.sv(31) @ 26488631: uvm_test_top.env0.out_mon_h [OUT_MON] GOT AN OUTPUT!: f5f5738ac8b3
UVM_INFO out_mon.sv(31) @ 26493611: uvm_test_top.env0.out_mon_h [OUT_MON] GOT AN OUTPUT!: 82f90f1bda44
UVM_INFO out_mon.sv(31) @ 26498591: uvm_test_top.env0.out_mon_h [OUT_MON] GOT AN OUTPUT!: e22927d40c1f
UVM_INFO out_mon.sv(31) @ 26503571: uvm_test_top.env0.out_mon_h [OUT_MON] GOT AN OUTPUT!: 174ef892d3b7
UVM_INFO out_mon.sv(31) @ 26508551: uvm_test_top.env0.out_mon_h [OUT_MON] GOT AN OUTPUT!: 8b02334afd0a
UVM_INFO out_mon.sv(31) @ 26513531: uvm_test_top.env0.out_mon_h [OUT_MON] GOT AN OUTPUT!: d2890f711df6
UVM_INFO out_mon.sv(31) @ 26518511: uvm_test_top.env0.out_mon_h [OUT_MON] GOT AN OUTPUT!: f2ae65e8d997
UVM_INFO out_mon.sv(31) @ 26523491: uvm_test_top.env0.out_mon_h [OUT_MON] GOT AN OUTPUT!: 55b1e64957c8
UVM_INFO out_mon.sv(31) @ 26528471: uvm_test_top.env0.out_mon_h [OUT_MON] GOT AN OUTPUT!: 6c17ba1099c2
UVM_INFO out_mon.sv(31) @ 26533451: uvm_test_top.env0.out_mon_h [OUT_MON] GOT AN OUTPUT!: b093531ddcd6
UVM_INFO out_mon.sv(31) @ 26538431: uvm_test_top.env0.out_mon_h [OUT_MON] GOT AN OUTPUT!: 86e64d8afd31
UVM_INFO out_mon.sv(31) @ 26543411: uvm_test_top.env0.out_mon_h [OUT_MON] GOT AN OUTPUT!: 2dbc60bccb43
UVM_INFO out_mon.sv(31) @ 26548391: uvm_test_top.env0.out_mon_h [OUT_MON] GOT AN OUTPUT!: bb8dc7427cda
UVM_INFO out_mon.sv(31) @ 26553371: uvm_test_top.env0.out_mon_h [OUT_MON] GOT AN OUTPUT!: de78b1dbfdd9
UVM_INFO out_mon.sv(31) @ 26558351: uvm_test_top.env0.out_mon_h [OUT_MON] GOT AN OUTPUT!: d731a5bf57e7
UVM_INFO out_mon.sv(31) @ 26563331: uvm_test_top.env0.out_mon_h [OUT_MON] GOT AN OUTPUT!: e6d277f50f03
UVM_INFO out_mon.sv(31) @ 26568311: uvm_test_top.env0.out_mon_h [OUT_MON] GOT AN OUTPUT!: 27c51e6386d4
UVM_INFO out_mon.sv(31) @ 26573291: uvm_test_top.env0.out_mon_h [OUT_MON] GOT AN OUTPUT!: 899987e15a51
UVM_INFO out_mon.sv(31) @ 26578271: uvm_test_top.env0.out_mon_h [OUT_MON] GOT AN OUTPUT!: 67f10e66c746
UVM_INFO out_mon.sv(31) @ 26583251: uvm_test_top.env0.out_mon_h [OUT_MON] GOT AN OUTPUT!: f455ad3601ba
UVM_INFO out_mon.sv(31) @ 26588231: uvm_test_top.env0.out_mon_h [OUT_MON] GOT AN OUTPUT!: 6b21c0929689
UVM_INFO out_mon.sv(31) @ 26593211: uvm_test_top.env0.out_mon_h [OUT_MON] GOT AN OUTPUT!: cb55df5fd956
UVM_INFO out_mon.sv(31) @ 26598191: uvm_test_top.env0.out_mon_h [OUT_MON] GOT AN OUTPUT!: 8981e1be2e31
UVM_INFO out_mon.sv(31) @ 26603171: uvm_test_top.env0.out_mon_h [OUT_MON] GOT AN OUTPUT!: 75a34c7f81ca
UVM_INFO out_mon.sv(31) @ 26608151: uvm_test_top.env0.out_mon_h [OUT_MON] GOT AN OUTPUT!: cbff7f0a8fde
UVM_INFO out_mon.sv(31) @ 26613131: uvm_test_top.env0.out_mon_h [OUT_MON] GOT AN OUTPUT!: 290b02055518
UVM_INFO out_mon.sv(31) @ 26618111: uvm_test_top.env0.out_mon_h [OUT_MON] GOT AN OUTPUT!: d84571de6e87
UVM_INFO out_mon.sv(31) @ 26623091: uvm_test_top.env0.out_mon_h [OUT_MON] GOT AN OUTPUT!: b61a230d710c
UVM_INFO out_mon.sv(31) @ 26628071: uvm_test_top.env0.out_mon_h [OUT_MON] GOT AN OUTPUT!: 9cc0eda24d5f
UVM_INFO out_mon.sv(31) @ 26633051: uvm_test_top.env0.out_mon_h [OUT_MON] GOT AN OUTPUT!: 141c5c7bb00a
UVM_INFO out_mon.sv(31) @ 26638031: uvm_test_top.env0.out_mon_h [OUT_MON] GOT AN OUTPUT!: bc9cb53c65ae
UVM_INFO out_mon.sv(31) @ 26643011: uvm_test_top.env0.out_mon_h [OUT_MON] GOT AN OUTPUT!: ad1d9fd7b065
UVM_INFO out_mon.sv(31) @ 26647991: uvm_test_top.env0.out_mon_h [OUT_MON] GOT AN OUTPUT!: bbc4b14cb2b4
UVM_INFO out_mon.sv(31) @ 26652971: uvm_test_top.env0.out_mon_h [OUT_MON] GOT AN OUTPUT!: 69e9cae8cbf9
UVM_INFO out_mon.sv(31) @ 26657951: uvm_test_top.env0.out_mon_h [OUT_MON] GOT AN OUTPUT!: eae64328f3f6
UVM_INFO out_mon.sv(31) @ 26662931: uvm_test_top.env0.out_mon_h [OUT_MON] GOT AN OUTPUT!: 7e0a48121f50
UVM_INFO out_mon.sv(31) @ 26667911: uvm_test_top.env0.out_mon_h [OUT_MON] GOT AN OUTPUT!: 136d3c989ff9
UVM_INFO out_mon.sv(31) @ 26672891: uvm_test_top.env0.out_mon_h [OUT_MON] GOT AN OUTPUT!: f3cf476e84f2
UVM_INFO out_mon.sv(31) @ 26677871: uvm_test_top.env0.out_mon_h [OUT_MON] GOT AN OUTPUT!: e382b950f6e2
UVM_INFO out_mon.sv(31) @ 26682851: uvm_test_top.env0.out_mon_h [OUT_MON] GOT AN OUTPUT!: f8439dac9b33
UVM_INFO out_mon.sv(31) @ 26687831: uvm_test_top.env0.out_mon_h [OUT_MON] GOT AN OUTPUT!: 1a16d830f3f2
UVM_INFO out_mon.sv(31) @ 26692811: uvm_test_top.env0.out_mon_h [OUT_MON] GOT AN OUTPUT!: e733f3aabc17
UVM_INFO out_mon.sv(31) @ 26697791: uvm_test_top.env0.out_mon_h [OUT_MON] GOT AN OUTPUT!: 72d37c3d5050
UVM_INFO out_mon.sv(31) @ 26702771: uvm_test_top.env0.out_mon_h [OUT_MON] GOT AN OUTPUT!: 17274cd306a5
UVM_INFO out_mon.sv(31) @ 26707751: uvm_test_top.env0.out_mon_h [OUT_MON] GOT AN OUTPUT!: 52241e5c8f26
UVM_INFO out_mon.sv(31) @ 26712731: uvm_test_top.env0.out_mon_h [OUT_MON] GOT AN OUTPUT!: 656e8037544a
UVM_INFO out_mon.sv(31) @ 26717711: uvm_test_top.env0.out_mon_h [OUT_MON] GOT AN OUTPUT!: 3137ded2e47d
UVM_INFO out_mon.sv(31) @ 26722691: uvm_test_top.env0.out_mon_h [OUT_MON] GOT AN OUTPUT!: 8217cd6d428a
UVM_INFO out_mon.sv(31) @ 26727671: uvm_test_top.env0.out_mon_h [OUT_MON] GOT AN OUTPUT!: c9f4c97e4fd4
UVM_INFO out_mon.sv(31) @ 26732651: uvm_test_top.env0.out_mon_h [OUT_MON] GOT AN OUTPUT!: fbe6fd2a2ac0
UVM_INFO out_mon.sv(31) @ 26737631: uvm_test_top.env0.out_mon_h [OUT_MON] GOT AN OUTPUT!: 030c9ed28cef
UVM_INFO out_mon.sv(31) @ 26742611: uvm_test_top.env0.out_mon_h [OUT_MON] GOT AN OUTPUT!: 0c70609f2d13
UVM_INFO out_mon.sv(31) @ 26747591: uvm_test_top.env0.out_mon_h [OUT_MON] GOT AN OUTPUT!: 9be8e79518cb
UVM_INFO out_mon.sv(31) @ 26752571: uvm_test_top.env0.out_mon_h [OUT_MON] GOT AN OUTPUT!: 23fa0295216d
UVM_INFO out_mon.sv(31) @ 26757551: uvm_test_top.env0.out_mon_h [OUT_MON] GOT AN OUTPUT!: 98b5cd592c3a
UVM_INFO out_mon.sv(31) @ 26762531: uvm_test_top.env0.out_mon_h [OUT_MON] GOT AN OUTPUT!: 35946648a49a
UVM_INFO out_mon.sv(31) @ 26767511: uvm_test_top.env0.out_mon_h [OUT_MON] GOT AN OUTPUT!: 6e5e6cbbc91d
UVM_INFO out_mon.sv(31) @ 26772491: uvm_test_top.env0.out_mon_h [OUT_MON] GOT AN OUTPUT!: c30937061554
UVM_INFO out_mon.sv(31) @ 26777471: uvm_test_top.env0.out_mon_h [OUT_MON] GOT AN OUTPUT!: ee93115fa4a8
UVM_INFO out_mon.sv(31) @ 26782451: uvm_test_top.env0.out_mon_h [OUT_MON] GOT AN OUTPUT!: a8e41d858c67
UVM_INFO out_mon.sv(31) @ 26787431: uvm_test_top.env0.out_mon_h [OUT_MON] GOT AN OUTPUT!: f3b929a93ebd
UVM_INFO out_mon.sv(31) @ 26792411: uvm_test_top.env0.out_mon_h [OUT_MON] GOT AN OUTPUT!: aa734506e8b6
UVM_INFO out_mon.sv(31) @ 26797391: uvm_test_top.env0.out_mon_h [OUT_MON] GOT AN OUTPUT!: cd00493ad3c0
UVM_INFO out_mon.sv(31) @ 26802371: uvm_test_top.env0.out_mon_h [OUT_MON] GOT AN OUTPUT!: bdbeb92dc348
UVM_INFO out_mon.sv(31) @ 26807351: uvm_test_top.env0.out_mon_h [OUT_MON] GOT AN OUTPUT!: 6a551a305df0
UVM_INFO out_mon.sv(31) @ 26812331: uvm_test_top.env0.out_mon_h [OUT_MON] GOT AN OUTPUT!: 17971c9d7b21
UVM_INFO out_mon.sv(31) @ 26817311: uvm_test_top.env0.out_mon_h [OUT_MON] GOT AN OUTPUT!: 48628c1b98ac
UVM_INFO out_mon.sv(31) @ 26822291: uvm_test_top.env0.out_mon_h [OUT_MON] GOT AN OUTPUT!: f785e1552816
UVM_INFO out_mon.sv(31) @ 26827271: uvm_test_top.env0.out_mon_h [OUT_MON] GOT AN OUTPUT!: 1c951cc001a7
UVM_INFO out_mon.sv(31) @ 26832251: uvm_test_top.env0.out_mon_h [OUT_MON] GOT AN OUTPUT!: 33d6a0cbad5f
UVM_INFO out_mon.sv(31) @ 26837231: uvm_test_top.env0.out_mon_h [OUT_MON] GOT AN OUTPUT!: 4119908ed581
UVM_INFO out_mon.sv(31) @ 26842211: uvm_test_top.env0.out_mon_h [OUT_MON] GOT AN OUTPUT!: 85968bcb9e11
UVM_INFO out_mon.sv(31) @ 26847191: uvm_test_top.env0.out_mon_h [OUT_MON] GOT AN OUTPUT!: e0d7fde30cb5
UVM_INFO out_mon.sv(31) @ 26852171: uvm_test_top.env0.out_mon_h [OUT_MON] GOT AN OUTPUT!: 9490b50f5d46
UVM_INFO out_mon.sv(31) @ 26857151: uvm_test_top.env0.out_mon_h [OUT_MON] GOT AN OUTPUT!: e3816bfd6765
UVM_INFO out_mon.sv(31) @ 26862131: uvm_test_top.env0.out_mon_h [OUT_MON] GOT AN OUTPUT!: c353319d031f
UVM_INFO out_mon.sv(31) @ 26867111: uvm_test_top.env0.out_mon_h [OUT_MON] GOT AN OUTPUT!: 997df5c05fe7
UVM_INFO out_mon.sv(31) @ 26872091: uvm_test_top.env0.out_mon_h [OUT_MON] GOT AN OUTPUT!: bb26a7e26d63
UVM_INFO out_mon.sv(31) @ 26877071: uvm_test_top.env0.out_mon_h [OUT_MON] GOT AN OUTPUT!: 27fab82c319a
UVM_INFO out_mon.sv(31) @ 26882051: uvm_test_top.env0.out_mon_h [OUT_MON] GOT AN OUTPUT!: b819759135eb
UVM_INFO out_mon.sv(31) @ 26887031: uvm_test_top.env0.out_mon_h [OUT_MON] GOT AN OUTPUT!: b4e6719ad8f9
UVM_INFO out_mon.sv(31) @ 26892011: uvm_test_top.env0.out_mon_h [OUT_MON] GOT AN OUTPUT!: 94f6f93aba90
UVM_INFO out_mon.sv(31) @ 26896991: uvm_test_top.env0.out_mon_h [OUT_MON] GOT AN OUTPUT!: 52e916bc135d
UVM_INFO out_mon.sv(31) @ 26901971: uvm_test_top.env0.out_mon_h [OUT_MON] GOT AN OUTPUT!: 974b15ac17e5
UVM_INFO out_mon.sv(31) @ 26906951: uvm_test_top.env0.out_mon_h [OUT_MON] GOT AN OUTPUT!: ad704d515a6e
UVM_INFO out_mon.sv(31) @ 26911931: uvm_test_top.env0.out_mon_h [OUT_MON] GOT AN OUTPUT!: fb618b0a295c
UVM_INFO out_mon.sv(31) @ 26916911: uvm_test_top.env0.out_mon_h [OUT_MON] GOT AN OUTPUT!: 74aa10a9eab5
UVM_INFO out_mon.sv(31) @ 26921891: uvm_test_top.env0.out_mon_h [OUT_MON] GOT AN OUTPUT!: 404648ad8921
UVM_INFO out_mon.sv(31) @ 26926871: uvm_test_top.env0.out_mon_h [OUT_MON] GOT AN OUTPUT!: 898063dec249
UVM_INFO out_mon.sv(31) @ 26931851: uvm_test_top.env0.out_mon_h [OUT_MON] GOT AN OUTPUT!: 33c92cbe955d
UVM_INFO out_mon.sv(31) @ 26936831: uvm_test_top.env0.out_mon_h [OUT_MON] GOT AN OUTPUT!: e99e5dce9a15
UVM_INFO out_mon.sv(31) @ 26941811: uvm_test_top.env0.out_mon_h [OUT_MON] GOT AN OUTPUT!: be6f7b916815
UVM_INFO out_mon.sv(31) @ 26946791: uvm_test_top.env0.out_mon_h [OUT_MON] GOT AN OUTPUT!: 5b707ed9f1a1
UVM_INFO out_mon.sv(31) @ 26951771: uvm_test_top.env0.out_mon_h [OUT_MON] GOT AN OUTPUT!: 6f887cc1e061
UVM_INFO out_mon.sv(31) @ 26956751: uvm_test_top.env0.out_mon_h [OUT_MON] GOT AN OUTPUT!: da25835f00e6
UVM_INFO out_mon.sv(31) @ 26961731: uvm_test_top.env0.out_mon_h [OUT_MON] GOT AN OUTPUT!: c922690f9738
UVM_INFO out_mon.sv(31) @ 26966711: uvm_test_top.env0.out_mon_h [OUT_MON] GOT AN OUTPUT!: c1a6b1f5c719
UVM_INFO out_mon.sv(31) @ 26971691: uvm_test_top.env0.out_mon_h [OUT_MON] GOT AN OUTPUT!: 4c0440f9eb79
UVM_INFO out_mon.sv(31) @ 26976671: uvm_test_top.env0.out_mon_h [OUT_MON] GOT AN OUTPUT!: ba9fdb6bfcec
UVM_INFO out_mon.sv(31) @ 26981651: uvm_test_top.env0.out_mon_h [OUT_MON] GOT AN OUTPUT!: 43c0981bf482
UVM_INFO out_mon.sv(31) @ 26986631: uvm_test_top.env0.out_mon_h [OUT_MON] GOT AN OUTPUT!: 667f04812239
UVM_INFO out_mon.sv(31) @ 26991611: uvm_test_top.env0.out_mon_h [OUT_MON] GOT AN OUTPUT!: 529d064895ec
UVM_INFO out_mon.sv(31) @ 26996591: uvm_test_top.env0.out_mon_h [OUT_MON] GOT AN OUTPUT!: cb6cf362728e
UVM_INFO out_mon.sv(31) @ 27001571: uvm_test_top.env0.out_mon_h [OUT_MON] GOT AN OUTPUT!: bda9336662ca
UVM_INFO out_mon.sv(31) @ 27006551: uvm_test_top.env0.out_mon_h [OUT_MON] GOT AN OUTPUT!: 80598de6e79f
UVM_INFO out_mon.sv(31) @ 27011531: uvm_test_top.env0.out_mon_h [OUT_MON] GOT AN OUTPUT!: 78ae340bbc02
UVM_INFO out_mon.sv(31) @ 27016511: uvm_test_top.env0.out_mon_h [OUT_MON] GOT AN OUTPUT!: 98ec538b3dfd
UVM_INFO out_mon.sv(31) @ 27021491: uvm_test_top.env0.out_mon_h [OUT_MON] GOT AN OUTPUT!: f23c45dabf07
UVM_INFO out_mon.sv(31) @ 27026471: uvm_test_top.env0.out_mon_h [OUT_MON] GOT AN OUTPUT!: 5196dc2df020
UVM_INFO out_mon.sv(31) @ 27031451: uvm_test_top.env0.out_mon_h [OUT_MON] GOT AN OUTPUT!: 9f9c739d45b5
UVM_INFO out_mon.sv(31) @ 27036431: uvm_test_top.env0.out_mon_h [OUT_MON] GOT AN OUTPUT!: 7b809c8b3f39
UVM_INFO out_mon.sv(31) @ 27041411: uvm_test_top.env0.out_mon_h [OUT_MON] GOT AN OUTPUT!: 48db5620e96c
UVM_INFO out_mon.sv(31) @ 27046391: uvm_test_top.env0.out_mon_h [OUT_MON] GOT AN OUTPUT!: a896d77922b4
UVM_INFO out_mon.sv(31) @ 27051371: uvm_test_top.env0.out_mon_h [OUT_MON] GOT AN OUTPUT!: 14c576d30b41
UVM_INFO out_mon.sv(31) @ 27056351: uvm_test_top.env0.out_mon_h [OUT_MON] GOT AN OUTPUT!: 178712e358fb
UVM_INFO out_mon.sv(31) @ 27061331: uvm_test_top.env0.out_mon_h [OUT_MON] GOT AN OUTPUT!: 54e5621cc268
UVM_INFO out_mon.sv(31) @ 27066311: uvm_test_top.env0.out_mon_h [OUT_MON] GOT AN OUTPUT!: 5fbbe4875d57
UVM_INFO out_mon.sv(31) @ 27071291: uvm_test_top.env0.out_mon_h [OUT_MON] GOT AN OUTPUT!: 11892a7ef192
UVM_INFO out_mon.sv(31) @ 27076271: uvm_test_top.env0.out_mon_h [OUT_MON] GOT AN OUTPUT!: dd5f7570687c
UVM_INFO out_mon.sv(31) @ 27081251: uvm_test_top.env0.out_mon_h [OUT_MON] GOT AN OUTPUT!: 55ba386e2d86
UVM_INFO out_mon.sv(31) @ 27086231: uvm_test_top.env0.out_mon_h [OUT_MON] GOT AN OUTPUT!: dd6083337ab6
UVM_INFO out_mon.sv(31) @ 27091211: uvm_test_top.env0.out_mon_h [OUT_MON] GOT AN OUTPUT!: 3b463eeed493
UVM_INFO out_mon.sv(31) @ 27096191: uvm_test_top.env0.out_mon_h [OUT_MON] GOT AN OUTPUT!: 896a4feb5019
UVM_INFO out_mon.sv(31) @ 27101171: uvm_test_top.env0.out_mon_h [OUT_MON] GOT AN OUTPUT!: b6bb33f1042d
UVM_INFO out_mon.sv(31) @ 27106151: uvm_test_top.env0.out_mon_h [OUT_MON] GOT AN OUTPUT!: 93eb3df462cf
UVM_INFO out_mon.sv(31) @ 27111131: uvm_test_top.env0.out_mon_h [OUT_MON] GOT AN OUTPUT!: 2360106c995c
UVM_INFO out_mon.sv(31) @ 27116111: uvm_test_top.env0.out_mon_h [OUT_MON] GOT AN OUTPUT!: a40b8d68eedc
UVM_INFO out_mon.sv(31) @ 27121091: uvm_test_top.env0.out_mon_h [OUT_MON] GOT AN OUTPUT!: 8f45553d2a3c
UVM_INFO out_mon.sv(31) @ 27126071: uvm_test_top.env0.out_mon_h [OUT_MON] GOT AN OUTPUT!: 81b6f75cf064
UVM_INFO out_mon.sv(31) @ 27131051: uvm_test_top.env0.out_mon_h [OUT_MON] GOT AN OUTPUT!: c735f5be1a43
UVM_INFO out_mon.sv(31) @ 27136031: uvm_test_top.env0.out_mon_h [OUT_MON] GOT AN OUTPUT!: 019d8ada22e3
UVM_INFO out_mon.sv(31) @ 27141011: uvm_test_top.env0.out_mon_h [OUT_MON] GOT AN OUTPUT!: 22bac226808a
UVM_INFO out_mon.sv(31) @ 27145991: uvm_test_top.env0.out_mon_h [OUT_MON] GOT AN OUTPUT!: b127a79c0551
UVM_INFO out_mon.sv(31) @ 27150971: uvm_test_top.env0.out_mon_h [OUT_MON] GOT AN OUTPUT!: 1025e8a53cc9
UVM_INFO out_mon.sv(31) @ 27155951: uvm_test_top.env0.out_mon_h [OUT_MON] GOT AN OUTPUT!: 42806c8bcea7
UVM_INFO out_mon.sv(31) @ 27160931: uvm_test_top.env0.out_mon_h [OUT_MON] GOT AN OUTPUT!: 607b9c3ce746
UVM_INFO out_mon.sv(31) @ 27165911: uvm_test_top.env0.out_mon_h [OUT_MON] GOT AN OUTPUT!: b89967fc81c3
UVM_INFO out_mon.sv(31) @ 27170891: uvm_test_top.env0.out_mon_h [OUT_MON] GOT AN OUTPUT!: 538e905fdd6a
UVM_INFO out_mon.sv(31) @ 27175871: uvm_test_top.env0.out_mon_h [OUT_MON] GOT AN OUTPUT!: 5319eca6d321
UVM_INFO out_mon.sv(31) @ 27180851: uvm_test_top.env0.out_mon_h [OUT_MON] GOT AN OUTPUT!: 63e63e4c3a36
UVM_INFO out_mon.sv(31) @ 27185831: uvm_test_top.env0.out_mon_h [OUT_MON] GOT AN OUTPUT!: 3a6fe6654254
UVM_INFO out_mon.sv(31) @ 27190811: uvm_test_top.env0.out_mon_h [OUT_MON] GOT AN OUTPUT!: d2d2b127db4e
UVM_INFO out_mon.sv(31) @ 27195791: uvm_test_top.env0.out_mon_h [OUT_MON] GOT AN OUTPUT!: ebc575b00cd5
UVM_INFO out_mon.sv(31) @ 27200771: uvm_test_top.env0.out_mon_h [OUT_MON] GOT AN OUTPUT!: f45ed5dc5cd5
UVM_INFO out_mon.sv(31) @ 27205751: uvm_test_top.env0.out_mon_h [OUT_MON] GOT AN OUTPUT!: 65063cd92cfb
UVM_INFO out_mon.sv(31) @ 27210731: uvm_test_top.env0.out_mon_h [OUT_MON] GOT AN OUTPUT!: 3b55f2b31bd3
UVM_INFO out_mon.sv(31) @ 27215711: uvm_test_top.env0.out_mon_h [OUT_MON] GOT AN OUTPUT!: 10e2aa085fb6
UVM_INFO out_mon.sv(31) @ 27220691: uvm_test_top.env0.out_mon_h [OUT_MON] GOT AN OUTPUT!: 05405eb12e53
UVM_INFO out_mon.sv(31) @ 27225671: uvm_test_top.env0.out_mon_h [OUT_MON] GOT AN OUTPUT!: 72c31ef71ce7
UVM_INFO out_mon.sv(31) @ 27230651: uvm_test_top.env0.out_mon_h [OUT_MON] GOT AN OUTPUT!: 266f0ab37601
UVM_INFO out_mon.sv(31) @ 27235631: uvm_test_top.env0.out_mon_h [OUT_MON] GOT AN OUTPUT!: 92d4456ca7ec
UVM_INFO out_mon.sv(31) @ 27240611: uvm_test_top.env0.out_mon_h [OUT_MON] GOT AN OUTPUT!: 35ecfc4a9172
UVM_INFO out_mon.sv(31) @ 27245591: uvm_test_top.env0.out_mon_h [OUT_MON] GOT AN OUTPUT!: 2a017079f536
UVM_INFO out_mon.sv(31) @ 27250571: uvm_test_top.env0.out_mon_h [OUT_MON] GOT AN OUTPUT!: 99854b56d5d6
UVM_INFO out_mon.sv(31) @ 27255551: uvm_test_top.env0.out_mon_h [OUT_MON] GOT AN OUTPUT!: 8df95f75c780
UVM_INFO out_mon.sv(31) @ 27260531: uvm_test_top.env0.out_mon_h [OUT_MON] GOT AN OUTPUT!: 51c5ba646048
UVM_INFO out_mon.sv(31) @ 27265511: uvm_test_top.env0.out_mon_h [OUT_MON] GOT AN OUTPUT!: 5d2336b8948b
UVM_INFO out_mon.sv(31) @ 27270491: uvm_test_top.env0.out_mon_h [OUT_MON] GOT AN OUTPUT!: 85f78dc70f77
UVM_INFO out_mon.sv(31) @ 27275471: uvm_test_top.env0.out_mon_h [OUT_MON] GOT AN OUTPUT!: eaaf0f189cde
UVM_INFO out_mon.sv(31) @ 27280451: uvm_test_top.env0.out_mon_h [OUT_MON] GOT AN OUTPUT!: d027a1767fdc
UVM_INFO out_mon.sv(31) @ 27285431: uvm_test_top.env0.out_mon_h [OUT_MON] GOT AN OUTPUT!: 6a88ec25db84
UVM_INFO out_mon.sv(31) @ 27290411: uvm_test_top.env0.out_mon_h [OUT_MON] GOT AN OUTPUT!: 492278aa0a3d
UVM_INFO out_mon.sv(31) @ 27295391: uvm_test_top.env0.out_mon_h [OUT_MON] GOT AN OUTPUT!: dd587126083c
UVM_INFO out_mon.sv(31) @ 27300371: uvm_test_top.env0.out_mon_h [OUT_MON] GOT AN OUTPUT!: 54743434cda6
UVM_INFO out_mon.sv(31) @ 27305351: uvm_test_top.env0.out_mon_h [OUT_MON] GOT AN OUTPUT!: bc8f35d0a613
UVM_INFO out_mon.sv(31) @ 27310331: uvm_test_top.env0.out_mon_h [OUT_MON] GOT AN OUTPUT!: 2c6a32a1a3a5
UVM_INFO out_mon.sv(31) @ 27315311: uvm_test_top.env0.out_mon_h [OUT_MON] GOT AN OUTPUT!: 665704caede5
UVM_INFO out_mon.sv(31) @ 27320291: uvm_test_top.env0.out_mon_h [OUT_MON] GOT AN OUTPUT!: 2e0f4c0f2aec
UVM_INFO out_mon.sv(31) @ 27325271: uvm_test_top.env0.out_mon_h [OUT_MON] GOT AN OUTPUT!: 499aeee3dbb5
UVM_INFO out_mon.sv(31) @ 27330251: uvm_test_top.env0.out_mon_h [OUT_MON] GOT AN OUTPUT!: e52d65cbbc1f
UVM_INFO out_mon.sv(31) @ 27335231: uvm_test_top.env0.out_mon_h [OUT_MON] GOT AN OUTPUT!: d2077110295e
UVM_INFO out_mon.sv(31) @ 27340211: uvm_test_top.env0.out_mon_h [OUT_MON] GOT AN OUTPUT!: d85251b17603
UVM_INFO out_mon.sv(31) @ 27345191: uvm_test_top.env0.out_mon_h [OUT_MON] GOT AN OUTPUT!: 1407a4265488
UVM_INFO out_mon.sv(31) @ 27350171: uvm_test_top.env0.out_mon_h [OUT_MON] GOT AN OUTPUT!: 14cbb04233be
UVM_INFO out_mon.sv(31) @ 27355151: uvm_test_top.env0.out_mon_h [OUT_MON] GOT AN OUTPUT!: 38c8ac5a9b6a
UVM_INFO out_mon.sv(31) @ 27360131: uvm_test_top.env0.out_mon_h [OUT_MON] GOT AN OUTPUT!: 7aa0d883916f
UVM_INFO out_mon.sv(31) @ 27365111: uvm_test_top.env0.out_mon_h [OUT_MON] GOT AN OUTPUT!: aa38637af740
UVM_INFO out_mon.sv(31) @ 27370091: uvm_test_top.env0.out_mon_h [OUT_MON] GOT AN OUTPUT!: c8a36b9aeac5
UVM_INFO out_mon.sv(31) @ 27375071: uvm_test_top.env0.out_mon_h [OUT_MON] GOT AN OUTPUT!: feff77eb24f7
UVM_INFO out_mon.sv(31) @ 27380051: uvm_test_top.env0.out_mon_h [OUT_MON] GOT AN OUTPUT!: 685a9c295ade
UVM_INFO out_mon.sv(31) @ 27385031: uvm_test_top.env0.out_mon_h [OUT_MON] GOT AN OUTPUT!: a68ced609e04
UVM_INFO out_mon.sv(31) @ 27390011: uvm_test_top.env0.out_mon_h [OUT_MON] GOT AN OUTPUT!: fa16d967be16
UVM_INFO out_mon.sv(31) @ 27394991: uvm_test_top.env0.out_mon_h [OUT_MON] GOT AN OUTPUT!: 5508485ea4e0
UVM_INFO out_mon.sv(31) @ 27399971: uvm_test_top.env0.out_mon_h [OUT_MON] GOT AN OUTPUT!: a0ded902b20c
UVM_INFO out_mon.sv(31) @ 27404951: uvm_test_top.env0.out_mon_h [OUT_MON] GOT AN OUTPUT!: 2f634a722e1e
UVM_INFO out_mon.sv(31) @ 27409931: uvm_test_top.env0.out_mon_h [OUT_MON] GOT AN OUTPUT!: 0e84b0b69585
UVM_INFO out_mon.sv(31) @ 27414911: uvm_test_top.env0.out_mon_h [OUT_MON] GOT AN OUTPUT!: b745872dfa96
UVM_INFO out_mon.sv(31) @ 27419891: uvm_test_top.env0.out_mon_h [OUT_MON] GOT AN OUTPUT!: 4f8f06ab7b7d
UVM_INFO out_mon.sv(31) @ 27424871: uvm_test_top.env0.out_mon_h [OUT_MON] GOT AN OUTPUT!: 771dbce68697
UVM_INFO out_mon.sv(31) @ 27429851: uvm_test_top.env0.out_mon_h [OUT_MON] GOT AN OUTPUT!: 574c00914601
UVM_INFO out_mon.sv(31) @ 27434831: uvm_test_top.env0.out_mon_h [OUT_MON] GOT AN OUTPUT!: 6e14342e0ba6
UVM_INFO out_mon.sv(31) @ 27439811: uvm_test_top.env0.out_mon_h [OUT_MON] GOT AN OUTPUT!: 4bcaf47b9320
UVM_INFO out_mon.sv(31) @ 27444791: uvm_test_top.env0.out_mon_h [OUT_MON] GOT AN OUTPUT!: 3c19141083ac
UVM_INFO out_mon.sv(31) @ 27449771: uvm_test_top.env0.out_mon_h [OUT_MON] GOT AN OUTPUT!: 91d3877dbba6
UVM_INFO out_mon.sv(31) @ 27454751: uvm_test_top.env0.out_mon_h [OUT_MON] GOT AN OUTPUT!: 0dd6ec0fae22
UVM_INFO out_mon.sv(31) @ 27459731: uvm_test_top.env0.out_mon_h [OUT_MON] GOT AN OUTPUT!: 98f04506d8ce
UVM_INFO out_mon.sv(31) @ 27464711: uvm_test_top.env0.out_mon_h [OUT_MON] GOT AN OUTPUT!: 48b960df0923
UVM_INFO out_mon.sv(31) @ 27469691: uvm_test_top.env0.out_mon_h [OUT_MON] GOT AN OUTPUT!: 677052fdcbaf
UVM_INFO out_mon.sv(31) @ 27474671: uvm_test_top.env0.out_mon_h [OUT_MON] GOT AN OUTPUT!: f6eb45dfcbe5
UVM_INFO out_mon.sv(31) @ 27479651: uvm_test_top.env0.out_mon_h [OUT_MON] GOT AN OUTPUT!: e661479d2ca3
UVM_INFO out_mon.sv(31) @ 27484631: uvm_test_top.env0.out_mon_h [OUT_MON] GOT AN OUTPUT!: f35b035cf588
UVM_INFO out_mon.sv(31) @ 27489611: uvm_test_top.env0.out_mon_h [OUT_MON] GOT AN OUTPUT!: ed8bd10f5a40
UVM_INFO out_mon.sv(31) @ 27494591: uvm_test_top.env0.out_mon_h [OUT_MON] GOT AN OUTPUT!: d5b39b873ebf
UVM_INFO out_mon.sv(31) @ 27499571: uvm_test_top.env0.out_mon_h [OUT_MON] GOT AN OUTPUT!: 0f7d34ca7145
UVM_INFO out_mon.sv(31) @ 27504551: uvm_test_top.env0.out_mon_h [OUT_MON] GOT AN OUTPUT!: 9e602731263e
UVM_INFO out_mon.sv(31) @ 27509531: uvm_test_top.env0.out_mon_h [OUT_MON] GOT AN OUTPUT!: 25813cac4a15
UVM_INFO out_mon.sv(31) @ 27514511: uvm_test_top.env0.out_mon_h [OUT_MON] GOT AN OUTPUT!: 228f2a4ae974
UVM_INFO out_mon.sv(31) @ 27519491: uvm_test_top.env0.out_mon_h [OUT_MON] GOT AN OUTPUT!: 9ba3c5d685ff
UVM_INFO out_mon.sv(31) @ 27524471: uvm_test_top.env0.out_mon_h [OUT_MON] GOT AN OUTPUT!: 38288c1e8078
UVM_INFO out_mon.sv(31) @ 27529451: uvm_test_top.env0.out_mon_h [OUT_MON] GOT AN OUTPUT!: 7cb05e4a7816
UVM_INFO out_mon.sv(31) @ 27534431: uvm_test_top.env0.out_mon_h [OUT_MON] GOT AN OUTPUT!: a1dc954babac
UVM_INFO out_mon.sv(31) @ 27539411: uvm_test_top.env0.out_mon_h [OUT_MON] GOT AN OUTPUT!: 3e34344546c0
UVM_INFO out_mon.sv(31) @ 27544391: uvm_test_top.env0.out_mon_h [OUT_MON] GOT AN OUTPUT!: bb15c183e111
UVM_INFO out_mon.sv(31) @ 27549371: uvm_test_top.env0.out_mon_h [OUT_MON] GOT AN OUTPUT!: 4c7dc65bc6c2
UVM_INFO out_mon.sv(31) @ 27554351: uvm_test_top.env0.out_mon_h [OUT_MON] GOT AN OUTPUT!: e3fcc90662b4
UVM_INFO out_mon.sv(31) @ 27559331: uvm_test_top.env0.out_mon_h [OUT_MON] GOT AN OUTPUT!: 5693945697fa
UVM_INFO out_mon.sv(31) @ 27564311: uvm_test_top.env0.out_mon_h [OUT_MON] GOT AN OUTPUT!: ad83b3dc2941
UVM_INFO out_mon.sv(31) @ 27569291: uvm_test_top.env0.out_mon_h [OUT_MON] GOT AN OUTPUT!: 5a424ace137f
UVM_INFO out_mon.sv(31) @ 27574271: uvm_test_top.env0.out_mon_h [OUT_MON] GOT AN OUTPUT!: c55041d3f125
UVM_INFO out_mon.sv(31) @ 27579251: uvm_test_top.env0.out_mon_h [OUT_MON] GOT AN OUTPUT!: 701a8c865663
UVM_INFO out_mon.sv(31) @ 27584231: uvm_test_top.env0.out_mon_h [OUT_MON] GOT AN OUTPUT!: a1d5a13e3638
UVM_INFO out_mon.sv(31) @ 27589211: uvm_test_top.env0.out_mon_h [OUT_MON] GOT AN OUTPUT!: 5765f88b3fc9
UVM_INFO out_mon.sv(31) @ 27594191: uvm_test_top.env0.out_mon_h [OUT_MON] GOT AN OUTPUT!: ee38a5693770
UVM_INFO out_mon.sv(31) @ 27599171: uvm_test_top.env0.out_mon_h [OUT_MON] GOT AN OUTPUT!: c22c730c6690
UVM_INFO out_mon.sv(31) @ 27604151: uvm_test_top.env0.out_mon_h [OUT_MON] GOT AN OUTPUT!: b6696fdced8f
UVM_INFO out_mon.sv(31) @ 27609131: uvm_test_top.env0.out_mon_h [OUT_MON] GOT AN OUTPUT!: 61405ef9283f
UVM_INFO out_mon.sv(31) @ 27614111: uvm_test_top.env0.out_mon_h [OUT_MON] GOT AN OUTPUT!: 5312d2571540
UVM_INFO out_mon.sv(31) @ 27619091: uvm_test_top.env0.out_mon_h [OUT_MON] GOT AN OUTPUT!: b02bc95ca478
UVM_INFO out_mon.sv(31) @ 27624071: uvm_test_top.env0.out_mon_h [OUT_MON] GOT AN OUTPUT!: 15a15a872aa5
UVM_INFO out_mon.sv(31) @ 27629051: uvm_test_top.env0.out_mon_h [OUT_MON] GOT AN OUTPUT!: 81383779b398
UVM_INFO out_mon.sv(31) @ 27634031: uvm_test_top.env0.out_mon_h [OUT_MON] GOT AN OUTPUT!: b441398a69c3
UVM_INFO out_mon.sv(31) @ 27639011: uvm_test_top.env0.out_mon_h [OUT_MON] GOT AN OUTPUT!: 497414a6f0d3
UVM_INFO out_mon.sv(31) @ 27643991: uvm_test_top.env0.out_mon_h [OUT_MON] GOT AN OUTPUT!: 75da0827ccd0
UVM_INFO out_mon.sv(31) @ 27648971: uvm_test_top.env0.out_mon_h [OUT_MON] GOT AN OUTPUT!: 2caa72eabb6b
UVM_INFO out_mon.sv(31) @ 27653951: uvm_test_top.env0.out_mon_h [OUT_MON] GOT AN OUTPUT!: 1e20a4cc14cf
UVM_INFO out_mon.sv(31) @ 27658931: uvm_test_top.env0.out_mon_h [OUT_MON] GOT AN OUTPUT!: c9671b572c54
UVM_INFO out_mon.sv(31) @ 27663911: uvm_test_top.env0.out_mon_h [OUT_MON] GOT AN OUTPUT!: 99790145b87a
UVM_INFO out_mon.sv(31) @ 27668891: uvm_test_top.env0.out_mon_h [OUT_MON] GOT AN OUTPUT!: c4f6a32622e2
UVM_INFO out_mon.sv(31) @ 27673871: uvm_test_top.env0.out_mon_h [OUT_MON] GOT AN OUTPUT!: 69135840f6ee
UVM_INFO out_mon.sv(31) @ 27678851: uvm_test_top.env0.out_mon_h [OUT_MON] GOT AN OUTPUT!: 1767809538cf
UVM_INFO out_mon.sv(31) @ 27683831: uvm_test_top.env0.out_mon_h [OUT_MON] GOT AN OUTPUT!: ced97983cb15
UVM_INFO out_mon.sv(31) @ 27688811: uvm_test_top.env0.out_mon_h [OUT_MON] GOT AN OUTPUT!: 1780ca81c947
UVM_INFO out_mon.sv(31) @ 27693791: uvm_test_top.env0.out_mon_h [OUT_MON] GOT AN OUTPUT!: b9789be9ee3f
UVM_INFO out_mon.sv(31) @ 27698771: uvm_test_top.env0.out_mon_h [OUT_MON] GOT AN OUTPUT!: 46d0bac4f231
UVM_INFO out_mon.sv(31) @ 27703751: uvm_test_top.env0.out_mon_h [OUT_MON] GOT AN OUTPUT!: 705d8c20e3f0
UVM_INFO out_mon.sv(31) @ 27708731: uvm_test_top.env0.out_mon_h [OUT_MON] GOT AN OUTPUT!: dda27d4f8e74
UVM_INFO out_mon.sv(31) @ 27713711: uvm_test_top.env0.out_mon_h [OUT_MON] GOT AN OUTPUT!: ffb29123e042
UVM_INFO out_mon.sv(31) @ 27718691: uvm_test_top.env0.out_mon_h [OUT_MON] GOT AN OUTPUT!: 170474063b66
UVM_INFO out_mon.sv(31) @ 27723671: uvm_test_top.env0.out_mon_h [OUT_MON] GOT AN OUTPUT!: 6465cc77e3f2
UVM_INFO out_mon.sv(31) @ 27728651: uvm_test_top.env0.out_mon_h [OUT_MON] GOT AN OUTPUT!: 3cc1785d5324
UVM_INFO out_mon.sv(31) @ 27733631: uvm_test_top.env0.out_mon_h [OUT_MON] GOT AN OUTPUT!: 781e8627a67a
UVM_INFO out_mon.sv(31) @ 27738611: uvm_test_top.env0.out_mon_h [OUT_MON] GOT AN OUTPUT!: 736542b4f311
UVM_INFO out_mon.sv(31) @ 27743591: uvm_test_top.env0.out_mon_h [OUT_MON] GOT AN OUTPUT!: 9d4d357fa830
UVM_INFO out_mon.sv(31) @ 27748571: uvm_test_top.env0.out_mon_h [OUT_MON] GOT AN OUTPUT!: 463b8274f71e
UVM_INFO out_mon.sv(31) @ 27753551: uvm_test_top.env0.out_mon_h [OUT_MON] GOT AN OUTPUT!: 2b1d8c8a25f9
UVM_INFO out_mon.sv(31) @ 27758531: uvm_test_top.env0.out_mon_h [OUT_MON] GOT AN OUTPUT!: f350c3e8fa31
UVM_INFO out_mon.sv(31) @ 27763511: uvm_test_top.env0.out_mon_h [OUT_MON] GOT AN OUTPUT!: 997b7f4b1762
UVM_INFO out_mon.sv(31) @ 27768491: uvm_test_top.env0.out_mon_h [OUT_MON] GOT AN OUTPUT!: 776fbcdc5947
UVM_INFO out_mon.sv(31) @ 27773471: uvm_test_top.env0.out_mon_h [OUT_MON] GOT AN OUTPUT!: 6d0f7ebc3bc3
UVM_INFO out_mon.sv(31) @ 27778451: uvm_test_top.env0.out_mon_h [OUT_MON] GOT AN OUTPUT!: 5a2516f6309d
UVM_INFO out_mon.sv(31) @ 27783431: uvm_test_top.env0.out_mon_h [OUT_MON] GOT AN OUTPUT!: e349d3890a3b
UVM_INFO out_mon.sv(31) @ 27788411: uvm_test_top.env0.out_mon_h [OUT_MON] GOT AN OUTPUT!: 39bf4cd55b8f
UVM_INFO out_mon.sv(31) @ 27793391: uvm_test_top.env0.out_mon_h [OUT_MON] GOT AN OUTPUT!: 5e54688ac619
UVM_INFO out_mon.sv(31) @ 27798371: uvm_test_top.env0.out_mon_h [OUT_MON] GOT AN OUTPUT!: 1747b8ec7563
UVM_INFO out_mon.sv(31) @ 27803351: uvm_test_top.env0.out_mon_h [OUT_MON] GOT AN OUTPUT!: 911ddf0466a0
UVM_INFO out_mon.sv(31) @ 27808331: uvm_test_top.env0.out_mon_h [OUT_MON] GOT AN OUTPUT!: 6289641ddac2
UVM_INFO out_mon.sv(31) @ 27813311: uvm_test_top.env0.out_mon_h [OUT_MON] GOT AN OUTPUT!: 6b4c449eaa9b
UVM_INFO out_mon.sv(31) @ 27818291: uvm_test_top.env0.out_mon_h [OUT_MON] GOT AN OUTPUT!: c613bd17a908
UVM_INFO out_mon.sv(31) @ 27823271: uvm_test_top.env0.out_mon_h [OUT_MON] GOT AN OUTPUT!: c55343240bc0
UVM_INFO out_mon.sv(31) @ 27828251: uvm_test_top.env0.out_mon_h [OUT_MON] GOT AN OUTPUT!: b32eb36fba34
UVM_INFO out_mon.sv(31) @ 27833231: uvm_test_top.env0.out_mon_h [OUT_MON] GOT AN OUTPUT!: cc5721fcc553
UVM_INFO out_mon.sv(31) @ 27838211: uvm_test_top.env0.out_mon_h [OUT_MON] GOT AN OUTPUT!: ade96f7fada4
UVM_INFO out_mon.sv(31) @ 27843191: uvm_test_top.env0.out_mon_h [OUT_MON] GOT AN OUTPUT!: 2e4b6c6ad50a
UVM_INFO out_mon.sv(31) @ 27848171: uvm_test_top.env0.out_mon_h [OUT_MON] GOT AN OUTPUT!: 590e2a00d956
UVM_INFO out_mon.sv(31) @ 27853151: uvm_test_top.env0.out_mon_h [OUT_MON] GOT AN OUTPUT!: 05d7a485f49d
UVM_INFO out_mon.sv(31) @ 27858131: uvm_test_top.env0.out_mon_h [OUT_MON] GOT AN OUTPUT!: 422b44685ee8
UVM_INFO out_mon.sv(31) @ 27863111: uvm_test_top.env0.out_mon_h [OUT_MON] GOT AN OUTPUT!: 8667c1f7a405
UVM_INFO out_mon.sv(31) @ 27868091: uvm_test_top.env0.out_mon_h [OUT_MON] GOT AN OUTPUT!: 6d8b2c03171c
UVM_INFO out_mon.sv(31) @ 27873071: uvm_test_top.env0.out_mon_h [OUT_MON] GOT AN OUTPUT!: 6827ea771de6
UVM_INFO out_mon.sv(31) @ 27878051: uvm_test_top.env0.out_mon_h [OUT_MON] GOT AN OUTPUT!: a2383dd19ff5
UVM_INFO out_mon.sv(31) @ 27883031: uvm_test_top.env0.out_mon_h [OUT_MON] GOT AN OUTPUT!: 140438055d06
UVM_INFO out_mon.sv(31) @ 27888011: uvm_test_top.env0.out_mon_h [OUT_MON] GOT AN OUTPUT!: 760116245354
UVM_INFO out_mon.sv(31) @ 27892991: uvm_test_top.env0.out_mon_h [OUT_MON] GOT AN OUTPUT!: 8faad1e91d5f
UVM_INFO out_mon.sv(31) @ 27897971: uvm_test_top.env0.out_mon_h [OUT_MON] GOT AN OUTPUT!: 19719ef74f1f
UVM_INFO out_mon.sv(31) @ 27902951: uvm_test_top.env0.out_mon_h [OUT_MON] GOT AN OUTPUT!: 29864a6adac4
UVM_INFO out_mon.sv(31) @ 27907931: uvm_test_top.env0.out_mon_h [OUT_MON] GOT AN OUTPUT!: e3d22b0e6fd2
UVM_INFO out_mon.sv(31) @ 27912911: uvm_test_top.env0.out_mon_h [OUT_MON] GOT AN OUTPUT!: e4c39150d27a
UVM_INFO out_mon.sv(31) @ 27917891: uvm_test_top.env0.out_mon_h [OUT_MON] GOT AN OUTPUT!: 9f320bd14f8d
UVM_INFO out_mon.sv(31) @ 27922871: uvm_test_top.env0.out_mon_h [OUT_MON] GOT AN OUTPUT!: a54a451b00d8
UVM_INFO out_mon.sv(31) @ 27927851: uvm_test_top.env0.out_mon_h [OUT_MON] GOT AN OUTPUT!: 945fdfe7497d
UVM_INFO out_mon.sv(31) @ 27932831: uvm_test_top.env0.out_mon_h [OUT_MON] GOT AN OUTPUT!: 1bcdcaff2155
UVM_INFO out_mon.sv(31) @ 27937811: uvm_test_top.env0.out_mon_h [OUT_MON] GOT AN OUTPUT!: 56e002937cb5
UVM_INFO out_mon.sv(31) @ 27942791: uvm_test_top.env0.out_mon_h [OUT_MON] GOT AN OUTPUT!: 71b2fea4ad09
UVM_INFO out_mon.sv(31) @ 27947771: uvm_test_top.env0.out_mon_h [OUT_MON] GOT AN OUTPUT!: 510480d0c343
UVM_INFO out_mon.sv(31) @ 27952751: uvm_test_top.env0.out_mon_h [OUT_MON] GOT AN OUTPUT!: b529dda0e503
UVM_INFO out_mon.sv(31) @ 27957731: uvm_test_top.env0.out_mon_h [OUT_MON] GOT AN OUTPUT!: 0fd9b82db9bc
UVM_INFO out_mon.sv(31) @ 27962711: uvm_test_top.env0.out_mon_h [OUT_MON] GOT AN OUTPUT!: 051de8b2c18b
UVM_INFO out_mon.sv(31) @ 27967691: uvm_test_top.env0.out_mon_h [OUT_MON] GOT AN OUTPUT!: 4f284668bae2
UVM_INFO out_mon.sv(31) @ 27972671: uvm_test_top.env0.out_mon_h [OUT_MON] GOT AN OUTPUT!: 7d39b6befead
UVM_INFO out_mon.sv(31) @ 27977651: uvm_test_top.env0.out_mon_h [OUT_MON] GOT AN OUTPUT!: c57c4fcbe4b7
UVM_INFO out_mon.sv(31) @ 27982631: uvm_test_top.env0.out_mon_h [OUT_MON] GOT AN OUTPUT!: e1eb7f8c1c13
UVM_INFO out_mon.sv(31) @ 27987611: uvm_test_top.env0.out_mon_h [OUT_MON] GOT AN OUTPUT!: b025b949139c
UVM_INFO out_mon.sv(31) @ 27992591: uvm_test_top.env0.out_mon_h [OUT_MON] GOT AN OUTPUT!: 0c5dee3e53a0
UVM_INFO out_mon.sv(31) @ 27997571: uvm_test_top.env0.out_mon_h [OUT_MON] GOT AN OUTPUT!: 1f2c7855e1c8
UVM_INFO out_mon.sv(31) @ 28002551: uvm_test_top.env0.out_mon_h [OUT_MON] GOT AN OUTPUT!: 167a26939dcd
UVM_INFO out_mon.sv(31) @ 28007531: uvm_test_top.env0.out_mon_h [OUT_MON] GOT AN OUTPUT!: 015d7e87a8c3
UVM_INFO out_mon.sv(31) @ 28012511: uvm_test_top.env0.out_mon_h [OUT_MON] GOT AN OUTPUT!: 46f348dfba2f
UVM_INFO out_mon.sv(31) @ 28017491: uvm_test_top.env0.out_mon_h [OUT_MON] GOT AN OUTPUT!: f04667ef8a1d
UVM_INFO out_mon.sv(31) @ 28022471: uvm_test_top.env0.out_mon_h [OUT_MON] GOT AN OUTPUT!: bd2f4fc82635
UVM_INFO out_mon.sv(31) @ 28027451: uvm_test_top.env0.out_mon_h [OUT_MON] GOT AN OUTPUT!: bc3181365e28
UVM_INFO out_mon.sv(31) @ 28032431: uvm_test_top.env0.out_mon_h [OUT_MON] GOT AN OUTPUT!: dd5a9dc01b7d
UVM_INFO out_mon.sv(31) @ 28037411: uvm_test_top.env0.out_mon_h [OUT_MON] GOT AN OUTPUT!: b82b3578c2d0
UVM_INFO out_mon.sv(31) @ 28042391: uvm_test_top.env0.out_mon_h [OUT_MON] GOT AN OUTPUT!: 7c65164496ce
UVM_INFO out_mon.sv(31) @ 28047371: uvm_test_top.env0.out_mon_h [OUT_MON] GOT AN OUTPUT!: c5ff83e3126d
UVM_INFO out_mon.sv(31) @ 28052351: uvm_test_top.env0.out_mon_h [OUT_MON] GOT AN OUTPUT!: cbf919d85221
UVM_INFO out_mon.sv(31) @ 28057331: uvm_test_top.env0.out_mon_h [OUT_MON] GOT AN OUTPUT!: 223b940d6ba6
UVM_INFO out_mon.sv(31) @ 28062311: uvm_test_top.env0.out_mon_h [OUT_MON] GOT AN OUTPUT!: 067e32bfcdb7
UVM_INFO out_mon.sv(31) @ 28067291: uvm_test_top.env0.out_mon_h [OUT_MON] GOT AN OUTPUT!: f0290117a732
UVM_INFO out_mon.sv(31) @ 28072271: uvm_test_top.env0.out_mon_h [OUT_MON] GOT AN OUTPUT!: db26df7d41b0
UVM_INFO out_mon.sv(31) @ 28077251: uvm_test_top.env0.out_mon_h [OUT_MON] GOT AN OUTPUT!: 85d5ef8561ab
UVM_INFO out_mon.sv(31) @ 28082231: uvm_test_top.env0.out_mon_h [OUT_MON] GOT AN OUTPUT!: 99da430cab24
UVM_INFO out_mon.sv(31) @ 28087211: uvm_test_top.env0.out_mon_h [OUT_MON] GOT AN OUTPUT!: 780c82d9f921
UVM_INFO out_mon.sv(31) @ 28092191: uvm_test_top.env0.out_mon_h [OUT_MON] GOT AN OUTPUT!: 1f480edfc723
UVM_INFO out_mon.sv(31) @ 28097171: uvm_test_top.env0.out_mon_h [OUT_MON] GOT AN OUTPUT!: 665be2f487b5
UVM_INFO out_mon.sv(31) @ 28102151: uvm_test_top.env0.out_mon_h [OUT_MON] GOT AN OUTPUT!: 80da8d9a0fb3
UVM_INFO out_mon.sv(31) @ 28107131: uvm_test_top.env0.out_mon_h [OUT_MON] GOT AN OUTPUT!: 870c412bebe4
UVM_INFO out_mon.sv(31) @ 28112111: uvm_test_top.env0.out_mon_h [OUT_MON] GOT AN OUTPUT!: 78be208cc21d
UVM_INFO out_mon.sv(31) @ 28117091: uvm_test_top.env0.out_mon_h [OUT_MON] GOT AN OUTPUT!: f32d192abcc4
UVM_INFO out_mon.sv(31) @ 28122071: uvm_test_top.env0.out_mon_h [OUT_MON] GOT AN OUTPUT!: 91dd05f2dba5
UVM_INFO out_mon.sv(31) @ 28127051: uvm_test_top.env0.out_mon_h [OUT_MON] GOT AN OUTPUT!: b286358b5bed
UVM_INFO out_mon.sv(31) @ 28132031: uvm_test_top.env0.out_mon_h [OUT_MON] GOT AN OUTPUT!: 13e7b4ed1511
UVM_INFO out_mon.sv(31) @ 28137011: uvm_test_top.env0.out_mon_h [OUT_MON] GOT AN OUTPUT!: 87a98733e03a
UVM_INFO out_mon.sv(31) @ 28141991: uvm_test_top.env0.out_mon_h [OUT_MON] GOT AN OUTPUT!: af43c73decf6
UVM_INFO out_mon.sv(31) @ 28146971: uvm_test_top.env0.out_mon_h [OUT_MON] GOT AN OUTPUT!: 7bdd82722a28
UVM_INFO out_mon.sv(31) @ 28151951: uvm_test_top.env0.out_mon_h [OUT_MON] GOT AN OUTPUT!: e920a7c59e4f
UVM_INFO out_mon.sv(31) @ 28156931: uvm_test_top.env0.out_mon_h [OUT_MON] GOT AN OUTPUT!: 2b2f00d7d201
UVM_INFO out_mon.sv(31) @ 28161911: uvm_test_top.env0.out_mon_h [OUT_MON] GOT AN OUTPUT!: 476ce8be264f
UVM_INFO out_mon.sv(31) @ 28166891: uvm_test_top.env0.out_mon_h [OUT_MON] GOT AN OUTPUT!: d06d41d6398d
UVM_INFO out_mon.sv(31) @ 28171871: uvm_test_top.env0.out_mon_h [OUT_MON] GOT AN OUTPUT!: 3ccea2b741e3
UVM_INFO out_mon.sv(31) @ 28176851: uvm_test_top.env0.out_mon_h [OUT_MON] GOT AN OUTPUT!: 11203a1a7488
UVM_INFO out_mon.sv(31) @ 28181831: uvm_test_top.env0.out_mon_h [OUT_MON] GOT AN OUTPUT!: d4b6a95268e2
UVM_INFO out_mon.sv(31) @ 28186811: uvm_test_top.env0.out_mon_h [OUT_MON] GOT AN OUTPUT!: 8996a9a96689
UVM_INFO out_mon.sv(31) @ 28191791: uvm_test_top.env0.out_mon_h [OUT_MON] GOT AN OUTPUT!: 1f51f4bed861
UVM_INFO out_mon.sv(31) @ 28196771: uvm_test_top.env0.out_mon_h [OUT_MON] GOT AN OUTPUT!: 18dd22bba69f
UVM_INFO out_mon.sv(31) @ 28201751: uvm_test_top.env0.out_mon_h [OUT_MON] GOT AN OUTPUT!: 5d860af5911f
UVM_INFO out_mon.sv(31) @ 28206731: uvm_test_top.env0.out_mon_h [OUT_MON] GOT AN OUTPUT!: ecbe9b599250
UVM_INFO out_mon.sv(31) @ 28211711: uvm_test_top.env0.out_mon_h [OUT_MON] GOT AN OUTPUT!: ed04d9b5488b
UVM_INFO out_mon.sv(31) @ 28216691: uvm_test_top.env0.out_mon_h [OUT_MON] GOT AN OUTPUT!: 4dc49ab7473b
UVM_INFO out_mon.sv(31) @ 28221671: uvm_test_top.env0.out_mon_h [OUT_MON] GOT AN OUTPUT!: f437bd3e7e4c
UVM_INFO out_mon.sv(31) @ 28226651: uvm_test_top.env0.out_mon_h [OUT_MON] GOT AN OUTPUT!: 2b3e92509e0e
UVM_INFO out_mon.sv(31) @ 28231631: uvm_test_top.env0.out_mon_h [OUT_MON] GOT AN OUTPUT!: ce4b1fcf6fd7
UVM_INFO out_mon.sv(31) @ 28236611: uvm_test_top.env0.out_mon_h [OUT_MON] GOT AN OUTPUT!: 673994c53511
UVM_INFO out_mon.sv(31) @ 28241591: uvm_test_top.env0.out_mon_h [OUT_MON] GOT AN OUTPUT!: 372d7ae014f9
UVM_INFO out_mon.sv(31) @ 28246571: uvm_test_top.env0.out_mon_h [OUT_MON] GOT AN OUTPUT!: e27ae57469f2
UVM_INFO out_mon.sv(31) @ 28251551: uvm_test_top.env0.out_mon_h [OUT_MON] GOT AN OUTPUT!: 3784241e2bd8
UVM_INFO out_mon.sv(31) @ 28256531: uvm_test_top.env0.out_mon_h [OUT_MON] GOT AN OUTPUT!: 48978cd95217
UVM_INFO out_mon.sv(31) @ 28261511: uvm_test_top.env0.out_mon_h [OUT_MON] GOT AN OUTPUT!: d0c5af29305c
UVM_INFO out_mon.sv(31) @ 28266491: uvm_test_top.env0.out_mon_h [OUT_MON] GOT AN OUTPUT!: 9bd27ba6d221
UVM_INFO out_mon.sv(31) @ 28271471: uvm_test_top.env0.out_mon_h [OUT_MON] GOT AN OUTPUT!: 69133c0e6082
UVM_INFO out_mon.sv(31) @ 28276451: uvm_test_top.env0.out_mon_h [OUT_MON] GOT AN OUTPUT!: 813e63a380e3
UVM_INFO out_mon.sv(31) @ 28281431: uvm_test_top.env0.out_mon_h [OUT_MON] GOT AN OUTPUT!: f75f9784b483
UVM_INFO out_mon.sv(31) @ 28286411: uvm_test_top.env0.out_mon_h [OUT_MON] GOT AN OUTPUT!: 4ca5ce45bb80
UVM_INFO out_mon.sv(31) @ 28291391: uvm_test_top.env0.out_mon_h [OUT_MON] GOT AN OUTPUT!: ef5275e8eb53
UVM_INFO out_mon.sv(31) @ 28296371: uvm_test_top.env0.out_mon_h [OUT_MON] GOT AN OUTPUT!: cc93990f9de8
UVM_INFO out_mon.sv(31) @ 28301351: uvm_test_top.env0.out_mon_h [OUT_MON] GOT AN OUTPUT!: ed5dabf97f6d
UVM_INFO out_mon.sv(31) @ 28306331: uvm_test_top.env0.out_mon_h [OUT_MON] GOT AN OUTPUT!: d6535dab0269
UVM_INFO out_mon.sv(31) @ 28311311: uvm_test_top.env0.out_mon_h [OUT_MON] GOT AN OUTPUT!: 22a7b852ad5c
UVM_INFO out_mon.sv(31) @ 28316291: uvm_test_top.env0.out_mon_h [OUT_MON] GOT AN OUTPUT!: 91f0edc58697
UVM_INFO out_mon.sv(31) @ 28321271: uvm_test_top.env0.out_mon_h [OUT_MON] GOT AN OUTPUT!: 811c75aa7105
UVM_INFO out_mon.sv(31) @ 28326251: uvm_test_top.env0.out_mon_h [OUT_MON] GOT AN OUTPUT!: 863b73ac8935
UVM_INFO out_mon.sv(31) @ 28331231: uvm_test_top.env0.out_mon_h [OUT_MON] GOT AN OUTPUT!: a76c4bcc8623
UVM_INFO out_mon.sv(31) @ 28336211: uvm_test_top.env0.out_mon_h [OUT_MON] GOT AN OUTPUT!: 64ba50a9205f
UVM_INFO out_mon.sv(31) @ 28341191: uvm_test_top.env0.out_mon_h [OUT_MON] GOT AN OUTPUT!: 8d01c1566bf0
UVM_INFO out_mon.sv(31) @ 28346171: uvm_test_top.env0.out_mon_h [OUT_MON] GOT AN OUTPUT!: 95bf511c2eae
UVM_INFO out_mon.sv(31) @ 28351151: uvm_test_top.env0.out_mon_h [OUT_MON] GOT AN OUTPUT!: ee04b733576e
UVM_INFO out_mon.sv(31) @ 28356131: uvm_test_top.env0.out_mon_h [OUT_MON] GOT AN OUTPUT!: 8451495a4b88
UVM_INFO out_mon.sv(31) @ 28361111: uvm_test_top.env0.out_mon_h [OUT_MON] GOT AN OUTPUT!: 776634d8494d
UVM_INFO out_mon.sv(31) @ 28366091: uvm_test_top.env0.out_mon_h [OUT_MON] GOT AN OUTPUT!: aa3dbd47d25c
UVM_INFO out_mon.sv(31) @ 28371071: uvm_test_top.env0.out_mon_h [OUT_MON] GOT AN OUTPUT!: b2d10b3fffe8
UVM_INFO out_mon.sv(31) @ 28376051: uvm_test_top.env0.out_mon_h [OUT_MON] GOT AN OUTPUT!: 5c11a6b4e3f7
UVM_INFO out_mon.sv(31) @ 28381031: uvm_test_top.env0.out_mon_h [OUT_MON] GOT AN OUTPUT!: b2b13fa6f147
UVM_INFO out_mon.sv(31) @ 28386011: uvm_test_top.env0.out_mon_h [OUT_MON] GOT AN OUTPUT!: 5516ea7956b6
UVM_INFO out_mon.sv(31) @ 28390991: uvm_test_top.env0.out_mon_h [OUT_MON] GOT AN OUTPUT!: 7e317a075caa
UVM_INFO out_mon.sv(31) @ 28395971: uvm_test_top.env0.out_mon_h [OUT_MON] GOT AN OUTPUT!: 035ba250c9c8
UVM_INFO out_mon.sv(31) @ 28400951: uvm_test_top.env0.out_mon_h [OUT_MON] GOT AN OUTPUT!: 3d3d6c553e8c
UVM_INFO out_mon.sv(31) @ 28405931: uvm_test_top.env0.out_mon_h [OUT_MON] GOT AN OUTPUT!: 93abc5769930
UVM_INFO out_mon.sv(31) @ 28410911: uvm_test_top.env0.out_mon_h [OUT_MON] GOT AN OUTPUT!: 2483667a519e
UVM_INFO out_mon.sv(31) @ 28415891: uvm_test_top.env0.out_mon_h [OUT_MON] GOT AN OUTPUT!: bd915501dfd2
UVM_INFO out_mon.sv(31) @ 28420871: uvm_test_top.env0.out_mon_h [OUT_MON] GOT AN OUTPUT!: 216d181212a8
UVM_INFO out_mon.sv(31) @ 28425851: uvm_test_top.env0.out_mon_h [OUT_MON] GOT AN OUTPUT!: 4f5a9c017a2a
UVM_INFO out_mon.sv(31) @ 28430831: uvm_test_top.env0.out_mon_h [OUT_MON] GOT AN OUTPUT!: 4626bae5bccd
UVM_INFO out_mon.sv(31) @ 28435811: uvm_test_top.env0.out_mon_h [OUT_MON] GOT AN OUTPUT!: 7a1198580400
UVM_INFO out_mon.sv(31) @ 28440791: uvm_test_top.env0.out_mon_h [OUT_MON] GOT AN OUTPUT!: f59f81284f36
UVM_INFO out_mon.sv(31) @ 28445771: uvm_test_top.env0.out_mon_h [OUT_MON] GOT AN OUTPUT!: dd852f57dabc
UVM_INFO out_mon.sv(31) @ 28450751: uvm_test_top.env0.out_mon_h [OUT_MON] GOT AN OUTPUT!: cf7fb572807e
UVM_INFO out_mon.sv(31) @ 28455731: uvm_test_top.env0.out_mon_h [OUT_MON] GOT AN OUTPUT!: 543c3c1f1998
UVM_INFO out_mon.sv(31) @ 28460711: uvm_test_top.env0.out_mon_h [OUT_MON] GOT AN OUTPUT!: 5c343e7ed1fc
UVM_INFO out_mon.sv(31) @ 28465691: uvm_test_top.env0.out_mon_h [OUT_MON] GOT AN OUTPUT!: 7f8816b3986d
UVM_INFO out_mon.sv(31) @ 28470671: uvm_test_top.env0.out_mon_h [OUT_MON] GOT AN OUTPUT!: 78eb08a57a43
UVM_INFO out_mon.sv(31) @ 28475651: uvm_test_top.env0.out_mon_h [OUT_MON] GOT AN OUTPUT!: 1375a4defb51
UVM_INFO out_mon.sv(31) @ 28480631: uvm_test_top.env0.out_mon_h [OUT_MON] GOT AN OUTPUT!: 838d0d187be2
UVM_INFO out_mon.sv(31) @ 28485611: uvm_test_top.env0.out_mon_h [OUT_MON] GOT AN OUTPUT!: e2cb8fca98b9
UVM_INFO out_mon.sv(31) @ 28490591: uvm_test_top.env0.out_mon_h [OUT_MON] GOT AN OUTPUT!: 46c85cdf8cdb
UVM_INFO out_mon.sv(31) @ 28495571: uvm_test_top.env0.out_mon_h [OUT_MON] GOT AN OUTPUT!: ab17c15b8d5a
UVM_INFO out_mon.sv(31) @ 28500551: uvm_test_top.env0.out_mon_h [OUT_MON] GOT AN OUTPUT!: a60807942ac3
UVM_INFO out_mon.sv(31) @ 28505531: uvm_test_top.env0.out_mon_h [OUT_MON] GOT AN OUTPUT!: a0a5a74eb486
UVM_INFO out_mon.sv(31) @ 28510511: uvm_test_top.env0.out_mon_h [OUT_MON] GOT AN OUTPUT!: 097b32dd94ff
UVM_INFO out_mon.sv(31) @ 28515491: uvm_test_top.env0.out_mon_h [OUT_MON] GOT AN OUTPUT!: ba826f14af34
UVM_INFO out_mon.sv(31) @ 28520471: uvm_test_top.env0.out_mon_h [OUT_MON] GOT AN OUTPUT!: 8a0637acc22b
UVM_INFO out_mon.sv(31) @ 28525451: uvm_test_top.env0.out_mon_h [OUT_MON] GOT AN OUTPUT!: be7bc56dd370
UVM_INFO out_mon.sv(31) @ 28530431: uvm_test_top.env0.out_mon_h [OUT_MON] GOT AN OUTPUT!: dd5e27387504
UVM_INFO out_mon.sv(31) @ 28535411: uvm_test_top.env0.out_mon_h [OUT_MON] GOT AN OUTPUT!: 0d1b2ec63f71
UVM_INFO out_mon.sv(31) @ 28540391: uvm_test_top.env0.out_mon_h [OUT_MON] GOT AN OUTPUT!: 01e888b922eb
UVM_INFO out_mon.sv(31) @ 28545371: uvm_test_top.env0.out_mon_h [OUT_MON] GOT AN OUTPUT!: 2dad9851ccfa
UVM_INFO out_mon.sv(31) @ 28550351: uvm_test_top.env0.out_mon_h [OUT_MON] GOT AN OUTPUT!: aad49be50b63
UVM_INFO out_mon.sv(31) @ 28555331: uvm_test_top.env0.out_mon_h [OUT_MON] GOT AN OUTPUT!: 1a3c3ce81d57
UVM_INFO out_mon.sv(31) @ 28560311: uvm_test_top.env0.out_mon_h [OUT_MON] GOT AN OUTPUT!: 6c0f1a2c2990
UVM_INFO out_mon.sv(31) @ 28565291: uvm_test_top.env0.out_mon_h [OUT_MON] GOT AN OUTPUT!: 4b995ea0899b
UVM_INFO out_mon.sv(31) @ 28570271: uvm_test_top.env0.out_mon_h [OUT_MON] GOT AN OUTPUT!: a63eadb43623
UVM_INFO out_mon.sv(31) @ 28575251: uvm_test_top.env0.out_mon_h [OUT_MON] GOT AN OUTPUT!: 854b132e2a5c
UVM_INFO out_mon.sv(31) @ 28580231: uvm_test_top.env0.out_mon_h [OUT_MON] GOT AN OUTPUT!: 32d4f814b5ba
UVM_INFO out_mon.sv(31) @ 28585211: uvm_test_top.env0.out_mon_h [OUT_MON] GOT AN OUTPUT!: 61a192fbe1ad
UVM_INFO out_mon.sv(31) @ 28590191: uvm_test_top.env0.out_mon_h [OUT_MON] GOT AN OUTPUT!: cffda3d2db1b
UVM_INFO out_mon.sv(31) @ 28595171: uvm_test_top.env0.out_mon_h [OUT_MON] GOT AN OUTPUT!: 9da441084984
UVM_INFO out_mon.sv(31) @ 28600151: uvm_test_top.env0.out_mon_h [OUT_MON] GOT AN OUTPUT!: 4ca0249da853
UVM_INFO out_mon.sv(31) @ 28605131: uvm_test_top.env0.out_mon_h [OUT_MON] GOT AN OUTPUT!: 2523f681ba41
UVM_INFO out_mon.sv(31) @ 28610111: uvm_test_top.env0.out_mon_h [OUT_MON] GOT AN OUTPUT!: 746cac49d71e
UVM_INFO out_mon.sv(31) @ 28615091: uvm_test_top.env0.out_mon_h [OUT_MON] GOT AN OUTPUT!: dea8a52254a2
UVM_INFO out_mon.sv(31) @ 28620071: uvm_test_top.env0.out_mon_h [OUT_MON] GOT AN OUTPUT!: bbcc118de2a7
UVM_INFO out_mon.sv(31) @ 28625051: uvm_test_top.env0.out_mon_h [OUT_MON] GOT AN OUTPUT!: 3781fc4bf1c4
UVM_INFO out_mon.sv(31) @ 28630031: uvm_test_top.env0.out_mon_h [OUT_MON] GOT AN OUTPUT!: abee037e09fe
UVM_INFO out_mon.sv(31) @ 28635011: uvm_test_top.env0.out_mon_h [OUT_MON] GOT AN OUTPUT!: 6fb60ae42f77
UVM_INFO out_mon.sv(31) @ 28639991: uvm_test_top.env0.out_mon_h [OUT_MON] GOT AN OUTPUT!: 0ebe72c84459
UVM_INFO out_mon.sv(31) @ 28644971: uvm_test_top.env0.out_mon_h [OUT_MON] GOT AN OUTPUT!: a61895f06899
UVM_INFO out_mon.sv(31) @ 28649951: uvm_test_top.env0.out_mon_h [OUT_MON] GOT AN OUTPUT!: dae46fb05377
UVM_INFO out_mon.sv(31) @ 28654931: uvm_test_top.env0.out_mon_h [OUT_MON] GOT AN OUTPUT!: a43121f1b8b1
UVM_INFO out_mon.sv(31) @ 28659911: uvm_test_top.env0.out_mon_h [OUT_MON] GOT AN OUTPUT!: dfd26dcbac3d
UVM_INFO out_mon.sv(31) @ 28664891: uvm_test_top.env0.out_mon_h [OUT_MON] GOT AN OUTPUT!: 6a4d5800fd82
UVM_INFO out_mon.sv(31) @ 28669871: uvm_test_top.env0.out_mon_h [OUT_MON] GOT AN OUTPUT!: 31af2c7d92f0
UVM_INFO out_mon.sv(31) @ 28674851: uvm_test_top.env0.out_mon_h [OUT_MON] GOT AN OUTPUT!: 7b74daaad0c9
UVM_INFO out_mon.sv(31) @ 28679831: uvm_test_top.env0.out_mon_h [OUT_MON] GOT AN OUTPUT!: 55683232fc0c
UVM_INFO out_mon.sv(31) @ 28684811: uvm_test_top.env0.out_mon_h [OUT_MON] GOT AN OUTPUT!: e97b118b93ed
UVM_INFO out_mon.sv(31) @ 28689791: uvm_test_top.env0.out_mon_h [OUT_MON] GOT AN OUTPUT!: 2caa285ea82a
UVM_INFO out_mon.sv(31) @ 28694771: uvm_test_top.env0.out_mon_h [OUT_MON] GOT AN OUTPUT!: 20e526ab58c1
UVM_INFO out_mon.sv(31) @ 28699751: uvm_test_top.env0.out_mon_h [OUT_MON] GOT AN OUTPUT!: a1e2e93514fc
UVM_INFO out_mon.sv(31) @ 28704731: uvm_test_top.env0.out_mon_h [OUT_MON] GOT AN OUTPUT!: 7503a89a0429
UVM_INFO out_mon.sv(31) @ 28709711: uvm_test_top.env0.out_mon_h [OUT_MON] GOT AN OUTPUT!: 143aaa2878c0
UVM_INFO out_mon.sv(31) @ 28714691: uvm_test_top.env0.out_mon_h [OUT_MON] GOT AN OUTPUT!: 6be1084b30c6
UVM_INFO out_mon.sv(31) @ 28719671: uvm_test_top.env0.out_mon_h [OUT_MON] GOT AN OUTPUT!: 839f0724d138
UVM_INFO out_mon.sv(31) @ 28724651: uvm_test_top.env0.out_mon_h [OUT_MON] GOT AN OUTPUT!: ca496fb23971
UVM_INFO out_mon.sv(31) @ 28729631: uvm_test_top.env0.out_mon_h [OUT_MON] GOT AN OUTPUT!: 7cbc528bdc91
UVM_INFO out_mon.sv(31) @ 28734611: uvm_test_top.env0.out_mon_h [OUT_MON] GOT AN OUTPUT!: 5fc61a1e36ae
UVM_INFO out_mon.sv(31) @ 28739591: uvm_test_top.env0.out_mon_h [OUT_MON] GOT AN OUTPUT!: c4ff01f11635
UVM_INFO out_mon.sv(31) @ 28744571: uvm_test_top.env0.out_mon_h [OUT_MON] GOT AN OUTPUT!: 92a7cb5609dc
UVM_INFO out_mon.sv(31) @ 28749551: uvm_test_top.env0.out_mon_h [OUT_MON] GOT AN OUTPUT!: c6908195b907
UVM_INFO out_mon.sv(31) @ 28754531: uvm_test_top.env0.out_mon_h [OUT_MON] GOT AN OUTPUT!: abf761744a54
UVM_INFO out_mon.sv(31) @ 28759511: uvm_test_top.env0.out_mon_h [OUT_MON] GOT AN OUTPUT!: bc6061a4c3ed
UVM_INFO out_mon.sv(31) @ 28764491: uvm_test_top.env0.out_mon_h [OUT_MON] GOT AN OUTPUT!: e3813f83582d
UVM_INFO out_mon.sv(31) @ 28769471: uvm_test_top.env0.out_mon_h [OUT_MON] GOT AN OUTPUT!: 9e18152eed3e
UVM_INFO out_mon.sv(31) @ 28774451: uvm_test_top.env0.out_mon_h [OUT_MON] GOT AN OUTPUT!: 2bd38ad94fdd
UVM_INFO out_mon.sv(31) @ 28779431: uvm_test_top.env0.out_mon_h [OUT_MON] GOT AN OUTPUT!: cc2735e6b4ef
UVM_INFO out_mon.sv(31) @ 28784411: uvm_test_top.env0.out_mon_h [OUT_MON] GOT AN OUTPUT!: be36db34097e
UVM_INFO out_mon.sv(31) @ 28789391: uvm_test_top.env0.out_mon_h [OUT_MON] GOT AN OUTPUT!: 7bb5909c570b
UVM_INFO out_mon.sv(31) @ 28794371: uvm_test_top.env0.out_mon_h [OUT_MON] GOT AN OUTPUT!: 66b8869523d1
UVM_INFO out_mon.sv(31) @ 28799351: uvm_test_top.env0.out_mon_h [OUT_MON] GOT AN OUTPUT!: e2afe579cf5e
UVM_INFO out_mon.sv(31) @ 28804331: uvm_test_top.env0.out_mon_h [OUT_MON] GOT AN OUTPUT!: 902701ddf6d5
UVM_INFO out_mon.sv(31) @ 28809311: uvm_test_top.env0.out_mon_h [OUT_MON] GOT AN OUTPUT!: 23c39efed8e1
UVM_INFO out_mon.sv(31) @ 28814291: uvm_test_top.env0.out_mon_h [OUT_MON] GOT AN OUTPUT!: 100a862ba51c
UVM_INFO out_mon.sv(31) @ 28819271: uvm_test_top.env0.out_mon_h [OUT_MON] GOT AN OUTPUT!: fa5b65bceec3
UVM_INFO out_mon.sv(31) @ 28824251: uvm_test_top.env0.out_mon_h [OUT_MON] GOT AN OUTPUT!: b2b393f3048f
UVM_INFO out_mon.sv(31) @ 28829231: uvm_test_top.env0.out_mon_h [OUT_MON] GOT AN OUTPUT!: 26a3f0d3509d
UVM_INFO out_mon.sv(31) @ 28834211: uvm_test_top.env0.out_mon_h [OUT_MON] GOT AN OUTPUT!: 872851dcb4ef
UVM_INFO out_mon.sv(31) @ 28839191: uvm_test_top.env0.out_mon_h [OUT_MON] GOT AN OUTPUT!: 9989c92af6c4
UVM_INFO out_mon.sv(31) @ 28844171: uvm_test_top.env0.out_mon_h [OUT_MON] GOT AN OUTPUT!: eb397f6111b0
UVM_INFO out_mon.sv(31) @ 28849151: uvm_test_top.env0.out_mon_h [OUT_MON] GOT AN OUTPUT!: 60b686729f26
UVM_INFO out_mon.sv(31) @ 28854131: uvm_test_top.env0.out_mon_h [OUT_MON] GOT AN OUTPUT!: 57710424347e
UVM_INFO out_mon.sv(31) @ 28859111: uvm_test_top.env0.out_mon_h [OUT_MON] GOT AN OUTPUT!: 529b34dac4bd
UVM_INFO out_mon.sv(31) @ 28864091: uvm_test_top.env0.out_mon_h [OUT_MON] GOT AN OUTPUT!: eb1ba911fd12
UVM_INFO out_mon.sv(31) @ 28869071: uvm_test_top.env0.out_mon_h [OUT_MON] GOT AN OUTPUT!: 7a5f5091a4fb
UVM_INFO out_mon.sv(31) @ 28874051: uvm_test_top.env0.out_mon_h [OUT_MON] GOT AN OUTPUT!: b8432d3a049c
UVM_INFO out_mon.sv(31) @ 28879031: uvm_test_top.env0.out_mon_h [OUT_MON] GOT AN OUTPUT!: 43ef32ff3a37
UVM_INFO out_mon.sv(31) @ 28884011: uvm_test_top.env0.out_mon_h [OUT_MON] GOT AN OUTPUT!: cfb7356ba672
UVM_INFO out_mon.sv(31) @ 28888991: uvm_test_top.env0.out_mon_h [OUT_MON] GOT AN OUTPUT!: 67f830c14393
UVM_INFO out_mon.sv(31) @ 28893971: uvm_test_top.env0.out_mon_h [OUT_MON] GOT AN OUTPUT!: 0d014292033f
UVM_INFO out_mon.sv(31) @ 28898951: uvm_test_top.env0.out_mon_h [OUT_MON] GOT AN OUTPUT!: 97e66567383e
UVM_INFO out_mon.sv(31) @ 28903931: uvm_test_top.env0.out_mon_h [OUT_MON] GOT AN OUTPUT!: a26f33cff165
UVM_INFO out_mon.sv(31) @ 28908911: uvm_test_top.env0.out_mon_h [OUT_MON] GOT AN OUTPUT!: e9e75dee57ab
UVM_INFO out_mon.sv(31) @ 28913891: uvm_test_top.env0.out_mon_h [OUT_MON] GOT AN OUTPUT!: 650b7e5c0eda
UVM_INFO out_mon.sv(31) @ 28918871: uvm_test_top.env0.out_mon_h [OUT_MON] GOT AN OUTPUT!: 04e09afd9b97
UVM_INFO out_mon.sv(31) @ 28923851: uvm_test_top.env0.out_mon_h [OUT_MON] GOT AN OUTPUT!: d8a1a91cb820
UVM_INFO out_mon.sv(31) @ 28928831: uvm_test_top.env0.out_mon_h [OUT_MON] GOT AN OUTPUT!: 0c8628e1c269
UVM_INFO out_mon.sv(31) @ 28933811: uvm_test_top.env0.out_mon_h [OUT_MON] GOT AN OUTPUT!: fbbd1f040ba2
UVM_INFO out_mon.sv(31) @ 28938791: uvm_test_top.env0.out_mon_h [OUT_MON] GOT AN OUTPUT!: 4d3f3c4947da
UVM_INFO out_mon.sv(31) @ 28943771: uvm_test_top.env0.out_mon_h [OUT_MON] GOT AN OUTPUT!: d3ac012be02a
UVM_INFO out_mon.sv(31) @ 28948751: uvm_test_top.env0.out_mon_h [OUT_MON] GOT AN OUTPUT!: a8381bc06563
UVM_INFO out_mon.sv(31) @ 28953731: uvm_test_top.env0.out_mon_h [OUT_MON] GOT AN OUTPUT!: b87cfdb1d6a5
UVM_INFO out_mon.sv(31) @ 28958711: uvm_test_top.env0.out_mon_h [OUT_MON] GOT AN OUTPUT!: bf5e29ed1965
UVM_INFO out_mon.sv(31) @ 28963691: uvm_test_top.env0.out_mon_h [OUT_MON] GOT AN OUTPUT!: 60f6d05346ec
UVM_INFO out_mon.sv(31) @ 28968671: uvm_test_top.env0.out_mon_h [OUT_MON] GOT AN OUTPUT!: e15e818b1d87
UVM_INFO out_mon.sv(31) @ 28973651: uvm_test_top.env0.out_mon_h [OUT_MON] GOT AN OUTPUT!: aea785c950d1
UVM_INFO out_mon.sv(31) @ 28978631: uvm_test_top.env0.out_mon_h [OUT_MON] GOT AN OUTPUT!: b5a2e127f038
UVM_INFO out_mon.sv(31) @ 28983611: uvm_test_top.env0.out_mon_h [OUT_MON] GOT AN OUTPUT!: 39d904e4cc1f
UVM_INFO out_mon.sv(31) @ 28988591: uvm_test_top.env0.out_mon_h [OUT_MON] GOT AN OUTPUT!: a858479ecee1
UVM_INFO out_mon.sv(31) @ 28993571: uvm_test_top.env0.out_mon_h [OUT_MON] GOT AN OUTPUT!: 9d9a176a59ce
UVM_INFO out_mon.sv(31) @ 28998551: uvm_test_top.env0.out_mon_h [OUT_MON] GOT AN OUTPUT!: 166a1c54b1a6
UVM_INFO out_mon.sv(31) @ 29003531: uvm_test_top.env0.out_mon_h [OUT_MON] GOT AN OUTPUT!: 83b66dae501b
UVM_INFO out_mon.sv(31) @ 29008511: uvm_test_top.env0.out_mon_h [OUT_MON] GOT AN OUTPUT!: 39843c345544
UVM_INFO out_mon.sv(31) @ 29013491: uvm_test_top.env0.out_mon_h [OUT_MON] GOT AN OUTPUT!: 70bbbef0d0bf
UVM_INFO out_mon.sv(31) @ 29018471: uvm_test_top.env0.out_mon_h [OUT_MON] GOT AN OUTPUT!: d413bb6a36f2
UVM_INFO out_mon.sv(31) @ 29023451: uvm_test_top.env0.out_mon_h [OUT_MON] GOT AN OUTPUT!: 4ff1a879b404
UVM_INFO out_mon.sv(31) @ 29028431: uvm_test_top.env0.out_mon_h [OUT_MON] GOT AN OUTPUT!: 9d43b9e093cf
UVM_INFO out_mon.sv(31) @ 29033411: uvm_test_top.env0.out_mon_h [OUT_MON] GOT AN OUTPUT!: bf674f7498e0
UVM_INFO out_mon.sv(31) @ 29038391: uvm_test_top.env0.out_mon_h [OUT_MON] GOT AN OUTPUT!: 6d011e7b64c2
UVM_INFO out_mon.sv(31) @ 29043371: uvm_test_top.env0.out_mon_h [OUT_MON] GOT AN OUTPUT!: 1be56e8cd7df
UVM_INFO out_mon.sv(31) @ 29048351: uvm_test_top.env0.out_mon_h [OUT_MON] GOT AN OUTPUT!: 27f5a0146956
UVM_INFO out_mon.sv(31) @ 29053331: uvm_test_top.env0.out_mon_h [OUT_MON] GOT AN OUTPUT!: 4cfade498e06
UVM_INFO out_mon.sv(31) @ 29058311: uvm_test_top.env0.out_mon_h [OUT_MON] GOT AN OUTPUT!: 6b8fd4371978
UVM_INFO out_mon.sv(31) @ 29063291: uvm_test_top.env0.out_mon_h [OUT_MON] GOT AN OUTPUT!: 50f538299878
UVM_INFO out_mon.sv(31) @ 29068271: uvm_test_top.env0.out_mon_h [OUT_MON] GOT AN OUTPUT!: f9fbc19cb5a5
UVM_INFO out_mon.sv(31) @ 29073251: uvm_test_top.env0.out_mon_h [OUT_MON] GOT AN OUTPUT!: 88dc9f7f92fc
UVM_INFO out_mon.sv(31) @ 29078231: uvm_test_top.env0.out_mon_h [OUT_MON] GOT AN OUTPUT!: e622af683466
UVM_INFO out_mon.sv(31) @ 29083211: uvm_test_top.env0.out_mon_h [OUT_MON] GOT AN OUTPUT!: c47f510dd93a
UVM_INFO out_mon.sv(31) @ 29088191: uvm_test_top.env0.out_mon_h [OUT_MON] GOT AN OUTPUT!: 7fb29e2259ac
UVM_INFO out_mon.sv(31) @ 29093171: uvm_test_top.env0.out_mon_h [OUT_MON] GOT AN OUTPUT!: 0e691c6287c6
UVM_INFO out_mon.sv(31) @ 29098151: uvm_test_top.env0.out_mon_h [OUT_MON] GOT AN OUTPUT!: ff19377599ea
UVM_INFO out_mon.sv(31) @ 29103131: uvm_test_top.env0.out_mon_h [OUT_MON] GOT AN OUTPUT!: 37e43cf379d7
UVM_INFO out_mon.sv(31) @ 29108111: uvm_test_top.env0.out_mon_h [OUT_MON] GOT AN OUTPUT!: f17d8baa3283
UVM_INFO out_mon.sv(31) @ 29113091: uvm_test_top.env0.out_mon_h [OUT_MON] GOT AN OUTPUT!: 24fed4fa4bbb
UVM_INFO out_mon.sv(31) @ 29118071: uvm_test_top.env0.out_mon_h [OUT_MON] GOT AN OUTPUT!: 64d17ee22261
UVM_INFO out_mon.sv(31) @ 29123051: uvm_test_top.env0.out_mon_h [OUT_MON] GOT AN OUTPUT!: d885811057de
UVM_INFO out_mon.sv(31) @ 29128031: uvm_test_top.env0.out_mon_h [OUT_MON] GOT AN OUTPUT!: d3bd33152352
UVM_INFO out_mon.sv(31) @ 29133011: uvm_test_top.env0.out_mon_h [OUT_MON] GOT AN OUTPUT!: 4001348abd89
UVM_INFO out_mon.sv(31) @ 29137991: uvm_test_top.env0.out_mon_h [OUT_MON] GOT AN OUTPUT!: d1ac51ccb3ff
UVM_INFO out_mon.sv(31) @ 29142971: uvm_test_top.env0.out_mon_h [OUT_MON] GOT AN OUTPUT!: bfc1d9965421
UVM_INFO out_mon.sv(31) @ 29147951: uvm_test_top.env0.out_mon_h [OUT_MON] GOT AN OUTPUT!: 76cc7aa00a17
UVM_INFO out_mon.sv(31) @ 29152931: uvm_test_top.env0.out_mon_h [OUT_MON] GOT AN OUTPUT!: 7ecef213bd0e
UVM_INFO out_mon.sv(31) @ 29157911: uvm_test_top.env0.out_mon_h [OUT_MON] GOT AN OUTPUT!: 8c0bcd702b86
UVM_INFO out_mon.sv(31) @ 29162891: uvm_test_top.env0.out_mon_h [OUT_MON] GOT AN OUTPUT!: 72f6b633500c
UVM_INFO out_mon.sv(31) @ 29167871: uvm_test_top.env0.out_mon_h [OUT_MON] GOT AN OUTPUT!: 7711c263cb4e
UVM_INFO out_mon.sv(31) @ 29172851: uvm_test_top.env0.out_mon_h [OUT_MON] GOT AN OUTPUT!: 2cc7cad12d1d
UVM_INFO out_mon.sv(31) @ 29177831: uvm_test_top.env0.out_mon_h [OUT_MON] GOT AN OUTPUT!: e64c4fa369df
UVM_INFO out_mon.sv(31) @ 29182811: uvm_test_top.env0.out_mon_h [OUT_MON] GOT AN OUTPUT!: 638932912cd1
UVM_INFO out_mon.sv(31) @ 29187791: uvm_test_top.env0.out_mon_h [OUT_MON] GOT AN OUTPUT!: 3ce88cd54079
UVM_INFO out_mon.sv(31) @ 29192771: uvm_test_top.env0.out_mon_h [OUT_MON] GOT AN OUTPUT!: 414994baed1b
UVM_INFO out_mon.sv(31) @ 29197751: uvm_test_top.env0.out_mon_h [OUT_MON] GOT AN OUTPUT!: bed1cd594e8c
UVM_INFO out_mon.sv(31) @ 29202731: uvm_test_top.env0.out_mon_h [OUT_MON] GOT AN OUTPUT!: 6ed456d5c675
UVM_INFO out_mon.sv(31) @ 29207711: uvm_test_top.env0.out_mon_h [OUT_MON] GOT AN OUTPUT!: 7cb37a454f84
UVM_INFO out_mon.sv(31) @ 29212691: uvm_test_top.env0.out_mon_h [OUT_MON] GOT AN OUTPUT!: dfb6c504da7c
UVM_INFO out_mon.sv(31) @ 29217671: uvm_test_top.env0.out_mon_h [OUT_MON] GOT AN OUTPUT!: fff98120bb06
UVM_INFO out_mon.sv(31) @ 29222651: uvm_test_top.env0.out_mon_h [OUT_MON] GOT AN OUTPUT!: 5e3ac82300c4
UVM_INFO out_mon.sv(31) @ 29227631: uvm_test_top.env0.out_mon_h [OUT_MON] GOT AN OUTPUT!: b6ceb760d30e
UVM_INFO out_mon.sv(31) @ 29232611: uvm_test_top.env0.out_mon_h [OUT_MON] GOT AN OUTPUT!: d76e479ed623
UVM_INFO out_mon.sv(31) @ 29237591: uvm_test_top.env0.out_mon_h [OUT_MON] GOT AN OUTPUT!: 202204a48eed
UVM_INFO out_mon.sv(31) @ 29242571: uvm_test_top.env0.out_mon_h [OUT_MON] GOT AN OUTPUT!: 671fd416b81a
UVM_INFO out_mon.sv(31) @ 29247551: uvm_test_top.env0.out_mon_h [OUT_MON] GOT AN OUTPUT!: b79eb3b0ad91
UVM_INFO out_mon.sv(31) @ 29252531: uvm_test_top.env0.out_mon_h [OUT_MON] GOT AN OUTPUT!: 23d2b4b4c3a3
UVM_INFO out_mon.sv(31) @ 29257511: uvm_test_top.env0.out_mon_h [OUT_MON] GOT AN OUTPUT!: a1b1b92bab24
UVM_INFO out_mon.sv(31) @ 29262491: uvm_test_top.env0.out_mon_h [OUT_MON] GOT AN OUTPUT!: aadbd94ad016
UVM_INFO out_mon.sv(31) @ 29267471: uvm_test_top.env0.out_mon_h [OUT_MON] GOT AN OUTPUT!: 17834c19c166
UVM_INFO out_mon.sv(31) @ 29272451: uvm_test_top.env0.out_mon_h [OUT_MON] GOT AN OUTPUT!: 6c42f02e7e5c
UVM_INFO out_mon.sv(31) @ 29277431: uvm_test_top.env0.out_mon_h [OUT_MON] GOT AN OUTPUT!: 9301a718ebc6
UVM_INFO out_mon.sv(31) @ 29282411: uvm_test_top.env0.out_mon_h [OUT_MON] GOT AN OUTPUT!: b6d211d52629
UVM_INFO out_mon.sv(31) @ 29287391: uvm_test_top.env0.out_mon_h [OUT_MON] GOT AN OUTPUT!: bad94d5ce9ae
UVM_INFO out_mon.sv(31) @ 29292371: uvm_test_top.env0.out_mon_h [OUT_MON] GOT AN OUTPUT!: 841c292fe87a
UVM_INFO out_mon.sv(31) @ 29297351: uvm_test_top.env0.out_mon_h [OUT_MON] GOT AN OUTPUT!: 0e74a86b34fc
UVM_INFO out_mon.sv(31) @ 29302331: uvm_test_top.env0.out_mon_h [OUT_MON] GOT AN OUTPUT!: 0467c0c79c03
UVM_INFO out_mon.sv(31) @ 29307311: uvm_test_top.env0.out_mon_h [OUT_MON] GOT AN OUTPUT!: 52005497081b
UVM_INFO out_mon.sv(31) @ 29312291: uvm_test_top.env0.out_mon_h [OUT_MON] GOT AN OUTPUT!: eac12998e1d5
UVM_INFO out_mon.sv(31) @ 29317271: uvm_test_top.env0.out_mon_h [OUT_MON] GOT AN OUTPUT!: ba6afd3d64b8
UVM_INFO out_mon.sv(31) @ 29322251: uvm_test_top.env0.out_mon_h [OUT_MON] GOT AN OUTPUT!: 78f4bab011e3
UVM_INFO out_mon.sv(31) @ 29327231: uvm_test_top.env0.out_mon_h [OUT_MON] GOT AN OUTPUT!: d95f13c10191
UVM_INFO out_mon.sv(31) @ 29332211: uvm_test_top.env0.out_mon_h [OUT_MON] GOT AN OUTPUT!: 4b911c8548af
UVM_INFO out_mon.sv(31) @ 29337191: uvm_test_top.env0.out_mon_h [OUT_MON] GOT AN OUTPUT!: 494442465b46
UVM_INFO out_mon.sv(31) @ 29342171: uvm_test_top.env0.out_mon_h [OUT_MON] GOT AN OUTPUT!: e5df551864c6
UVM_INFO out_mon.sv(31) @ 29347151: uvm_test_top.env0.out_mon_h [OUT_MON] GOT AN OUTPUT!: 194df42fafb4
UVM_INFO out_mon.sv(31) @ 29352131: uvm_test_top.env0.out_mon_h [OUT_MON] GOT AN OUTPUT!: fdeba1ccfe53
UVM_INFO out_mon.sv(31) @ 29357111: uvm_test_top.env0.out_mon_h [OUT_MON] GOT AN OUTPUT!: f961bf58f8c8
UVM_INFO out_mon.sv(31) @ 29362091: uvm_test_top.env0.out_mon_h [OUT_MON] GOT AN OUTPUT!: 8883ad067676
UVM_INFO out_mon.sv(31) @ 29367071: uvm_test_top.env0.out_mon_h [OUT_MON] GOT AN OUTPUT!: 262e1a13f54a
UVM_INFO out_mon.sv(31) @ 29372051: uvm_test_top.env0.out_mon_h [OUT_MON] GOT AN OUTPUT!: 85304d83e597
UVM_INFO out_mon.sv(31) @ 29377031: uvm_test_top.env0.out_mon_h [OUT_MON] GOT AN OUTPUT!: 15211ee41d8b
UVM_INFO out_mon.sv(31) @ 29382011: uvm_test_top.env0.out_mon_h [OUT_MON] GOT AN OUTPUT!: 8a42517c2978
UVM_INFO out_mon.sv(31) @ 29386991: uvm_test_top.env0.out_mon_h [OUT_MON] GOT AN OUTPUT!: e064c7fab183
UVM_INFO out_mon.sv(31) @ 29391971: uvm_test_top.env0.out_mon_h [OUT_MON] GOT AN OUTPUT!: 10c37e79db34
UVM_INFO out_mon.sv(31) @ 29396951: uvm_test_top.env0.out_mon_h [OUT_MON] GOT AN OUTPUT!: 72e37872a93e
UVM_INFO out_mon.sv(31) @ 29401931: uvm_test_top.env0.out_mon_h [OUT_MON] GOT AN OUTPUT!: 807c51f758df
UVM_INFO out_mon.sv(31) @ 29406911: uvm_test_top.env0.out_mon_h [OUT_MON] GOT AN OUTPUT!: 744d1e4cc224
UVM_INFO out_mon.sv(31) @ 29411891: uvm_test_top.env0.out_mon_h [OUT_MON] GOT AN OUTPUT!: fbfe9dbabe0f
UVM_INFO out_mon.sv(31) @ 29416871: uvm_test_top.env0.out_mon_h [OUT_MON] GOT AN OUTPUT!: f508d12b7b0a
UVM_INFO out_mon.sv(31) @ 29421851: uvm_test_top.env0.out_mon_h [OUT_MON] GOT AN OUTPUT!: ec92a5f1e9f5
UVM_INFO out_mon.sv(31) @ 29426831: uvm_test_top.env0.out_mon_h [OUT_MON] GOT AN OUTPUT!: da4645cf0c87
UVM_INFO out_mon.sv(31) @ 29431811: uvm_test_top.env0.out_mon_h [OUT_MON] GOT AN OUTPUT!: 4e45b80e714e
UVM_INFO out_mon.sv(31) @ 29436791: uvm_test_top.env0.out_mon_h [OUT_MON] GOT AN OUTPUT!: 09f3e4517486
UVM_INFO out_mon.sv(31) @ 29441771: uvm_test_top.env0.out_mon_h [OUT_MON] GOT AN OUTPUT!: bbe2fd61b7ce
UVM_INFO out_mon.sv(31) @ 29446751: uvm_test_top.env0.out_mon_h [OUT_MON] GOT AN OUTPUT!: 56b5e8226f88
UVM_INFO out_mon.sv(31) @ 29451731: uvm_test_top.env0.out_mon_h [OUT_MON] GOT AN OUTPUT!: 3af67878d25c
UVM_INFO out_mon.sv(31) @ 29456711: uvm_test_top.env0.out_mon_h [OUT_MON] GOT AN OUTPUT!: 2bfc56c37793
UVM_INFO out_mon.sv(31) @ 29461691: uvm_test_top.env0.out_mon_h [OUT_MON] GOT AN OUTPUT!: c7cde538a4b6
UVM_INFO out_mon.sv(31) @ 29466671: uvm_test_top.env0.out_mon_h [OUT_MON] GOT AN OUTPUT!: f9f71d43c648
UVM_INFO out_mon.sv(31) @ 29471651: uvm_test_top.env0.out_mon_h [OUT_MON] GOT AN OUTPUT!: a17281b9c4cb
UVM_INFO out_mon.sv(31) @ 29476631: uvm_test_top.env0.out_mon_h [OUT_MON] GOT AN OUTPUT!: 618d4e7c5f0e
UVM_INFO out_mon.sv(31) @ 29481611: uvm_test_top.env0.out_mon_h [OUT_MON] GOT AN OUTPUT!: 55b456e4917f
UVM_INFO out_mon.sv(31) @ 29486591: uvm_test_top.env0.out_mon_h [OUT_MON] GOT AN OUTPUT!: 206ba80bf7d8
UVM_INFO out_mon.sv(31) @ 29491571: uvm_test_top.env0.out_mon_h [OUT_MON] GOT AN OUTPUT!: 8d1b2bcd240b
UVM_INFO out_mon.sv(31) @ 29496551: uvm_test_top.env0.out_mon_h [OUT_MON] GOT AN OUTPUT!: bcfc65130c6c
UVM_INFO out_mon.sv(31) @ 29501531: uvm_test_top.env0.out_mon_h [OUT_MON] GOT AN OUTPUT!: 96f49fcf5cb3
UVM_INFO out_mon.sv(31) @ 29506511: uvm_test_top.env0.out_mon_h [OUT_MON] GOT AN OUTPUT!: f27199afddbb
UVM_INFO out_mon.sv(31) @ 29511491: uvm_test_top.env0.out_mon_h [OUT_MON] GOT AN OUTPUT!: b54e9d6ad310
UVM_INFO out_mon.sv(31) @ 29516471: uvm_test_top.env0.out_mon_h [OUT_MON] GOT AN OUTPUT!: dcb2f73a622a
UVM_INFO out_mon.sv(31) @ 29521451: uvm_test_top.env0.out_mon_h [OUT_MON] GOT AN OUTPUT!: 28f0aedee79f
UVM_INFO out_mon.sv(31) @ 29526431: uvm_test_top.env0.out_mon_h [OUT_MON] GOT AN OUTPUT!: e46b57405952
UVM_INFO out_mon.sv(31) @ 29531411: uvm_test_top.env0.out_mon_h [OUT_MON] GOT AN OUTPUT!: fd6c4986b1cf
UVM_INFO out_mon.sv(31) @ 29536391: uvm_test_top.env0.out_mon_h [OUT_MON] GOT AN OUTPUT!: 6b0bda413f2c
UVM_INFO out_mon.sv(31) @ 29541371: uvm_test_top.env0.out_mon_h [OUT_MON] GOT AN OUTPUT!: 9509bff51145
UVM_INFO out_mon.sv(31) @ 29546351: uvm_test_top.env0.out_mon_h [OUT_MON] GOT AN OUTPUT!: 36b9fc2a4e20
UVM_INFO out_mon.sv(31) @ 29551331: uvm_test_top.env0.out_mon_h [OUT_MON] GOT AN OUTPUT!: f4d4c7d09e99
UVM_INFO out_mon.sv(31) @ 29556311: uvm_test_top.env0.out_mon_h [OUT_MON] GOT AN OUTPUT!: 9e656f9282ef
UVM_INFO out_mon.sv(31) @ 29561291: uvm_test_top.env0.out_mon_h [OUT_MON] GOT AN OUTPUT!: d09b636fb92a
UVM_INFO out_mon.sv(31) @ 29566271: uvm_test_top.env0.out_mon_h [OUT_MON] GOT AN OUTPUT!: 75b81ab698f1
UVM_INFO out_mon.sv(31) @ 29571251: uvm_test_top.env0.out_mon_h [OUT_MON] GOT AN OUTPUT!: 56e90e347b62
UVM_INFO out_mon.sv(31) @ 29576231: uvm_test_top.env0.out_mon_h [OUT_MON] GOT AN OUTPUT!: b92213350ca0
UVM_INFO out_mon.sv(31) @ 29581211: uvm_test_top.env0.out_mon_h [OUT_MON] GOT AN OUTPUT!: bd09efa8c005
UVM_INFO out_mon.sv(31) @ 29586191: uvm_test_top.env0.out_mon_h [OUT_MON] GOT AN OUTPUT!: f9cce18a1be3
UVM_INFO out_mon.sv(31) @ 29591171: uvm_test_top.env0.out_mon_h [OUT_MON] GOT AN OUTPUT!: 8b07115a24d8
UVM_INFO out_mon.sv(31) @ 29596151: uvm_test_top.env0.out_mon_h [OUT_MON] GOT AN OUTPUT!: 89a2f74bbf16
UVM_INFO out_mon.sv(31) @ 29601131: uvm_test_top.env0.out_mon_h [OUT_MON] GOT AN OUTPUT!: a7b04376064c
UVM_INFO out_mon.sv(31) @ 29606111: uvm_test_top.env0.out_mon_h [OUT_MON] GOT AN OUTPUT!: 67539e25b54a
UVM_INFO out_mon.sv(31) @ 29611091: uvm_test_top.env0.out_mon_h [OUT_MON] GOT AN OUTPUT!: 2491b8257f68
UVM_INFO out_mon.sv(31) @ 29616071: uvm_test_top.env0.out_mon_h [OUT_MON] GOT AN OUTPUT!: ea474d9579a7
UVM_INFO out_mon.sv(31) @ 29621051: uvm_test_top.env0.out_mon_h [OUT_MON] GOT AN OUTPUT!: c9f4f7a96ca9
UVM_INFO out_mon.sv(31) @ 29626031: uvm_test_top.env0.out_mon_h [OUT_MON] GOT AN OUTPUT!: 2eaba066457a
UVM_INFO out_mon.sv(31) @ 29631011: uvm_test_top.env0.out_mon_h [OUT_MON] GOT AN OUTPUT!: 62e63e366818
UVM_INFO out_mon.sv(31) @ 29635991: uvm_test_top.env0.out_mon_h [OUT_MON] GOT AN OUTPUT!: 416de2ed17dd
UVM_INFO out_mon.sv(31) @ 29640971: uvm_test_top.env0.out_mon_h [OUT_MON] GOT AN OUTPUT!: c932e790d041
UVM_INFO out_mon.sv(31) @ 29645951: uvm_test_top.env0.out_mon_h [OUT_MON] GOT AN OUTPUT!: 0c367a04ad6e
UVM_INFO out_mon.sv(31) @ 29650931: uvm_test_top.env0.out_mon_h [OUT_MON] GOT AN OUTPUT!: b166eb68c14a
UVM_INFO out_mon.sv(31) @ 29655911: uvm_test_top.env0.out_mon_h [OUT_MON] GOT AN OUTPUT!: 01770ac97e13
UVM_INFO out_mon.sv(31) @ 29660891: uvm_test_top.env0.out_mon_h [OUT_MON] GOT AN OUTPUT!: 36cd1c7614e8
UVM_INFO out_mon.sv(31) @ 29665871: uvm_test_top.env0.out_mon_h [OUT_MON] GOT AN OUTPUT!: 8856a715ca4a
UVM_INFO out_mon.sv(31) @ 29670851: uvm_test_top.env0.out_mon_h [OUT_MON] GOT AN OUTPUT!: 27712c54675a
UVM_INFO out_mon.sv(31) @ 29675831: uvm_test_top.env0.out_mon_h [OUT_MON] GOT AN OUTPUT!: 28c2f6bd8ce5
UVM_INFO out_mon.sv(31) @ 29680811: uvm_test_top.env0.out_mon_h [OUT_MON] GOT AN OUTPUT!: 1020181f1732
UVM_INFO out_mon.sv(31) @ 29685791: uvm_test_top.env0.out_mon_h [OUT_MON] GOT AN OUTPUT!: 77688c8a7fc9
UVM_INFO out_mon.sv(31) @ 29690771: uvm_test_top.env0.out_mon_h [OUT_MON] GOT AN OUTPUT!: 086712cd3d1b
UVM_INFO out_mon.sv(31) @ 29695751: uvm_test_top.env0.out_mon_h [OUT_MON] GOT AN OUTPUT!: c1b269f8218b
UVM_INFO out_mon.sv(31) @ 29700731: uvm_test_top.env0.out_mon_h [OUT_MON] GOT AN OUTPUT!: 3e90804db85a
UVM_INFO out_mon.sv(31) @ 29705711: uvm_test_top.env0.out_mon_h [OUT_MON] GOT AN OUTPUT!: 79cddeafab7f
UVM_INFO out_mon.sv(31) @ 29710691: uvm_test_top.env0.out_mon_h [OUT_MON] GOT AN OUTPUT!: 43a62a632238
UVM_INFO out_mon.sv(31) @ 29715671: uvm_test_top.env0.out_mon_h [OUT_MON] GOT AN OUTPUT!: 62a5c8c41d11
UVM_INFO out_mon.sv(31) @ 29720651: uvm_test_top.env0.out_mon_h [OUT_MON] GOT AN OUTPUT!: 177b2a3fd81a
UVM_INFO out_mon.sv(31) @ 29725631: uvm_test_top.env0.out_mon_h [OUT_MON] GOT AN OUTPUT!: 7be560ae2f03
UVM_INFO out_mon.sv(31) @ 29730611: uvm_test_top.env0.out_mon_h [OUT_MON] GOT AN OUTPUT!: f493bbe1f773
UVM_INFO out_mon.sv(31) @ 29735591: uvm_test_top.env0.out_mon_h [OUT_MON] GOT AN OUTPUT!: adfa8f085e6a
UVM_INFO out_mon.sv(31) @ 29740571: uvm_test_top.env0.out_mon_h [OUT_MON] GOT AN OUTPUT!: dc3e832f5654
UVM_INFO out_mon.sv(31) @ 29745551: uvm_test_top.env0.out_mon_h [OUT_MON] GOT AN OUTPUT!: 36110a0ae8f4
UVM_INFO out_mon.sv(31) @ 29750531: uvm_test_top.env0.out_mon_h [OUT_MON] GOT AN OUTPUT!: e28a5fd198c3
UVM_INFO out_mon.sv(31) @ 29755511: uvm_test_top.env0.out_mon_h [OUT_MON] GOT AN OUTPUT!: d21321c7c969
UVM_INFO out_mon.sv(31) @ 29760491: uvm_test_top.env0.out_mon_h [OUT_MON] GOT AN OUTPUT!: 3a4160d216a3
UVM_INFO out_mon.sv(31) @ 29765471: uvm_test_top.env0.out_mon_h [OUT_MON] GOT AN OUTPUT!: acae8926bae0
UVM_INFO out_mon.sv(31) @ 29770451: uvm_test_top.env0.out_mon_h [OUT_MON] GOT AN OUTPUT!: 00ecfef5eb53
UVM_INFO out_mon.sv(31) @ 29775431: uvm_test_top.env0.out_mon_h [OUT_MON] GOT AN OUTPUT!: 094f00a1389b
UVM_INFO out_mon.sv(31) @ 29780411: uvm_test_top.env0.out_mon_h [OUT_MON] GOT AN OUTPUT!: cadb23d9f3cb
UVM_INFO out_mon.sv(31) @ 29785391: uvm_test_top.env0.out_mon_h [OUT_MON] GOT AN OUTPUT!: b02025be820d
UVM_INFO out_mon.sv(31) @ 29790371: uvm_test_top.env0.out_mon_h [OUT_MON] GOT AN OUTPUT!: ef1927cecd63
UVM_INFO out_mon.sv(31) @ 29795351: uvm_test_top.env0.out_mon_h [OUT_MON] GOT AN OUTPUT!: 1a0d5a4f91f8
UVM_INFO out_mon.sv(31) @ 29800331: uvm_test_top.env0.out_mon_h [OUT_MON] GOT AN OUTPUT!: 93714b74d106
UVM_INFO out_mon.sv(31) @ 29805311: uvm_test_top.env0.out_mon_h [OUT_MON] GOT AN OUTPUT!: 5cc4026b231e
UVM_INFO out_mon.sv(31) @ 29810291: uvm_test_top.env0.out_mon_h [OUT_MON] GOT AN OUTPUT!: 7870d2181c04
UVM_INFO out_mon.sv(31) @ 29815271: uvm_test_top.env0.out_mon_h [OUT_MON] GOT AN OUTPUT!: d6ae0129b080
UVM_INFO out_mon.sv(31) @ 29820251: uvm_test_top.env0.out_mon_h [OUT_MON] GOT AN OUTPUT!: 85625bcc8b35
UVM_INFO out_mon.sv(31) @ 29825231: uvm_test_top.env0.out_mon_h [OUT_MON] GOT AN OUTPUT!: 9afbc521789c
UVM_INFO out_mon.sv(31) @ 29830211: uvm_test_top.env0.out_mon_h [OUT_MON] GOT AN OUTPUT!: 14537449bab8
UVM_INFO out_mon.sv(31) @ 29835191: uvm_test_top.env0.out_mon_h [OUT_MON] GOT AN OUTPUT!: 9d94bda276ad
UVM_INFO out_mon.sv(31) @ 29840171: uvm_test_top.env0.out_mon_h [OUT_MON] GOT AN OUTPUT!: fe0e278707ed
UVM_INFO out_mon.sv(31) @ 29845151: uvm_test_top.env0.out_mon_h [OUT_MON] GOT AN OUTPUT!: 9f2493b26459
UVM_INFO out_mon.sv(31) @ 29850131: uvm_test_top.env0.out_mon_h [OUT_MON] GOT AN OUTPUT!: 66207a1788f4
UVM_INFO out_mon.sv(31) @ 29855111: uvm_test_top.env0.out_mon_h [OUT_MON] GOT AN OUTPUT!: d91afbc8c3cd
UVM_INFO out_mon.sv(31) @ 29860091: uvm_test_top.env0.out_mon_h [OUT_MON] GOT AN OUTPUT!: 46d782461e66
UVM_INFO out_mon.sv(31) @ 29865071: uvm_test_top.env0.out_mon_h [OUT_MON] GOT AN OUTPUT!: 69a3784ac9bc
UVM_INFO out_mon.sv(31) @ 29870051: uvm_test_top.env0.out_mon_h [OUT_MON] GOT AN OUTPUT!: bd3b2bf16779
UVM_INFO out_mon.sv(31) @ 29875031: uvm_test_top.env0.out_mon_h [OUT_MON] GOT AN OUTPUT!: 7fa7e6c77639
UVM_INFO out_mon.sv(31) @ 29880011: uvm_test_top.env0.out_mon_h [OUT_MON] GOT AN OUTPUT!: 15194227b84e
UVM_INFO out_mon.sv(31) @ 29884991: uvm_test_top.env0.out_mon_h [OUT_MON] GOT AN OUTPUT!: 46d22af384e5
UVM_INFO out_mon.sv(31) @ 29889971: uvm_test_top.env0.out_mon_h [OUT_MON] GOT AN OUTPUT!: 94ffdb83339b
UVM_INFO out_mon.sv(31) @ 29894951: uvm_test_top.env0.out_mon_h [OUT_MON] GOT AN OUTPUT!: 9392d765706a
UVM_INFO out_mon.sv(31) @ 29899931: uvm_test_top.env0.out_mon_h [OUT_MON] GOT AN OUTPUT!: 0a36b045ae72
UVM_INFO out_mon.sv(31) @ 29904911: uvm_test_top.env0.out_mon_h [OUT_MON] GOT AN OUTPUT!: 4f14281176b6
UVM_INFO out_mon.sv(31) @ 29909891: uvm_test_top.env0.out_mon_h [OUT_MON] GOT AN OUTPUT!: 14cc8a34cc56
UVM_INFO out_mon.sv(31) @ 29914871: uvm_test_top.env0.out_mon_h [OUT_MON] GOT AN OUTPUT!: a344258592f3
UVM_INFO out_mon.sv(31) @ 29919851: uvm_test_top.env0.out_mon_h [OUT_MON] GOT AN OUTPUT!: 338f5235e752
UVM_INFO out_mon.sv(31) @ 29924831: uvm_test_top.env0.out_mon_h [OUT_MON] GOT AN OUTPUT!: e6ca41e581b5
UVM_INFO out_mon.sv(31) @ 29929811: uvm_test_top.env0.out_mon_h [OUT_MON] GOT AN OUTPUT!: 9006dfaa1757
UVM_INFO out_mon.sv(31) @ 29934791: uvm_test_top.env0.out_mon_h [OUT_MON] GOT AN OUTPUT!: 49185ea6bb53
UVM_INFO out_mon.sv(31) @ 29939771: uvm_test_top.env0.out_mon_h [OUT_MON] GOT AN OUTPUT!: 8a82178a3b8d
UVM_INFO out_mon.sv(31) @ 29944751: uvm_test_top.env0.out_mon_h [OUT_MON] GOT AN OUTPUT!: 3e54760c81dc
UVM_INFO out_mon.sv(31) @ 29949731: uvm_test_top.env0.out_mon_h [OUT_MON] GOT AN OUTPUT!: 060b8242efd4
UVM_INFO out_mon.sv(31) @ 29954711: uvm_test_top.env0.out_mon_h [OUT_MON] GOT AN OUTPUT!: ab6fd763cbb2
UVM_INFO out_mon.sv(31) @ 29959691: uvm_test_top.env0.out_mon_h [OUT_MON] GOT AN OUTPUT!: 7471de509030
UVM_INFO out_mon.sv(31) @ 29964671: uvm_test_top.env0.out_mon_h [OUT_MON] GOT AN OUTPUT!: d2103bff5735
UVM_INFO out_mon.sv(31) @ 29969651: uvm_test_top.env0.out_mon_h [OUT_MON] GOT AN OUTPUT!: a23ad79b374f
UVM_INFO out_mon.sv(31) @ 29974631: uvm_test_top.env0.out_mon_h [OUT_MON] GOT AN OUTPUT!: fca89df3a375
UVM_INFO out_mon.sv(31) @ 29979611: uvm_test_top.env0.out_mon_h [OUT_MON] GOT AN OUTPUT!: 42b96892c2e9
UVM_INFO out_mon.sv(31) @ 29984591: uvm_test_top.env0.out_mon_h [OUT_MON] GOT AN OUTPUT!: ea611d92e76d
UVM_INFO out_mon.sv(31) @ 29989571: uvm_test_top.env0.out_mon_h [OUT_MON] GOT AN OUTPUT!: 3bf71a0ace32
UVM_INFO out_mon.sv(31) @ 29994551: uvm_test_top.env0.out_mon_h [OUT_MON] GOT AN OUTPUT!: fb24cda91eb5
UVM_INFO out_mon.sv(31) @ 29999531: uvm_test_top.env0.out_mon_h [OUT_MON] GOT AN OUTPUT!: b2be9bd6b60f
UVM_INFO out_mon.sv(31) @ 30004511: uvm_test_top.env0.out_mon_h [OUT_MON] GOT AN OUTPUT!: 1ba3c4780a2e
UVM_INFO out_mon.sv(31) @ 30009491: uvm_test_top.env0.out_mon_h [OUT_MON] GOT AN OUTPUT!: d69dd9259450
UVM_INFO out_mon.sv(31) @ 30014471: uvm_test_top.env0.out_mon_h [OUT_MON] GOT AN OUTPUT!: 714542732494
UVM_INFO out_mon.sv(31) @ 30019451: uvm_test_top.env0.out_mon_h [OUT_MON] GOT AN OUTPUT!: 6ddd329e4699
UVM_INFO out_mon.sv(31) @ 30024431: uvm_test_top.env0.out_mon_h [OUT_MON] GOT AN OUTPUT!: c63753bba673
UVM_INFO out_mon.sv(31) @ 30029411: uvm_test_top.env0.out_mon_h [OUT_MON] GOT AN OUTPUT!: 218cd03b6944
UVM_INFO out_mon.sv(31) @ 30034391: uvm_test_top.env0.out_mon_h [OUT_MON] GOT AN OUTPUT!: b566ab5c907a
UVM_INFO out_mon.sv(31) @ 30039371: uvm_test_top.env0.out_mon_h [OUT_MON] GOT AN OUTPUT!: 8976c9e757e5
UVM_INFO out_mon.sv(31) @ 30044351: uvm_test_top.env0.out_mon_h [OUT_MON] GOT AN OUTPUT!: 967f31469aa4
UVM_INFO out_mon.sv(31) @ 30049331: uvm_test_top.env0.out_mon_h [OUT_MON] GOT AN OUTPUT!: f82821d82caf
UVM_INFO out_mon.sv(31) @ 30054311: uvm_test_top.env0.out_mon_h [OUT_MON] GOT AN OUTPUT!: 29ecfc0c4226
UVM_INFO out_mon.sv(31) @ 30059291: uvm_test_top.env0.out_mon_h [OUT_MON] GOT AN OUTPUT!: 06ec42abc76f
UVM_INFO out_mon.sv(31) @ 30064271: uvm_test_top.env0.out_mon_h [OUT_MON] GOT AN OUTPUT!: 04db265dc5a4
UVM_INFO out_mon.sv(31) @ 30069251: uvm_test_top.env0.out_mon_h [OUT_MON] GOT AN OUTPUT!: e1cff543c058
UVM_INFO out_mon.sv(31) @ 30074231: uvm_test_top.env0.out_mon_h [OUT_MON] GOT AN OUTPUT!: bd3543451ca6
UVM_INFO out_mon.sv(31) @ 30079211: uvm_test_top.env0.out_mon_h [OUT_MON] GOT AN OUTPUT!: 539c96617458
UVM_INFO out_mon.sv(31) @ 30084191: uvm_test_top.env0.out_mon_h [OUT_MON] GOT AN OUTPUT!: d5a9e12206b6
UVM_INFO out_mon.sv(31) @ 30089171: uvm_test_top.env0.out_mon_h [OUT_MON] GOT AN OUTPUT!: 91e17102022a
UVM_INFO out_mon.sv(31) @ 30094151: uvm_test_top.env0.out_mon_h [OUT_MON] GOT AN OUTPUT!: 69a1da65fc32
UVM_INFO out_mon.sv(31) @ 30099131: uvm_test_top.env0.out_mon_h [OUT_MON] GOT AN OUTPUT!: c8e8ff7a42dc
UVM_INFO out_mon.sv(31) @ 30104111: uvm_test_top.env0.out_mon_h [OUT_MON] GOT AN OUTPUT!: 9949dd103e42
UVM_INFO out_mon.sv(31) @ 30109091: uvm_test_top.env0.out_mon_h [OUT_MON] GOT AN OUTPUT!: 67bf1252d212
UVM_INFO out_mon.sv(31) @ 30114071: uvm_test_top.env0.out_mon_h [OUT_MON] GOT AN OUTPUT!: b58efbe9c4df
UVM_INFO out_mon.sv(31) @ 30119051: uvm_test_top.env0.out_mon_h [OUT_MON] GOT AN OUTPUT!: 2c2e80e40f9d
UVM_INFO out_mon.sv(31) @ 30124031: uvm_test_top.env0.out_mon_h [OUT_MON] GOT AN OUTPUT!: 2c1c9e814d7f
UVM_INFO out_mon.sv(31) @ 30129011: uvm_test_top.env0.out_mon_h [OUT_MON] GOT AN OUTPUT!: eec66db213c3
UVM_INFO out_mon.sv(31) @ 30133991: uvm_test_top.env0.out_mon_h [OUT_MON] GOT AN OUTPUT!: 3361b0e75237
UVM_INFO out_mon.sv(31) @ 30138971: uvm_test_top.env0.out_mon_h [OUT_MON] GOT AN OUTPUT!: 2ed0d288bad3
UVM_INFO out_mon.sv(31) @ 30143951: uvm_test_top.env0.out_mon_h [OUT_MON] GOT AN OUTPUT!: 36845a2a12f8
UVM_INFO out_mon.sv(31) @ 30148931: uvm_test_top.env0.out_mon_h [OUT_MON] GOT AN OUTPUT!: 5e594457a24e
UVM_INFO out_mon.sv(31) @ 30153911: uvm_test_top.env0.out_mon_h [OUT_MON] GOT AN OUTPUT!: 01752a9189b1
UVM_INFO out_mon.sv(31) @ 30158891: uvm_test_top.env0.out_mon_h [OUT_MON] GOT AN OUTPUT!: ee2cafce2559
UVM_INFO out_mon.sv(31) @ 30163871: uvm_test_top.env0.out_mon_h [OUT_MON] GOT AN OUTPUT!: acdff99b71f5
UVM_INFO out_mon.sv(31) @ 30168851: uvm_test_top.env0.out_mon_h [OUT_MON] GOT AN OUTPUT!: 19d604b761a7
UVM_INFO out_mon.sv(31) @ 30173831: uvm_test_top.env0.out_mon_h [OUT_MON] GOT AN OUTPUT!: 4a2c70b74605
UVM_INFO out_mon.sv(31) @ 30178811: uvm_test_top.env0.out_mon_h [OUT_MON] GOT AN OUTPUT!: 73a57e162fa2
UVM_INFO out_mon.sv(31) @ 30183791: uvm_test_top.env0.out_mon_h [OUT_MON] GOT AN OUTPUT!: 4f8d78c244bf
UVM_INFO out_mon.sv(31) @ 30188771: uvm_test_top.env0.out_mon_h [OUT_MON] GOT AN OUTPUT!: 30a19e012c00
UVM_INFO out_mon.sv(31) @ 30193751: uvm_test_top.env0.out_mon_h [OUT_MON] GOT AN OUTPUT!: c3e677436968
UVM_INFO out_mon.sv(31) @ 30198731: uvm_test_top.env0.out_mon_h [OUT_MON] GOT AN OUTPUT!: 34965c3eb680
UVM_INFO out_mon.sv(31) @ 30203711: uvm_test_top.env0.out_mon_h [OUT_MON] GOT AN OUTPUT!: 2aecae6771ca
UVM_INFO out_mon.sv(31) @ 30208691: uvm_test_top.env0.out_mon_h [OUT_MON] GOT AN OUTPUT!: de12c5a0e909
UVM_INFO out_mon.sv(31) @ 30213671: uvm_test_top.env0.out_mon_h [OUT_MON] GOT AN OUTPUT!: 310490bcd49f
UVM_INFO out_mon.sv(31) @ 30218651: uvm_test_top.env0.out_mon_h [OUT_MON] GOT AN OUTPUT!: 926287219fda
UVM_INFO out_mon.sv(31) @ 30223631: uvm_test_top.env0.out_mon_h [OUT_MON] GOT AN OUTPUT!: 175e6cafd3bb
UVM_INFO out_mon.sv(31) @ 30228611: uvm_test_top.env0.out_mon_h [OUT_MON] GOT AN OUTPUT!: 099288be7511
UVM_INFO out_mon.sv(31) @ 30233591: uvm_test_top.env0.out_mon_h [OUT_MON] GOT AN OUTPUT!: dfe53dc666f7
UVM_INFO out_mon.sv(31) @ 30238571: uvm_test_top.env0.out_mon_h [OUT_MON] GOT AN OUTPUT!: 5a6d2a14c536
UVM_INFO out_mon.sv(31) @ 30243551: uvm_test_top.env0.out_mon_h [OUT_MON] GOT AN OUTPUT!: 3944029c4a4d
UVM_INFO out_mon.sv(31) @ 30248531: uvm_test_top.env0.out_mon_h [OUT_MON] GOT AN OUTPUT!: c67c49bdae03
UVM_INFO out_mon.sv(31) @ 30253511: uvm_test_top.env0.out_mon_h [OUT_MON] GOT AN OUTPUT!: 2ae9669eff1d
UVM_INFO out_mon.sv(31) @ 30258491: uvm_test_top.env0.out_mon_h [OUT_MON] GOT AN OUTPUT!: 460e8a6a0a2a
UVM_INFO out_mon.sv(31) @ 30263471: uvm_test_top.env0.out_mon_h [OUT_MON] GOT AN OUTPUT!: 80ff2389bc1b
UVM_INFO out_mon.sv(31) @ 30268451: uvm_test_top.env0.out_mon_h [OUT_MON] GOT AN OUTPUT!: d4311fbe7645
UVM_INFO out_mon.sv(31) @ 30273431: uvm_test_top.env0.out_mon_h [OUT_MON] GOT AN OUTPUT!: f871e7a17ed3
UVM_INFO out_mon.sv(31) @ 30278411: uvm_test_top.env0.out_mon_h [OUT_MON] GOT AN OUTPUT!: 7aac8cef4ead
UVM_INFO out_mon.sv(31) @ 30283391: uvm_test_top.env0.out_mon_h [OUT_MON] GOT AN OUTPUT!: 2aea24b10345
UVM_INFO out_mon.sv(31) @ 30288371: uvm_test_top.env0.out_mon_h [OUT_MON] GOT AN OUTPUT!: 1e108c1caf78
UVM_INFO out_mon.sv(31) @ 30293351: uvm_test_top.env0.out_mon_h [OUT_MON] GOT AN OUTPUT!: 3ad98ac4c589
UVM_INFO out_mon.sv(31) @ 30298331: uvm_test_top.env0.out_mon_h [OUT_MON] GOT AN OUTPUT!: 09a6a66e7342
UVM_INFO out_mon.sv(31) @ 30303311: uvm_test_top.env0.out_mon_h [OUT_MON] GOT AN OUTPUT!: 3f68a4a700f9
UVM_INFO out_mon.sv(31) @ 30308291: uvm_test_top.env0.out_mon_h [OUT_MON] GOT AN OUTPUT!: 3b7c98f03715
UVM_INFO out_mon.sv(31) @ 30313271: uvm_test_top.env0.out_mon_h [OUT_MON] GOT AN OUTPUT!: 7087521bb3d4
UVM_INFO out_mon.sv(31) @ 30318251: uvm_test_top.env0.out_mon_h [OUT_MON] GOT AN OUTPUT!: 705b222d550a
UVM_INFO out_mon.sv(31) @ 30323231: uvm_test_top.env0.out_mon_h [OUT_MON] GOT AN OUTPUT!: 12da8cdc97d7
UVM_INFO out_mon.sv(31) @ 30328211: uvm_test_top.env0.out_mon_h [OUT_MON] GOT AN OUTPUT!: efd14f8cecf1
UVM_INFO out_mon.sv(31) @ 30333191: uvm_test_top.env0.out_mon_h [OUT_MON] GOT AN OUTPUT!: 23d5365527c2
UVM_INFO out_mon.sv(31) @ 30338171: uvm_test_top.env0.out_mon_h [OUT_MON] GOT AN OUTPUT!: 182bd46dd7b0
UVM_INFO out_mon.sv(31) @ 30343151: uvm_test_top.env0.out_mon_h [OUT_MON] GOT AN OUTPUT!: c5a1711ea33c
UVM_INFO out_mon.sv(31) @ 30348131: uvm_test_top.env0.out_mon_h [OUT_MON] GOT AN OUTPUT!: aa739b02b194
UVM_INFO out_mon.sv(31) @ 30353111: uvm_test_top.env0.out_mon_h [OUT_MON] GOT AN OUTPUT!: 6b292c3c0216
UVM_INFO out_mon.sv(31) @ 30358091: uvm_test_top.env0.out_mon_h [OUT_MON] GOT AN OUTPUT!: d67419edd73d
UVM_INFO out_mon.sv(31) @ 30363071: uvm_test_top.env0.out_mon_h [OUT_MON] GOT AN OUTPUT!: c4185b160764
UVM_INFO out_mon.sv(31) @ 30368051: uvm_test_top.env0.out_mon_h [OUT_MON] GOT AN OUTPUT!: 06bf7c9d647f
UVM_INFO out_mon.sv(31) @ 30373031: uvm_test_top.env0.out_mon_h [OUT_MON] GOT AN OUTPUT!: 68dea437265a
UVM_INFO out_mon.sv(31) @ 30378011: uvm_test_top.env0.out_mon_h [OUT_MON] GOT AN OUTPUT!: 6c9a4c6737c2
UVM_INFO out_mon.sv(31) @ 30382991: uvm_test_top.env0.out_mon_h [OUT_MON] GOT AN OUTPUT!: 46a3e4c7a075
UVM_INFO out_mon.sv(31) @ 30387971: uvm_test_top.env0.out_mon_h [OUT_MON] GOT AN OUTPUT!: 4c15a664e848
UVM_INFO out_mon.sv(31) @ 30392951: uvm_test_top.env0.out_mon_h [OUT_MON] GOT AN OUTPUT!: cb5655c971d9
UVM_INFO out_mon.sv(31) @ 30397931: uvm_test_top.env0.out_mon_h [OUT_MON] GOT AN OUTPUT!: 07fa8c0fd4ea
UVM_INFO out_mon.sv(31) @ 30402911: uvm_test_top.env0.out_mon_h [OUT_MON] GOT AN OUTPUT!: d1a2bd145066
UVM_INFO out_mon.sv(31) @ 30407891: uvm_test_top.env0.out_mon_h [OUT_MON] GOT AN OUTPUT!: edd67d9d1a9b
UVM_INFO out_mon.sv(31) @ 30412871: uvm_test_top.env0.out_mon_h [OUT_MON] GOT AN OUTPUT!: 4cf27211c176
UVM_INFO out_mon.sv(31) @ 30417851: uvm_test_top.env0.out_mon_h [OUT_MON] GOT AN OUTPUT!: c1f6e5199366
UVM_INFO out_mon.sv(31) @ 30422831: uvm_test_top.env0.out_mon_h [OUT_MON] GOT AN OUTPUT!: b5729138f9c2
UVM_INFO out_mon.sv(31) @ 30427811: uvm_test_top.env0.out_mon_h [OUT_MON] GOT AN OUTPUT!: 0b646e45da14
UVM_INFO out_mon.sv(31) @ 30432791: uvm_test_top.env0.out_mon_h [OUT_MON] GOT AN OUTPUT!: 34113e4af860
UVM_INFO out_mon.sv(31) @ 30437771: uvm_test_top.env0.out_mon_h [OUT_MON] GOT AN OUTPUT!: 1fece2324e40
UVM_INFO out_mon.sv(31) @ 30442751: uvm_test_top.env0.out_mon_h [OUT_MON] GOT AN OUTPUT!: 8e77474e7954
UVM_INFO out_mon.sv(31) @ 30447731: uvm_test_top.env0.out_mon_h [OUT_MON] GOT AN OUTPUT!: f01da79b0a05
UVM_INFO out_mon.sv(31) @ 30452711: uvm_test_top.env0.out_mon_h [OUT_MON] GOT AN OUTPUT!: d313fd4bf7ae
UVM_INFO out_mon.sv(31) @ 30457691: uvm_test_top.env0.out_mon_h [OUT_MON] GOT AN OUTPUT!: 933e7103ea08
UVM_INFO out_mon.sv(31) @ 30462671: uvm_test_top.env0.out_mon_h [OUT_MON] GOT AN OUTPUT!: c50ea5c9aeab
UVM_INFO out_mon.sv(31) @ 30467651: uvm_test_top.env0.out_mon_h [OUT_MON] GOT AN OUTPUT!: 935f3b948a0f
UVM_INFO out_mon.sv(31) @ 30472631: uvm_test_top.env0.out_mon_h [OUT_MON] GOT AN OUTPUT!: 08564a079cd2
UVM_INFO out_mon.sv(31) @ 30477611: uvm_test_top.env0.out_mon_h [OUT_MON] GOT AN OUTPUT!: f94a31b445e1
UVM_INFO out_mon.sv(31) @ 30482591: uvm_test_top.env0.out_mon_h [OUT_MON] GOT AN OUTPUT!: 0d9856fb7d81
UVM_INFO out_mon.sv(31) @ 30487571: uvm_test_top.env0.out_mon_h [OUT_MON] GOT AN OUTPUT!: 188d926639a4
UVM_INFO out_mon.sv(31) @ 30492551: uvm_test_top.env0.out_mon_h [OUT_MON] GOT AN OUTPUT!: be3fc50cc8f0
UVM_INFO out_mon.sv(31) @ 30497531: uvm_test_top.env0.out_mon_h [OUT_MON] GOT AN OUTPUT!: 1b7120653e74
UVM_INFO out_mon.sv(31) @ 30502511: uvm_test_top.env0.out_mon_h [OUT_MON] GOT AN OUTPUT!: e8744790c005
UVM_INFO out_mon.sv(31) @ 30507491: uvm_test_top.env0.out_mon_h [OUT_MON] GOT AN OUTPUT!: 4f044cfff567
UVM_INFO out_mon.sv(31) @ 30512471: uvm_test_top.env0.out_mon_h [OUT_MON] GOT AN OUTPUT!: 6b282c065d18
UVM_INFO out_mon.sv(31) @ 30517451: uvm_test_top.env0.out_mon_h [OUT_MON] GOT AN OUTPUT!: 2f159eb4b6bd
UVM_INFO out_mon.sv(31) @ 30522431: uvm_test_top.env0.out_mon_h [OUT_MON] GOT AN OUTPUT!: 220572125bfc
UVM_INFO out_mon.sv(31) @ 30527411: uvm_test_top.env0.out_mon_h [OUT_MON] GOT AN OUTPUT!: 32297a8da069
UVM_INFO out_mon.sv(31) @ 30532391: uvm_test_top.env0.out_mon_h [OUT_MON] GOT AN OUTPUT!: 9177cb3b395a
UVM_INFO out_mon.sv(31) @ 30537371: uvm_test_top.env0.out_mon_h [OUT_MON] GOT AN OUTPUT!: 5591e03c8eb8
UVM_INFO out_mon.sv(31) @ 30542351: uvm_test_top.env0.out_mon_h [OUT_MON] GOT AN OUTPUT!: 52a8f8652ece
UVM_INFO out_mon.sv(31) @ 30547331: uvm_test_top.env0.out_mon_h [OUT_MON] GOT AN OUTPUT!: 695836f71d45
UVM_INFO out_mon.sv(31) @ 30552311: uvm_test_top.env0.out_mon_h [OUT_MON] GOT AN OUTPUT!: 3f864c0e38c0
UVM_INFO out_mon.sv(31) @ 30557291: uvm_test_top.env0.out_mon_h [OUT_MON] GOT AN OUTPUT!: 1c49b812a5f4
UVM_INFO out_mon.sv(31) @ 30562271: uvm_test_top.env0.out_mon_h [OUT_MON] GOT AN OUTPUT!: 5ebfac4a166c
UVM_INFO out_mon.sv(31) @ 30567251: uvm_test_top.env0.out_mon_h [OUT_MON] GOT AN OUTPUT!: c7f2a3604728
UVM_INFO out_mon.sv(31) @ 30572231: uvm_test_top.env0.out_mon_h [OUT_MON] GOT AN OUTPUT!: 8fbbf17e4220
UVM_INFO out_mon.sv(31) @ 30577211: uvm_test_top.env0.out_mon_h [OUT_MON] GOT AN OUTPUT!: fc9dbd48dbfe
UVM_INFO out_mon.sv(31) @ 30582191: uvm_test_top.env0.out_mon_h [OUT_MON] GOT AN OUTPUT!: f6a7f1ddf713
UVM_INFO out_mon.sv(31) @ 30587171: uvm_test_top.env0.out_mon_h [OUT_MON] GOT AN OUTPUT!: cd5743a8fea7
UVM_INFO out_mon.sv(31) @ 30592151: uvm_test_top.env0.out_mon_h [OUT_MON] GOT AN OUTPUT!: 287120a633db
UVM_INFO out_mon.sv(31) @ 30597131: uvm_test_top.env0.out_mon_h [OUT_MON] GOT AN OUTPUT!: dbebdd6d0eb4
UVM_INFO out_mon.sv(31) @ 30602111: uvm_test_top.env0.out_mon_h [OUT_MON] GOT AN OUTPUT!: 16c40019aff8
UVM_INFO out_mon.sv(31) @ 30607091: uvm_test_top.env0.out_mon_h [OUT_MON] GOT AN OUTPUT!: 24e7b6ed2681
UVM_INFO out_mon.sv(31) @ 30612071: uvm_test_top.env0.out_mon_h [OUT_MON] GOT AN OUTPUT!: bc0a5b3ce86a
UVM_INFO out_mon.sv(31) @ 30617051: uvm_test_top.env0.out_mon_h [OUT_MON] GOT AN OUTPUT!: 8b9541092272
UVM_INFO out_mon.sv(31) @ 30622031: uvm_test_top.env0.out_mon_h [OUT_MON] GOT AN OUTPUT!: 877287521cca
UVM_INFO out_mon.sv(31) @ 30627011: uvm_test_top.env0.out_mon_h [OUT_MON] GOT AN OUTPUT!: 2600d2049c42
UVM_INFO out_mon.sv(31) @ 30631991: uvm_test_top.env0.out_mon_h [OUT_MON] GOT AN OUTPUT!: 88e6911547de
UVM_INFO out_mon.sv(31) @ 30636971: uvm_test_top.env0.out_mon_h [OUT_MON] GOT AN OUTPUT!: 48f99a22f41e
UVM_INFO out_mon.sv(31) @ 30641951: uvm_test_top.env0.out_mon_h [OUT_MON] GOT AN OUTPUT!: 5d15b0b8221f
UVM_INFO out_mon.sv(31) @ 30646931: uvm_test_top.env0.out_mon_h [OUT_MON] GOT AN OUTPUT!: 5406200342ba
UVM_INFO out_mon.sv(31) @ 30651911: uvm_test_top.env0.out_mon_h [OUT_MON] GOT AN OUTPUT!: d967cf9e2a31
UVM_INFO out_mon.sv(31) @ 30656891: uvm_test_top.env0.out_mon_h [OUT_MON] GOT AN OUTPUT!: 3d79d0bc671d
UVM_INFO out_mon.sv(31) @ 30661871: uvm_test_top.env0.out_mon_h [OUT_MON] GOT AN OUTPUT!: 780a84d89eb5
UVM_INFO out_mon.sv(31) @ 30666851: uvm_test_top.env0.out_mon_h [OUT_MON] GOT AN OUTPUT!: de58b7b8f863
UVM_INFO out_mon.sv(31) @ 30671831: uvm_test_top.env0.out_mon_h [OUT_MON] GOT AN OUTPUT!: 83e859627680
UVM_INFO out_mon.sv(31) @ 30676811: uvm_test_top.env0.out_mon_h [OUT_MON] GOT AN OUTPUT!: fe720753571e
UVM_INFO out_mon.sv(31) @ 30681791: uvm_test_top.env0.out_mon_h [OUT_MON] GOT AN OUTPUT!: 04b2ac1c719e
UVM_INFO out_mon.sv(31) @ 30686771: uvm_test_top.env0.out_mon_h [OUT_MON] GOT AN OUTPUT!: 205576319d9e
UVM_INFO out_mon.sv(31) @ 30691751: uvm_test_top.env0.out_mon_h [OUT_MON] GOT AN OUTPUT!: 6ace14890923
UVM_INFO out_mon.sv(31) @ 30696731: uvm_test_top.env0.out_mon_h [OUT_MON] GOT AN OUTPUT!: 0d491061a7ca
UVM_INFO out_mon.sv(31) @ 30701711: uvm_test_top.env0.out_mon_h [OUT_MON] GOT AN OUTPUT!: fb6c91487b42
UVM_INFO out_mon.sv(31) @ 30706691: uvm_test_top.env0.out_mon_h [OUT_MON] GOT AN OUTPUT!: 215a9e350ed0
UVM_INFO out_mon.sv(31) @ 30711671: uvm_test_top.env0.out_mon_h [OUT_MON] GOT AN OUTPUT!: fc786354c29e
UVM_INFO out_mon.sv(31) @ 30716651: uvm_test_top.env0.out_mon_h [OUT_MON] GOT AN OUTPUT!: 57592cdd3453
UVM_INFO out_mon.sv(31) @ 30721631: uvm_test_top.env0.out_mon_h [OUT_MON] GOT AN OUTPUT!: a09be9fd9d4b
UVM_INFO out_mon.sv(31) @ 30726611: uvm_test_top.env0.out_mon_h [OUT_MON] GOT AN OUTPUT!: 14ccd0c73063
UVM_INFO out_mon.sv(31) @ 30731591: uvm_test_top.env0.out_mon_h [OUT_MON] GOT AN OUTPUT!: b34253a48581
UVM_INFO out_mon.sv(31) @ 30736571: uvm_test_top.env0.out_mon_h [OUT_MON] GOT AN OUTPUT!: b60241b7e2e3
UVM_INFO out_mon.sv(31) @ 30741551: uvm_test_top.env0.out_mon_h [OUT_MON] GOT AN OUTPUT!: 049c8e38b56a
UVM_INFO out_mon.sv(31) @ 30746531: uvm_test_top.env0.out_mon_h [OUT_MON] GOT AN OUTPUT!: da0965a7e2a5
UVM_INFO out_mon.sv(31) @ 30751511: uvm_test_top.env0.out_mon_h [OUT_MON] GOT AN OUTPUT!: 95932f732d16
UVM_INFO out_mon.sv(31) @ 30756491: uvm_test_top.env0.out_mon_h [OUT_MON] GOT AN OUTPUT!: 6eab5c5f8fea
UVM_INFO out_mon.sv(31) @ 30761471: uvm_test_top.env0.out_mon_h [OUT_MON] GOT AN OUTPUT!: 83d1c9d2a4fb
UVM_INFO out_mon.sv(31) @ 30766451: uvm_test_top.env0.out_mon_h [OUT_MON] GOT AN OUTPUT!: 7c702cd30385
UVM_INFO out_mon.sv(31) @ 30771431: uvm_test_top.env0.out_mon_h [OUT_MON] GOT AN OUTPUT!: b5c375579b00
UVM_INFO out_mon.sv(31) @ 30776411: uvm_test_top.env0.out_mon_h [OUT_MON] GOT AN OUTPUT!: b2aba33e1b50
UVM_INFO out_mon.sv(31) @ 30781391: uvm_test_top.env0.out_mon_h [OUT_MON] GOT AN OUTPUT!: 4697f2004b92
UVM_INFO out_mon.sv(31) @ 30786371: uvm_test_top.env0.out_mon_h [OUT_MON] GOT AN OUTPUT!: b36483007036
UVM_INFO out_mon.sv(31) @ 30791351: uvm_test_top.env0.out_mon_h [OUT_MON] GOT AN OUTPUT!: b2382904b1ac
UVM_INFO out_mon.sv(31) @ 30796331: uvm_test_top.env0.out_mon_h [OUT_MON] GOT AN OUTPUT!: 1f669a396580
UVM_INFO out_mon.sv(31) @ 30801311: uvm_test_top.env0.out_mon_h [OUT_MON] GOT AN OUTPUT!: c15075d2865b
UVM_INFO out_mon.sv(31) @ 30806291: uvm_test_top.env0.out_mon_h [OUT_MON] GOT AN OUTPUT!: 6243d0240ea8
UVM_INFO out_mon.sv(31) @ 30811271: uvm_test_top.env0.out_mon_h [OUT_MON] GOT AN OUTPUT!: 355086c94da9
UVM_INFO out_mon.sv(31) @ 30816251: uvm_test_top.env0.out_mon_h [OUT_MON] GOT AN OUTPUT!: 3e3fd2334e5a
UVM_INFO out_mon.sv(31) @ 30821231: uvm_test_top.env0.out_mon_h [OUT_MON] GOT AN OUTPUT!: 345e32b63c69
UVM_INFO out_mon.sv(31) @ 30826211: uvm_test_top.env0.out_mon_h [OUT_MON] GOT AN OUTPUT!: 186b62edbced
UVM_INFO out_mon.sv(31) @ 30831191: uvm_test_top.env0.out_mon_h [OUT_MON] GOT AN OUTPUT!: 756a121051e4
UVM_INFO out_mon.sv(31) @ 30836171: uvm_test_top.env0.out_mon_h [OUT_MON] GOT AN OUTPUT!: 0491f489b601
UVM_INFO out_mon.sv(31) @ 30841151: uvm_test_top.env0.out_mon_h [OUT_MON] GOT AN OUTPUT!: 2c1e42f447d5
UVM_INFO out_mon.sv(31) @ 30846131: uvm_test_top.env0.out_mon_h [OUT_MON] GOT AN OUTPUT!: 913fa5495876
UVM_INFO out_mon.sv(31) @ 30851111: uvm_test_top.env0.out_mon_h [OUT_MON] GOT AN OUTPUT!: b4e913e09ab7
UVM_INFO out_mon.sv(31) @ 30856091: uvm_test_top.env0.out_mon_h [OUT_MON] GOT AN OUTPUT!: 53bf28967f89
UVM_INFO out_mon.sv(31) @ 30861071: uvm_test_top.env0.out_mon_h [OUT_MON] GOT AN OUTPUT!: 00f31a3189cc
UVM_INFO out_mon.sv(31) @ 30866051: uvm_test_top.env0.out_mon_h [OUT_MON] GOT AN OUTPUT!: 341cc2dec32f
UVM_INFO out_mon.sv(31) @ 30871031: uvm_test_top.env0.out_mon_h [OUT_MON] GOT AN OUTPUT!: c2295d5d0de8
UVM_INFO out_mon.sv(31) @ 30876011: uvm_test_top.env0.out_mon_h [OUT_MON] GOT AN OUTPUT!: 7926e62f8588
UVM_INFO out_mon.sv(31) @ 30880991: uvm_test_top.env0.out_mon_h [OUT_MON] GOT AN OUTPUT!: 57380ceee36f
UVM_INFO out_mon.sv(31) @ 30885971: uvm_test_top.env0.out_mon_h [OUT_MON] GOT AN OUTPUT!: 94669991dc83
UVM_INFO out_mon.sv(31) @ 30890951: uvm_test_top.env0.out_mon_h [OUT_MON] GOT AN OUTPUT!: 778d8a44877a
UVM_INFO out_mon.sv(31) @ 30895931: uvm_test_top.env0.out_mon_h [OUT_MON] GOT AN OUTPUT!: ae2b1d26aa84
UVM_INFO out_mon.sv(31) @ 30900911: uvm_test_top.env0.out_mon_h [OUT_MON] GOT AN OUTPUT!: 9f512f0933a2
UVM_INFO out_mon.sv(31) @ 30905891: uvm_test_top.env0.out_mon_h [OUT_MON] GOT AN OUTPUT!: f17c19028636
UVM_INFO out_mon.sv(31) @ 30910871: uvm_test_top.env0.out_mon_h [OUT_MON] GOT AN OUTPUT!: 3b728c71e566
UVM_INFO out_mon.sv(31) @ 30915851: uvm_test_top.env0.out_mon_h [OUT_MON] GOT AN OUTPUT!: 9828bdc9cf41
UVM_INFO out_mon.sv(31) @ 30920831: uvm_test_top.env0.out_mon_h [OUT_MON] GOT AN OUTPUT!: 959d9b395baa
UVM_INFO out_mon.sv(31) @ 30925811: uvm_test_top.env0.out_mon_h [OUT_MON] GOT AN OUTPUT!: b6bc010c9f28
UVM_INFO out_mon.sv(31) @ 30930791: uvm_test_top.env0.out_mon_h [OUT_MON] GOT AN OUTPUT!: 803d9d5c0c34
UVM_INFO out_mon.sv(31) @ 30935771: uvm_test_top.env0.out_mon_h [OUT_MON] GOT AN OUTPUT!: c883a562d2f2
UVM_INFO out_mon.sv(31) @ 30940751: uvm_test_top.env0.out_mon_h [OUT_MON] GOT AN OUTPUT!: c27c119438bd
UVM_INFO out_mon.sv(31) @ 30945731: uvm_test_top.env0.out_mon_h [OUT_MON] GOT AN OUTPUT!: fb86f34805f2
UVM_INFO out_mon.sv(31) @ 30950711: uvm_test_top.env0.out_mon_h [OUT_MON] GOT AN OUTPUT!: 44489495da6f
UVM_INFO out_mon.sv(31) @ 30955691: uvm_test_top.env0.out_mon_h [OUT_MON] GOT AN OUTPUT!: 3c97eeb79547
UVM_INFO out_mon.sv(31) @ 30960671: uvm_test_top.env0.out_mon_h [OUT_MON] GOT AN OUTPUT!: fa4ffd0aac62
UVM_INFO out_mon.sv(31) @ 30965651: uvm_test_top.env0.out_mon_h [OUT_MON] GOT AN OUTPUT!: 033cf8889b67
UVM_INFO out_mon.sv(31) @ 30970631: uvm_test_top.env0.out_mon_h [OUT_MON] GOT AN OUTPUT!: 91f89b4e2efc
UVM_INFO out_mon.sv(31) @ 30975611: uvm_test_top.env0.out_mon_h [OUT_MON] GOT AN OUTPUT!: ddc69389f65b
UVM_INFO out_mon.sv(31) @ 30980591: uvm_test_top.env0.out_mon_h [OUT_MON] GOT AN OUTPUT!: dd72d9e999bb
UVM_INFO out_mon.sv(31) @ 30985571: uvm_test_top.env0.out_mon_h [OUT_MON] GOT AN OUTPUT!: bd3c515e40ee
UVM_INFO out_mon.sv(31) @ 30990551: uvm_test_top.env0.out_mon_h [OUT_MON] GOT AN OUTPUT!: ffab3bcfea55
UVM_INFO out_mon.sv(31) @ 30995531: uvm_test_top.env0.out_mon_h [OUT_MON] GOT AN OUTPUT!: 01718017d684
UVM_INFO out_mon.sv(31) @ 31000511: uvm_test_top.env0.out_mon_h [OUT_MON] GOT AN OUTPUT!: 584bee59ddae
UVM_INFO out_mon.sv(31) @ 31005491: uvm_test_top.env0.out_mon_h [OUT_MON] GOT AN OUTPUT!: 44e9bc94d4c9
UVM_INFO out_mon.sv(31) @ 31010471: uvm_test_top.env0.out_mon_h [OUT_MON] GOT AN OUTPUT!: 2fc1d801ec9c
UVM_INFO out_mon.sv(31) @ 31015451: uvm_test_top.env0.out_mon_h [OUT_MON] GOT AN OUTPUT!: e8f4f79b1403
UVM_INFO out_mon.sv(31) @ 31020431: uvm_test_top.env0.out_mon_h [OUT_MON] GOT AN OUTPUT!: 23367ae057e7
UVM_INFO out_mon.sv(31) @ 31025411: uvm_test_top.env0.out_mon_h [OUT_MON] GOT AN OUTPUT!: 61a008b4362b
UVM_INFO out_mon.sv(31) @ 31030391: uvm_test_top.env0.out_mon_h [OUT_MON] GOT AN OUTPUT!: 50997ae71691
UVM_INFO out_mon.sv(31) @ 31035371: uvm_test_top.env0.out_mon_h [OUT_MON] GOT AN OUTPUT!: 41b664c99491
UVM_INFO out_mon.sv(31) @ 31040351: uvm_test_top.env0.out_mon_h [OUT_MON] GOT AN OUTPUT!: 429430dde8c3
UVM_INFO out_mon.sv(31) @ 31045331: uvm_test_top.env0.out_mon_h [OUT_MON] GOT AN OUTPUT!: 06c31480493f
UVM_INFO out_mon.sv(31) @ 31050311: uvm_test_top.env0.out_mon_h [OUT_MON] GOT AN OUTPUT!: 9c95091e4770
UVM_INFO out_mon.sv(31) @ 31055291: uvm_test_top.env0.out_mon_h [OUT_MON] GOT AN OUTPUT!: a5107f5530d0
UVM_INFO out_mon.sv(31) @ 31060271: uvm_test_top.env0.out_mon_h [OUT_MON] GOT AN OUTPUT!: 86c61f0f7016
UVM_INFO out_mon.sv(31) @ 31065251: uvm_test_top.env0.out_mon_h [OUT_MON] GOT AN OUTPUT!: d3ae2578eb00
UVM_INFO out_mon.sv(31) @ 31070231: uvm_test_top.env0.out_mon_h [OUT_MON] GOT AN OUTPUT!: da13d9625f9e
UVM_INFO out_mon.sv(31) @ 31075211: uvm_test_top.env0.out_mon_h [OUT_MON] GOT AN OUTPUT!: 1866dc6bcf98
UVM_INFO out_mon.sv(31) @ 31080191: uvm_test_top.env0.out_mon_h [OUT_MON] GOT AN OUTPUT!: 0c2bf00dd0d0
UVM_INFO out_mon.sv(31) @ 31085171: uvm_test_top.env0.out_mon_h [OUT_MON] GOT AN OUTPUT!: 93c7a959fb00
UVM_INFO out_mon.sv(31) @ 31090151: uvm_test_top.env0.out_mon_h [OUT_MON] GOT AN OUTPUT!: db74a30a3e4a
UVM_INFO out_mon.sv(31) @ 31095131: uvm_test_top.env0.out_mon_h [OUT_MON] GOT AN OUTPUT!: 8d18d5374928
UVM_INFO out_mon.sv(31) @ 31100111: uvm_test_top.env0.out_mon_h [OUT_MON] GOT AN OUTPUT!: bb218dcde787
UVM_INFO out_mon.sv(31) @ 31105091: uvm_test_top.env0.out_mon_h [OUT_MON] GOT AN OUTPUT!: be68499b58ff
UVM_INFO out_mon.sv(31) @ 31110071: uvm_test_top.env0.out_mon_h [OUT_MON] GOT AN OUTPUT!: ff1ad388c5db
UVM_INFO out_mon.sv(31) @ 31115051: uvm_test_top.env0.out_mon_h [OUT_MON] GOT AN OUTPUT!: 6085d45d8432
UVM_INFO out_mon.sv(31) @ 31120031: uvm_test_top.env0.out_mon_h [OUT_MON] GOT AN OUTPUT!: c80b232093de
UVM_INFO out_mon.sv(31) @ 31125011: uvm_test_top.env0.out_mon_h [OUT_MON] GOT AN OUTPUT!: f6f76bf0e66d
UVM_INFO out_mon.sv(31) @ 31129991: uvm_test_top.env0.out_mon_h [OUT_MON] GOT AN OUTPUT!: af603fecd14d
UVM_INFO out_mon.sv(31) @ 31134971: uvm_test_top.env0.out_mon_h [OUT_MON] GOT AN OUTPUT!: dc0d01805ccf
UVM_INFO out_mon.sv(31) @ 31139951: uvm_test_top.env0.out_mon_h [OUT_MON] GOT AN OUTPUT!: 33498432b6c8
UVM_INFO out_mon.sv(31) @ 31144931: uvm_test_top.env0.out_mon_h [OUT_MON] GOT AN OUTPUT!: 8cd10bca85cd
UVM_INFO out_mon.sv(31) @ 31149911: uvm_test_top.env0.out_mon_h [OUT_MON] GOT AN OUTPUT!: e2ad35614468
UVM_INFO out_mon.sv(31) @ 31154891: uvm_test_top.env0.out_mon_h [OUT_MON] GOT AN OUTPUT!: b50e49bdb747
UVM_INFO out_mon.sv(31) @ 31159871: uvm_test_top.env0.out_mon_h [OUT_MON] GOT AN OUTPUT!: 4938ea0d33b4
UVM_INFO out_mon.sv(31) @ 31164851: uvm_test_top.env0.out_mon_h [OUT_MON] GOT AN OUTPUT!: fb54f1d411ed
UVM_INFO out_mon.sv(31) @ 31169831: uvm_test_top.env0.out_mon_h [OUT_MON] GOT AN OUTPUT!: 9b58f5acfed3
UVM_INFO out_mon.sv(31) @ 31174811: uvm_test_top.env0.out_mon_h [OUT_MON] GOT AN OUTPUT!: 8ceccb2f6cc8
UVM_INFO out_mon.sv(31) @ 31179791: uvm_test_top.env0.out_mon_h [OUT_MON] GOT AN OUTPUT!: 223a1c14e490
UVM_INFO out_mon.sv(31) @ 31184771: uvm_test_top.env0.out_mon_h [OUT_MON] GOT AN OUTPUT!: 69e356756b0a
UVM_INFO out_mon.sv(31) @ 31189751: uvm_test_top.env0.out_mon_h [OUT_MON] GOT AN OUTPUT!: 67ca7cb2e00d
UVM_INFO out_mon.sv(31) @ 31194731: uvm_test_top.env0.out_mon_h [OUT_MON] GOT AN OUTPUT!: 7104a26b65ee
UVM_INFO out_mon.sv(31) @ 31199711: uvm_test_top.env0.out_mon_h [OUT_MON] GOT AN OUTPUT!: 22b1ee8aaeb3
UVM_INFO out_mon.sv(31) @ 31204691: uvm_test_top.env0.out_mon_h [OUT_MON] GOT AN OUTPUT!: 2bdcd65275ce
UVM_INFO out_mon.sv(31) @ 31209671: uvm_test_top.env0.out_mon_h [OUT_MON] GOT AN OUTPUT!: e25fbff1c845
UVM_INFO out_mon.sv(31) @ 31214651: uvm_test_top.env0.out_mon_h [OUT_MON] GOT AN OUTPUT!: 5ab814037938
UVM_INFO out_mon.sv(31) @ 31219631: uvm_test_top.env0.out_mon_h [OUT_MON] GOT AN OUTPUT!: 7afb260b6ea2
UVM_INFO out_mon.sv(31) @ 31224611: uvm_test_top.env0.out_mon_h [OUT_MON] GOT AN OUTPUT!: 40a1cecb0c2d
UVM_INFO out_mon.sv(31) @ 31229591: uvm_test_top.env0.out_mon_h [OUT_MON] GOT AN OUTPUT!: 317538049812
UVM_INFO out_mon.sv(31) @ 31234571: uvm_test_top.env0.out_mon_h [OUT_MON] GOT AN OUTPUT!: af6617058f50
UVM_INFO out_mon.sv(31) @ 31239551: uvm_test_top.env0.out_mon_h [OUT_MON] GOT AN OUTPUT!: a776c11004b8
UVM_INFO out_mon.sv(31) @ 31244531: uvm_test_top.env0.out_mon_h [OUT_MON] GOT AN OUTPUT!: d391197b1426
UVM_INFO out_mon.sv(31) @ 31249511: uvm_test_top.env0.out_mon_h [OUT_MON] GOT AN OUTPUT!: 876fdb223104
UVM_INFO out_mon.sv(31) @ 31254491: uvm_test_top.env0.out_mon_h [OUT_MON] GOT AN OUTPUT!: c06e3f7b8140
UVM_INFO out_mon.sv(31) @ 31259471: uvm_test_top.env0.out_mon_h [OUT_MON] GOT AN OUTPUT!: f0868f6d54ac
UVM_INFO out_mon.sv(31) @ 31264451: uvm_test_top.env0.out_mon_h [OUT_MON] GOT AN OUTPUT!: bc0c29ba6c63
UVM_INFO out_mon.sv(31) @ 31269431: uvm_test_top.env0.out_mon_h [OUT_MON] GOT AN OUTPUT!: a2ab699d6d23
UVM_INFO out_mon.sv(31) @ 31274411: uvm_test_top.env0.out_mon_h [OUT_MON] GOT AN OUTPUT!: 4b340aeb3481
UVM_INFO out_mon.sv(31) @ 31279391: uvm_test_top.env0.out_mon_h [OUT_MON] GOT AN OUTPUT!: ea883fd439fb
UVM_INFO out_mon.sv(31) @ 31284371: uvm_test_top.env0.out_mon_h [OUT_MON] GOT AN OUTPUT!: fd72811cf2b4
UVM_INFO out_mon.sv(31) @ 31289351: uvm_test_top.env0.out_mon_h [OUT_MON] GOT AN OUTPUT!: 4d8b24653340
UVM_INFO out_mon.sv(31) @ 31294331: uvm_test_top.env0.out_mon_h [OUT_MON] GOT AN OUTPUT!: f91389d684e5
UVM_INFO out_mon.sv(31) @ 31299311: uvm_test_top.env0.out_mon_h [OUT_MON] GOT AN OUTPUT!: f5dcbb51952a
UVM_INFO out_mon.sv(31) @ 31304291: uvm_test_top.env0.out_mon_h [OUT_MON] GOT AN OUTPUT!: 472294f28671
UVM_INFO out_mon.sv(31) @ 31309271: uvm_test_top.env0.out_mon_h [OUT_MON] GOT AN OUTPUT!: de6ce1845e31
UVM_INFO out_mon.sv(31) @ 31314251: uvm_test_top.env0.out_mon_h [OUT_MON] GOT AN OUTPUT!: df6d6d3b546a
UVM_INFO out_mon.sv(31) @ 31319231: uvm_test_top.env0.out_mon_h [OUT_MON] GOT AN OUTPUT!: bee5efce49f1
UVM_INFO out_mon.sv(31) @ 31324211: uvm_test_top.env0.out_mon_h [OUT_MON] GOT AN OUTPUT!: 747ffac70abb
UVM_INFO out_mon.sv(31) @ 31329191: uvm_test_top.env0.out_mon_h [OUT_MON] GOT AN OUTPUT!: b7b27ba1d0e1
UVM_INFO out_mon.sv(31) @ 31334171: uvm_test_top.env0.out_mon_h [OUT_MON] GOT AN OUTPUT!: ffa26f1384e8
UVM_INFO out_mon.sv(31) @ 31339151: uvm_test_top.env0.out_mon_h [OUT_MON] GOT AN OUTPUT!: be00e98f3241
UVM_INFO out_mon.sv(31) @ 31344131: uvm_test_top.env0.out_mon_h [OUT_MON] GOT AN OUTPUT!: 0ce512e25e95
UVM_INFO out_mon.sv(31) @ 31349111: uvm_test_top.env0.out_mon_h [OUT_MON] GOT AN OUTPUT!: c7bba5806b4f
UVM_INFO out_mon.sv(31) @ 31354091: uvm_test_top.env0.out_mon_h [OUT_MON] GOT AN OUTPUT!: c7121fd4f39f
UVM_INFO out_mon.sv(31) @ 31359071: uvm_test_top.env0.out_mon_h [OUT_MON] GOT AN OUTPUT!: b78e5fb53429
UVM_INFO out_mon.sv(31) @ 31364051: uvm_test_top.env0.out_mon_h [OUT_MON] GOT AN OUTPUT!: c3b7f5c860e9
UVM_INFO out_mon.sv(31) @ 31369031: uvm_test_top.env0.out_mon_h [OUT_MON] GOT AN OUTPUT!: 08e6207f0a5e
UVM_INFO out_mon.sv(31) @ 31374011: uvm_test_top.env0.out_mon_h [OUT_MON] GOT AN OUTPUT!: 8f1f0bf180a9
UVM_INFO out_mon.sv(31) @ 31378991: uvm_test_top.env0.out_mon_h [OUT_MON] GOT AN OUTPUT!: 3bef90bd2ca1
UVM_INFO out_mon.sv(31) @ 31383971: uvm_test_top.env0.out_mon_h [OUT_MON] GOT AN OUTPUT!: f854d9b8f063
UVM_INFO out_mon.sv(31) @ 31388951: uvm_test_top.env0.out_mon_h [OUT_MON] GOT AN OUTPUT!: 01944a189294
UVM_INFO out_mon.sv(31) @ 31393931: uvm_test_top.env0.out_mon_h [OUT_MON] GOT AN OUTPUT!: 1d244c570c46
UVM_INFO out_mon.sv(31) @ 31398911: uvm_test_top.env0.out_mon_h [OUT_MON] GOT AN OUTPUT!: 278388fffb2d
UVM_INFO out_mon.sv(31) @ 31403891: uvm_test_top.env0.out_mon_h [OUT_MON] GOT AN OUTPUT!: 361dc82ff132
UVM_INFO out_mon.sv(31) @ 31408871: uvm_test_top.env0.out_mon_h [OUT_MON] GOT AN OUTPUT!: 44261463e1a6
UVM_INFO out_mon.sv(31) @ 31413851: uvm_test_top.env0.out_mon_h [OUT_MON] GOT AN OUTPUT!: 228672ef780b
UVM_INFO out_mon.sv(31) @ 31418831: uvm_test_top.env0.out_mon_h [OUT_MON] GOT AN OUTPUT!: 22aac2328068
UVM_INFO out_mon.sv(31) @ 31423811: uvm_test_top.env0.out_mon_h [OUT_MON] GOT AN OUTPUT!: b46fb96540a6
UVM_INFO out_mon.sv(31) @ 31428791: uvm_test_top.env0.out_mon_h [OUT_MON] GOT AN OUTPUT!: eefa5593d6fb
UVM_INFO out_mon.sv(31) @ 31433771: uvm_test_top.env0.out_mon_h [OUT_MON] GOT AN OUTPUT!: bca3cd20a3f4
UVM_INFO out_mon.sv(31) @ 31438751: uvm_test_top.env0.out_mon_h [OUT_MON] GOT AN OUTPUT!: 21c52ce59f65
UVM_INFO out_mon.sv(31) @ 31443731: uvm_test_top.env0.out_mon_h [OUT_MON] GOT AN OUTPUT!: d6ad0fccbeb1
UVM_INFO out_mon.sv(31) @ 31448711: uvm_test_top.env0.out_mon_h [OUT_MON] GOT AN OUTPUT!: 2c727c7754f8
UVM_INFO out_mon.sv(31) @ 31453691: uvm_test_top.env0.out_mon_h [OUT_MON] GOT AN OUTPUT!: f4da194c6d4e
UVM_INFO out_mon.sv(31) @ 31458671: uvm_test_top.env0.out_mon_h [OUT_MON] GOT AN OUTPUT!: e532890633fe
UVM_INFO out_mon.sv(31) @ 31463651: uvm_test_top.env0.out_mon_h [OUT_MON] GOT AN OUTPUT!: ac3773964b43
UVM_INFO out_mon.sv(31) @ 31468631: uvm_test_top.env0.out_mon_h [OUT_MON] GOT AN OUTPUT!: b2eca1f93741
UVM_INFO out_mon.sv(31) @ 31473611: uvm_test_top.env0.out_mon_h [OUT_MON] GOT AN OUTPUT!: 408d8a50b58c
UVM_INFO out_mon.sv(31) @ 31478591: uvm_test_top.env0.out_mon_h [OUT_MON] GOT AN OUTPUT!: 7953365d1ff2
UVM_INFO out_mon.sv(31) @ 31483571: uvm_test_top.env0.out_mon_h [OUT_MON] GOT AN OUTPUT!: 70690c2dc78a
UVM_INFO out_mon.sv(31) @ 31488551: uvm_test_top.env0.out_mon_h [OUT_MON] GOT AN OUTPUT!: 44cbfca063c9
UVM_INFO out_mon.sv(31) @ 31493531: uvm_test_top.env0.out_mon_h [OUT_MON] GOT AN OUTPUT!: 011934075cf2
UVM_INFO out_mon.sv(31) @ 31498511: uvm_test_top.env0.out_mon_h [OUT_MON] GOT AN OUTPUT!: b6854b0f40f6
UVM_INFO out_mon.sv(31) @ 31503491: uvm_test_top.env0.out_mon_h [OUT_MON] GOT AN OUTPUT!: 0aa920bb1313
UVM_INFO out_mon.sv(31) @ 31508471: uvm_test_top.env0.out_mon_h [OUT_MON] GOT AN OUTPUT!: 306bb60fb4ca
UVM_INFO out_mon.sv(31) @ 31513451: uvm_test_top.env0.out_mon_h [OUT_MON] GOT AN OUTPUT!: 03e2d8c64323
UVM_INFO out_mon.sv(31) @ 31518431: uvm_test_top.env0.out_mon_h [OUT_MON] GOT AN OUTPUT!: c12a1d1d7992
UVM_INFO out_mon.sv(31) @ 31523411: uvm_test_top.env0.out_mon_h [OUT_MON] GOT AN OUTPUT!: 8e5207a20cc7
UVM_INFO out_mon.sv(31) @ 31528391: uvm_test_top.env0.out_mon_h [OUT_MON] GOT AN OUTPUT!: d02e1b860d9f
UVM_INFO out_mon.sv(31) @ 31533371: uvm_test_top.env0.out_mon_h [OUT_MON] GOT AN OUTPUT!: 024410df4995
UVM_INFO out_mon.sv(31) @ 31538351: uvm_test_top.env0.out_mon_h [OUT_MON] GOT AN OUTPUT!: 89a425e4aaef
UVM_INFO out_mon.sv(31) @ 31543331: uvm_test_top.env0.out_mon_h [OUT_MON] GOT AN OUTPUT!: bac68d0295ca
UVM_INFO out_mon.sv(31) @ 31548311: uvm_test_top.env0.out_mon_h [OUT_MON] GOT AN OUTPUT!: 0a76305e4c78
UVM_INFO out_mon.sv(31) @ 31553291: uvm_test_top.env0.out_mon_h [OUT_MON] GOT AN OUTPUT!: 21a2d8204ddc
UVM_INFO out_mon.sv(31) @ 31558271: uvm_test_top.env0.out_mon_h [OUT_MON] GOT AN OUTPUT!: 4c513e9db17d
UVM_INFO out_mon.sv(31) @ 31563251: uvm_test_top.env0.out_mon_h [OUT_MON] GOT AN OUTPUT!: 7b66aa388c3a
UVM_INFO out_mon.sv(31) @ 31568231: uvm_test_top.env0.out_mon_h [OUT_MON] GOT AN OUTPUT!: d19fa18f52f5
UVM_INFO out_mon.sv(31) @ 31573211: uvm_test_top.env0.out_mon_h [OUT_MON] GOT AN OUTPUT!: 735d7a5331d8
UVM_INFO out_mon.sv(31) @ 31578191: uvm_test_top.env0.out_mon_h [OUT_MON] GOT AN OUTPUT!: 118f4edd6e75
UVM_INFO out_mon.sv(31) @ 31583171: uvm_test_top.env0.out_mon_h [OUT_MON] GOT AN OUTPUT!: 67939e5bd5d0
UVM_INFO out_mon.sv(31) @ 31588151: uvm_test_top.env0.out_mon_h [OUT_MON] GOT AN OUTPUT!: a40d1b2c0196
UVM_INFO out_mon.sv(31) @ 31593131: uvm_test_top.env0.out_mon_h [OUT_MON] GOT AN OUTPUT!: 74d1dabdd3c9
UVM_INFO out_mon.sv(31) @ 31598111: uvm_test_top.env0.out_mon_h [OUT_MON] GOT AN OUTPUT!: 2dc14214c448
UVM_INFO out_mon.sv(31) @ 31603091: uvm_test_top.env0.out_mon_h [OUT_MON] GOT AN OUTPUT!: 42a76ac04a5d
UVM_INFO out_mon.sv(31) @ 31608071: uvm_test_top.env0.out_mon_h [OUT_MON] GOT AN OUTPUT!: 0c1af8e33419
UVM_INFO out_mon.sv(31) @ 31613051: uvm_test_top.env0.out_mon_h [OUT_MON] GOT AN OUTPUT!: 8f601fa21439
UVM_INFO out_mon.sv(31) @ 31618031: uvm_test_top.env0.out_mon_h [OUT_MON] GOT AN OUTPUT!: c146771091de
UVM_INFO out_mon.sv(31) @ 31623011: uvm_test_top.env0.out_mon_h [OUT_MON] GOT AN OUTPUT!: 7c09ac75ce28
UVM_INFO out_mon.sv(31) @ 31627991: uvm_test_top.env0.out_mon_h [OUT_MON] GOT AN OUTPUT!: 202e567fd0ae
UVM_INFO out_mon.sv(31) @ 31632971: uvm_test_top.env0.out_mon_h [OUT_MON] GOT AN OUTPUT!: 986abdbdd5cd
UVM_INFO out_mon.sv(31) @ 31637951: uvm_test_top.env0.out_mon_h [OUT_MON] GOT AN OUTPUT!: 387e7a79b4c2
UVM_INFO out_mon.sv(31) @ 31642931: uvm_test_top.env0.out_mon_h [OUT_MON] GOT AN OUTPUT!: af15ddc84231
UVM_INFO out_mon.sv(31) @ 31647911: uvm_test_top.env0.out_mon_h [OUT_MON] GOT AN OUTPUT!: 02a48a68b40e
UVM_INFO out_mon.sv(31) @ 31652891: uvm_test_top.env0.out_mon_h [OUT_MON] GOT AN OUTPUT!: 5151e4caf4f5
UVM_INFO out_mon.sv(31) @ 31657871: uvm_test_top.env0.out_mon_h [OUT_MON] GOT AN OUTPUT!: cbc92b550e2a
UVM_INFO out_mon.sv(31) @ 31662851: uvm_test_top.env0.out_mon_h [OUT_MON] GOT AN OUTPUT!: 232ae6bf864b
UVM_INFO out_mon.sv(31) @ 31667831: uvm_test_top.env0.out_mon_h [OUT_MON] GOT AN OUTPUT!: 61dcf020be72
UVM_INFO out_mon.sv(31) @ 31672811: uvm_test_top.env0.out_mon_h [OUT_MON] GOT AN OUTPUT!: e77049ff5379
UVM_INFO out_mon.sv(31) @ 31677791: uvm_test_top.env0.out_mon_h [OUT_MON] GOT AN OUTPUT!: ff8941837ed9
UVM_INFO out_mon.sv(31) @ 31682771: uvm_test_top.env0.out_mon_h [OUT_MON] GOT AN OUTPUT!: 4bac209f791f
UVM_INFO out_mon.sv(31) @ 31687751: uvm_test_top.env0.out_mon_h [OUT_MON] GOT AN OUTPUT!: f83923c6cf69
UVM_INFO out_mon.sv(31) @ 31692731: uvm_test_top.env0.out_mon_h [OUT_MON] GOT AN OUTPUT!: 742d508cd1eb
UVM_INFO out_mon.sv(31) @ 31697711: uvm_test_top.env0.out_mon_h [OUT_MON] GOT AN OUTPUT!: 24192e41e7e8
UVM_INFO out_mon.sv(31) @ 31702691: uvm_test_top.env0.out_mon_h [OUT_MON] GOT AN OUTPUT!: 47fbae67f808
UVM_INFO out_mon.sv(31) @ 31707671: uvm_test_top.env0.out_mon_h [OUT_MON] GOT AN OUTPUT!: 0c178c95c693
UVM_INFO out_mon.sv(31) @ 31712651: uvm_test_top.env0.out_mon_h [OUT_MON] GOT AN OUTPUT!: 7ce298214cf0
UVM_INFO out_mon.sv(31) @ 31717631: uvm_test_top.env0.out_mon_h [OUT_MON] GOT AN OUTPUT!: d5dc5da92671
UVM_INFO out_mon.sv(31) @ 31722611: uvm_test_top.env0.out_mon_h [OUT_MON] GOT AN OUTPUT!: 63723654e8d6
UVM_INFO out_mon.sv(31) @ 31727591: uvm_test_top.env0.out_mon_h [OUT_MON] GOT AN OUTPUT!: efd853648532
UVM_INFO out_mon.sv(31) @ 31732571: uvm_test_top.env0.out_mon_h [OUT_MON] GOT AN OUTPUT!: 72f4e666a876
UVM_INFO out_mon.sv(31) @ 31737551: uvm_test_top.env0.out_mon_h [OUT_MON] GOT AN OUTPUT!: 7d34dc2e1c10
UVM_INFO out_mon.sv(31) @ 31742531: uvm_test_top.env0.out_mon_h [OUT_MON] GOT AN OUTPUT!: 9575ff5e2968
UVM_INFO out_mon.sv(31) @ 31747511: uvm_test_top.env0.out_mon_h [OUT_MON] GOT AN OUTPUT!: 81dcbb25eaa8
UVM_INFO out_mon.sv(31) @ 31752491: uvm_test_top.env0.out_mon_h [OUT_MON] GOT AN OUTPUT!: 33c07082c2c1
UVM_INFO out_mon.sv(31) @ 31757471: uvm_test_top.env0.out_mon_h [OUT_MON] GOT AN OUTPUT!: ce7f5b21aa4e
UVM_INFO out_mon.sv(31) @ 31762451: uvm_test_top.env0.out_mon_h [OUT_MON] GOT AN OUTPUT!: 016368b7972f
UVM_INFO out_mon.sv(31) @ 31767431: uvm_test_top.env0.out_mon_h [OUT_MON] GOT AN OUTPUT!: ac84c968d7c6
UVM_INFO out_mon.sv(31) @ 31772411: uvm_test_top.env0.out_mon_h [OUT_MON] GOT AN OUTPUT!: 88a687977d55
UVM_INFO out_mon.sv(31) @ 31777391: uvm_test_top.env0.out_mon_h [OUT_MON] GOT AN OUTPUT!: 4a1b8e30aee6
UVM_INFO out_mon.sv(31) @ 31782371: uvm_test_top.env0.out_mon_h [OUT_MON] GOT AN OUTPUT!: 769ac651128a
UVM_INFO out_mon.sv(31) @ 31787351: uvm_test_top.env0.out_mon_h [OUT_MON] GOT AN OUTPUT!: e62f61d82b0b
UVM_INFO out_mon.sv(31) @ 31792331: uvm_test_top.env0.out_mon_h [OUT_MON] GOT AN OUTPUT!: a70aa342b5cc
UVM_INFO out_mon.sv(31) @ 31797311: uvm_test_top.env0.out_mon_h [OUT_MON] GOT AN OUTPUT!: bc6af3e408ed
UVM_INFO out_mon.sv(31) @ 31802291: uvm_test_top.env0.out_mon_h [OUT_MON] GOT AN OUTPUT!: f07fa1567e08
UVM_INFO out_mon.sv(31) @ 31807271: uvm_test_top.env0.out_mon_h [OUT_MON] GOT AN OUTPUT!: b13cb5bac7b5
UVM_INFO out_mon.sv(31) @ 31812251: uvm_test_top.env0.out_mon_h [OUT_MON] GOT AN OUTPUT!: b046cf1e4c82
UVM_INFO out_mon.sv(31) @ 31817231: uvm_test_top.env0.out_mon_h [OUT_MON] GOT AN OUTPUT!: bdcff3209cda
UVM_INFO out_mon.sv(31) @ 31822211: uvm_test_top.env0.out_mon_h [OUT_MON] GOT AN OUTPUT!: 166f4aafbb85
UVM_INFO out_mon.sv(31) @ 31827191: uvm_test_top.env0.out_mon_h [OUT_MON] GOT AN OUTPUT!: 1c0d167387ba
UVM_INFO out_mon.sv(31) @ 31832171: uvm_test_top.env0.out_mon_h [OUT_MON] GOT AN OUTPUT!: 31bf72402322
UVM_INFO out_mon.sv(31) @ 31837151: uvm_test_top.env0.out_mon_h [OUT_MON] GOT AN OUTPUT!: 32a566a74569
UVM_INFO out_mon.sv(31) @ 31842131: uvm_test_top.env0.out_mon_h [OUT_MON] GOT AN OUTPUT!: bbc8d780a529
UVM_INFO out_mon.sv(31) @ 31847111: uvm_test_top.env0.out_mon_h [OUT_MON] GOT AN OUTPUT!: 41002a0150a2
UVM_INFO out_mon.sv(31) @ 31852091: uvm_test_top.env0.out_mon_h [OUT_MON] GOT AN OUTPUT!: a4d27bba1919
UVM_INFO out_mon.sv(31) @ 31857071: uvm_test_top.env0.out_mon_h [OUT_MON] GOT AN OUTPUT!: cb4c7594e567
UVM_INFO out_mon.sv(31) @ 31862051: uvm_test_top.env0.out_mon_h [OUT_MON] GOT AN OUTPUT!: 5fec82a91c47
UVM_INFO out_mon.sv(31) @ 31867031: uvm_test_top.env0.out_mon_h [OUT_MON] GOT AN OUTPUT!: c6767f7f0136
UVM_INFO out_mon.sv(31) @ 31872011: uvm_test_top.env0.out_mon_h [OUT_MON] GOT AN OUTPUT!: eee1eb1a0de2
UVM_INFO out_mon.sv(31) @ 31876991: uvm_test_top.env0.out_mon_h [OUT_MON] GOT AN OUTPUT!: 842adfe25c55
UVM_INFO out_mon.sv(31) @ 31881971: uvm_test_top.env0.out_mon_h [OUT_MON] GOT AN OUTPUT!: ae3c6145041e
UVM_INFO out_mon.sv(31) @ 31886951: uvm_test_top.env0.out_mon_h [OUT_MON] GOT AN OUTPUT!: 5ed17ca37623
UVM_INFO out_mon.sv(31) @ 31891931: uvm_test_top.env0.out_mon_h [OUT_MON] GOT AN OUTPUT!: e14bc3e9e135
UVM_INFO out_mon.sv(31) @ 31896911: uvm_test_top.env0.out_mon_h [OUT_MON] GOT AN OUTPUT!: 259998e48bf3
UVM_INFO out_mon.sv(31) @ 31901891: uvm_test_top.env0.out_mon_h [OUT_MON] GOT AN OUTPUT!: fe167f2c3a76
UVM_INFO out_mon.sv(31) @ 31906871: uvm_test_top.env0.out_mon_h [OUT_MON] GOT AN OUTPUT!: 486db6419564
UVM_INFO out_mon.sv(31) @ 31911851: uvm_test_top.env0.out_mon_h [OUT_MON] GOT AN OUTPUT!: b96f4b2f731a
UVM_INFO out_mon.sv(31) @ 31916831: uvm_test_top.env0.out_mon_h [OUT_MON] GOT AN OUTPUT!: c3fbd1cc50a3
UVM_INFO out_mon.sv(31) @ 31921811: uvm_test_top.env0.out_mon_h [OUT_MON] GOT AN OUTPUT!: d2dc5d72a01e
UVM_INFO out_mon.sv(31) @ 31926791: uvm_test_top.env0.out_mon_h [OUT_MON] GOT AN OUTPUT!: cdada1c838a3
UVM_INFO out_mon.sv(31) @ 31931771: uvm_test_top.env0.out_mon_h [OUT_MON] GOT AN OUTPUT!: a0afbfeca5d1
UVM_INFO out_mon.sv(31) @ 31936751: uvm_test_top.env0.out_mon_h [OUT_MON] GOT AN OUTPUT!: 3fb058268cb2
UVM_INFO out_mon.sv(31) @ 31941731: uvm_test_top.env0.out_mon_h [OUT_MON] GOT AN OUTPUT!: 5befc6e8174f
UVM_INFO out_mon.sv(31) @ 31946711: uvm_test_top.env0.out_mon_h [OUT_MON] GOT AN OUTPUT!: c4eea5c2446b
UVM_INFO out_mon.sv(31) @ 31951691: uvm_test_top.env0.out_mon_h [OUT_MON] GOT AN OUTPUT!: 2c685a9f55a9
UVM_INFO out_mon.sv(31) @ 31956671: uvm_test_top.env0.out_mon_h [OUT_MON] GOT AN OUTPUT!: c5195b5c1e7e
UVM_INFO out_mon.sv(31) @ 31961651: uvm_test_top.env0.out_mon_h [OUT_MON] GOT AN OUTPUT!: f4ab0f987be7
UVM_INFO out_mon.sv(31) @ 31966631: uvm_test_top.env0.out_mon_h [OUT_MON] GOT AN OUTPUT!: 109490569640
UVM_INFO out_mon.sv(31) @ 31971611: uvm_test_top.env0.out_mon_h [OUT_MON] GOT AN OUTPUT!: ddffc1c164a7
UVM_INFO out_mon.sv(31) @ 31976591: uvm_test_top.env0.out_mon_h [OUT_MON] GOT AN OUTPUT!: 4c928c31e980
UVM_INFO out_mon.sv(31) @ 31981571: uvm_test_top.env0.out_mon_h [OUT_MON] GOT AN OUTPUT!: a470b14bad88
UVM_INFO out_mon.sv(31) @ 31986551: uvm_test_top.env0.out_mon_h [OUT_MON] GOT AN OUTPUT!: 1eff68c81197
UVM_INFO out_mon.sv(31) @ 31991531: uvm_test_top.env0.out_mon_h [OUT_MON] GOT AN OUTPUT!: a2cecf48b21c
UVM_INFO out_mon.sv(31) @ 31996511: uvm_test_top.env0.out_mon_h [OUT_MON] GOT AN OUTPUT!: 1a81a448ca2e
UVM_INFO out_mon.sv(31) @ 32001491: uvm_test_top.env0.out_mon_h [OUT_MON] GOT AN OUTPUT!: 9ea241058f9c
UVM_INFO out_mon.sv(31) @ 32006471: uvm_test_top.env0.out_mon_h [OUT_MON] GOT AN OUTPUT!: 6a89a0f593ab
UVM_INFO out_mon.sv(31) @ 32011451: uvm_test_top.env0.out_mon_h [OUT_MON] GOT AN OUTPUT!: 5438bc272010
UVM_INFO out_mon.sv(31) @ 32016431: uvm_test_top.env0.out_mon_h [OUT_MON] GOT AN OUTPUT!: 3f43449da2c7
UVM_INFO out_mon.sv(31) @ 32021411: uvm_test_top.env0.out_mon_h [OUT_MON] GOT AN OUTPUT!: c29ecf86012d
UVM_INFO out_mon.sv(31) @ 32026391: uvm_test_top.env0.out_mon_h [OUT_MON] GOT AN OUTPUT!: f998abd9fa37
UVM_INFO out_mon.sv(31) @ 32031371: uvm_test_top.env0.out_mon_h [OUT_MON] GOT AN OUTPUT!: 37a0aeca8c91
UVM_INFO out_mon.sv(31) @ 32036351: uvm_test_top.env0.out_mon_h [OUT_MON] GOT AN OUTPUT!: 17363c0952f6
UVM_INFO out_mon.sv(31) @ 32041331: uvm_test_top.env0.out_mon_h [OUT_MON] GOT AN OUTPUT!: 1bc6a0c8e0a9
UVM_INFO out_mon.sv(31) @ 32046311: uvm_test_top.env0.out_mon_h [OUT_MON] GOT AN OUTPUT!: de89ed0c290a
UVM_INFO out_mon.sv(31) @ 32051291: uvm_test_top.env0.out_mon_h [OUT_MON] GOT AN OUTPUT!: 7e609e9cd8e5
UVM_INFO out_mon.sv(31) @ 32056271: uvm_test_top.env0.out_mon_h [OUT_MON] GOT AN OUTPUT!: cabd29c0b85b
UVM_INFO out_mon.sv(31) @ 32061251: uvm_test_top.env0.out_mon_h [OUT_MON] GOT AN OUTPUT!: 617a46860f81
UVM_INFO out_mon.sv(31) @ 32066231: uvm_test_top.env0.out_mon_h [OUT_MON] GOT AN OUTPUT!: b7be0f3efe7e
UVM_INFO out_mon.sv(31) @ 32071211: uvm_test_top.env0.out_mon_h [OUT_MON] GOT AN OUTPUT!: c5dda983e295
UVM_INFO out_mon.sv(31) @ 32076191: uvm_test_top.env0.out_mon_h [OUT_MON] GOT AN OUTPUT!: ce367dd4b5f3
UVM_INFO out_mon.sv(31) @ 32081171: uvm_test_top.env0.out_mon_h [OUT_MON] GOT AN OUTPUT!: 771920b16da3
UVM_INFO out_mon.sv(31) @ 32086151: uvm_test_top.env0.out_mon_h [OUT_MON] GOT AN OUTPUT!: 2f96b2c15ad3
UVM_INFO out_mon.sv(31) @ 32091131: uvm_test_top.env0.out_mon_h [OUT_MON] GOT AN OUTPUT!: 9775b5618c5e
UVM_INFO out_mon.sv(31) @ 32096111: uvm_test_top.env0.out_mon_h [OUT_MON] GOT AN OUTPUT!: 6204deb22a5d
UVM_INFO out_mon.sv(31) @ 32101091: uvm_test_top.env0.out_mon_h [OUT_MON] GOT AN OUTPUT!: ec0131fadadf
UVM_INFO out_mon.sv(31) @ 32106071: uvm_test_top.env0.out_mon_h [OUT_MON] GOT AN OUTPUT!: 7c7082fe1e61
UVM_INFO out_mon.sv(31) @ 32111051: uvm_test_top.env0.out_mon_h [OUT_MON] GOT AN OUTPUT!: e8867f93b503
UVM_INFO out_mon.sv(31) @ 32116031: uvm_test_top.env0.out_mon_h [OUT_MON] GOT AN OUTPUT!: 1285eca1f501
UVM_INFO out_mon.sv(31) @ 32121011: uvm_test_top.env0.out_mon_h [OUT_MON] GOT AN OUTPUT!: 7b945c4e3624
UVM_INFO out_mon.sv(31) @ 32125991: uvm_test_top.env0.out_mon_h [OUT_MON] GOT AN OUTPUT!: e0afabfc28b3
UVM_INFO out_mon.sv(31) @ 32130971: uvm_test_top.env0.out_mon_h [OUT_MON] GOT AN OUTPUT!: 9a7409743df4
UVM_INFO out_mon.sv(31) @ 32135951: uvm_test_top.env0.out_mon_h [OUT_MON] GOT AN OUTPUT!: 38196048f618
UVM_INFO out_mon.sv(31) @ 32140931: uvm_test_top.env0.out_mon_h [OUT_MON] GOT AN OUTPUT!: 8d330153609c
UVM_INFO out_mon.sv(31) @ 32145911: uvm_test_top.env0.out_mon_h [OUT_MON] GOT AN OUTPUT!: 2aaea8de5a7b
UVM_INFO out_mon.sv(31) @ 32150891: uvm_test_top.env0.out_mon_h [OUT_MON] GOT AN OUTPUT!: fa9c5dd903e7
UVM_INFO out_mon.sv(31) @ 32155871: uvm_test_top.env0.out_mon_h [OUT_MON] GOT AN OUTPUT!: 771e94281194
UVM_INFO out_mon.sv(31) @ 32160851: uvm_test_top.env0.out_mon_h [OUT_MON] GOT AN OUTPUT!: b43df3ee3aaf
UVM_INFO out_mon.sv(31) @ 32165831: uvm_test_top.env0.out_mon_h [OUT_MON] GOT AN OUTPUT!: 34d37863946a
UVM_INFO out_mon.sv(31) @ 32170811: uvm_test_top.env0.out_mon_h [OUT_MON] GOT AN OUTPUT!: 4260c293e93f
UVM_INFO out_mon.sv(31) @ 32175791: uvm_test_top.env0.out_mon_h [OUT_MON] GOT AN OUTPUT!: 3ff6641c20e4
UVM_INFO out_mon.sv(31) @ 32180771: uvm_test_top.env0.out_mon_h [OUT_MON] GOT AN OUTPUT!: 3013dabea4e1
UVM_INFO out_mon.sv(31) @ 32185751: uvm_test_top.env0.out_mon_h [OUT_MON] GOT AN OUTPUT!: 65793266b2e8
UVM_INFO out_mon.sv(31) @ 32190731: uvm_test_top.env0.out_mon_h [OUT_MON] GOT AN OUTPUT!: 171e3ef2cc5d
UVM_INFO out_mon.sv(31) @ 32195711: uvm_test_top.env0.out_mon_h [OUT_MON] GOT AN OUTPUT!: 4f036ede099d
UVM_INFO out_mon.sv(31) @ 32200691: uvm_test_top.env0.out_mon_h [OUT_MON] GOT AN OUTPUT!: 6c13e8a07c8f
UVM_INFO out_mon.sv(31) @ 32205671: uvm_test_top.env0.out_mon_h [OUT_MON] GOT AN OUTPUT!: 2f03f85e9aaa
UVM_INFO out_mon.sv(31) @ 32210651: uvm_test_top.env0.out_mon_h [OUT_MON] GOT AN OUTPUT!: 0a39863f91d4
UVM_INFO out_mon.sv(31) @ 32215631: uvm_test_top.env0.out_mon_h [OUT_MON] GOT AN OUTPUT!: 2ca2ba82a703
UVM_INFO out_mon.sv(31) @ 32220611: uvm_test_top.env0.out_mon_h [OUT_MON] GOT AN OUTPUT!: 7f9df82ba290
UVM_INFO out_mon.sv(31) @ 32225591: uvm_test_top.env0.out_mon_h [OUT_MON] GOT AN OUTPUT!: 8fcf47de2829
UVM_INFO out_mon.sv(31) @ 32230571: uvm_test_top.env0.out_mon_h [OUT_MON] GOT AN OUTPUT!: 190c48401270
UVM_INFO out_mon.sv(31) @ 32235551: uvm_test_top.env0.out_mon_h [OUT_MON] GOT AN OUTPUT!: ad34b9fada69
UVM_INFO out_mon.sv(31) @ 32240531: uvm_test_top.env0.out_mon_h [OUT_MON] GOT AN OUTPUT!: ae120733f9b4
UVM_INFO out_mon.sv(31) @ 32245511: uvm_test_top.env0.out_mon_h [OUT_MON] GOT AN OUTPUT!: 923ead143dfa
UVM_INFO out_mon.sv(31) @ 32250491: uvm_test_top.env0.out_mon_h [OUT_MON] GOT AN OUTPUT!: 2cfdd6b6352b
UVM_INFO out_mon.sv(31) @ 32255471: uvm_test_top.env0.out_mon_h [OUT_MON] GOT AN OUTPUT!: 7118aa938683
UVM_INFO out_mon.sv(31) @ 32260451: uvm_test_top.env0.out_mon_h [OUT_MON] GOT AN OUTPUT!: e6d30d495f22
UVM_INFO out_mon.sv(31) @ 32265431: uvm_test_top.env0.out_mon_h [OUT_MON] GOT AN OUTPUT!: ccb0db4bb802
UVM_INFO out_mon.sv(31) @ 32270411: uvm_test_top.env0.out_mon_h [OUT_MON] GOT AN OUTPUT!: 9b6731dfd4f9
UVM_INFO out_mon.sv(31) @ 32275391: uvm_test_top.env0.out_mon_h [OUT_MON] GOT AN OUTPUT!: 64b05e758b80
UVM_INFO out_mon.sv(31) @ 32280371: uvm_test_top.env0.out_mon_h [OUT_MON] GOT AN OUTPUT!: 453f3e37b298
UVM_INFO out_mon.sv(31) @ 32285351: uvm_test_top.env0.out_mon_h [OUT_MON] GOT AN OUTPUT!: e187196b7b92
UVM_INFO out_mon.sv(31) @ 32290331: uvm_test_top.env0.out_mon_h [OUT_MON] GOT AN OUTPUT!: a5aa73f6d279
UVM_INFO out_mon.sv(31) @ 32295311: uvm_test_top.env0.out_mon_h [OUT_MON] GOT AN OUTPUT!: 405c5825c41e
UVM_INFO out_mon.sv(31) @ 32300291: uvm_test_top.env0.out_mon_h [OUT_MON] GOT AN OUTPUT!: 90b79f86d489
UVM_INFO out_mon.sv(31) @ 32305271: uvm_test_top.env0.out_mon_h [OUT_MON] GOT AN OUTPUT!: ff1f1776645a
UVM_INFO out_mon.sv(31) @ 32310251: uvm_test_top.env0.out_mon_h [OUT_MON] GOT AN OUTPUT!: f92d9bb11383
UVM_INFO out_mon.sv(31) @ 32315231: uvm_test_top.env0.out_mon_h [OUT_MON] GOT AN OUTPUT!: 087a52051786
UVM_INFO out_mon.sv(31) @ 32320211: uvm_test_top.env0.out_mon_h [OUT_MON] GOT AN OUTPUT!: bc9903faa61b
UVM_INFO out_mon.sv(31) @ 32325191: uvm_test_top.env0.out_mon_h [OUT_MON] GOT AN OUTPUT!: 5fdb220b5442
UVM_INFO out_mon.sv(31) @ 32330171: uvm_test_top.env0.out_mon_h [OUT_MON] GOT AN OUTPUT!: 2f46bac06e95
UVM_INFO out_mon.sv(31) @ 32335151: uvm_test_top.env0.out_mon_h [OUT_MON] GOT AN OUTPUT!: 8d6c1fd05e19
UVM_INFO out_mon.sv(31) @ 32340131: uvm_test_top.env0.out_mon_h [OUT_MON] GOT AN OUTPUT!: 68446813090c
UVM_INFO out_mon.sv(31) @ 32345111: uvm_test_top.env0.out_mon_h [OUT_MON] GOT AN OUTPUT!: ca18b5e52c1d
UVM_INFO out_mon.sv(31) @ 32350091: uvm_test_top.env0.out_mon_h [OUT_MON] GOT AN OUTPUT!: 4d5d7852cc26
UVM_INFO out_mon.sv(31) @ 32355071: uvm_test_top.env0.out_mon_h [OUT_MON] GOT AN OUTPUT!: eb90ef207f18
UVM_INFO out_mon.sv(31) @ 32360051: uvm_test_top.env0.out_mon_h [OUT_MON] GOT AN OUTPUT!: 5f1cb08bd967
UVM_INFO out_mon.sv(31) @ 32365031: uvm_test_top.env0.out_mon_h [OUT_MON] GOT AN OUTPUT!: 103b6e5acd48
UVM_INFO out_mon.sv(31) @ 32370011: uvm_test_top.env0.out_mon_h [OUT_MON] GOT AN OUTPUT!: 44ce069207d3
UVM_INFO out_mon.sv(31) @ 32374991: uvm_test_top.env0.out_mon_h [OUT_MON] GOT AN OUTPUT!: 0b46f4ea5525
UVM_INFO out_mon.sv(31) @ 32379971: uvm_test_top.env0.out_mon_h [OUT_MON] GOT AN OUTPUT!: 187fbcdcf72b
UVM_INFO out_mon.sv(31) @ 32384951: uvm_test_top.env0.out_mon_h [OUT_MON] GOT AN OUTPUT!: 90a05fdf1219
UVM_INFO out_mon.sv(31) @ 32389931: uvm_test_top.env0.out_mon_h [OUT_MON] GOT AN OUTPUT!: 72fb6424036c
UVM_INFO out_mon.sv(31) @ 32394911: uvm_test_top.env0.out_mon_h [OUT_MON] GOT AN OUTPUT!: 20f15efec1b1
UVM_INFO out_mon.sv(31) @ 32399891: uvm_test_top.env0.out_mon_h [OUT_MON] GOT AN OUTPUT!: 37cce6ba45c9
UVM_INFO out_mon.sv(31) @ 32404871: uvm_test_top.env0.out_mon_h [OUT_MON] GOT AN OUTPUT!: b5a7c380df3b
UVM_INFO out_mon.sv(31) @ 32409851: uvm_test_top.env0.out_mon_h [OUT_MON] GOT AN OUTPUT!: 214310aa9be7
UVM_INFO out_mon.sv(31) @ 32414831: uvm_test_top.env0.out_mon_h [OUT_MON] GOT AN OUTPUT!: 2ceec68aa53f
UVM_INFO out_mon.sv(31) @ 32419811: uvm_test_top.env0.out_mon_h [OUT_MON] GOT AN OUTPUT!: 0c66e093a37f
UVM_INFO out_mon.sv(31) @ 32424791: uvm_test_top.env0.out_mon_h [OUT_MON] GOT AN OUTPUT!: 75b3106b13e0
UVM_INFO out_mon.sv(31) @ 32429771: uvm_test_top.env0.out_mon_h [OUT_MON] GOT AN OUTPUT!: 05040c43b42c
UVM_INFO out_mon.sv(31) @ 32434751: uvm_test_top.env0.out_mon_h [OUT_MON] GOT AN OUTPUT!: 7b9fec96e089
UVM_INFO out_mon.sv(31) @ 32439731: uvm_test_top.env0.out_mon_h [OUT_MON] GOT AN OUTPUT!: 11aaea14ee9a
UVM_INFO out_mon.sv(31) @ 32444711: uvm_test_top.env0.out_mon_h [OUT_MON] GOT AN OUTPUT!: d31f6b648ce0
UVM_INFO out_mon.sv(31) @ 32449691: uvm_test_top.env0.out_mon_h [OUT_MON] GOT AN OUTPUT!: bfa34d092bc6
UVM_INFO out_mon.sv(31) @ 32454671: uvm_test_top.env0.out_mon_h [OUT_MON] GOT AN OUTPUT!: 2560de88528d
UVM_INFO out_mon.sv(31) @ 32459651: uvm_test_top.env0.out_mon_h [OUT_MON] GOT AN OUTPUT!: 6ef970a60895
UVM_INFO out_mon.sv(31) @ 32464631: uvm_test_top.env0.out_mon_h [OUT_MON] GOT AN OUTPUT!: 5c5078502ea8
UVM_INFO out_mon.sv(31) @ 32469611: uvm_test_top.env0.out_mon_h [OUT_MON] GOT AN OUTPUT!: 5e7b8690e36f
UVM_INFO out_mon.sv(31) @ 32474591: uvm_test_top.env0.out_mon_h [OUT_MON] GOT AN OUTPUT!: 8e96759fdd6f
UVM_INFO out_mon.sv(31) @ 32479571: uvm_test_top.env0.out_mon_h [OUT_MON] GOT AN OUTPUT!: 77b206ead317
UVM_INFO out_mon.sv(31) @ 32484551: uvm_test_top.env0.out_mon_h [OUT_MON] GOT AN OUTPUT!: aba591acd615
UVM_INFO out_mon.sv(31) @ 32489531: uvm_test_top.env0.out_mon_h [OUT_MON] GOT AN OUTPUT!: daee516cb782
UVM_INFO out_mon.sv(31) @ 32494511: uvm_test_top.env0.out_mon_h [OUT_MON] GOT AN OUTPUT!: e7a03d7a5c42
UVM_INFO out_mon.sv(31) @ 32499491: uvm_test_top.env0.out_mon_h [OUT_MON] GOT AN OUTPUT!: 2b36c0432ad4
UVM_INFO out_mon.sv(31) @ 32504471: uvm_test_top.env0.out_mon_h [OUT_MON] GOT AN OUTPUT!: e77b5515662a
UVM_INFO out_mon.sv(31) @ 32509451: uvm_test_top.env0.out_mon_h [OUT_MON] GOT AN OUTPUT!: 9a5cbbaa8c4b
UVM_INFO out_mon.sv(31) @ 32514431: uvm_test_top.env0.out_mon_h [OUT_MON] GOT AN OUTPUT!: acdcb990b3b1
UVM_INFO out_mon.sv(31) @ 32519411: uvm_test_top.env0.out_mon_h [OUT_MON] GOT AN OUTPUT!: b4e6ed4af248
UVM_INFO out_mon.sv(31) @ 32524391: uvm_test_top.env0.out_mon_h [OUT_MON] GOT AN OUTPUT!: 4235a0c0bea7
UVM_INFO out_mon.sv(31) @ 32529371: uvm_test_top.env0.out_mon_h [OUT_MON] GOT AN OUTPUT!: ee252d543e30
UVM_INFO out_mon.sv(31) @ 32534351: uvm_test_top.env0.out_mon_h [OUT_MON] GOT AN OUTPUT!: 26ac00b7c37f
UVM_INFO out_mon.sv(31) @ 32539331: uvm_test_top.env0.out_mon_h [OUT_MON] GOT AN OUTPUT!: ec23355a0a5a
UVM_INFO out_mon.sv(31) @ 32544311: uvm_test_top.env0.out_mon_h [OUT_MON] GOT AN OUTPUT!: 7a31d801bb82
UVM_INFO out_mon.sv(31) @ 32549291: uvm_test_top.env0.out_mon_h [OUT_MON] GOT AN OUTPUT!: 93aabdefb3c7
UVM_INFO out_mon.sv(31) @ 32554271: uvm_test_top.env0.out_mon_h [OUT_MON] GOT AN OUTPUT!: e96ec5a066f7
UVM_INFO out_mon.sv(31) @ 32559251: uvm_test_top.env0.out_mon_h [OUT_MON] GOT AN OUTPUT!: d449130450da
UVM_INFO out_mon.sv(31) @ 32564231: uvm_test_top.env0.out_mon_h [OUT_MON] GOT AN OUTPUT!: 59d1a6c74139
UVM_INFO out_mon.sv(31) @ 32569211: uvm_test_top.env0.out_mon_h [OUT_MON] GOT AN OUTPUT!: 3449d0fec3c1
UVM_INFO out_mon.sv(31) @ 32574191: uvm_test_top.env0.out_mon_h [OUT_MON] GOT AN OUTPUT!: 5583ba57822c
UVM_INFO out_mon.sv(31) @ 32579171: uvm_test_top.env0.out_mon_h [OUT_MON] GOT AN OUTPUT!: 1cb9ae99a4dd
UVM_INFO out_mon.sv(31) @ 32584151: uvm_test_top.env0.out_mon_h [OUT_MON] GOT AN OUTPUT!: 3772041c2c10
UVM_INFO out_mon.sv(31) @ 32589131: uvm_test_top.env0.out_mon_h [OUT_MON] GOT AN OUTPUT!: e5622d7f52ba
UVM_INFO out_mon.sv(31) @ 32594111: uvm_test_top.env0.out_mon_h [OUT_MON] GOT AN OUTPUT!: 174b50c5f625
UVM_INFO out_mon.sv(31) @ 32599091: uvm_test_top.env0.out_mon_h [OUT_MON] GOT AN OUTPUT!: a0d415a5e901
UVM_INFO out_mon.sv(31) @ 32604071: uvm_test_top.env0.out_mon_h [OUT_MON] GOT AN OUTPUT!: 7578b2a75e21
UVM_INFO out_mon.sv(31) @ 32609051: uvm_test_top.env0.out_mon_h [OUT_MON] GOT AN OUTPUT!: a858656b42e8
UVM_INFO out_mon.sv(31) @ 32614031: uvm_test_top.env0.out_mon_h [OUT_MON] GOT AN OUTPUT!: a727db30a1e0
UVM_INFO out_mon.sv(31) @ 32619011: uvm_test_top.env0.out_mon_h [OUT_MON] GOT AN OUTPUT!: e7fadb70fd88
UVM_INFO out_mon.sv(31) @ 32623991: uvm_test_top.env0.out_mon_h [OUT_MON] GOT AN OUTPUT!: 02400c2bb858
UVM_INFO out_mon.sv(31) @ 32628971: uvm_test_top.env0.out_mon_h [OUT_MON] GOT AN OUTPUT!: ea889b3871aa
UVM_INFO out_mon.sv(31) @ 32633951: uvm_test_top.env0.out_mon_h [OUT_MON] GOT AN OUTPUT!: c97417b8623b
UVM_INFO out_mon.sv(31) @ 32638931: uvm_test_top.env0.out_mon_h [OUT_MON] GOT AN OUTPUT!: a58d137ebe5a
UVM_INFO out_mon.sv(31) @ 32643911: uvm_test_top.env0.out_mon_h [OUT_MON] GOT AN OUTPUT!: d82d35081848
UVM_INFO out_mon.sv(31) @ 32648891: uvm_test_top.env0.out_mon_h [OUT_MON] GOT AN OUTPUT!: 0554b658bef6
UVM_INFO out_mon.sv(31) @ 32653871: uvm_test_top.env0.out_mon_h [OUT_MON] GOT AN OUTPUT!: 0e940ada1abb
UVM_INFO out_mon.sv(31) @ 32658851: uvm_test_top.env0.out_mon_h [OUT_MON] GOT AN OUTPUT!: 38eaa60f0ee2
UVM_INFO out_mon.sv(31) @ 32663831: uvm_test_top.env0.out_mon_h [OUT_MON] GOT AN OUTPUT!: 7d9ab4b760e1
UVM_INFO out_mon.sv(31) @ 32668811: uvm_test_top.env0.out_mon_h [OUT_MON] GOT AN OUTPUT!: be1be3ba0aab
UVM_INFO out_mon.sv(31) @ 32673791: uvm_test_top.env0.out_mon_h [OUT_MON] GOT AN OUTPUT!: 52e844eea933
UVM_INFO out_mon.sv(31) @ 32678771: uvm_test_top.env0.out_mon_h [OUT_MON] GOT AN OUTPUT!: 2d72149dcfcb
UVM_INFO out_mon.sv(31) @ 32683751: uvm_test_top.env0.out_mon_h [OUT_MON] GOT AN OUTPUT!: 84ed61506e0a
UVM_INFO out_mon.sv(31) @ 32688731: uvm_test_top.env0.out_mon_h [OUT_MON] GOT AN OUTPUT!: c63d894637bc
UVM_INFO out_mon.sv(31) @ 32693711: uvm_test_top.env0.out_mon_h [OUT_MON] GOT AN OUTPUT!: 3ed188aaee4b
UVM_INFO out_mon.sv(31) @ 32698691: uvm_test_top.env0.out_mon_h [OUT_MON] GOT AN OUTPUT!: ba858b62dea4
UVM_INFO out_mon.sv(31) @ 32703671: uvm_test_top.env0.out_mon_h [OUT_MON] GOT AN OUTPUT!: 0c81b6062516
UVM_INFO out_mon.sv(31) @ 32708651: uvm_test_top.env0.out_mon_h [OUT_MON] GOT AN OUTPUT!: 3b198e632142
UVM_INFO out_mon.sv(31) @ 32713631: uvm_test_top.env0.out_mon_h [OUT_MON] GOT AN OUTPUT!: c6aac99fcce5
UVM_INFO out_mon.sv(31) @ 32718611: uvm_test_top.env0.out_mon_h [OUT_MON] GOT AN OUTPUT!: 438364d21d5d
UVM_INFO out_mon.sv(31) @ 32723591: uvm_test_top.env0.out_mon_h [OUT_MON] GOT AN OUTPUT!: 3eb988a76219
UVM_INFO out_mon.sv(31) @ 32728571: uvm_test_top.env0.out_mon_h [OUT_MON] GOT AN OUTPUT!: 26100472ab6a
UVM_INFO out_mon.sv(31) @ 32733551: uvm_test_top.env0.out_mon_h [OUT_MON] GOT AN OUTPUT!: aad991ba2067
UVM_INFO out_mon.sv(31) @ 32738531: uvm_test_top.env0.out_mon_h [OUT_MON] GOT AN OUTPUT!: d7cdfd1b69a4
UVM_INFO out_mon.sv(31) @ 32743511: uvm_test_top.env0.out_mon_h [OUT_MON] GOT AN OUTPUT!: d1f2171f0424
UVM_INFO out_mon.sv(31) @ 32748491: uvm_test_top.env0.out_mon_h [OUT_MON] GOT AN OUTPUT!: fc823352b244
UVM_INFO out_mon.sv(31) @ 32753471: uvm_test_top.env0.out_mon_h [OUT_MON] GOT AN OUTPUT!: f7b8c1c2cde1
UVM_INFO out_mon.sv(31) @ 32758451: uvm_test_top.env0.out_mon_h [OUT_MON] GOT AN OUTPUT!: b2bef5aaa425
UVM_INFO out_mon.sv(31) @ 32763431: uvm_test_top.env0.out_mon_h [OUT_MON] GOT AN OUTPUT!: 889081f3f057
UVM_INFO out_mon.sv(31) @ 32768411: uvm_test_top.env0.out_mon_h [OUT_MON] GOT AN OUTPUT!: 1fcf08dd1a71
UVM_INFO out_mon.sv(31) @ 32773391: uvm_test_top.env0.out_mon_h [OUT_MON] GOT AN OUTPUT!: 85abb9deae13
UVM_INFO out_mon.sv(31) @ 32778371: uvm_test_top.env0.out_mon_h [OUT_MON] GOT AN OUTPUT!: bbbfc5a7b1ab
UVM_INFO out_mon.sv(31) @ 32783351: uvm_test_top.env0.out_mon_h [OUT_MON] GOT AN OUTPUT!: b0f093c903dd
UVM_INFO out_mon.sv(31) @ 32788331: uvm_test_top.env0.out_mon_h [OUT_MON] GOT AN OUTPUT!: 5d58d867c1b4
UVM_INFO out_mon.sv(31) @ 32793311: uvm_test_top.env0.out_mon_h [OUT_MON] GOT AN OUTPUT!: 7911d20ea656
UVM_INFO out_mon.sv(31) @ 32798291: uvm_test_top.env0.out_mon_h [OUT_MON] GOT AN OUTPUT!: 0629be766a1c
UVM_INFO out_mon.sv(31) @ 32803271: uvm_test_top.env0.out_mon_h [OUT_MON] GOT AN OUTPUT!: a57401dd1abd
UVM_INFO out_mon.sv(31) @ 32808251: uvm_test_top.env0.out_mon_h [OUT_MON] GOT AN OUTPUT!: 6e7a94448760
UVM_INFO out_mon.sv(31) @ 32813231: uvm_test_top.env0.out_mon_h [OUT_MON] GOT AN OUTPUT!: c24a4daf985f
UVM_INFO out_mon.sv(31) @ 32818211: uvm_test_top.env0.out_mon_h [OUT_MON] GOT AN OUTPUT!: 515d6036b35c
UVM_INFO out_mon.sv(31) @ 32823191: uvm_test_top.env0.out_mon_h [OUT_MON] GOT AN OUTPUT!: 4c7df48b1b97
UVM_INFO out_mon.sv(31) @ 32828171: uvm_test_top.env0.out_mon_h [OUT_MON] GOT AN OUTPUT!: 78984e414aa6
UVM_INFO out_mon.sv(31) @ 32833151: uvm_test_top.env0.out_mon_h [OUT_MON] GOT AN OUTPUT!: 9db68bfa5eeb
UVM_INFO out_mon.sv(31) @ 32838131: uvm_test_top.env0.out_mon_h [OUT_MON] GOT AN OUTPUT!: 88bd1b446a06
UVM_INFO out_mon.sv(31) @ 32843111: uvm_test_top.env0.out_mon_h [OUT_MON] GOT AN OUTPUT!: 986501c9e035
UVM_INFO out_mon.sv(31) @ 32848091: uvm_test_top.env0.out_mon_h [OUT_MON] GOT AN OUTPUT!: 8d132727eec6
UVM_INFO out_mon.sv(31) @ 32853071: uvm_test_top.env0.out_mon_h [OUT_MON] GOT AN OUTPUT!: 13b4b683dd45
UVM_INFO out_mon.sv(31) @ 32858051: uvm_test_top.env0.out_mon_h [OUT_MON] GOT AN OUTPUT!: 43a962b77211
UVM_INFO out_mon.sv(31) @ 32863031: uvm_test_top.env0.out_mon_h [OUT_MON] GOT AN OUTPUT!: 079378ac4f09
UVM_INFO out_mon.sv(31) @ 32868011: uvm_test_top.env0.out_mon_h [OUT_MON] GOT AN OUTPUT!: 2946963e511c
UVM_INFO out_mon.sv(31) @ 32872991: uvm_test_top.env0.out_mon_h [OUT_MON] GOT AN OUTPUT!: 78a6c2bcf3a7
UVM_INFO out_mon.sv(31) @ 32877971: uvm_test_top.env0.out_mon_h [OUT_MON] GOT AN OUTPUT!: 457c2ee3a94b
UVM_INFO out_mon.sv(31) @ 32882951: uvm_test_top.env0.out_mon_h [OUT_MON] GOT AN OUTPUT!: 24601ae1437d
UVM_INFO out_mon.sv(31) @ 32887931: uvm_test_top.env0.out_mon_h [OUT_MON] GOT AN OUTPUT!: b69719c65311
UVM_INFO out_mon.sv(31) @ 32892911: uvm_test_top.env0.out_mon_h [OUT_MON] GOT AN OUTPUT!: ecedd3727e8a
UVM_INFO out_mon.sv(31) @ 32897891: uvm_test_top.env0.out_mon_h [OUT_MON] GOT AN OUTPUT!: fd9fd3d8edbb
UVM_INFO out_mon.sv(31) @ 32902871: uvm_test_top.env0.out_mon_h [OUT_MON] GOT AN OUTPUT!: 05352c339f30
UVM_INFO out_mon.sv(31) @ 32907851: uvm_test_top.env0.out_mon_h [OUT_MON] GOT AN OUTPUT!: 0a603c7dd3e8
UVM_INFO out_mon.sv(31) @ 32912831: uvm_test_top.env0.out_mon_h [OUT_MON] GOT AN OUTPUT!: dce5fb4d62c8
UVM_INFO out_mon.sv(31) @ 32917811: uvm_test_top.env0.out_mon_h [OUT_MON] GOT AN OUTPUT!: 076b40e321dd
UVM_INFO out_mon.sv(31) @ 32922791: uvm_test_top.env0.out_mon_h [OUT_MON] GOT AN OUTPUT!: cc6be70a4208
UVM_INFO out_mon.sv(31) @ 32927771: uvm_test_top.env0.out_mon_h [OUT_MON] GOT AN OUTPUT!: e606031eb270
UVM_INFO out_mon.sv(31) @ 32932751: uvm_test_top.env0.out_mon_h [OUT_MON] GOT AN OUTPUT!: 80ee61527ca2
UVM_INFO out_mon.sv(31) @ 32937731: uvm_test_top.env0.out_mon_h [OUT_MON] GOT AN OUTPUT!: aa41930a24c4
UVM_INFO out_mon.sv(31) @ 32942711: uvm_test_top.env0.out_mon_h [OUT_MON] GOT AN OUTPUT!: 286250e80d2b
UVM_INFO out_mon.sv(31) @ 32947691: uvm_test_top.env0.out_mon_h [OUT_MON] GOT AN OUTPUT!: 76e7baded08d
UVM_INFO out_mon.sv(31) @ 32952671: uvm_test_top.env0.out_mon_h [OUT_MON] GOT AN OUTPUT!: 5d6fc062adaa
UVM_INFO out_mon.sv(31) @ 32957651: uvm_test_top.env0.out_mon_h [OUT_MON] GOT AN OUTPUT!: 59831c91d615
UVM_INFO out_mon.sv(31) @ 32962631: uvm_test_top.env0.out_mon_h [OUT_MON] GOT AN OUTPUT!: d37f65ebdcd9
UVM_INFO out_mon.sv(31) @ 32967611: uvm_test_top.env0.out_mon_h [OUT_MON] GOT AN OUTPUT!: d6621bf00eaf
UVM_INFO out_mon.sv(31) @ 32972591: uvm_test_top.env0.out_mon_h [OUT_MON] GOT AN OUTPUT!: c2bf51bad589
UVM_INFO out_mon.sv(31) @ 32977571: uvm_test_top.env0.out_mon_h [OUT_MON] GOT AN OUTPUT!: 3491b47a17ea
UVM_INFO out_mon.sv(31) @ 32982551: uvm_test_top.env0.out_mon_h [OUT_MON] GOT AN OUTPUT!: 141db650951e
UVM_INFO out_mon.sv(31) @ 32987531: uvm_test_top.env0.out_mon_h [OUT_MON] GOT AN OUTPUT!: 89d8db004b1c
UVM_INFO out_mon.sv(31) @ 32992511: uvm_test_top.env0.out_mon_h [OUT_MON] GOT AN OUTPUT!: 4d420673d5a4
UVM_INFO out_mon.sv(31) @ 32997491: uvm_test_top.env0.out_mon_h [OUT_MON] GOT AN OUTPUT!: 86c877fec691
UVM_INFO out_mon.sv(31) @ 33002471: uvm_test_top.env0.out_mon_h [OUT_MON] GOT AN OUTPUT!: 3c9e52ed136b
UVM_INFO out_mon.sv(31) @ 33007451: uvm_test_top.env0.out_mon_h [OUT_MON] GOT AN OUTPUT!: 02ab94b9671d
UVM_INFO out_mon.sv(31) @ 33012431: uvm_test_top.env0.out_mon_h [OUT_MON] GOT AN OUTPUT!: 655a32028ba8
UVM_INFO out_mon.sv(31) @ 33017411: uvm_test_top.env0.out_mon_h [OUT_MON] GOT AN OUTPUT!: 478ae017c628
UVM_INFO out_mon.sv(31) @ 33022391: uvm_test_top.env0.out_mon_h [OUT_MON] GOT AN OUTPUT!: 2b6220b4390f
UVM_INFO out_mon.sv(31) @ 33027371: uvm_test_top.env0.out_mon_h [OUT_MON] GOT AN OUTPUT!: 1e3612414014
UVM_INFO out_mon.sv(31) @ 33032351: uvm_test_top.env0.out_mon_h [OUT_MON] GOT AN OUTPUT!: bf658bb7d8e9
UVM_INFO out_mon.sv(31) @ 33037331: uvm_test_top.env0.out_mon_h [OUT_MON] GOT AN OUTPUT!: 9a3947f8f41b
UVM_INFO out_mon.sv(31) @ 33042311: uvm_test_top.env0.out_mon_h [OUT_MON] GOT AN OUTPUT!: cacb8d34e48a
UVM_INFO out_mon.sv(31) @ 33047291: uvm_test_top.env0.out_mon_h [OUT_MON] GOT AN OUTPUT!: a5ddfdb9ba65
UVM_INFO out_mon.sv(31) @ 33052271: uvm_test_top.env0.out_mon_h [OUT_MON] GOT AN OUTPUT!: dbc18b409cb2
UVM_INFO out_mon.sv(31) @ 33057251: uvm_test_top.env0.out_mon_h [OUT_MON] GOT AN OUTPUT!: 4e30b692308b
UVM_INFO out_mon.sv(31) @ 33062231: uvm_test_top.env0.out_mon_h [OUT_MON] GOT AN OUTPUT!: 9134a319f9c8
UVM_INFO out_mon.sv(31) @ 33067211: uvm_test_top.env0.out_mon_h [OUT_MON] GOT AN OUTPUT!: cf01e3c0b247
UVM_INFO out_mon.sv(31) @ 33072191: uvm_test_top.env0.out_mon_h [OUT_MON] GOT AN OUTPUT!: 86d03725b766
UVM_INFO out_mon.sv(31) @ 33077171: uvm_test_top.env0.out_mon_h [OUT_MON] GOT AN OUTPUT!: 5ed42a0f5d82
UVM_INFO out_mon.sv(31) @ 33082151: uvm_test_top.env0.out_mon_h [OUT_MON] GOT AN OUTPUT!: 010378aa5535
UVM_INFO out_mon.sv(31) @ 33087131: uvm_test_top.env0.out_mon_h [OUT_MON] GOT AN OUTPUT!: bafda5f00a73
UVM_INFO out_mon.sv(31) @ 33092111: uvm_test_top.env0.out_mon_h [OUT_MON] GOT AN OUTPUT!: 58f53c4c0a88
UVM_INFO out_mon.sv(31) @ 33097091: uvm_test_top.env0.out_mon_h [OUT_MON] GOT AN OUTPUT!: 73852a58581a
UVM_INFO out_mon.sv(31) @ 33102071: uvm_test_top.env0.out_mon_h [OUT_MON] GOT AN OUTPUT!: 28930448d5b6
UVM_INFO out_mon.sv(31) @ 33107051: uvm_test_top.env0.out_mon_h [OUT_MON] GOT AN OUTPUT!: f7343f5da0b4
UVM_INFO out_mon.sv(31) @ 33112031: uvm_test_top.env0.out_mon_h [OUT_MON] GOT AN OUTPUT!: 368b7a7473a4
UVM_INFO out_mon.sv(31) @ 33117011: uvm_test_top.env0.out_mon_h [OUT_MON] GOT AN OUTPUT!: 5f9fc491037b
UVM_INFO out_mon.sv(31) @ 33121991: uvm_test_top.env0.out_mon_h [OUT_MON] GOT AN OUTPUT!: 224654f45f7f
UVM_INFO out_mon.sv(31) @ 33126971: uvm_test_top.env0.out_mon_h [OUT_MON] GOT AN OUTPUT!: fd08f71b5654
UVM_INFO out_mon.sv(31) @ 33131951: uvm_test_top.env0.out_mon_h [OUT_MON] GOT AN OUTPUT!: cff2dfbbd215
UVM_INFO out_mon.sv(31) @ 33136931: uvm_test_top.env0.out_mon_h [OUT_MON] GOT AN OUTPUT!: a283e7993bb5
UVM_INFO out_mon.sv(31) @ 33141911: uvm_test_top.env0.out_mon_h [OUT_MON] GOT AN OUTPUT!: 947c1bc7cfcb
UVM_INFO out_mon.sv(31) @ 33146891: uvm_test_top.env0.out_mon_h [OUT_MON] GOT AN OUTPUT!: b1d7e5b70a6b
UVM_INFO out_mon.sv(31) @ 33151871: uvm_test_top.env0.out_mon_h [OUT_MON] GOT AN OUTPUT!: 2190b01b0baa
UVM_INFO out_mon.sv(31) @ 33156851: uvm_test_top.env0.out_mon_h [OUT_MON] GOT AN OUTPUT!: e7921d8ce285
UVM_INFO out_mon.sv(31) @ 33161831: uvm_test_top.env0.out_mon_h [OUT_MON] GOT AN OUTPUT!: 3196a67a0570
UVM_INFO out_mon.sv(31) @ 33166811: uvm_test_top.env0.out_mon_h [OUT_MON] GOT AN OUTPUT!: e701ddba9e11
UVM_INFO out_mon.sv(31) @ 33171791: uvm_test_top.env0.out_mon_h [OUT_MON] GOT AN OUTPUT!: f3be27e6f82f
UVM_INFO out_mon.sv(31) @ 33176771: uvm_test_top.env0.out_mon_h [OUT_MON] GOT AN OUTPUT!: 862dab43d9f0
UVM_INFO out_mon.sv(31) @ 33181751: uvm_test_top.env0.out_mon_h [OUT_MON] GOT AN OUTPUT!: 37f230dde25b
UVM_INFO out_mon.sv(31) @ 33186731: uvm_test_top.env0.out_mon_h [OUT_MON] GOT AN OUTPUT!: d9e5bf2bf06a
UVM_INFO out_mon.sv(31) @ 33191711: uvm_test_top.env0.out_mon_h [OUT_MON] GOT AN OUTPUT!: 5ae17c507fd6
UVM_INFO out_mon.sv(31) @ 33196691: uvm_test_top.env0.out_mon_h [OUT_MON] GOT AN OUTPUT!: 01b204d1fec5
UVM_INFO out_mon.sv(31) @ 33201671: uvm_test_top.env0.out_mon_h [OUT_MON] GOT AN OUTPUT!: f1f3936247e2
UVM_INFO out_mon.sv(31) @ 33206651: uvm_test_top.env0.out_mon_h [OUT_MON] GOT AN OUTPUT!: b3e51d0ce296
UVM_INFO out_mon.sv(31) @ 33211631: uvm_test_top.env0.out_mon_h [OUT_MON] GOT AN OUTPUT!: 375742e47a79
UVM_INFO out_mon.sv(31) @ 33216611: uvm_test_top.env0.out_mon_h [OUT_MON] GOT AN OUTPUT!: 8985ab0734fa
UVM_INFO out_mon.sv(31) @ 33221591: uvm_test_top.env0.out_mon_h [OUT_MON] GOT AN OUTPUT!: 35f55e9213ff
UVM_INFO out_mon.sv(31) @ 33226571: uvm_test_top.env0.out_mon_h [OUT_MON] GOT AN OUTPUT!: 0a5e48db537f
UVM_INFO out_mon.sv(31) @ 33231551: uvm_test_top.env0.out_mon_h [OUT_MON] GOT AN OUTPUT!: b57e2d0bcdc6
UVM_INFO out_mon.sv(31) @ 33236531: uvm_test_top.env0.out_mon_h [OUT_MON] GOT AN OUTPUT!: 79006aef59e9
UVM_INFO out_mon.sv(31) @ 33241511: uvm_test_top.env0.out_mon_h [OUT_MON] GOT AN OUTPUT!: e65b43942563
UVM_INFO out_mon.sv(31) @ 33246491: uvm_test_top.env0.out_mon_h [OUT_MON] GOT AN OUTPUT!: 5eb5ba11238c
UVM_INFO out_mon.sv(31) @ 33251471: uvm_test_top.env0.out_mon_h [OUT_MON] GOT AN OUTPUT!: cdb9358b5641
UVM_INFO out_mon.sv(31) @ 33256451: uvm_test_top.env0.out_mon_h [OUT_MON] GOT AN OUTPUT!: d786f1524a76
UVM_INFO out_mon.sv(31) @ 33261431: uvm_test_top.env0.out_mon_h [OUT_MON] GOT AN OUTPUT!: 7185f0ab5e71
UVM_INFO out_mon.sv(31) @ 33266411: uvm_test_top.env0.out_mon_h [OUT_MON] GOT AN OUTPUT!: 9e44e5a43029
UVM_INFO out_mon.sv(31) @ 33271391: uvm_test_top.env0.out_mon_h [OUT_MON] GOT AN OUTPUT!: c4661903f930
UVM_INFO out_mon.sv(31) @ 33276371: uvm_test_top.env0.out_mon_h [OUT_MON] GOT AN OUTPUT!: d879cb33ed06
UVM_INFO out_mon.sv(31) @ 33281351: uvm_test_top.env0.out_mon_h [OUT_MON] GOT AN OUTPUT!: 51cf3eb6a113
UVM_INFO out_mon.sv(31) @ 33286331: uvm_test_top.env0.out_mon_h [OUT_MON] GOT AN OUTPUT!: a26e57865f3d
UVM_INFO out_mon.sv(31) @ 33291311: uvm_test_top.env0.out_mon_h [OUT_MON] GOT AN OUTPUT!: a9e84172915e
UVM_INFO out_mon.sv(31) @ 33296291: uvm_test_top.env0.out_mon_h [OUT_MON] GOT AN OUTPUT!: 5b35be541f62
UVM_INFO out_mon.sv(31) @ 33301271: uvm_test_top.env0.out_mon_h [OUT_MON] GOT AN OUTPUT!: 8d9ec5b0c971
UVM_INFO out_mon.sv(31) @ 33306251: uvm_test_top.env0.out_mon_h [OUT_MON] GOT AN OUTPUT!: b0974b258a74
UVM_INFO out_mon.sv(31) @ 33311231: uvm_test_top.env0.out_mon_h [OUT_MON] GOT AN OUTPUT!: da9c01b000c7
UVM_INFO out_mon.sv(31) @ 33316211: uvm_test_top.env0.out_mon_h [OUT_MON] GOT AN OUTPUT!: 6b1d84aebe77
UVM_INFO out_mon.sv(31) @ 33321191: uvm_test_top.env0.out_mon_h [OUT_MON] GOT AN OUTPUT!: 374ece30b788
UVM_INFO out_mon.sv(31) @ 33326171: uvm_test_top.env0.out_mon_h [OUT_MON] GOT AN OUTPUT!: fa1691eb9671
UVM_INFO out_mon.sv(31) @ 33331151: uvm_test_top.env0.out_mon_h [OUT_MON] GOT AN OUTPUT!: 7ee23ef12717
UVM_INFO out_mon.sv(31) @ 33336131: uvm_test_top.env0.out_mon_h [OUT_MON] GOT AN OUTPUT!: bf90e7fbadf1
UVM_INFO out_mon.sv(31) @ 33341111: uvm_test_top.env0.out_mon_h [OUT_MON] GOT AN OUTPUT!: ed45a9e94da1
UVM_INFO out_mon.sv(31) @ 33346091: uvm_test_top.env0.out_mon_h [OUT_MON] GOT AN OUTPUT!: 1c52dcbe61dd
UVM_INFO out_mon.sv(31) @ 33351071: uvm_test_top.env0.out_mon_h [OUT_MON] GOT AN OUTPUT!: 0b1c7046e31a
UVM_INFO out_mon.sv(31) @ 33356051: uvm_test_top.env0.out_mon_h [OUT_MON] GOT AN OUTPUT!: 3bef3a2ecbc0
UVM_INFO out_mon.sv(31) @ 33361031: uvm_test_top.env0.out_mon_h [OUT_MON] GOT AN OUTPUT!: 59dd5e2969aa
UVM_INFO out_mon.sv(31) @ 33366011: uvm_test_top.env0.out_mon_h [OUT_MON] GOT AN OUTPUT!: a0aa677fca52
UVM_INFO out_mon.sv(31) @ 33370991: uvm_test_top.env0.out_mon_h [OUT_MON] GOT AN OUTPUT!: bfab011e18fc
UVM_INFO out_mon.sv(31) @ 33375971: uvm_test_top.env0.out_mon_h [OUT_MON] GOT AN OUTPUT!: 6f9736f7f96f
UVM_INFO out_mon.sv(31) @ 33380951: uvm_test_top.env0.out_mon_h [OUT_MON] GOT AN OUTPUT!: b377bf5bed68
UVM_INFO out_mon.sv(31) @ 33385931: uvm_test_top.env0.out_mon_h [OUT_MON] GOT AN OUTPUT!: 7c7c068db331
UVM_INFO out_mon.sv(31) @ 33390911: uvm_test_top.env0.out_mon_h [OUT_MON] GOT AN OUTPUT!: 28ea18bfa373
UVM_INFO out_mon.sv(31) @ 33395891: uvm_test_top.env0.out_mon_h [OUT_MON] GOT AN OUTPUT!: 15ea3643156c
UVM_INFO out_mon.sv(31) @ 33400871: uvm_test_top.env0.out_mon_h [OUT_MON] GOT AN OUTPUT!: 3c74dc87b795
UVM_INFO out_mon.sv(31) @ 33405851: uvm_test_top.env0.out_mon_h [OUT_MON] GOT AN OUTPUT!: 912b9141fa48
UVM_INFO out_mon.sv(31) @ 33410831: uvm_test_top.env0.out_mon_h [OUT_MON] GOT AN OUTPUT!: 9f3eb5d065c7
UVM_INFO out_mon.sv(31) @ 33415811: uvm_test_top.env0.out_mon_h [OUT_MON] GOT AN OUTPUT!: 9648cdb7fe1f
UVM_INFO out_mon.sv(31) @ 33420791: uvm_test_top.env0.out_mon_h [OUT_MON] GOT AN OUTPUT!: c335d7cfa9cf
UVM_INFO out_mon.sv(31) @ 33425771: uvm_test_top.env0.out_mon_h [OUT_MON] GOT AN OUTPUT!: 2c13a872806a
UVM_INFO out_mon.sv(31) @ 33430751: uvm_test_top.env0.out_mon_h [OUT_MON] GOT AN OUTPUT!: c70437d13eb7
UVM_INFO out_mon.sv(31) @ 33435731: uvm_test_top.env0.out_mon_h [OUT_MON] GOT AN OUTPUT!: 8412c73a98ee
UVM_INFO out_mon.sv(31) @ 33440711: uvm_test_top.env0.out_mon_h [OUT_MON] GOT AN OUTPUT!: 221816f2a377
UVM_INFO out_mon.sv(31) @ 33445691: uvm_test_top.env0.out_mon_h [OUT_MON] GOT AN OUTPUT!: 8696e7f127d9
UVM_INFO out_mon.sv(31) @ 33450671: uvm_test_top.env0.out_mon_h [OUT_MON] GOT AN OUTPUT!: 109c409f0e41
UVM_INFO out_mon.sv(31) @ 33455651: uvm_test_top.env0.out_mon_h [OUT_MON] GOT AN OUTPUT!: 1ea8806ac31a
UVM_INFO out_mon.sv(31) @ 33460631: uvm_test_top.env0.out_mon_h [OUT_MON] GOT AN OUTPUT!: bf7ed5cb8163
UVM_INFO out_mon.sv(31) @ 33465611: uvm_test_top.env0.out_mon_h [OUT_MON] GOT AN OUTPUT!: 46146a0bca96
UVM_INFO out_mon.sv(31) @ 33470591: uvm_test_top.env0.out_mon_h [OUT_MON] GOT AN OUTPUT!: 3868f4f2b647
UVM_INFO out_mon.sv(31) @ 33475571: uvm_test_top.env0.out_mon_h [OUT_MON] GOT AN OUTPUT!: d169a1245a80
UVM_INFO out_mon.sv(31) @ 33480551: uvm_test_top.env0.out_mon_h [OUT_MON] GOT AN OUTPUT!: 0dc91cd12875
UVM_INFO out_mon.sv(31) @ 33485531: uvm_test_top.env0.out_mon_h [OUT_MON] GOT AN OUTPUT!: fbefbd0c4e8e
UVM_INFO out_mon.sv(31) @ 33490511: uvm_test_top.env0.out_mon_h [OUT_MON] GOT AN OUTPUT!: c6c9a1e1141b
UVM_INFO out_mon.sv(31) @ 33495491: uvm_test_top.env0.out_mon_h [OUT_MON] GOT AN OUTPUT!: b3b33bff4033
UVM_INFO out_mon.sv(31) @ 33500471: uvm_test_top.env0.out_mon_h [OUT_MON] GOT AN OUTPUT!: 0b540e967715
UVM_INFO out_mon.sv(31) @ 33505451: uvm_test_top.env0.out_mon_h [OUT_MON] GOT AN OUTPUT!: a58225b891ad
UVM_INFO out_mon.sv(31) @ 33510431: uvm_test_top.env0.out_mon_h [OUT_MON] GOT AN OUTPUT!: 901bbf5b08e0
UVM_INFO out_mon.sv(31) @ 33515411: uvm_test_top.env0.out_mon_h [OUT_MON] GOT AN OUTPUT!: 08e940cf5703
UVM_INFO out_mon.sv(31) @ 33520391: uvm_test_top.env0.out_mon_h [OUT_MON] GOT AN OUTPUT!: c2859f4a4b84
UVM_INFO out_mon.sv(31) @ 33525371: uvm_test_top.env0.out_mon_h [OUT_MON] GOT AN OUTPUT!: 2c3348d273cb
UVM_INFO out_mon.sv(31) @ 33530351: uvm_test_top.env0.out_mon_h [OUT_MON] GOT AN OUTPUT!: 34be52ad74d5
UVM_INFO out_mon.sv(31) @ 33535331: uvm_test_top.env0.out_mon_h [OUT_MON] GOT AN OUTPUT!: c0695f247dd4
UVM_INFO out_mon.sv(31) @ 33540311: uvm_test_top.env0.out_mon_h [OUT_MON] GOT AN OUTPUT!: c9b7a7378718
UVM_INFO out_mon.sv(31) @ 33545291: uvm_test_top.env0.out_mon_h [OUT_MON] GOT AN OUTPUT!: e55d3d97d27b
UVM_INFO out_mon.sv(31) @ 33550271: uvm_test_top.env0.out_mon_h [OUT_MON] GOT AN OUTPUT!: a117b101397a
UVM_INFO out_mon.sv(31) @ 33555251: uvm_test_top.env0.out_mon_h [OUT_MON] GOT AN OUTPUT!: f59541ca91e1
UVM_INFO out_mon.sv(31) @ 33560231: uvm_test_top.env0.out_mon_h [OUT_MON] GOT AN OUTPUT!: c34d5345084e
UVM_INFO out_mon.sv(31) @ 33565211: uvm_test_top.env0.out_mon_h [OUT_MON] GOT AN OUTPUT!: 1261f64290b8
UVM_INFO out_mon.sv(31) @ 33570191: uvm_test_top.env0.out_mon_h [OUT_MON] GOT AN OUTPUT!: 8d83a5db3297
UVM_INFO out_mon.sv(31) @ 33575171: uvm_test_top.env0.out_mon_h [OUT_MON] GOT AN OUTPUT!: 6fcc224972dc
UVM_INFO out_mon.sv(31) @ 33580151: uvm_test_top.env0.out_mon_h [OUT_MON] GOT AN OUTPUT!: dda4f975b3c4
UVM_INFO out_mon.sv(31) @ 33585131: uvm_test_top.env0.out_mon_h [OUT_MON] GOT AN OUTPUT!: 60a206889079
UVM_INFO out_mon.sv(31) @ 33590111: uvm_test_top.env0.out_mon_h [OUT_MON] GOT AN OUTPUT!: fe61ed9c4427
UVM_INFO out_mon.sv(31) @ 33595091: uvm_test_top.env0.out_mon_h [OUT_MON] GOT AN OUTPUT!: 226fcc6504ea
UVM_INFO out_mon.sv(31) @ 33600071: uvm_test_top.env0.out_mon_h [OUT_MON] GOT AN OUTPUT!: 53204c686210
UVM_INFO out_mon.sv(31) @ 33605051: uvm_test_top.env0.out_mon_h [OUT_MON] GOT AN OUTPUT!: 697cd41bac1a
UVM_INFO out_mon.sv(31) @ 33610031: uvm_test_top.env0.out_mon_h [OUT_MON] GOT AN OUTPUT!: c41325014d18
UVM_INFO out_mon.sv(31) @ 33615011: uvm_test_top.env0.out_mon_h [OUT_MON] GOT AN OUTPUT!: acdaf19d2685
UVM_INFO out_mon.sv(31) @ 33619991: uvm_test_top.env0.out_mon_h [OUT_MON] GOT AN OUTPUT!: ea1eedd7fa75
UVM_INFO out_mon.sv(31) @ 33624971: uvm_test_top.env0.out_mon_h [OUT_MON] GOT AN OUTPUT!: 32522029cbb0
UVM_INFO out_mon.sv(31) @ 33629951: uvm_test_top.env0.out_mon_h [OUT_MON] GOT AN OUTPUT!: faf601a32cf7
UVM_INFO out_mon.sv(31) @ 33634931: uvm_test_top.env0.out_mon_h [OUT_MON] GOT AN OUTPUT!: da72e9adb637
UVM_INFO out_mon.sv(31) @ 33639911: uvm_test_top.env0.out_mon_h [OUT_MON] GOT AN OUTPUT!: 7501601b5a7c
UVM_INFO out_mon.sv(31) @ 33644891: uvm_test_top.env0.out_mon_h [OUT_MON] GOT AN OUTPUT!: ac84efdcc435
UVM_INFO out_mon.sv(31) @ 33649871: uvm_test_top.env0.out_mon_h [OUT_MON] GOT AN OUTPUT!: 8b6cf976c276
UVM_INFO out_mon.sv(31) @ 33654851: uvm_test_top.env0.out_mon_h [OUT_MON] GOT AN OUTPUT!: 2294cc0e943e
UVM_INFO out_mon.sv(31) @ 33659831: uvm_test_top.env0.out_mon_h [OUT_MON] GOT AN OUTPUT!: 52265ea56069
UVM_INFO out_mon.sv(31) @ 33664811: uvm_test_top.env0.out_mon_h [OUT_MON] GOT AN OUTPUT!: 3571d8da8099
UVM_INFO out_mon.sv(31) @ 33669791: uvm_test_top.env0.out_mon_h [OUT_MON] GOT AN OUTPUT!: a9d6434ceed4
UVM_INFO out_mon.sv(31) @ 33674771: uvm_test_top.env0.out_mon_h [OUT_MON] GOT AN OUTPUT!: 28a3ea73a206
UVM_INFO out_mon.sv(31) @ 33679751: uvm_test_top.env0.out_mon_h [OUT_MON] GOT AN OUTPUT!: ebec8784ec95
UVM_INFO out_mon.sv(31) @ 33684731: uvm_test_top.env0.out_mon_h [OUT_MON] GOT AN OUTPUT!: 1678aec4d8af
UVM_INFO out_mon.sv(31) @ 33689711: uvm_test_top.env0.out_mon_h [OUT_MON] GOT AN OUTPUT!: 56943e529220
UVM_INFO out_mon.sv(31) @ 33694691: uvm_test_top.env0.out_mon_h [OUT_MON] GOT AN OUTPUT!: 3bfdaa4cc18e
UVM_INFO out_mon.sv(31) @ 33699671: uvm_test_top.env0.out_mon_h [OUT_MON] GOT AN OUTPUT!: 38b878e4e1a1
UVM_INFO out_mon.sv(31) @ 33704651: uvm_test_top.env0.out_mon_h [OUT_MON] GOT AN OUTPUT!: 04fb8ab9b3fd
UVM_INFO out_mon.sv(31) @ 33709631: uvm_test_top.env0.out_mon_h [OUT_MON] GOT AN OUTPUT!: de0431908e65
UVM_INFO out_mon.sv(31) @ 33714611: uvm_test_top.env0.out_mon_h [OUT_MON] GOT AN OUTPUT!: d800c345cca0
UVM_INFO out_mon.sv(31) @ 33719591: uvm_test_top.env0.out_mon_h [OUT_MON] GOT AN OUTPUT!: 3ae53a8c1b93
UVM_INFO out_mon.sv(31) @ 33724571: uvm_test_top.env0.out_mon_h [OUT_MON] GOT AN OUTPUT!: a25937d2e86b
UVM_INFO out_mon.sv(31) @ 33729551: uvm_test_top.env0.out_mon_h [OUT_MON] GOT AN OUTPUT!: 58876e6bc1ac
UVM_INFO out_mon.sv(31) @ 33734531: uvm_test_top.env0.out_mon_h [OUT_MON] GOT AN OUTPUT!: 240fd8c6a7f5
UVM_INFO out_mon.sv(31) @ 33739511: uvm_test_top.env0.out_mon_h [OUT_MON] GOT AN OUTPUT!: 80d7195d7dc4
UVM_INFO out_mon.sv(31) @ 33744491: uvm_test_top.env0.out_mon_h [OUT_MON] GOT AN OUTPUT!: fbf0fda660d3
UVM_INFO out_mon.sv(31) @ 33749471: uvm_test_top.env0.out_mon_h [OUT_MON] GOT AN OUTPUT!: 2a7cd6250aea
UVM_INFO out_mon.sv(31) @ 33754451: uvm_test_top.env0.out_mon_h [OUT_MON] GOT AN OUTPUT!: 738970733032
UVM_INFO out_mon.sv(31) @ 33759431: uvm_test_top.env0.out_mon_h [OUT_MON] GOT AN OUTPUT!: a4ead3d7e5c1
UVM_INFO out_mon.sv(31) @ 33764411: uvm_test_top.env0.out_mon_h [OUT_MON] GOT AN OUTPUT!: 0b25cec5f56d
UVM_INFO out_mon.sv(31) @ 33769391: uvm_test_top.env0.out_mon_h [OUT_MON] GOT AN OUTPUT!: 8446bb594bbe
UVM_INFO out_mon.sv(31) @ 33774371: uvm_test_top.env0.out_mon_h [OUT_MON] GOT AN OUTPUT!: c5cd57ab48c9
UVM_INFO out_mon.sv(31) @ 33779351: uvm_test_top.env0.out_mon_h [OUT_MON] GOT AN OUTPUT!: cd812f9634fb
UVM_INFO out_mon.sv(31) @ 33784331: uvm_test_top.env0.out_mon_h [OUT_MON] GOT AN OUTPUT!: 3552ca3f8a22
UVM_INFO out_mon.sv(31) @ 33789311: uvm_test_top.env0.out_mon_h [OUT_MON] GOT AN OUTPUT!: e24323816121
UVM_INFO out_mon.sv(31) @ 33794291: uvm_test_top.env0.out_mon_h [OUT_MON] GOT AN OUTPUT!: 463d520ad0b4
UVM_INFO out_mon.sv(31) @ 33799271: uvm_test_top.env0.out_mon_h [OUT_MON] GOT AN OUTPUT!: 2cfaeecf4d5f
UVM_INFO out_mon.sv(31) @ 33804251: uvm_test_top.env0.out_mon_h [OUT_MON] GOT AN OUTPUT!: cbdb331cfcb8
UVM_INFO out_mon.sv(31) @ 33809231: uvm_test_top.env0.out_mon_h [OUT_MON] GOT AN OUTPUT!: 8cd26f7230e4
UVM_INFO out_mon.sv(31) @ 33814211: uvm_test_top.env0.out_mon_h [OUT_MON] GOT AN OUTPUT!: cc393fe9a917
UVM_INFO out_mon.sv(31) @ 33819191: uvm_test_top.env0.out_mon_h [OUT_MON] GOT AN OUTPUT!: 81b71dd608d1
UVM_INFO out_mon.sv(31) @ 33824171: uvm_test_top.env0.out_mon_h [OUT_MON] GOT AN OUTPUT!: 8c21b3e430e1
UVM_INFO out_mon.sv(31) @ 33829151: uvm_test_top.env0.out_mon_h [OUT_MON] GOT AN OUTPUT!: 185456dc9421
UVM_INFO out_mon.sv(31) @ 33834131: uvm_test_top.env0.out_mon_h [OUT_MON] GOT AN OUTPUT!: 5b1e8edbafc1
UVM_INFO out_mon.sv(31) @ 33839111: uvm_test_top.env0.out_mon_h [OUT_MON] GOT AN OUTPUT!: 9617c9994f7f
UVM_INFO out_mon.sv(31) @ 33844091: uvm_test_top.env0.out_mon_h [OUT_MON] GOT AN OUTPUT!: 1f7f0617002e
UVM_INFO out_mon.sv(31) @ 33849071: uvm_test_top.env0.out_mon_h [OUT_MON] GOT AN OUTPUT!: e5294fcd7079
UVM_INFO out_mon.sv(31) @ 33854051: uvm_test_top.env0.out_mon_h [OUT_MON] GOT AN OUTPUT!: a24f1d30c386
UVM_INFO out_mon.sv(31) @ 33859031: uvm_test_top.env0.out_mon_h [OUT_MON] GOT AN OUTPUT!: c0791323fb18
UVM_INFO out_mon.sv(31) @ 33864011: uvm_test_top.env0.out_mon_h [OUT_MON] GOT AN OUTPUT!: 9b5809b351d7
UVM_INFO out_mon.sv(31) @ 33868991: uvm_test_top.env0.out_mon_h [OUT_MON] GOT AN OUTPUT!: 9fb0532da440
UVM_INFO out_mon.sv(31) @ 33873971: uvm_test_top.env0.out_mon_h [OUT_MON] GOT AN OUTPUT!: 7d2b7074c680
UVM_INFO out_mon.sv(31) @ 33878951: uvm_test_top.env0.out_mon_h [OUT_MON] GOT AN OUTPUT!: 633ea21cece6
UVM_INFO out_mon.sv(31) @ 33883931: uvm_test_top.env0.out_mon_h [OUT_MON] GOT AN OUTPUT!: 010f22b30071
UVM_INFO out_mon.sv(31) @ 33888911: uvm_test_top.env0.out_mon_h [OUT_MON] GOT AN OUTPUT!: c04cfb420f82
UVM_INFO out_mon.sv(31) @ 33893891: uvm_test_top.env0.out_mon_h [OUT_MON] GOT AN OUTPUT!: 731052ef9a31
UVM_INFO out_mon.sv(31) @ 33898871: uvm_test_top.env0.out_mon_h [OUT_MON] GOT AN OUTPUT!: 6cc7764706c2
UVM_INFO out_mon.sv(31) @ 33903851: uvm_test_top.env0.out_mon_h [OUT_MON] GOT AN OUTPUT!: bdff0b8bef79
UVM_INFO out_mon.sv(31) @ 33908831: uvm_test_top.env0.out_mon_h [OUT_MON] GOT AN OUTPUT!: 0b5a0a2b91ec
UVM_INFO out_mon.sv(31) @ 33913811: uvm_test_top.env0.out_mon_h [OUT_MON] GOT AN OUTPUT!: 3763ca251d7e
UVM_INFO out_mon.sv(31) @ 33918791: uvm_test_top.env0.out_mon_h [OUT_MON] GOT AN OUTPUT!: d7721b0126ee
UVM_INFO out_mon.sv(31) @ 33923771: uvm_test_top.env0.out_mon_h [OUT_MON] GOT AN OUTPUT!: 2b8b00affcc3
UVM_INFO out_mon.sv(31) @ 33928751: uvm_test_top.env0.out_mon_h [OUT_MON] GOT AN OUTPUT!: 113a4a670990
UVM_INFO out_mon.sv(31) @ 33933731: uvm_test_top.env0.out_mon_h [OUT_MON] GOT AN OUTPUT!: 298178552c8e
UVM_INFO out_mon.sv(31) @ 33938711: uvm_test_top.env0.out_mon_h [OUT_MON] GOT AN OUTPUT!: 29a13cc62ec7
UVM_INFO out_mon.sv(31) @ 33943691: uvm_test_top.env0.out_mon_h [OUT_MON] GOT AN OUTPUT!: 0f10460d09cc
UVM_INFO out_mon.sv(31) @ 33948671: uvm_test_top.env0.out_mon_h [OUT_MON] GOT AN OUTPUT!: ae4fd34d5690
UVM_INFO out_mon.sv(31) @ 33953651: uvm_test_top.env0.out_mon_h [OUT_MON] GOT AN OUTPUT!: d4c851fbac8d
UVM_INFO out_mon.sv(31) @ 33958631: uvm_test_top.env0.out_mon_h [OUT_MON] GOT AN OUTPUT!: f5b295acfc63
UVM_INFO out_mon.sv(31) @ 33963611: uvm_test_top.env0.out_mon_h [OUT_MON] GOT AN OUTPUT!: 19f3188cf4e5
UVM_INFO out_mon.sv(31) @ 33968591: uvm_test_top.env0.out_mon_h [OUT_MON] GOT AN OUTPUT!: 8af7ad935da1
UVM_INFO out_mon.sv(31) @ 33973571: uvm_test_top.env0.out_mon_h [OUT_MON] GOT AN OUTPUT!: 709bba507d48
UVM_INFO out_mon.sv(31) @ 33978551: uvm_test_top.env0.out_mon_h [OUT_MON] GOT AN OUTPUT!: 5a064ae87301
UVM_INFO out_mon.sv(31) @ 33983531: uvm_test_top.env0.out_mon_h [OUT_MON] GOT AN OUTPUT!: 698ef2959e45
UVM_INFO out_mon.sv(31) @ 33988511: uvm_test_top.env0.out_mon_h [OUT_MON] GOT AN OUTPUT!: 9b91d1c9fb73
UVM_INFO out_mon.sv(31) @ 33993491: uvm_test_top.env0.out_mon_h [OUT_MON] GOT AN OUTPUT!: 605802c77aab
UVM_INFO out_mon.sv(31) @ 33998471: uvm_test_top.env0.out_mon_h [OUT_MON] GOT AN OUTPUT!: 80fe95477066
UVM_INFO out_mon.sv(31) @ 34003451: uvm_test_top.env0.out_mon_h [OUT_MON] GOT AN OUTPUT!: 07463e88e8f7
UVM_INFO out_mon.sv(31) @ 34008431: uvm_test_top.env0.out_mon_h [OUT_MON] GOT AN OUTPUT!: a07f8fde0efb
UVM_INFO out_mon.sv(31) @ 34013411: uvm_test_top.env0.out_mon_h [OUT_MON] GOT AN OUTPUT!: b3623d908623
UVM_INFO out_mon.sv(31) @ 34018391: uvm_test_top.env0.out_mon_h [OUT_MON] GOT AN OUTPUT!: 20f9dab4d30f
UVM_INFO out_mon.sv(31) @ 34023371: uvm_test_top.env0.out_mon_h [OUT_MON] GOT AN OUTPUT!: 68795844b1a8
UVM_INFO out_mon.sv(31) @ 34028351: uvm_test_top.env0.out_mon_h [OUT_MON] GOT AN OUTPUT!: a61e4f987a97
UVM_INFO out_mon.sv(31) @ 34033331: uvm_test_top.env0.out_mon_h [OUT_MON] GOT AN OUTPUT!: a5157f1783da
UVM_INFO out_mon.sv(31) @ 34038311: uvm_test_top.env0.out_mon_h [OUT_MON] GOT AN OUTPUT!: fc571db77f4b
UVM_INFO out_mon.sv(31) @ 34043291: uvm_test_top.env0.out_mon_h [OUT_MON] GOT AN OUTPUT!: ee8503a2d959
UVM_INFO out_mon.sv(31) @ 34048271: uvm_test_top.env0.out_mon_h [OUT_MON] GOT AN OUTPUT!: 84d0b51e1c14
UVM_INFO out_mon.sv(31) @ 34053251: uvm_test_top.env0.out_mon_h [OUT_MON] GOT AN OUTPUT!: 1cd578844fd9
UVM_INFO out_mon.sv(31) @ 34058231: uvm_test_top.env0.out_mon_h [OUT_MON] GOT AN OUTPUT!: 6176d4f25131
UVM_INFO out_mon.sv(31) @ 34063211: uvm_test_top.env0.out_mon_h [OUT_MON] GOT AN OUTPUT!: 66ce2cf93fe9
UVM_INFO out_mon.sv(31) @ 34068191: uvm_test_top.env0.out_mon_h [OUT_MON] GOT AN OUTPUT!: 60f6226fd598
UVM_INFO out_mon.sv(31) @ 34073171: uvm_test_top.env0.out_mon_h [OUT_MON] GOT AN OUTPUT!: 2dfe6e3ac904
UVM_INFO out_mon.sv(31) @ 34078151: uvm_test_top.env0.out_mon_h [OUT_MON] GOT AN OUTPUT!: aaba17a42979
UVM_INFO out_mon.sv(31) @ 34083131: uvm_test_top.env0.out_mon_h [OUT_MON] GOT AN OUTPUT!: 8ab11999c48b
UVM_INFO out_mon.sv(31) @ 34088111: uvm_test_top.env0.out_mon_h [OUT_MON] GOT AN OUTPUT!: 2af09cea8769
UVM_INFO out_mon.sv(31) @ 34093091: uvm_test_top.env0.out_mon_h [OUT_MON] GOT AN OUTPUT!: 97f2995ad1fc
UVM_INFO out_mon.sv(31) @ 34098071: uvm_test_top.env0.out_mon_h [OUT_MON] GOT AN OUTPUT!: be823527e92e
UVM_INFO out_mon.sv(31) @ 34103051: uvm_test_top.env0.out_mon_h [OUT_MON] GOT AN OUTPUT!: 7f8ff052480c
UVM_INFO out_mon.sv(31) @ 34108031: uvm_test_top.env0.out_mon_h [OUT_MON] GOT AN OUTPUT!: 1f1d0ac70c91
UVM_INFO out_mon.sv(31) @ 34113011: uvm_test_top.env0.out_mon_h [OUT_MON] GOT AN OUTPUT!: 4612dc4049dc
UVM_INFO out_mon.sv(31) @ 34117991: uvm_test_top.env0.out_mon_h [OUT_MON] GOT AN OUTPUT!: 8f2aa9746e4a
UVM_INFO out_mon.sv(31) @ 34122971: uvm_test_top.env0.out_mon_h [OUT_MON] GOT AN OUTPUT!: 56c8aaecad0b
UVM_INFO out_mon.sv(31) @ 34127951: uvm_test_top.env0.out_mon_h [OUT_MON] GOT AN OUTPUT!: 45dbdc9a4a67
UVM_INFO out_mon.sv(31) @ 34132931: uvm_test_top.env0.out_mon_h [OUT_MON] GOT AN OUTPUT!: cfbee30310d8
UVM_INFO out_mon.sv(31) @ 34137911: uvm_test_top.env0.out_mon_h [OUT_MON] GOT AN OUTPUT!: 9b19699c9d2d
UVM_INFO out_mon.sv(31) @ 34142891: uvm_test_top.env0.out_mon_h [OUT_MON] GOT AN OUTPUT!: 8dbc55aece03
UVM_INFO out_mon.sv(31) @ 34147871: uvm_test_top.env0.out_mon_h [OUT_MON] GOT AN OUTPUT!: f38c0dd520f5
UVM_INFO out_mon.sv(31) @ 34152851: uvm_test_top.env0.out_mon_h [OUT_MON] GOT AN OUTPUT!: f8529bf706bb
UVM_INFO out_mon.sv(31) @ 34157831: uvm_test_top.env0.out_mon_h [OUT_MON] GOT AN OUTPUT!: 6ca79c4f50ee
UVM_INFO out_mon.sv(31) @ 34162811: uvm_test_top.env0.out_mon_h [OUT_MON] GOT AN OUTPUT!: 8dcdc3da9139
UVM_INFO out_mon.sv(31) @ 34167791: uvm_test_top.env0.out_mon_h [OUT_MON] GOT AN OUTPUT!: 489286446c42
UVM_INFO out_mon.sv(31) @ 34172771: uvm_test_top.env0.out_mon_h [OUT_MON] GOT AN OUTPUT!: 2f35102c0b4c
UVM_INFO out_mon.sv(31) @ 34177751: uvm_test_top.env0.out_mon_h [OUT_MON] GOT AN OUTPUT!: 1a3aae576c9a
UVM_INFO out_mon.sv(31) @ 34182731: uvm_test_top.env0.out_mon_h [OUT_MON] GOT AN OUTPUT!: 2c57962dd090
UVM_INFO out_mon.sv(31) @ 34187711: uvm_test_top.env0.out_mon_h [OUT_MON] GOT AN OUTPUT!: b14bdf911075
UVM_INFO out_mon.sv(31) @ 34192691: uvm_test_top.env0.out_mon_h [OUT_MON] GOT AN OUTPUT!: 0fc0a4edfe83
UVM_INFO out_mon.sv(31) @ 34197671: uvm_test_top.env0.out_mon_h [OUT_MON] GOT AN OUTPUT!: c631bd1bd146
UVM_INFO out_mon.sv(31) @ 34202651: uvm_test_top.env0.out_mon_h [OUT_MON] GOT AN OUTPUT!: 2abdaa627132
UVM_INFO out_mon.sv(31) @ 34207631: uvm_test_top.env0.out_mon_h [OUT_MON] GOT AN OUTPUT!: 661484bfeadd
UVM_INFO out_mon.sv(31) @ 34212611: uvm_test_top.env0.out_mon_h [OUT_MON] GOT AN OUTPUT!: e156ad44c2b2
UVM_INFO out_mon.sv(31) @ 34217591: uvm_test_top.env0.out_mon_h [OUT_MON] GOT AN OUTPUT!: 1ee9741f5b06
UVM_INFO out_mon.sv(31) @ 34222571: uvm_test_top.env0.out_mon_h [OUT_MON] GOT AN OUTPUT!: b65ddfae4f25
UVM_INFO out_mon.sv(31) @ 34227551: uvm_test_top.env0.out_mon_h [OUT_MON] GOT AN OUTPUT!: eb5539b1dbdb
UVM_INFO out_mon.sv(31) @ 34232531: uvm_test_top.env0.out_mon_h [OUT_MON] GOT AN OUTPUT!: 17587274347c
UVM_INFO out_mon.sv(31) @ 34237511: uvm_test_top.env0.out_mon_h [OUT_MON] GOT AN OUTPUT!: dec43780eac7
UVM_INFO out_mon.sv(31) @ 34242491: uvm_test_top.env0.out_mon_h [OUT_MON] GOT AN OUTPUT!: e89845434cb4
UVM_INFO out_mon.sv(31) @ 34247471: uvm_test_top.env0.out_mon_h [OUT_MON] GOT AN OUTPUT!: 9165fba3c3a5
UVM_INFO out_mon.sv(31) @ 34252451: uvm_test_top.env0.out_mon_h [OUT_MON] GOT AN OUTPUT!: d1277f7c34ba
UVM_INFO out_mon.sv(31) @ 34257431: uvm_test_top.env0.out_mon_h [OUT_MON] GOT AN OUTPUT!: 4c22bc7b6302
UVM_INFO out_mon.sv(31) @ 34262411: uvm_test_top.env0.out_mon_h [OUT_MON] GOT AN OUTPUT!: 46cea8cf49c3
UVM_INFO out_mon.sv(31) @ 34267391: uvm_test_top.env0.out_mon_h [OUT_MON] GOT AN OUTPUT!: f4a941ae83ef
UVM_INFO out_mon.sv(31) @ 34272371: uvm_test_top.env0.out_mon_h [OUT_MON] GOT AN OUTPUT!: 5a1f6898a437
UVM_INFO out_mon.sv(31) @ 34277351: uvm_test_top.env0.out_mon_h [OUT_MON] GOT AN OUTPUT!: b964f9e5a159
UVM_INFO out_mon.sv(31) @ 34282331: uvm_test_top.env0.out_mon_h [OUT_MON] GOT AN OUTPUT!: 426178fc24fb
UVM_INFO out_mon.sv(31) @ 34287311: uvm_test_top.env0.out_mon_h [OUT_MON] GOT AN OUTPUT!: 7d81a646f872
UVM_INFO out_mon.sv(31) @ 34292291: uvm_test_top.env0.out_mon_h [OUT_MON] GOT AN OUTPUT!: a9a0dfc1654d
UVM_INFO out_mon.sv(31) @ 34297271: uvm_test_top.env0.out_mon_h [OUT_MON] GOT AN OUTPUT!: 04e97ab28707
UVM_INFO out_mon.sv(31) @ 34302251: uvm_test_top.env0.out_mon_h [OUT_MON] GOT AN OUTPUT!: b8ac17efbedb
UVM_INFO out_mon.sv(31) @ 34307231: uvm_test_top.env0.out_mon_h [OUT_MON] GOT AN OUTPUT!: e04be5be0653
UVM_INFO out_mon.sv(31) @ 34312211: uvm_test_top.env0.out_mon_h [OUT_MON] GOT AN OUTPUT!: e30e2f2a536a
UVM_INFO out_mon.sv(31) @ 34317191: uvm_test_top.env0.out_mon_h [OUT_MON] GOT AN OUTPUT!: 19111270f23a
UVM_INFO out_mon.sv(31) @ 34322171: uvm_test_top.env0.out_mon_h [OUT_MON] GOT AN OUTPUT!: 731282cbf8a5
UVM_INFO out_mon.sv(31) @ 34327151: uvm_test_top.env0.out_mon_h [OUT_MON] GOT AN OUTPUT!: 9d673fc08a69
UVM_INFO out_mon.sv(31) @ 34332131: uvm_test_top.env0.out_mon_h [OUT_MON] GOT AN OUTPUT!: d5c71bc34e69
UVM_INFO out_mon.sv(31) @ 34337111: uvm_test_top.env0.out_mon_h [OUT_MON] GOT AN OUTPUT!: 6c3af0cbc64d
UVM_INFO out_mon.sv(31) @ 34342091: uvm_test_top.env0.out_mon_h [OUT_MON] GOT AN OUTPUT!: a6f65f2eb12e
UVM_INFO out_mon.sv(31) @ 34347071: uvm_test_top.env0.out_mon_h [OUT_MON] GOT AN OUTPUT!: 81363dd76465
UVM_INFO out_mon.sv(31) @ 34352051: uvm_test_top.env0.out_mon_h [OUT_MON] GOT AN OUTPUT!: 7d2a14b83bd5
UVM_INFO out_mon.sv(31) @ 34357031: uvm_test_top.env0.out_mon_h [OUT_MON] GOT AN OUTPUT!: 80c91309e2da
UVM_INFO out_mon.sv(31) @ 34362011: uvm_test_top.env0.out_mon_h [OUT_MON] GOT AN OUTPUT!: 75b362b1c98d
UVM_INFO out_mon.sv(31) @ 34366991: uvm_test_top.env0.out_mon_h [OUT_MON] GOT AN OUTPUT!: 241bd4e778d9
UVM_INFO out_mon.sv(31) @ 34371971: uvm_test_top.env0.out_mon_h [OUT_MON] GOT AN OUTPUT!: 809ad9f0f605
UVM_INFO out_mon.sv(31) @ 34376951: uvm_test_top.env0.out_mon_h [OUT_MON] GOT AN OUTPUT!: 6519168e23b3
UVM_INFO out_mon.sv(31) @ 34381931: uvm_test_top.env0.out_mon_h [OUT_MON] GOT AN OUTPUT!: 6cab206b1faa
UVM_INFO out_mon.sv(31) @ 34386911: uvm_test_top.env0.out_mon_h [OUT_MON] GOT AN OUTPUT!: 6a70e8b1a01f
UVM_INFO out_mon.sv(31) @ 34391891: uvm_test_top.env0.out_mon_h [OUT_MON] GOT AN OUTPUT!: b3746b91611f
UVM_INFO out_mon.sv(31) @ 34396871: uvm_test_top.env0.out_mon_h [OUT_MON] GOT AN OUTPUT!: 338d6e576dba
UVM_INFO out_mon.sv(31) @ 34401851: uvm_test_top.env0.out_mon_h [OUT_MON] GOT AN OUTPUT!: 053e346c94ae
UVM_INFO out_mon.sv(31) @ 34406831: uvm_test_top.env0.out_mon_h [OUT_MON] GOT AN OUTPUT!: 04983052c01e
UVM_INFO out_mon.sv(31) @ 34411811: uvm_test_top.env0.out_mon_h [OUT_MON] GOT AN OUTPUT!: 9518717959f0
UVM_INFO out_mon.sv(31) @ 34416791: uvm_test_top.env0.out_mon_h [OUT_MON] GOT AN OUTPUT!: 9282f3809c99
UVM_INFO out_mon.sv(31) @ 34421771: uvm_test_top.env0.out_mon_h [OUT_MON] GOT AN OUTPUT!: 24ccca440950
UVM_INFO out_mon.sv(31) @ 34426751: uvm_test_top.env0.out_mon_h [OUT_MON] GOT AN OUTPUT!: eef673c3b8f5
UVM_INFO out_mon.sv(31) @ 34431731: uvm_test_top.env0.out_mon_h [OUT_MON] GOT AN OUTPUT!: d0e9ebc4c0b5
UVM_INFO out_mon.sv(31) @ 34436711: uvm_test_top.env0.out_mon_h [OUT_MON] GOT AN OUTPUT!: 345cd8c09353
UVM_INFO out_mon.sv(31) @ 34441691: uvm_test_top.env0.out_mon_h [OUT_MON] GOT AN OUTPUT!: 9cb68f7b5c04
UVM_INFO out_mon.sv(31) @ 34446671: uvm_test_top.env0.out_mon_h [OUT_MON] GOT AN OUTPUT!: f1e53559667e
UVM_INFO out_mon.sv(31) @ 34451651: uvm_test_top.env0.out_mon_h [OUT_MON] GOT AN OUTPUT!: be43534b77b0
UVM_INFO out_mon.sv(31) @ 34456631: uvm_test_top.env0.out_mon_h [OUT_MON] GOT AN OUTPUT!: 5778feea31c3
UVM_INFO out_mon.sv(31) @ 34461611: uvm_test_top.env0.out_mon_h [OUT_MON] GOT AN OUTPUT!: aa5bf7186f0e
UVM_INFO out_mon.sv(31) @ 34466591: uvm_test_top.env0.out_mon_h [OUT_MON] GOT AN OUTPUT!: 21c7b244acb8
UVM_INFO out_mon.sv(31) @ 34471571: uvm_test_top.env0.out_mon_h [OUT_MON] GOT AN OUTPUT!: e08813215dae
UVM_INFO out_mon.sv(31) @ 34476551: uvm_test_top.env0.out_mon_h [OUT_MON] GOT AN OUTPUT!: 4638a66c54ee
UVM_INFO out_mon.sv(31) @ 34481531: uvm_test_top.env0.out_mon_h [OUT_MON] GOT AN OUTPUT!: 771aea1d206a
UVM_INFO out_mon.sv(31) @ 34486511: uvm_test_top.env0.out_mon_h [OUT_MON] GOT AN OUTPUT!: 5efc4212690c
UVM_INFO out_mon.sv(31) @ 34491491: uvm_test_top.env0.out_mon_h [OUT_MON] GOT AN OUTPUT!: 671b64165262
UVM_INFO out_mon.sv(31) @ 34496471: uvm_test_top.env0.out_mon_h [OUT_MON] GOT AN OUTPUT!: d6fb83d1e03b
UVM_INFO out_mon.sv(31) @ 34501451: uvm_test_top.env0.out_mon_h [OUT_MON] GOT AN OUTPUT!: 9854d10751a2
UVM_INFO out_mon.sv(31) @ 34506431: uvm_test_top.env0.out_mon_h [OUT_MON] GOT AN OUTPUT!: d5e4212b7a74
UVM_INFO out_mon.sv(31) @ 34511411: uvm_test_top.env0.out_mon_h [OUT_MON] GOT AN OUTPUT!: ad56873636a6
UVM_INFO out_mon.sv(31) @ 34516391: uvm_test_top.env0.out_mon_h [OUT_MON] GOT AN OUTPUT!: ec212f41b38a
UVM_INFO out_mon.sv(31) @ 34521371: uvm_test_top.env0.out_mon_h [OUT_MON] GOT AN OUTPUT!: 8f6bfb50e178
UVM_INFO out_mon.sv(31) @ 34526351: uvm_test_top.env0.out_mon_h [OUT_MON] GOT AN OUTPUT!: 7edf8c54c484
UVM_INFO out_mon.sv(31) @ 34531331: uvm_test_top.env0.out_mon_h [OUT_MON] GOT AN OUTPUT!: ba9c5f48e89a
UVM_INFO out_mon.sv(31) @ 34536311: uvm_test_top.env0.out_mon_h [OUT_MON] GOT AN OUTPUT!: f40afdfeac2b
UVM_INFO out_mon.sv(31) @ 34541291: uvm_test_top.env0.out_mon_h [OUT_MON] GOT AN OUTPUT!: 49ba6eefaf79
UVM_INFO out_mon.sv(31) @ 34546271: uvm_test_top.env0.out_mon_h [OUT_MON] GOT AN OUTPUT!: 9e4c492f2750
UVM_INFO out_mon.sv(31) @ 34551251: uvm_test_top.env0.out_mon_h [OUT_MON] GOT AN OUTPUT!: c24e6f524ba2
UVM_INFO out_mon.sv(31) @ 34556231: uvm_test_top.env0.out_mon_h [OUT_MON] GOT AN OUTPUT!: 69142ce7aeb7
UVM_INFO out_mon.sv(31) @ 34561211: uvm_test_top.env0.out_mon_h [OUT_MON] GOT AN OUTPUT!: a0a411d59d69
UVM_INFO out_mon.sv(31) @ 34566191: uvm_test_top.env0.out_mon_h [OUT_MON] GOT AN OUTPUT!: 448e84b77e31
UVM_INFO out_mon.sv(31) @ 34571171: uvm_test_top.env0.out_mon_h [OUT_MON] GOT AN OUTPUT!: a3cb33123c46
UVM_INFO out_mon.sv(31) @ 34576151: uvm_test_top.env0.out_mon_h [OUT_MON] GOT AN OUTPUT!: 51a47af797c3
UVM_INFO out_mon.sv(31) @ 34581131: uvm_test_top.env0.out_mon_h [OUT_MON] GOT AN OUTPUT!: d98c33708892
UVM_INFO out_mon.sv(31) @ 34586111: uvm_test_top.env0.out_mon_h [OUT_MON] GOT AN OUTPUT!: ce0219c6af6f
UVM_INFO out_mon.sv(31) @ 34591091: uvm_test_top.env0.out_mon_h [OUT_MON] GOT AN OUTPUT!: 6a73da849def
UVM_INFO out_mon.sv(31) @ 34596071: uvm_test_top.env0.out_mon_h [OUT_MON] GOT AN OUTPUT!: c01517c5457b
UVM_INFO out_mon.sv(31) @ 34601051: uvm_test_top.env0.out_mon_h [OUT_MON] GOT AN OUTPUT!: 25cc7c2a54f6
UVM_INFO out_mon.sv(31) @ 34606031: uvm_test_top.env0.out_mon_h [OUT_MON] GOT AN OUTPUT!: 6308329194c7
UVM_INFO out_mon.sv(31) @ 34611011: uvm_test_top.env0.out_mon_h [OUT_MON] GOT AN OUTPUT!: cda765614a88
UVM_INFO out_mon.sv(31) @ 34615991: uvm_test_top.env0.out_mon_h [OUT_MON] GOT AN OUTPUT!: 52cbf8039a16
UVM_INFO out_mon.sv(31) @ 34620971: uvm_test_top.env0.out_mon_h [OUT_MON] GOT AN OUTPUT!: 22c932e8de59
UVM_INFO out_mon.sv(31) @ 34625951: uvm_test_top.env0.out_mon_h [OUT_MON] GOT AN OUTPUT!: 78034c2910d0
UVM_INFO out_mon.sv(31) @ 34630931: uvm_test_top.env0.out_mon_h [OUT_MON] GOT AN OUTPUT!: b0c51d9c29ff
UVM_INFO out_mon.sv(31) @ 34635911: uvm_test_top.env0.out_mon_h [OUT_MON] GOT AN OUTPUT!: b4238b01772e
UVM_INFO out_mon.sv(31) @ 34640891: uvm_test_top.env0.out_mon_h [OUT_MON] GOT AN OUTPUT!: 59e0e88e0937
UVM_INFO out_mon.sv(31) @ 34645871: uvm_test_top.env0.out_mon_h [OUT_MON] GOT AN OUTPUT!: 4d519afa0745
UVM_INFO out_mon.sv(31) @ 34650851: uvm_test_top.env0.out_mon_h [OUT_MON] GOT AN OUTPUT!: a32c71e5179d
UVM_INFO out_mon.sv(31) @ 34655831: uvm_test_top.env0.out_mon_h [OUT_MON] GOT AN OUTPUT!: 1a7cc829bbf8
UVM_INFO out_mon.sv(31) @ 34660811: uvm_test_top.env0.out_mon_h [OUT_MON] GOT AN OUTPUT!: c0738977b18a
UVM_INFO out_mon.sv(31) @ 34665791: uvm_test_top.env0.out_mon_h [OUT_MON] GOT AN OUTPUT!: 6f51c64d502c
UVM_INFO out_mon.sv(31) @ 34670771: uvm_test_top.env0.out_mon_h [OUT_MON] GOT AN OUTPUT!: 60403027f34e
UVM_INFO out_mon.sv(31) @ 34675751: uvm_test_top.env0.out_mon_h [OUT_MON] GOT AN OUTPUT!: c83ba583445b
UVM_INFO out_mon.sv(31) @ 34680731: uvm_test_top.env0.out_mon_h [OUT_MON] GOT AN OUTPUT!: 37e0c0ffb983
UVM_INFO out_mon.sv(31) @ 34685711: uvm_test_top.env0.out_mon_h [OUT_MON] GOT AN OUTPUT!: 366418c7d3d9
UVM_INFO out_mon.sv(31) @ 34690691: uvm_test_top.env0.out_mon_h [OUT_MON] GOT AN OUTPUT!: 4f5f260c9cb8
UVM_INFO out_mon.sv(31) @ 34695671: uvm_test_top.env0.out_mon_h [OUT_MON] GOT AN OUTPUT!: 8bbbeb30f6e4
UVM_INFO out_mon.sv(31) @ 34700651: uvm_test_top.env0.out_mon_h [OUT_MON] GOT AN OUTPUT!: 0d89c6fbfe11
UVM_INFO out_mon.sv(31) @ 34705631: uvm_test_top.env0.out_mon_h [OUT_MON] GOT AN OUTPUT!: 46ebf4ea6dd9
UVM_INFO out_mon.sv(31) @ 34710611: uvm_test_top.env0.out_mon_h [OUT_MON] GOT AN OUTPUT!: 03e81476f63e
UVM_INFO out_mon.sv(31) @ 34715591: uvm_test_top.env0.out_mon_h [OUT_MON] GOT AN OUTPUT!: 3f5e64f1b1a1
UVM_INFO out_mon.sv(31) @ 34720571: uvm_test_top.env0.out_mon_h [OUT_MON] GOT AN OUTPUT!: 7acc8a3e6554
UVM_INFO out_mon.sv(31) @ 34725551: uvm_test_top.env0.out_mon_h [OUT_MON] GOT AN OUTPUT!: 1143c291fcb9
UVM_INFO out_mon.sv(31) @ 34730531: uvm_test_top.env0.out_mon_h [OUT_MON] GOT AN OUTPUT!: bd3f0b06e1e2
UVM_INFO out_mon.sv(31) @ 34735511: uvm_test_top.env0.out_mon_h [OUT_MON] GOT AN OUTPUT!: 498474a04fd7
UVM_INFO out_mon.sv(31) @ 34740491: uvm_test_top.env0.out_mon_h [OUT_MON] GOT AN OUTPUT!: 250a4214c8ea
UVM_INFO out_mon.sv(31) @ 34745471: uvm_test_top.env0.out_mon_h [OUT_MON] GOT AN OUTPUT!: 51cf2c7764a8
UVM_INFO out_mon.sv(31) @ 34750451: uvm_test_top.env0.out_mon_h [OUT_MON] GOT AN OUTPUT!: e6be2b9839fb
UVM_INFO out_mon.sv(31) @ 34755431: uvm_test_top.env0.out_mon_h [OUT_MON] GOT AN OUTPUT!: 1c8e08b3b695
UVM_INFO out_mon.sv(31) @ 34760411: uvm_test_top.env0.out_mon_h [OUT_MON] GOT AN OUTPUT!: 9da54dc90c1f
UVM_INFO out_mon.sv(31) @ 34765391: uvm_test_top.env0.out_mon_h [OUT_MON] GOT AN OUTPUT!: 90efc7af8307
UVM_INFO out_mon.sv(31) @ 34770371: uvm_test_top.env0.out_mon_h [OUT_MON] GOT AN OUTPUT!: 97c9bbc2dfdd
UVM_INFO out_mon.sv(31) @ 34775351: uvm_test_top.env0.out_mon_h [OUT_MON] GOT AN OUTPUT!: b6dbe9bec431
UVM_INFO out_mon.sv(31) @ 34780331: uvm_test_top.env0.out_mon_h [OUT_MON] GOT AN OUTPUT!: e1f885210ffe
UVM_INFO out_mon.sv(31) @ 34785311: uvm_test_top.env0.out_mon_h [OUT_MON] GOT AN OUTPUT!: a3000f2b36c6
UVM_INFO out_mon.sv(31) @ 34790291: uvm_test_top.env0.out_mon_h [OUT_MON] GOT AN OUTPUT!: 13bfa25ab454
UVM_INFO out_mon.sv(31) @ 34795271: uvm_test_top.env0.out_mon_h [OUT_MON] GOT AN OUTPUT!: 22ca72f0589b
UVM_INFO out_mon.sv(31) @ 34800251: uvm_test_top.env0.out_mon_h [OUT_MON] GOT AN OUTPUT!: db69e9deb13b
UVM_INFO out_mon.sv(31) @ 34805231: uvm_test_top.env0.out_mon_h [OUT_MON] GOT AN OUTPUT!: 2864d03763b2
UVM_INFO out_mon.sv(31) @ 34810211: uvm_test_top.env0.out_mon_h [OUT_MON] GOT AN OUTPUT!: 49fe46ef9a03
UVM_INFO out_mon.sv(31) @ 34815191: uvm_test_top.env0.out_mon_h [OUT_MON] GOT AN OUTPUT!: f6bc9f935497
UVM_INFO out_mon.sv(31) @ 34820171: uvm_test_top.env0.out_mon_h [OUT_MON] GOT AN OUTPUT!: df52a53fd008
UVM_INFO out_mon.sv(31) @ 34825151: uvm_test_top.env0.out_mon_h [OUT_MON] GOT AN OUTPUT!: 0d7ce6fce699
UVM_INFO out_mon.sv(31) @ 34830131: uvm_test_top.env0.out_mon_h [OUT_MON] GOT AN OUTPUT!: 55eac64d6fa4
UVM_INFO out_mon.sv(31) @ 34835111: uvm_test_top.env0.out_mon_h [OUT_MON] GOT AN OUTPUT!: d513858e97cf
UVM_INFO out_mon.sv(31) @ 34840091: uvm_test_top.env0.out_mon_h [OUT_MON] GOT AN OUTPUT!: 2f16807e4fbe
UVM_INFO out_mon.sv(31) @ 34845071: uvm_test_top.env0.out_mon_h [OUT_MON] GOT AN OUTPUT!: 0aa96000a054
UVM_INFO out_mon.sv(31) @ 34850051: uvm_test_top.env0.out_mon_h [OUT_MON] GOT AN OUTPUT!: fee293fc1025
UVM_INFO out_mon.sv(31) @ 34855031: uvm_test_top.env0.out_mon_h [OUT_MON] GOT AN OUTPUT!: ec2a1fe501cf
UVM_INFO out_mon.sv(31) @ 34860011: uvm_test_top.env0.out_mon_h [OUT_MON] GOT AN OUTPUT!: 7818a4500e72
UVM_INFO out_mon.sv(31) @ 34864991: uvm_test_top.env0.out_mon_h [OUT_MON] GOT AN OUTPUT!: 244604a373a7
UVM_INFO out_mon.sv(31) @ 34869971: uvm_test_top.env0.out_mon_h [OUT_MON] GOT AN OUTPUT!: 38446ebf62ab
UVM_INFO out_mon.sv(31) @ 34874951: uvm_test_top.env0.out_mon_h [OUT_MON] GOT AN OUTPUT!: 7667863571dc
UVM_INFO out_mon.sv(31) @ 34879931: uvm_test_top.env0.out_mon_h [OUT_MON] GOT AN OUTPUT!: 53b3ce66ea5e
UVM_INFO out_mon.sv(31) @ 34884911: uvm_test_top.env0.out_mon_h [OUT_MON] GOT AN OUTPUT!: 2ab832a23a11
UVM_INFO out_mon.sv(31) @ 34889891: uvm_test_top.env0.out_mon_h [OUT_MON] GOT AN OUTPUT!: a170bf17446c
UVM_INFO out_mon.sv(31) @ 34894871: uvm_test_top.env0.out_mon_h [OUT_MON] GOT AN OUTPUT!: 3a25823ac9a6
UVM_INFO out_mon.sv(31) @ 34899851: uvm_test_top.env0.out_mon_h [OUT_MON] GOT AN OUTPUT!: c749d3f0c935
UVM_INFO out_mon.sv(31) @ 34904831: uvm_test_top.env0.out_mon_h [OUT_MON] GOT AN OUTPUT!: 3a5c2695db6d
UVM_INFO out_mon.sv(31) @ 34909811: uvm_test_top.env0.out_mon_h [OUT_MON] GOT AN OUTPUT!: 05c954bf9471
UVM_INFO out_mon.sv(31) @ 34914791: uvm_test_top.env0.out_mon_h [OUT_MON] GOT AN OUTPUT!: 09c77c4be8e4
UVM_INFO out_mon.sv(31) @ 34919771: uvm_test_top.env0.out_mon_h [OUT_MON] GOT AN OUTPUT!: c43a8f178350
UVM_INFO out_mon.sv(31) @ 34924751: uvm_test_top.env0.out_mon_h [OUT_MON] GOT AN OUTPUT!: 3b929c73307a
UVM_INFO out_mon.sv(31) @ 34929731: uvm_test_top.env0.out_mon_h [OUT_MON] GOT AN OUTPUT!: dcaa79303336
UVM_INFO out_mon.sv(31) @ 34934711: uvm_test_top.env0.out_mon_h [OUT_MON] GOT AN OUTPUT!: 43add2dbafc9
UVM_INFO out_mon.sv(31) @ 34939691: uvm_test_top.env0.out_mon_h [OUT_MON] GOT AN OUTPUT!: a7e62f80febb
UVM_INFO out_mon.sv(31) @ 34944671: uvm_test_top.env0.out_mon_h [OUT_MON] GOT AN OUTPUT!: 62bcd20b1c46
UVM_INFO out_mon.sv(31) @ 34949651: uvm_test_top.env0.out_mon_h [OUT_MON] GOT AN OUTPUT!: c979771d0026
UVM_INFO out_mon.sv(31) @ 34954631: uvm_test_top.env0.out_mon_h [OUT_MON] GOT AN OUTPUT!: 52338cf8fa5b
UVM_INFO out_mon.sv(31) @ 34959611: uvm_test_top.env0.out_mon_h [OUT_MON] GOT AN OUTPUT!: bbaedbcf1627
UVM_INFO out_mon.sv(31) @ 34964591: uvm_test_top.env0.out_mon_h [OUT_MON] GOT AN OUTPUT!: b03aed8a806d
UVM_INFO out_mon.sv(31) @ 34969571: uvm_test_top.env0.out_mon_h [OUT_MON] GOT AN OUTPUT!: 1b926af5defb
UVM_INFO out_mon.sv(31) @ 34974551: uvm_test_top.env0.out_mon_h [OUT_MON] GOT AN OUTPUT!: 2bbe6cceaeab
UVM_INFO out_mon.sv(31) @ 34979531: uvm_test_top.env0.out_mon_h [OUT_MON] GOT AN OUTPUT!: b4f1c31fb1ba
UVM_INFO out_mon.sv(31) @ 34984511: uvm_test_top.env0.out_mon_h [OUT_MON] GOT AN OUTPUT!: 706ab8fa3c47
UVM_INFO out_mon.sv(31) @ 34989491: uvm_test_top.env0.out_mon_h [OUT_MON] GOT AN OUTPUT!: 4e577e66ab00
UVM_INFO out_mon.sv(31) @ 34994471: uvm_test_top.env0.out_mon_h [OUT_MON] GOT AN OUTPUT!: d2ab6123a9ea
UVM_INFO out_mon.sv(31) @ 34999451: uvm_test_top.env0.out_mon_h [OUT_MON] GOT AN OUTPUT!: 350f888ca7b9
UVM_INFO out_mon.sv(31) @ 35004431: uvm_test_top.env0.out_mon_h [OUT_MON] GOT AN OUTPUT!: bbaccdbf2eef
UVM_INFO out_mon.sv(31) @ 35009411: uvm_test_top.env0.out_mon_h [OUT_MON] GOT AN OUTPUT!: 89258dd7442b
UVM_INFO out_mon.sv(31) @ 35014391: uvm_test_top.env0.out_mon_h [OUT_MON] GOT AN OUTPUT!: d55d5ddaca61
UVM_INFO out_mon.sv(31) @ 35019371: uvm_test_top.env0.out_mon_h [OUT_MON] GOT AN OUTPUT!: 496608abdf1b
UVM_INFO out_mon.sv(31) @ 35024351: uvm_test_top.env0.out_mon_h [OUT_MON] GOT AN OUTPUT!: f662111a3824
UVM_INFO out_mon.sv(31) @ 35029331: uvm_test_top.env0.out_mon_h [OUT_MON] GOT AN OUTPUT!: 1f5e14eb8e1f
UVM_INFO out_mon.sv(31) @ 35034311: uvm_test_top.env0.out_mon_h [OUT_MON] GOT AN OUTPUT!: ce308572f24a
UVM_INFO out_mon.sv(31) @ 35039291: uvm_test_top.env0.out_mon_h [OUT_MON] GOT AN OUTPUT!: eb5b890f33f8
UVM_INFO out_mon.sv(31) @ 35044271: uvm_test_top.env0.out_mon_h [OUT_MON] GOT AN OUTPUT!: 50ed9ea83815
UVM_INFO out_mon.sv(31) @ 35049251: uvm_test_top.env0.out_mon_h [OUT_MON] GOT AN OUTPUT!: 10629403670c
UVM_INFO out_mon.sv(31) @ 35054231: uvm_test_top.env0.out_mon_h [OUT_MON] GOT AN OUTPUT!: e387c5870385
UVM_INFO out_mon.sv(31) @ 35059211: uvm_test_top.env0.out_mon_h [OUT_MON] GOT AN OUTPUT!: 804945c489d5
UVM_INFO out_mon.sv(31) @ 35064191: uvm_test_top.env0.out_mon_h [OUT_MON] GOT AN OUTPUT!: 47a900e20e07
UVM_INFO out_mon.sv(31) @ 35069171: uvm_test_top.env0.out_mon_h [OUT_MON] GOT AN OUTPUT!: 879349baae69
UVM_INFO out_mon.sv(31) @ 35074151: uvm_test_top.env0.out_mon_h [OUT_MON] GOT AN OUTPUT!: 47c0c44dda2c
UVM_INFO out_mon.sv(31) @ 35079131: uvm_test_top.env0.out_mon_h [OUT_MON] GOT AN OUTPUT!: 599150d5bbd7
UVM_INFO out_mon.sv(31) @ 35084111: uvm_test_top.env0.out_mon_h [OUT_MON] GOT AN OUTPUT!: 22f8dc9c9fdd
UVM_INFO out_mon.sv(31) @ 35089091: uvm_test_top.env0.out_mon_h [OUT_MON] GOT AN OUTPUT!: 5c4f4669479a
UVM_INFO out_mon.sv(31) @ 35094071: uvm_test_top.env0.out_mon_h [OUT_MON] GOT AN OUTPUT!: b93c351a5612
UVM_INFO out_mon.sv(31) @ 35099051: uvm_test_top.env0.out_mon_h [OUT_MON] GOT AN OUTPUT!: 3497ecc8aecf
UVM_INFO out_mon.sv(31) @ 35104031: uvm_test_top.env0.out_mon_h [OUT_MON] GOT AN OUTPUT!: 773bf088c27b
UVM_INFO out_mon.sv(31) @ 35109011: uvm_test_top.env0.out_mon_h [OUT_MON] GOT AN OUTPUT!: 91f5f3a30c6b
UVM_INFO out_mon.sv(31) @ 35113991: uvm_test_top.env0.out_mon_h [OUT_MON] GOT AN OUTPUT!: 025c8cdb5d11
UVM_INFO out_mon.sv(31) @ 35118971: uvm_test_top.env0.out_mon_h [OUT_MON] GOT AN OUTPUT!: bab42b1f3f2a
UVM_INFO out_mon.sv(31) @ 35123951: uvm_test_top.env0.out_mon_h [OUT_MON] GOT AN OUTPUT!: a4ce7bb35f11
UVM_INFO out_mon.sv(31) @ 35128931: uvm_test_top.env0.out_mon_h [OUT_MON] GOT AN OUTPUT!: d7e5e1b7e16d
UVM_INFO out_mon.sv(31) @ 35133911: uvm_test_top.env0.out_mon_h [OUT_MON] GOT AN OUTPUT!: 797f0e9bc849
UVM_INFO out_mon.sv(31) @ 35138891: uvm_test_top.env0.out_mon_h [OUT_MON] GOT AN OUTPUT!: 014e00d74ebf
UVM_INFO out_mon.sv(31) @ 35143871: uvm_test_top.env0.out_mon_h [OUT_MON] GOT AN OUTPUT!: 5817f8055342
UVM_INFO out_mon.sv(31) @ 35148851: uvm_test_top.env0.out_mon_h [OUT_MON] GOT AN OUTPUT!: 09810e33a43a
UVM_INFO out_mon.sv(31) @ 35153831: uvm_test_top.env0.out_mon_h [OUT_MON] GOT AN OUTPUT!: 81054b027a30
UVM_INFO out_mon.sv(31) @ 35158811: uvm_test_top.env0.out_mon_h [OUT_MON] GOT AN OUTPUT!: 09c5a6eabe81
UVM_INFO out_mon.sv(31) @ 35163791: uvm_test_top.env0.out_mon_h [OUT_MON] GOT AN OUTPUT!: 09734ac37c27
UVM_INFO out_mon.sv(31) @ 35168771: uvm_test_top.env0.out_mon_h [OUT_MON] GOT AN OUTPUT!: ae26775e3990
UVM_INFO out_mon.sv(31) @ 35173751: uvm_test_top.env0.out_mon_h [OUT_MON] GOT AN OUTPUT!: 074ce6d2558d
UVM_INFO out_mon.sv(31) @ 35178731: uvm_test_top.env0.out_mon_h [OUT_MON] GOT AN OUTPUT!: 41746ecf6c0b
UVM_INFO out_mon.sv(31) @ 35183711: uvm_test_top.env0.out_mon_h [OUT_MON] GOT AN OUTPUT!: 7d41360ebe3c
UVM_INFO out_mon.sv(31) @ 35188691: uvm_test_top.env0.out_mon_h [OUT_MON] GOT AN OUTPUT!: 79391abb7b53
UVM_INFO out_mon.sv(31) @ 35193671: uvm_test_top.env0.out_mon_h [OUT_MON] GOT AN OUTPUT!: 06b9d26a3550
UVM_INFO out_mon.sv(31) @ 35198651: uvm_test_top.env0.out_mon_h [OUT_MON] GOT AN OUTPUT!: 01c0eaf73b0f
UVM_INFO out_mon.sv(31) @ 35203631: uvm_test_top.env0.out_mon_h [OUT_MON] GOT AN OUTPUT!: 43e15063f620
UVM_INFO out_mon.sv(31) @ 35208611: uvm_test_top.env0.out_mon_h [OUT_MON] GOT AN OUTPUT!: ca164f8b4a69
UVM_INFO out_mon.sv(31) @ 35213591: uvm_test_top.env0.out_mon_h [OUT_MON] GOT AN OUTPUT!: 05a6e044fd46
UVM_INFO out_mon.sv(31) @ 35218571: uvm_test_top.env0.out_mon_h [OUT_MON] GOT AN OUTPUT!: 1006745006a8
UVM_INFO out_mon.sv(31) @ 35223551: uvm_test_top.env0.out_mon_h [OUT_MON] GOT AN OUTPUT!: 39b5341c0444
UVM_INFO out_mon.sv(31) @ 35228531: uvm_test_top.env0.out_mon_h [OUT_MON] GOT AN OUTPUT!: 2c1f80498a7a
UVM_INFO out_mon.sv(31) @ 35233511: uvm_test_top.env0.out_mon_h [OUT_MON] GOT AN OUTPUT!: 9678b3798bb0
UVM_INFO out_mon.sv(31) @ 35238491: uvm_test_top.env0.out_mon_h [OUT_MON] GOT AN OUTPUT!: 1da81ec3b285
UVM_INFO out_mon.sv(31) @ 35243471: uvm_test_top.env0.out_mon_h [OUT_MON] GOT AN OUTPUT!: 071c30ebcb69
UVM_INFO out_mon.sv(31) @ 35248451: uvm_test_top.env0.out_mon_h [OUT_MON] GOT AN OUTPUT!: d6b1472e1b92
UVM_INFO out_mon.sv(31) @ 35253431: uvm_test_top.env0.out_mon_h [OUT_MON] GOT AN OUTPUT!: d78d133ac1be
UVM_INFO out_mon.sv(31) @ 35258411: uvm_test_top.env0.out_mon_h [OUT_MON] GOT AN OUTPUT!: 4804fab81dfb
UVM_INFO out_mon.sv(31) @ 35263391: uvm_test_top.env0.out_mon_h [OUT_MON] GOT AN OUTPUT!: a07743642810
UVM_INFO out_mon.sv(31) @ 35268371: uvm_test_top.env0.out_mon_h [OUT_MON] GOT AN OUTPUT!: 2d2feaacd99b
UVM_INFO out_mon.sv(31) @ 35273351: uvm_test_top.env0.out_mon_h [OUT_MON] GOT AN OUTPUT!: f344a1577ee0
UVM_INFO out_mon.sv(31) @ 35278331: uvm_test_top.env0.out_mon_h [OUT_MON] GOT AN OUTPUT!: 987dc78f26f3
UVM_INFO out_mon.sv(31) @ 35283311: uvm_test_top.env0.out_mon_h [OUT_MON] GOT AN OUTPUT!: c6258371fcba
UVM_INFO out_mon.sv(31) @ 35288291: uvm_test_top.env0.out_mon_h [OUT_MON] GOT AN OUTPUT!: 3ef932f5a5bf
UVM_INFO out_mon.sv(31) @ 35293271: uvm_test_top.env0.out_mon_h [OUT_MON] GOT AN OUTPUT!: 9ffee9baa103
UVM_INFO out_mon.sv(31) @ 35298251: uvm_test_top.env0.out_mon_h [OUT_MON] GOT AN OUTPUT!: 846ff926aeb8
UVM_INFO out_mon.sv(31) @ 35303231: uvm_test_top.env0.out_mon_h [OUT_MON] GOT AN OUTPUT!: 8484dfde2913
UVM_INFO out_mon.sv(31) @ 35308211: uvm_test_top.env0.out_mon_h [OUT_MON] GOT AN OUTPUT!: 476baa7461a8
UVM_INFO out_mon.sv(31) @ 35313191: uvm_test_top.env0.out_mon_h [OUT_MON] GOT AN OUTPUT!: a01cd3eb0da3
UVM_INFO out_mon.sv(31) @ 35318171: uvm_test_top.env0.out_mon_h [OUT_MON] GOT AN OUTPUT!: 6d3a265896a8
UVM_INFO out_mon.sv(31) @ 35323151: uvm_test_top.env0.out_mon_h [OUT_MON] GOT AN OUTPUT!: b3f73fcd8bf7
UVM_INFO out_mon.sv(31) @ 35328131: uvm_test_top.env0.out_mon_h [OUT_MON] GOT AN OUTPUT!: 2deb3850ec9c
UVM_INFO out_mon.sv(31) @ 35333111: uvm_test_top.env0.out_mon_h [OUT_MON] GOT AN OUTPUT!: 41fd7a8b9fc7
UVM_INFO out_mon.sv(31) @ 35338091: uvm_test_top.env0.out_mon_h [OUT_MON] GOT AN OUTPUT!: 2045d47abcc2
UVM_INFO out_mon.sv(31) @ 35343071: uvm_test_top.env0.out_mon_h [OUT_MON] GOT AN OUTPUT!: 78dc0c41025a
UVM_INFO out_mon.sv(31) @ 35348051: uvm_test_top.env0.out_mon_h [OUT_MON] GOT AN OUTPUT!: 05d518ef267d
UVM_INFO out_mon.sv(31) @ 35353031: uvm_test_top.env0.out_mon_h [OUT_MON] GOT AN OUTPUT!: e0015ddb36d1
UVM_INFO out_mon.sv(31) @ 35358011: uvm_test_top.env0.out_mon_h [OUT_MON] GOT AN OUTPUT!: 56e69cdf0215
UVM_INFO out_mon.sv(31) @ 35362991: uvm_test_top.env0.out_mon_h [OUT_MON] GOT AN OUTPUT!: c3961195750f
UVM_INFO out_mon.sv(31) @ 35367971: uvm_test_top.env0.out_mon_h [OUT_MON] GOT AN OUTPUT!: 8e89376eeeaa
UVM_INFO out_mon.sv(31) @ 35372951: uvm_test_top.env0.out_mon_h [OUT_MON] GOT AN OUTPUT!: 6089f234b63e
UVM_INFO out_mon.sv(31) @ 35377931: uvm_test_top.env0.out_mon_h [OUT_MON] GOT AN OUTPUT!: 3684be53470e
UVM_INFO out_mon.sv(31) @ 35382911: uvm_test_top.env0.out_mon_h [OUT_MON] GOT AN OUTPUT!: d083bb03bb6e
UVM_INFO out_mon.sv(31) @ 35387891: uvm_test_top.env0.out_mon_h [OUT_MON] GOT AN OUTPUT!: b368ef2c26bc
UVM_INFO out_mon.sv(31) @ 35392871: uvm_test_top.env0.out_mon_h [OUT_MON] GOT AN OUTPUT!: b5f1998efc35
UVM_INFO out_mon.sv(31) @ 35397851: uvm_test_top.env0.out_mon_h [OUT_MON] GOT AN OUTPUT!: d07f05a16ba9
UVM_INFO out_mon.sv(31) @ 35402831: uvm_test_top.env0.out_mon_h [OUT_MON] GOT AN OUTPUT!: a801c120b8dc
UVM_INFO out_mon.sv(31) @ 35407811: uvm_test_top.env0.out_mon_h [OUT_MON] GOT AN OUTPUT!: 0bd5223eaf24
UVM_INFO out_mon.sv(31) @ 35412791: uvm_test_top.env0.out_mon_h [OUT_MON] GOT AN OUTPUT!: 5e9feefceb01
UVM_INFO out_mon.sv(31) @ 35417771: uvm_test_top.env0.out_mon_h [OUT_MON] GOT AN OUTPUT!: a232170f4d7e
UVM_INFO out_mon.sv(31) @ 35422751: uvm_test_top.env0.out_mon_h [OUT_MON] GOT AN OUTPUT!: 9e72235d4f32
UVM_INFO out_mon.sv(31) @ 35427731: uvm_test_top.env0.out_mon_h [OUT_MON] GOT AN OUTPUT!: 5b29b2fa65ad
UVM_INFO out_mon.sv(31) @ 35432711: uvm_test_top.env0.out_mon_h [OUT_MON] GOT AN OUTPUT!: e4ec7f2d5f6c
UVM_INFO out_mon.sv(31) @ 35437691: uvm_test_top.env0.out_mon_h [OUT_MON] GOT AN OUTPUT!: 15031cdecfb1
UVM_INFO out_mon.sv(31) @ 35442671: uvm_test_top.env0.out_mon_h [OUT_MON] GOT AN OUTPUT!: d4398f865a05
UVM_INFO out_mon.sv(31) @ 35447651: uvm_test_top.env0.out_mon_h [OUT_MON] GOT AN OUTPUT!: 10ca626f29da
UVM_INFO out_mon.sv(31) @ 35452631: uvm_test_top.env0.out_mon_h [OUT_MON] GOT AN OUTPUT!: 5f41dceb3bed
UVM_INFO out_mon.sv(31) @ 35457611: uvm_test_top.env0.out_mon_h [OUT_MON] GOT AN OUTPUT!: fe4dcbcdcec3
UVM_INFO out_mon.sv(31) @ 35462591: uvm_test_top.env0.out_mon_h [OUT_MON] GOT AN OUTPUT!: b5b12544bec8
UVM_INFO out_mon.sv(31) @ 35467571: uvm_test_top.env0.out_mon_h [OUT_MON] GOT AN OUTPUT!: c81709e8dd23
UVM_INFO out_mon.sv(31) @ 35472551: uvm_test_top.env0.out_mon_h [OUT_MON] GOT AN OUTPUT!: eff70b9d5ec9
UVM_INFO out_mon.sv(31) @ 35477531: uvm_test_top.env0.out_mon_h [OUT_MON] GOT AN OUTPUT!: 1f73d8962e3d
UVM_INFO out_mon.sv(31) @ 35482511: uvm_test_top.env0.out_mon_h [OUT_MON] GOT AN OUTPUT!: 7b3a969d59db
UVM_INFO out_mon.sv(31) @ 35487491: uvm_test_top.env0.out_mon_h [OUT_MON] GOT AN OUTPUT!: c86d356f6116
UVM_INFO out_mon.sv(31) @ 35492471: uvm_test_top.env0.out_mon_h [OUT_MON] GOT AN OUTPUT!: 456f5cc6a901
UVM_INFO out_mon.sv(31) @ 35497451: uvm_test_top.env0.out_mon_h [OUT_MON] GOT AN OUTPUT!: a5d3b76dcc40
UVM_INFO out_mon.sv(31) @ 35502431: uvm_test_top.env0.out_mon_h [OUT_MON] GOT AN OUTPUT!: a93aad71086a
UVM_INFO out_mon.sv(31) @ 35507411: uvm_test_top.env0.out_mon_h [OUT_MON] GOT AN OUTPUT!: 852f21469356
UVM_INFO out_mon.sv(31) @ 35512391: uvm_test_top.env0.out_mon_h [OUT_MON] GOT AN OUTPUT!: 1a0a9a85f831
UVM_INFO out_mon.sv(31) @ 35517371: uvm_test_top.env0.out_mon_h [OUT_MON] GOT AN OUTPUT!: aacecf868af9
UVM_INFO out_mon.sv(31) @ 35522351: uvm_test_top.env0.out_mon_h [OUT_MON] GOT AN OUTPUT!: 900a2bfcb13b
UVM_INFO out_mon.sv(31) @ 35527331: uvm_test_top.env0.out_mon_h [OUT_MON] GOT AN OUTPUT!: 1dbc106e5378
UVM_INFO out_mon.sv(31) @ 35532311: uvm_test_top.env0.out_mon_h [OUT_MON] GOT AN OUTPUT!: b4299f163140
UVM_INFO out_mon.sv(31) @ 35537291: uvm_test_top.env0.out_mon_h [OUT_MON] GOT AN OUTPUT!: b3c5018e47e7
UVM_INFO out_mon.sv(31) @ 35542271: uvm_test_top.env0.out_mon_h [OUT_MON] GOT AN OUTPUT!: cc0f0f593050
UVM_INFO out_mon.sv(31) @ 35547251: uvm_test_top.env0.out_mon_h [OUT_MON] GOT AN OUTPUT!: dd740b2282c6
UVM_INFO out_mon.sv(31) @ 35552231: uvm_test_top.env0.out_mon_h [OUT_MON] GOT AN OUTPUT!: 662b484e2ffc
UVM_INFO out_mon.sv(31) @ 35557211: uvm_test_top.env0.out_mon_h [OUT_MON] GOT AN OUTPUT!: 3217942ee312
UVM_INFO out_mon.sv(31) @ 35562191: uvm_test_top.env0.out_mon_h [OUT_MON] GOT AN OUTPUT!: c5a639fb676f
UVM_INFO out_mon.sv(31) @ 35567171: uvm_test_top.env0.out_mon_h [OUT_MON] GOT AN OUTPUT!: bbb6fb5b03d8
UVM_INFO out_mon.sv(31) @ 35572151: uvm_test_top.env0.out_mon_h [OUT_MON] GOT AN OUTPUT!: 0e6fc820d590
UVM_INFO out_mon.sv(31) @ 35577131: uvm_test_top.env0.out_mon_h [OUT_MON] GOT AN OUTPUT!: 0323808e3c17
UVM_INFO out_mon.sv(31) @ 35582111: uvm_test_top.env0.out_mon_h [OUT_MON] GOT AN OUTPUT!: 31316a34358c
UVM_INFO out_mon.sv(31) @ 35587091: uvm_test_top.env0.out_mon_h [OUT_MON] GOT AN OUTPUT!: dbe5214bb01a
UVM_INFO out_mon.sv(31) @ 35592071: uvm_test_top.env0.out_mon_h [OUT_MON] GOT AN OUTPUT!: 9756571d01d8
UVM_INFO out_mon.sv(31) @ 35597051: uvm_test_top.env0.out_mon_h [OUT_MON] GOT AN OUTPUT!: f04917ce3715
UVM_INFO out_mon.sv(31) @ 35602031: uvm_test_top.env0.out_mon_h [OUT_MON] GOT AN OUTPUT!: 8f0da9b0790b
UVM_INFO out_mon.sv(31) @ 35607011: uvm_test_top.env0.out_mon_h [OUT_MON] GOT AN OUTPUT!: 0d5cf6e46d25
UVM_INFO out_mon.sv(31) @ 35611991: uvm_test_top.env0.out_mon_h [OUT_MON] GOT AN OUTPUT!: 77414aed959b
UVM_INFO out_mon.sv(31) @ 35616971: uvm_test_top.env0.out_mon_h [OUT_MON] GOT AN OUTPUT!: 2eed168caf81
UVM_INFO out_mon.sv(31) @ 35621951: uvm_test_top.env0.out_mon_h [OUT_MON] GOT AN OUTPUT!: ab9c05f912eb
UVM_INFO out_mon.sv(31) @ 35626931: uvm_test_top.env0.out_mon_h [OUT_MON] GOT AN OUTPUT!: 4b8060511802
UVM_INFO out_mon.sv(31) @ 35631911: uvm_test_top.env0.out_mon_h [OUT_MON] GOT AN OUTPUT!: 308e86d971a3
UVM_INFO out_mon.sv(31) @ 35636891: uvm_test_top.env0.out_mon_h [OUT_MON] GOT AN OUTPUT!: e069076386ce
UVM_INFO out_mon.sv(31) @ 35641871: uvm_test_top.env0.out_mon_h [OUT_MON] GOT AN OUTPUT!: 1f40baf2e6cd
UVM_INFO out_mon.sv(31) @ 35646851: uvm_test_top.env0.out_mon_h [OUT_MON] GOT AN OUTPUT!: 3db154799446
UVM_INFO out_mon.sv(31) @ 35651831: uvm_test_top.env0.out_mon_h [OUT_MON] GOT AN OUTPUT!: d19e4d4370b0
UVM_INFO out_mon.sv(31) @ 35656811: uvm_test_top.env0.out_mon_h [OUT_MON] GOT AN OUTPUT!: 922115689d04
UVM_INFO out_mon.sv(31) @ 35661791: uvm_test_top.env0.out_mon_h [OUT_MON] GOT AN OUTPUT!: ce56b15ecfd8
UVM_INFO out_mon.sv(31) @ 35666771: uvm_test_top.env0.out_mon_h [OUT_MON] GOT AN OUTPUT!: b74bcb81bf15
UVM_INFO out_mon.sv(31) @ 35671751: uvm_test_top.env0.out_mon_h [OUT_MON] GOT AN OUTPUT!: 74d2782a7a52
UVM_INFO out_mon.sv(31) @ 35676731: uvm_test_top.env0.out_mon_h [OUT_MON] GOT AN OUTPUT!: bd752fadd329
UVM_INFO out_mon.sv(31) @ 35681711: uvm_test_top.env0.out_mon_h [OUT_MON] GOT AN OUTPUT!: 693f6659ae82
UVM_INFO out_mon.sv(31) @ 35686691: uvm_test_top.env0.out_mon_h [OUT_MON] GOT AN OUTPUT!: 37af204977fa
UVM_INFO out_mon.sv(31) @ 35691671: uvm_test_top.env0.out_mon_h [OUT_MON] GOT AN OUTPUT!: c08807a96a9f
UVM_INFO out_mon.sv(31) @ 35696651: uvm_test_top.env0.out_mon_h [OUT_MON] GOT AN OUTPUT!: 47c39ac10791
UVM_INFO out_mon.sv(31) @ 35701631: uvm_test_top.env0.out_mon_h [OUT_MON] GOT AN OUTPUT!: ec5d29dc6737
UVM_INFO out_mon.sv(31) @ 35706611: uvm_test_top.env0.out_mon_h [OUT_MON] GOT AN OUTPUT!: 6a3ecaec9faf
UVM_INFO out_mon.sv(31) @ 35711591: uvm_test_top.env0.out_mon_h [OUT_MON] GOT AN OUTPUT!: 6723127720ca
UVM_INFO out_mon.sv(31) @ 35716571: uvm_test_top.env0.out_mon_h [OUT_MON] GOT AN OUTPUT!: 026cd82c1a10
UVM_INFO out_mon.sv(31) @ 35721551: uvm_test_top.env0.out_mon_h [OUT_MON] GOT AN OUTPUT!: 200bc23bd5e0
UVM_INFO out_mon.sv(31) @ 35726531: uvm_test_top.env0.out_mon_h [OUT_MON] GOT AN OUTPUT!: a658794314b6
UVM_INFO out_mon.sv(31) @ 35731511: uvm_test_top.env0.out_mon_h [OUT_MON] GOT AN OUTPUT!: a6ff21667e9c
UVM_INFO out_mon.sv(31) @ 35736491: uvm_test_top.env0.out_mon_h [OUT_MON] GOT AN OUTPUT!: 2ad0f2f4ec05
UVM_INFO out_mon.sv(31) @ 35741471: uvm_test_top.env0.out_mon_h [OUT_MON] GOT AN OUTPUT!: 18ad72a8da49
UVM_INFO out_mon.sv(31) @ 35746451: uvm_test_top.env0.out_mon_h [OUT_MON] GOT AN OUTPUT!: 6f5f8c60bbd8
UVM_INFO out_mon.sv(31) @ 35751431: uvm_test_top.env0.out_mon_h [OUT_MON] GOT AN OUTPUT!: ca7fd9e662c7
UVM_INFO out_mon.sv(31) @ 35756411: uvm_test_top.env0.out_mon_h [OUT_MON] GOT AN OUTPUT!: ea50271d5e4e
UVM_INFO out_mon.sv(31) @ 35761391: uvm_test_top.env0.out_mon_h [OUT_MON] GOT AN OUTPUT!: b6a259b05769
UVM_INFO out_mon.sv(31) @ 35766371: uvm_test_top.env0.out_mon_h [OUT_MON] GOT AN OUTPUT!: f4b1f3157088
UVM_INFO out_mon.sv(31) @ 35771351: uvm_test_top.env0.out_mon_h [OUT_MON] GOT AN OUTPUT!: a8001581ae21
UVM_INFO out_mon.sv(31) @ 35776331: uvm_test_top.env0.out_mon_h [OUT_MON] GOT AN OUTPUT!: d64af5234f10
UVM_INFO out_mon.sv(31) @ 35781311: uvm_test_top.env0.out_mon_h [OUT_MON] GOT AN OUTPUT!: 264a38bb2989
UVM_INFO out_mon.sv(31) @ 35786291: uvm_test_top.env0.out_mon_h [OUT_MON] GOT AN OUTPUT!: 91ac656d151c
UVM_INFO out_mon.sv(31) @ 35791271: uvm_test_top.env0.out_mon_h [OUT_MON] GOT AN OUTPUT!: 21e7545f41b6
UVM_INFO out_mon.sv(31) @ 35796251: uvm_test_top.env0.out_mon_h [OUT_MON] GOT AN OUTPUT!: 702182809f6d
UVM_INFO out_mon.sv(31) @ 35801231: uvm_test_top.env0.out_mon_h [OUT_MON] GOT AN OUTPUT!: 6004928e334b
UVM_INFO out_mon.sv(31) @ 35806211: uvm_test_top.env0.out_mon_h [OUT_MON] GOT AN OUTPUT!: 4db3fa2f86f4
UVM_INFO out_mon.sv(31) @ 35811191: uvm_test_top.env0.out_mon_h [OUT_MON] GOT AN OUTPUT!: a6918fc1fbc7
UVM_INFO out_mon.sv(31) @ 35816171: uvm_test_top.env0.out_mon_h [OUT_MON] GOT AN OUTPUT!: a5306b2b2d0e
UVM_INFO out_mon.sv(31) @ 35821151: uvm_test_top.env0.out_mon_h [OUT_MON] GOT AN OUTPUT!: a83333ca558f
UVM_INFO out_mon.sv(31) @ 35826131: uvm_test_top.env0.out_mon_h [OUT_MON] GOT AN OUTPUT!: 5c252c60a870
UVM_INFO out_mon.sv(31) @ 35831111: uvm_test_top.env0.out_mon_h [OUT_MON] GOT AN OUTPUT!: b05b6b88bd99
UVM_INFO out_mon.sv(31) @ 35836091: uvm_test_top.env0.out_mon_h [OUT_MON] GOT AN OUTPUT!: 4edaea14db96
UVM_INFO out_mon.sv(31) @ 35841071: uvm_test_top.env0.out_mon_h [OUT_MON] GOT AN OUTPUT!: 0f350e6c6c3e
UVM_INFO out_mon.sv(31) @ 35846051: uvm_test_top.env0.out_mon_h [OUT_MON] GOT AN OUTPUT!: 9c602dc05ad7
UVM_INFO out_mon.sv(31) @ 35851031: uvm_test_top.env0.out_mon_h [OUT_MON] GOT AN OUTPUT!: 45aaccae642f
UVM_INFO out_mon.sv(31) @ 35856011: uvm_test_top.env0.out_mon_h [OUT_MON] GOT AN OUTPUT!: b28267ab87ed
UVM_INFO out_mon.sv(31) @ 35860991: uvm_test_top.env0.out_mon_h [OUT_MON] GOT AN OUTPUT!: f169834d5dee
UVM_INFO out_mon.sv(31) @ 35865971: uvm_test_top.env0.out_mon_h [OUT_MON] GOT AN OUTPUT!: 19c8a24a7a10
UVM_INFO out_mon.sv(31) @ 35870951: uvm_test_top.env0.out_mon_h [OUT_MON] GOT AN OUTPUT!: 78dbc8c9d3e3
UVM_INFO out_mon.sv(31) @ 35875931: uvm_test_top.env0.out_mon_h [OUT_MON] GOT AN OUTPUT!: 01835e591372
UVM_INFO out_mon.sv(31) @ 35880911: uvm_test_top.env0.out_mon_h [OUT_MON] GOT AN OUTPUT!: 772e04a20269
UVM_INFO out_mon.sv(31) @ 35885891: uvm_test_top.env0.out_mon_h [OUT_MON] GOT AN OUTPUT!: 8bbcc1b6e845
UVM_INFO out_mon.sv(31) @ 35890871: uvm_test_top.env0.out_mon_h [OUT_MON] GOT AN OUTPUT!: e851fb8de8db
UVM_INFO out_mon.sv(31) @ 35895851: uvm_test_top.env0.out_mon_h [OUT_MON] GOT AN OUTPUT!: d93fab035d0a
UVM_INFO out_mon.sv(31) @ 35900831: uvm_test_top.env0.out_mon_h [OUT_MON] GOT AN OUTPUT!: 14e8147b3e14
UVM_INFO out_mon.sv(31) @ 35905811: uvm_test_top.env0.out_mon_h [OUT_MON] GOT AN OUTPUT!: d59bc9f9875f
UVM_INFO out_mon.sv(31) @ 35910791: uvm_test_top.env0.out_mon_h [OUT_MON] GOT AN OUTPUT!: 3e683849845e
UVM_INFO out_mon.sv(31) @ 35915771: uvm_test_top.env0.out_mon_h [OUT_MON] GOT AN OUTPUT!: c316398c460b
UVM_INFO out_mon.sv(31) @ 35920751: uvm_test_top.env0.out_mon_h [OUT_MON] GOT AN OUTPUT!: 0af7aa45f43a
UVM_INFO out_mon.sv(31) @ 35925731: uvm_test_top.env0.out_mon_h [OUT_MON] GOT AN OUTPUT!: 86c3e1c23469
UVM_INFO out_mon.sv(31) @ 35930711: uvm_test_top.env0.out_mon_h [OUT_MON] GOT AN OUTPUT!: b1829d678910
UVM_INFO out_mon.sv(31) @ 35935691: uvm_test_top.env0.out_mon_h [OUT_MON] GOT AN OUTPUT!: b4680751af10
UVM_INFO out_mon.sv(31) @ 35940671: uvm_test_top.env0.out_mon_h [OUT_MON] GOT AN OUTPUT!: e5b7f74afe2c
UVM_INFO out_mon.sv(31) @ 35945651: uvm_test_top.env0.out_mon_h [OUT_MON] GOT AN OUTPUT!: 5a974cfcd0c9
UVM_INFO out_mon.sv(31) @ 35950631: uvm_test_top.env0.out_mon_h [OUT_MON] GOT AN OUTPUT!: 840107eed205
UVM_INFO out_mon.sv(31) @ 35955611: uvm_test_top.env0.out_mon_h [OUT_MON] GOT AN OUTPUT!: 8e9697ad76a7
UVM_INFO out_mon.sv(31) @ 35960591: uvm_test_top.env0.out_mon_h [OUT_MON] GOT AN OUTPUT!: fd8a892f414e
UVM_INFO out_mon.sv(31) @ 35965571: uvm_test_top.env0.out_mon_h [OUT_MON] GOT AN OUTPUT!: b8750d513b66
UVM_INFO out_mon.sv(31) @ 35970551: uvm_test_top.env0.out_mon_h [OUT_MON] GOT AN OUTPUT!: 8441e30244ba
UVM_INFO out_mon.sv(31) @ 35975531: uvm_test_top.env0.out_mon_h [OUT_MON] GOT AN OUTPUT!: 9effb7757ddc
UVM_INFO out_mon.sv(31) @ 35980511: uvm_test_top.env0.out_mon_h [OUT_MON] GOT AN OUTPUT!: f6d0cb739bfa
UVM_INFO out_mon.sv(31) @ 35985491: uvm_test_top.env0.out_mon_h [OUT_MON] GOT AN OUTPUT!: 33bedaa355a1
UVM_INFO out_mon.sv(31) @ 35990471: uvm_test_top.env0.out_mon_h [OUT_MON] GOT AN OUTPUT!: 8ca56360bfe8
UVM_INFO out_mon.sv(31) @ 35995451: uvm_test_top.env0.out_mon_h [OUT_MON] GOT AN OUTPUT!: 1f02ae7ba2ae
UVM_INFO out_mon.sv(31) @ 36000431: uvm_test_top.env0.out_mon_h [OUT_MON] GOT AN OUTPUT!: 41e9eaf4eb4b
UVM_INFO out_mon.sv(31) @ 36005411: uvm_test_top.env0.out_mon_h [OUT_MON] GOT AN OUTPUT!: 0bd47c92fe37
UVM_INFO out_mon.sv(31) @ 36010391: uvm_test_top.env0.out_mon_h [OUT_MON] GOT AN OUTPUT!: 038b10e51d43
UVM_INFO out_mon.sv(31) @ 36015371: uvm_test_top.env0.out_mon_h [OUT_MON] GOT AN OUTPUT!: b400c50dc65a
UVM_INFO out_mon.sv(31) @ 36020351: uvm_test_top.env0.out_mon_h [OUT_MON] GOT AN OUTPUT!: 9b35176c13c0
UVM_INFO out_mon.sv(31) @ 36025331: uvm_test_top.env0.out_mon_h [OUT_MON] GOT AN OUTPUT!: ac1487fc17ff
UVM_INFO out_mon.sv(31) @ 36030311: uvm_test_top.env0.out_mon_h [OUT_MON] GOT AN OUTPUT!: 5b55bc06440a
UVM_INFO out_mon.sv(31) @ 36035291: uvm_test_top.env0.out_mon_h [OUT_MON] GOT AN OUTPUT!: ef5b3375cb88
UVM_INFO out_mon.sv(31) @ 36040271: uvm_test_top.env0.out_mon_h [OUT_MON] GOT AN OUTPUT!: 8b142bedf0c5
UVM_INFO out_mon.sv(31) @ 36045251: uvm_test_top.env0.out_mon_h [OUT_MON] GOT AN OUTPUT!: 2bde78767c8c
UVM_INFO out_mon.sv(31) @ 36050231: uvm_test_top.env0.out_mon_h [OUT_MON] GOT AN OUTPUT!: 9261d957127e
UVM_INFO out_mon.sv(31) @ 36055211: uvm_test_top.env0.out_mon_h [OUT_MON] GOT AN OUTPUT!: ce6e69798c62
UVM_INFO out_mon.sv(31) @ 36060191: uvm_test_top.env0.out_mon_h [OUT_MON] GOT AN OUTPUT!: e5e6a96b651a
UVM_INFO out_mon.sv(31) @ 36065171: uvm_test_top.env0.out_mon_h [OUT_MON] GOT AN OUTPUT!: ce942dd612a7
UVM_INFO out_mon.sv(31) @ 36070151: uvm_test_top.env0.out_mon_h [OUT_MON] GOT AN OUTPUT!: b31025066640
UVM_INFO out_mon.sv(31) @ 36075131: uvm_test_top.env0.out_mon_h [OUT_MON] GOT AN OUTPUT!: 3a9ebadaee7b
UVM_INFO out_mon.sv(31) @ 36080111: uvm_test_top.env0.out_mon_h [OUT_MON] GOT AN OUTPUT!: 4c0b2431501a
UVM_INFO out_mon.sv(31) @ 36085091: uvm_test_top.env0.out_mon_h [OUT_MON] GOT AN OUTPUT!: 8394c3aab8b1
UVM_INFO out_mon.sv(31) @ 36090071: uvm_test_top.env0.out_mon_h [OUT_MON] GOT AN OUTPUT!: 53c2c45f237e
UVM_INFO out_mon.sv(31) @ 36095051: uvm_test_top.env0.out_mon_h [OUT_MON] GOT AN OUTPUT!: 894869d7cea1
UVM_INFO out_mon.sv(31) @ 36100031: uvm_test_top.env0.out_mon_h [OUT_MON] GOT AN OUTPUT!: a9e2fd6895e0
UVM_INFO out_mon.sv(31) @ 36105011: uvm_test_top.env0.out_mon_h [OUT_MON] GOT AN OUTPUT!: 6640ccc04ce1
UVM_INFO out_mon.sv(31) @ 36109991: uvm_test_top.env0.out_mon_h [OUT_MON] GOT AN OUTPUT!: 16d8b0482514
UVM_INFO out_mon.sv(31) @ 36114971: uvm_test_top.env0.out_mon_h [OUT_MON] GOT AN OUTPUT!: fbcd11aa0c8d
UVM_INFO out_mon.sv(31) @ 36119951: uvm_test_top.env0.out_mon_h [OUT_MON] GOT AN OUTPUT!: b7ce89960e53
UVM_INFO out_mon.sv(31) @ 36124931: uvm_test_top.env0.out_mon_h [OUT_MON] GOT AN OUTPUT!: 3df9f29eaf65
UVM_INFO out_mon.sv(31) @ 36129911: uvm_test_top.env0.out_mon_h [OUT_MON] GOT AN OUTPUT!: 2ab18ac44f7b
UVM_INFO out_mon.sv(31) @ 36134891: uvm_test_top.env0.out_mon_h [OUT_MON] GOT AN OUTPUT!: 3f8e76078c70
UVM_INFO out_mon.sv(31) @ 36139871: uvm_test_top.env0.out_mon_h [OUT_MON] GOT AN OUTPUT!: 7a2d941aa106
UVM_INFO out_mon.sv(31) @ 36144851: uvm_test_top.env0.out_mon_h [OUT_MON] GOT AN OUTPUT!: fe1be909c05e
UVM_INFO out_mon.sv(31) @ 36149831: uvm_test_top.env0.out_mon_h [OUT_MON] GOT AN OUTPUT!: c9add1727ea4
UVM_INFO out_mon.sv(31) @ 36154811: uvm_test_top.env0.out_mon_h [OUT_MON] GOT AN OUTPUT!: ede8a7a22863
UVM_INFO out_mon.sv(31) @ 36159791: uvm_test_top.env0.out_mon_h [OUT_MON] GOT AN OUTPUT!: c15e45b32805
UVM_INFO out_mon.sv(31) @ 36164771: uvm_test_top.env0.out_mon_h [OUT_MON] GOT AN OUTPUT!: 4606d28163c1
UVM_INFO out_mon.sv(31) @ 36169751: uvm_test_top.env0.out_mon_h [OUT_MON] GOT AN OUTPUT!: ba2b730d96b0
UVM_INFO out_mon.sv(31) @ 36174731: uvm_test_top.env0.out_mon_h [OUT_MON] GOT AN OUTPUT!: 0c3f92a7c7b7
UVM_INFO out_mon.sv(31) @ 36179711: uvm_test_top.env0.out_mon_h [OUT_MON] GOT AN OUTPUT!: a9c25df88979
UVM_INFO out_mon.sv(31) @ 36184691: uvm_test_top.env0.out_mon_h [OUT_MON] GOT AN OUTPUT!: e11eefc17315
UVM_INFO out_mon.sv(31) @ 36189671: uvm_test_top.env0.out_mon_h [OUT_MON] GOT AN OUTPUT!: ce8cbfec7781
UVM_INFO out_mon.sv(31) @ 36194651: uvm_test_top.env0.out_mon_h [OUT_MON] GOT AN OUTPUT!: 8bf1e7424022
UVM_INFO out_mon.sv(31) @ 36199631: uvm_test_top.env0.out_mon_h [OUT_MON] GOT AN OUTPUT!: 1bb8dedf9e31
UVM_INFO out_mon.sv(31) @ 36204611: uvm_test_top.env0.out_mon_h [OUT_MON] GOT AN OUTPUT!: 46c1c441d114
UVM_INFO out_mon.sv(31) @ 36209591: uvm_test_top.env0.out_mon_h [OUT_MON] GOT AN OUTPUT!: 6533ba81fd3b
UVM_INFO out_mon.sv(31) @ 36214571: uvm_test_top.env0.out_mon_h [OUT_MON] GOT AN OUTPUT!: ca5d69177cd0
UVM_INFO out_mon.sv(31) @ 36219551: uvm_test_top.env0.out_mon_h [OUT_MON] GOT AN OUTPUT!: 4ba20c394b06
UVM_INFO out_mon.sv(31) @ 36224531: uvm_test_top.env0.out_mon_h [OUT_MON] GOT AN OUTPUT!: 1a4e8eb65f27
UVM_INFO out_mon.sv(31) @ 36229511: uvm_test_top.env0.out_mon_h [OUT_MON] GOT AN OUTPUT!: e879d1dd098f
UVM_INFO out_mon.sv(31) @ 36234491: uvm_test_top.env0.out_mon_h [OUT_MON] GOT AN OUTPUT!: 10e498c9554f
UVM_INFO out_mon.sv(31) @ 36239471: uvm_test_top.env0.out_mon_h [OUT_MON] GOT AN OUTPUT!: 39e1d2326f24
UVM_INFO out_mon.sv(31) @ 36244451: uvm_test_top.env0.out_mon_h [OUT_MON] GOT AN OUTPUT!: ab281f8efcc7
UVM_INFO out_mon.sv(31) @ 36249431: uvm_test_top.env0.out_mon_h [OUT_MON] GOT AN OUTPUT!: 4ec5ec287dfe
UVM_INFO out_mon.sv(31) @ 36254411: uvm_test_top.env0.out_mon_h [OUT_MON] GOT AN OUTPUT!: 14e7b875ae62
UVM_INFO out_mon.sv(31) @ 36259391: uvm_test_top.env0.out_mon_h [OUT_MON] GOT AN OUTPUT!: 32d082d3eb31
UVM_INFO out_mon.sv(31) @ 36264371: uvm_test_top.env0.out_mon_h [OUT_MON] GOT AN OUTPUT!: 74ac1a7788ba
UVM_INFO out_mon.sv(31) @ 36269351: uvm_test_top.env0.out_mon_h [OUT_MON] GOT AN OUTPUT!: 9a70e12b36e6
UVM_INFO out_mon.sv(31) @ 36274331: uvm_test_top.env0.out_mon_h [OUT_MON] GOT AN OUTPUT!: 77c5403664ae
UVM_INFO out_mon.sv(31) @ 36279311: uvm_test_top.env0.out_mon_h [OUT_MON] GOT AN OUTPUT!: 4ed3fa829d55
UVM_INFO out_mon.sv(31) @ 36284291: uvm_test_top.env0.out_mon_h [OUT_MON] GOT AN OUTPUT!: 9e3b8fd7e237
UVM_INFO out_mon.sv(31) @ 36289271: uvm_test_top.env0.out_mon_h [OUT_MON] GOT AN OUTPUT!: 59e246c8197f
UVM_INFO out_mon.sv(31) @ 36294251: uvm_test_top.env0.out_mon_h [OUT_MON] GOT AN OUTPUT!: 46dda6a15d47
UVM_INFO out_mon.sv(31) @ 36299231: uvm_test_top.env0.out_mon_h [OUT_MON] GOT AN OUTPUT!: f249277f661c
UVM_INFO out_mon.sv(31) @ 36304211: uvm_test_top.env0.out_mon_h [OUT_MON] GOT AN OUTPUT!: 7b34f053edde
UVM_INFO out_mon.sv(31) @ 36309191: uvm_test_top.env0.out_mon_h [OUT_MON] GOT AN OUTPUT!: 2777a87e00b0
UVM_INFO out_mon.sv(31) @ 36314171: uvm_test_top.env0.out_mon_h [OUT_MON] GOT AN OUTPUT!: 7b9084487022
UVM_INFO out_mon.sv(31) @ 36319151: uvm_test_top.env0.out_mon_h [OUT_MON] GOT AN OUTPUT!: 4d93e8672646
UVM_INFO out_mon.sv(31) @ 36324131: uvm_test_top.env0.out_mon_h [OUT_MON] GOT AN OUTPUT!: 0af9764b849c
UVM_INFO out_mon.sv(31) @ 36329111: uvm_test_top.env0.out_mon_h [OUT_MON] GOT AN OUTPUT!: 298c18e7d0c7
UVM_INFO out_mon.sv(31) @ 36334091: uvm_test_top.env0.out_mon_h [OUT_MON] GOT AN OUTPUT!: 7b3f2a398664
UVM_INFO out_mon.sv(31) @ 36339071: uvm_test_top.env0.out_mon_h [OUT_MON] GOT AN OUTPUT!: dd0f4fb2bd65
UVM_INFO out_mon.sv(31) @ 36344051: uvm_test_top.env0.out_mon_h [OUT_MON] GOT AN OUTPUT!: 78e9d05a8c68
UVM_INFO out_mon.sv(31) @ 36349031: uvm_test_top.env0.out_mon_h [OUT_MON] GOT AN OUTPUT!: 9286233c680e
UVM_INFO out_mon.sv(31) @ 36354011: uvm_test_top.env0.out_mon_h [OUT_MON] GOT AN OUTPUT!: 9746857e788e
UVM_INFO out_mon.sv(31) @ 36358991: uvm_test_top.env0.out_mon_h [OUT_MON] GOT AN OUTPUT!: e91e47370d68
UVM_INFO out_mon.sv(31) @ 36363971: uvm_test_top.env0.out_mon_h [OUT_MON] GOT AN OUTPUT!: 9c644bd8e4e3
UVM_INFO out_mon.sv(31) @ 36368951: uvm_test_top.env0.out_mon_h [OUT_MON] GOT AN OUTPUT!: 20c222cea443
UVM_INFO out_mon.sv(31) @ 36373931: uvm_test_top.env0.out_mon_h [OUT_MON] GOT AN OUTPUT!: 8d0c699d2c91
UVM_INFO out_mon.sv(31) @ 36378911: uvm_test_top.env0.out_mon_h [OUT_MON] GOT AN OUTPUT!: 062096a4f103
UVM_INFO out_mon.sv(31) @ 36383891: uvm_test_top.env0.out_mon_h [OUT_MON] GOT AN OUTPUT!: 78ca405a6bd6
UVM_INFO out_mon.sv(31) @ 36388871: uvm_test_top.env0.out_mon_h [OUT_MON] GOT AN OUTPUT!: 9ea2ef8d6af1
UVM_INFO out_mon.sv(31) @ 36393851: uvm_test_top.env0.out_mon_h [OUT_MON] GOT AN OUTPUT!: 05ea40177db6
UVM_INFO out_mon.sv(31) @ 36398831: uvm_test_top.env0.out_mon_h [OUT_MON] GOT AN OUTPUT!: 94743d094cf4
UVM_INFO out_mon.sv(31) @ 36403811: uvm_test_top.env0.out_mon_h [OUT_MON] GOT AN OUTPUT!: bd7afb2eff92
UVM_INFO out_mon.sv(31) @ 36408791: uvm_test_top.env0.out_mon_h [OUT_MON] GOT AN OUTPUT!: 6284f68396a3
UVM_INFO out_mon.sv(31) @ 36413771: uvm_test_top.env0.out_mon_h [OUT_MON] GOT AN OUTPUT!: 174512eb4c73
UVM_INFO out_mon.sv(31) @ 36418751: uvm_test_top.env0.out_mon_h [OUT_MON] GOT AN OUTPUT!: 407d404d002a
UVM_INFO out_mon.sv(31) @ 36423731: uvm_test_top.env0.out_mon_h [OUT_MON] GOT AN OUTPUT!: 45d7ece2832d
UVM_INFO out_mon.sv(31) @ 36428711: uvm_test_top.env0.out_mon_h [OUT_MON] GOT AN OUTPUT!: cecbab5808fe
UVM_INFO out_mon.sv(31) @ 36433691: uvm_test_top.env0.out_mon_h [OUT_MON] GOT AN OUTPUT!: c27af1127c1a
UVM_INFO out_mon.sv(31) @ 36438671: uvm_test_top.env0.out_mon_h [OUT_MON] GOT AN OUTPUT!: 8299c7b4eacf
UVM_INFO out_mon.sv(31) @ 36443651: uvm_test_top.env0.out_mon_h [OUT_MON] GOT AN OUTPUT!: 993c49bcd6a5
UVM_INFO out_mon.sv(31) @ 36448631: uvm_test_top.env0.out_mon_h [OUT_MON] GOT AN OUTPUT!: d1d359cda3b9
UVM_INFO out_mon.sv(31) @ 36453611: uvm_test_top.env0.out_mon_h [OUT_MON] GOT AN OUTPUT!: 74ebc402ea62
UVM_INFO out_mon.sv(31) @ 36458591: uvm_test_top.env0.out_mon_h [OUT_MON] GOT AN OUTPUT!: 1f269e61ec2a
UVM_INFO out_mon.sv(31) @ 36463571: uvm_test_top.env0.out_mon_h [OUT_MON] GOT AN OUTPUT!: 6b0e0441d8da
UVM_INFO out_mon.sv(31) @ 36468551: uvm_test_top.env0.out_mon_h [OUT_MON] GOT AN OUTPUT!: 65ff58434270
UVM_INFO out_mon.sv(31) @ 36473531: uvm_test_top.env0.out_mon_h [OUT_MON] GOT AN OUTPUT!: 87f7732e78dc
UVM_INFO out_mon.sv(31) @ 36478511: uvm_test_top.env0.out_mon_h [OUT_MON] GOT AN OUTPUT!: a6861dd0e56b
UVM_INFO out_mon.sv(31) @ 36483491: uvm_test_top.env0.out_mon_h [OUT_MON] GOT AN OUTPUT!: 1aac2cb16971
UVM_INFO out_mon.sv(31) @ 36488471: uvm_test_top.env0.out_mon_h [OUT_MON] GOT AN OUTPUT!: 11aca033cb5e
UVM_INFO out_mon.sv(31) @ 36493451: uvm_test_top.env0.out_mon_h [OUT_MON] GOT AN OUTPUT!: c0fd6d830441
UVM_INFO out_mon.sv(31) @ 36498431: uvm_test_top.env0.out_mon_h [OUT_MON] GOT AN OUTPUT!: f51b675ab34e
UVM_INFO out_mon.sv(31) @ 36503411: uvm_test_top.env0.out_mon_h [OUT_MON] GOT AN OUTPUT!: 3374a0876891
UVM_INFO out_mon.sv(31) @ 36508391: uvm_test_top.env0.out_mon_h [OUT_MON] GOT AN OUTPUT!: 673eb8b618f3
UVM_INFO out_mon.sv(31) @ 36513371: uvm_test_top.env0.out_mon_h [OUT_MON] GOT AN OUTPUT!: d15f9bea719d
UVM_INFO out_mon.sv(31) @ 36518351: uvm_test_top.env0.out_mon_h [OUT_MON] GOT AN OUTPUT!: b34211b438a5
UVM_INFO out_mon.sv(31) @ 36523331: uvm_test_top.env0.out_mon_h [OUT_MON] GOT AN OUTPUT!: ecc731fbb881
UVM_INFO out_mon.sv(31) @ 36528311: uvm_test_top.env0.out_mon_h [OUT_MON] GOT AN OUTPUT!: 851311fd0e4b
UVM_INFO out_mon.sv(31) @ 36533291: uvm_test_top.env0.out_mon_h [OUT_MON] GOT AN OUTPUT!: d67aa5ca9b65
UVM_INFO out_mon.sv(31) @ 36538271: uvm_test_top.env0.out_mon_h [OUT_MON] GOT AN OUTPUT!: d55c1f6e57bc
UVM_INFO out_mon.sv(31) @ 36543251: uvm_test_top.env0.out_mon_h [OUT_MON] GOT AN OUTPUT!: aa041b82372d
UVM_INFO out_mon.sv(31) @ 36548231: uvm_test_top.env0.out_mon_h [OUT_MON] GOT AN OUTPUT!: 958aafd78c87
UVM_INFO out_mon.sv(31) @ 36553211: uvm_test_top.env0.out_mon_h [OUT_MON] GOT AN OUTPUT!: d9b39f85645f
UVM_INFO out_mon.sv(31) @ 36558191: uvm_test_top.env0.out_mon_h [OUT_MON] GOT AN OUTPUT!: 1bca6e75eaa4
UVM_INFO out_mon.sv(31) @ 36563171: uvm_test_top.env0.out_mon_h [OUT_MON] GOT AN OUTPUT!: 7a8fdc4ac37a
UVM_INFO out_mon.sv(31) @ 36568151: uvm_test_top.env0.out_mon_h [OUT_MON] GOT AN OUTPUT!: 4f0444306f00
UVM_INFO out_mon.sv(31) @ 36573131: uvm_test_top.env0.out_mon_h [OUT_MON] GOT AN OUTPUT!: 506514f8ac73
UVM_INFO out_mon.sv(31) @ 36578111: uvm_test_top.env0.out_mon_h [OUT_MON] GOT AN OUTPUT!: 92eb7193d657
UVM_INFO out_mon.sv(31) @ 36583091: uvm_test_top.env0.out_mon_h [OUT_MON] GOT AN OUTPUT!: 99c077c13e91
UVM_INFO out_mon.sv(31) @ 36588071: uvm_test_top.env0.out_mon_h [OUT_MON] GOT AN OUTPUT!: 73e2a08e9a61
UVM_INFO out_mon.sv(31) @ 36593051: uvm_test_top.env0.out_mon_h [OUT_MON] GOT AN OUTPUT!: 9bf171fe555f
UVM_INFO out_mon.sv(31) @ 36598031: uvm_test_top.env0.out_mon_h [OUT_MON] GOT AN OUTPUT!: 131c58ecf8bd
UVM_INFO out_mon.sv(31) @ 36603011: uvm_test_top.env0.out_mon_h [OUT_MON] GOT AN OUTPUT!: ef00050d8af6
UVM_INFO out_mon.sv(31) @ 36607991: uvm_test_top.env0.out_mon_h [OUT_MON] GOT AN OUTPUT!: 52838494ec9d
UVM_INFO out_mon.sv(31) @ 36612971: uvm_test_top.env0.out_mon_h [OUT_MON] GOT AN OUTPUT!: 89bacfec3b3f
UVM_INFO out_mon.sv(31) @ 36617951: uvm_test_top.env0.out_mon_h [OUT_MON] GOT AN OUTPUT!: c0c29182319b
UVM_INFO out_mon.sv(31) @ 36622931: uvm_test_top.env0.out_mon_h [OUT_MON] GOT AN OUTPUT!: 8daabb938589
UVM_INFO out_mon.sv(31) @ 36627911: uvm_test_top.env0.out_mon_h [OUT_MON] GOT AN OUTPUT!: 4546d48245c7
UVM_INFO out_mon.sv(31) @ 36632891: uvm_test_top.env0.out_mon_h [OUT_MON] GOT AN OUTPUT!: d31c1f144100
UVM_INFO out_mon.sv(31) @ 36637871: uvm_test_top.env0.out_mon_h [OUT_MON] GOT AN OUTPUT!: 8c3dadb0624f
UVM_INFO out_mon.sv(31) @ 36642851: uvm_test_top.env0.out_mon_h [OUT_MON] GOT AN OUTPUT!: 351e3a730c66
UVM_INFO out_mon.sv(31) @ 36647831: uvm_test_top.env0.out_mon_h [OUT_MON] GOT AN OUTPUT!: 328e2cb185c7
UVM_INFO out_mon.sv(31) @ 36652811: uvm_test_top.env0.out_mon_h [OUT_MON] GOT AN OUTPUT!: 9d7bb74444ac
UVM_INFO out_mon.sv(31) @ 36657791: uvm_test_top.env0.out_mon_h [OUT_MON] GOT AN OUTPUT!: b1e99fb06881
UVM_INFO out_mon.sv(31) @ 36662771: uvm_test_top.env0.out_mon_h [OUT_MON] GOT AN OUTPUT!: d0be530805a6
UVM_INFO out_mon.sv(31) @ 36667751: uvm_test_top.env0.out_mon_h [OUT_MON] GOT AN OUTPUT!: 0cb6d2198af4
UVM_INFO out_mon.sv(31) @ 36672731: uvm_test_top.env0.out_mon_h [OUT_MON] GOT AN OUTPUT!: fa353746299e
UVM_INFO out_mon.sv(31) @ 36677711: uvm_test_top.env0.out_mon_h [OUT_MON] GOT AN OUTPUT!: 3a27641727a4
UVM_INFO out_mon.sv(31) @ 36682691: uvm_test_top.env0.out_mon_h [OUT_MON] GOT AN OUTPUT!: f7eb1d6a4df6
UVM_INFO out_mon.sv(31) @ 36687671: uvm_test_top.env0.out_mon_h [OUT_MON] GOT AN OUTPUT!: 522408cd3987
UVM_INFO out_mon.sv(31) @ 36692651: uvm_test_top.env0.out_mon_h [OUT_MON] GOT AN OUTPUT!: 66a8dc5fca8c
UVM_INFO out_mon.sv(31) @ 36697631: uvm_test_top.env0.out_mon_h [OUT_MON] GOT AN OUTPUT!: 795802557d5e
UVM_INFO out_mon.sv(31) @ 36702611: uvm_test_top.env0.out_mon_h [OUT_MON] GOT AN OUTPUT!: 6dfe72edc321
UVM_INFO out_mon.sv(31) @ 36707591: uvm_test_top.env0.out_mon_h [OUT_MON] GOT AN OUTPUT!: 8d33c37b6df6
UVM_INFO out_mon.sv(31) @ 36712571: uvm_test_top.env0.out_mon_h [OUT_MON] GOT AN OUTPUT!: 4c3824d30d79
UVM_INFO out_mon.sv(31) @ 36717551: uvm_test_top.env0.out_mon_h [OUT_MON] GOT AN OUTPUT!: 8fdfef3848d2
UVM_INFO out_mon.sv(31) @ 36722531: uvm_test_top.env0.out_mon_h [OUT_MON] GOT AN OUTPUT!: a260c9a24667
UVM_INFO out_mon.sv(31) @ 36727511: uvm_test_top.env0.out_mon_h [OUT_MON] GOT AN OUTPUT!: d447b7ef0829
UVM_INFO out_mon.sv(31) @ 36732491: uvm_test_top.env0.out_mon_h [OUT_MON] GOT AN OUTPUT!: 8043dd5dcd82
UVM_INFO out_mon.sv(31) @ 36737471: uvm_test_top.env0.out_mon_h [OUT_MON] GOT AN OUTPUT!: ea16cd686cc2
UVM_INFO out_mon.sv(31) @ 36742451: uvm_test_top.env0.out_mon_h [OUT_MON] GOT AN OUTPUT!: 306d70d3babd
UVM_INFO out_mon.sv(31) @ 36747431: uvm_test_top.env0.out_mon_h [OUT_MON] GOT AN OUTPUT!: 49bcd28eed91
UVM_INFO out_mon.sv(31) @ 36752411: uvm_test_top.env0.out_mon_h [OUT_MON] GOT AN OUTPUT!: c4298db9ec8f
UVM_INFO out_mon.sv(31) @ 36757391: uvm_test_top.env0.out_mon_h [OUT_MON] GOT AN OUTPUT!: c06197eac69b
UVM_INFO out_mon.sv(31) @ 36762371: uvm_test_top.env0.out_mon_h [OUT_MON] GOT AN OUTPUT!: 5f822a89fef1
UVM_INFO out_mon.sv(31) @ 36767351: uvm_test_top.env0.out_mon_h [OUT_MON] GOT AN OUTPUT!: 9bf509ddf61d
UVM_INFO out_mon.sv(31) @ 36772331: uvm_test_top.env0.out_mon_h [OUT_MON] GOT AN OUTPUT!: 4548421d4ae0
UVM_INFO out_mon.sv(31) @ 36777311: uvm_test_top.env0.out_mon_h [OUT_MON] GOT AN OUTPUT!: 97211ba03659
UVM_INFO out_mon.sv(31) @ 36782291: uvm_test_top.env0.out_mon_h [OUT_MON] GOT AN OUTPUT!: a3042908f1a2
UVM_INFO out_mon.sv(31) @ 36787271: uvm_test_top.env0.out_mon_h [OUT_MON] GOT AN OUTPUT!: 85518dfb0617
UVM_INFO out_mon.sv(31) @ 36792251: uvm_test_top.env0.out_mon_h [OUT_MON] GOT AN OUTPUT!: 1d04b8b9c87d
UVM_INFO out_mon.sv(31) @ 36797231: uvm_test_top.env0.out_mon_h [OUT_MON] GOT AN OUTPUT!: beb0e1c59f4d
UVM_INFO out_mon.sv(31) @ 36802211: uvm_test_top.env0.out_mon_h [OUT_MON] GOT AN OUTPUT!: 1a5266507124
UVM_INFO out_mon.sv(31) @ 36807191: uvm_test_top.env0.out_mon_h [OUT_MON] GOT AN OUTPUT!: 4c2f5e20fed6
UVM_INFO out_mon.sv(31) @ 36812171: uvm_test_top.env0.out_mon_h [OUT_MON] GOT AN OUTPUT!: d0bae53d4486
UVM_INFO out_mon.sv(31) @ 36817151: uvm_test_top.env0.out_mon_h [OUT_MON] GOT AN OUTPUT!: d3746f73dfc8
UVM_INFO out_mon.sv(31) @ 36822131: uvm_test_top.env0.out_mon_h [OUT_MON] GOT AN OUTPUT!: 10cb609c613f
UVM_INFO out_mon.sv(31) @ 36827111: uvm_test_top.env0.out_mon_h [OUT_MON] GOT AN OUTPUT!: 42f04026bc54
UVM_INFO out_mon.sv(31) @ 36832091: uvm_test_top.env0.out_mon_h [OUT_MON] GOT AN OUTPUT!: d1cce751a060
UVM_INFO out_mon.sv(31) @ 36837071: uvm_test_top.env0.out_mon_h [OUT_MON] GOT AN OUTPUT!: 3dccea1fd5a0
UVM_INFO out_mon.sv(31) @ 36842051: uvm_test_top.env0.out_mon_h [OUT_MON] GOT AN OUTPUT!: 7dcc34e4a0c9
UVM_INFO out_mon.sv(31) @ 36847031: uvm_test_top.env0.out_mon_h [OUT_MON] GOT AN OUTPUT!: 47f40aff23a9
UVM_INFO out_mon.sv(31) @ 36852011: uvm_test_top.env0.out_mon_h [OUT_MON] GOT AN OUTPUT!: fd994b1cbac6
UVM_INFO out_mon.sv(31) @ 36856991: uvm_test_top.env0.out_mon_h [OUT_MON] GOT AN OUTPUT!: b217191a6394
UVM_INFO out_mon.sv(31) @ 36861971: uvm_test_top.env0.out_mon_h [OUT_MON] GOT AN OUTPUT!: 84bb1d5d0f2c
UVM_INFO out_mon.sv(31) @ 36866951: uvm_test_top.env0.out_mon_h [OUT_MON] GOT AN OUTPUT!: 459c5c390e62
UVM_INFO out_mon.sv(31) @ 36871931: uvm_test_top.env0.out_mon_h [OUT_MON] GOT AN OUTPUT!: 1d7ebcc074b5
UVM_INFO out_mon.sv(31) @ 36876911: uvm_test_top.env0.out_mon_h [OUT_MON] GOT AN OUTPUT!: b0b3c9106798
UVM_INFO out_mon.sv(31) @ 36881891: uvm_test_top.env0.out_mon_h [OUT_MON] GOT AN OUTPUT!: f4f345f58bbf
UVM_INFO out_mon.sv(31) @ 36886871: uvm_test_top.env0.out_mon_h [OUT_MON] GOT AN OUTPUT!: b246b17f62b2
UVM_INFO out_mon.sv(31) @ 36891851: uvm_test_top.env0.out_mon_h [OUT_MON] GOT AN OUTPUT!: 66e308daac3f
UVM_INFO out_mon.sv(31) @ 36896831: uvm_test_top.env0.out_mon_h [OUT_MON] GOT AN OUTPUT!: 0602908ac1f9
UVM_INFO out_mon.sv(31) @ 36901811: uvm_test_top.env0.out_mon_h [OUT_MON] GOT AN OUTPUT!: c9d60dd9f709
UVM_INFO out_mon.sv(31) @ 36906791: uvm_test_top.env0.out_mon_h [OUT_MON] GOT AN OUTPUT!: 1054d218fe92
UVM_INFO out_mon.sv(31) @ 36911771: uvm_test_top.env0.out_mon_h [OUT_MON] GOT AN OUTPUT!: fb1f93054538
UVM_INFO out_mon.sv(31) @ 36916751: uvm_test_top.env0.out_mon_h [OUT_MON] GOT AN OUTPUT!: 4a66ee6e5564
UVM_INFO out_mon.sv(31) @ 36921731: uvm_test_top.env0.out_mon_h [OUT_MON] GOT AN OUTPUT!: aac79df233dd
UVM_INFO out_mon.sv(31) @ 36926711: uvm_test_top.env0.out_mon_h [OUT_MON] GOT AN OUTPUT!: 6e25a868bfae
UVM_INFO out_mon.sv(31) @ 36931691: uvm_test_top.env0.out_mon_h [OUT_MON] GOT AN OUTPUT!: 67971c561bc2
UVM_INFO out_mon.sv(31) @ 36936671: uvm_test_top.env0.out_mon_h [OUT_MON] GOT AN OUTPUT!: 623dd47bfdd0
UVM_INFO out_mon.sv(31) @ 36941651: uvm_test_top.env0.out_mon_h [OUT_MON] GOT AN OUTPUT!: 6b20e4621c5c
UVM_INFO out_mon.sv(31) @ 36946631: uvm_test_top.env0.out_mon_h [OUT_MON] GOT AN OUTPUT!: e618736d8846
UVM_INFO out_mon.sv(31) @ 36951611: uvm_test_top.env0.out_mon_h [OUT_MON] GOT AN OUTPUT!: 25aaeadf10c3
UVM_INFO out_mon.sv(31) @ 36956591: uvm_test_top.env0.out_mon_h [OUT_MON] GOT AN OUTPUT!: fde583d09c41
UVM_INFO out_mon.sv(31) @ 36961571: uvm_test_top.env0.out_mon_h [OUT_MON] GOT AN OUTPUT!: 8a44f50994d2
UVM_INFO out_mon.sv(31) @ 36966551: uvm_test_top.env0.out_mon_h [OUT_MON] GOT AN OUTPUT!: 1e8e584238de
UVM_INFO out_mon.sv(31) @ 36971531: uvm_test_top.env0.out_mon_h [OUT_MON] GOT AN OUTPUT!: 1ab9562e042e
UVM_INFO out_mon.sv(31) @ 36976511: uvm_test_top.env0.out_mon_h [OUT_MON] GOT AN OUTPUT!: 19c3d2651570
UVM_INFO out_mon.sv(31) @ 36981491: uvm_test_top.env0.out_mon_h [OUT_MON] GOT AN OUTPUT!: b395bb047c74
UVM_INFO out_mon.sv(31) @ 36986471: uvm_test_top.env0.out_mon_h [OUT_MON] GOT AN OUTPUT!: c9e8559daed7
UVM_INFO out_mon.sv(31) @ 36991451: uvm_test_top.env0.out_mon_h [OUT_MON] GOT AN OUTPUT!: 1823b8ccd933
UVM_INFO out_mon.sv(31) @ 36996431: uvm_test_top.env0.out_mon_h [OUT_MON] GOT AN OUTPUT!: 7e30cc8e4355
UVM_INFO out_mon.sv(31) @ 37001411: uvm_test_top.env0.out_mon_h [OUT_MON] GOT AN OUTPUT!: 3e6e1c2ab202
UVM_INFO out_mon.sv(31) @ 37006391: uvm_test_top.env0.out_mon_h [OUT_MON] GOT AN OUTPUT!: 26859852cde6
UVM_INFO out_mon.sv(31) @ 37011371: uvm_test_top.env0.out_mon_h [OUT_MON] GOT AN OUTPUT!: 5b47b0c16a51
UVM_INFO out_mon.sv(31) @ 37016351: uvm_test_top.env0.out_mon_h [OUT_MON] GOT AN OUTPUT!: 3f93bc7d0988
UVM_INFO out_mon.sv(31) @ 37021331: uvm_test_top.env0.out_mon_h [OUT_MON] GOT AN OUTPUT!: ae356f901845
UVM_INFO out_mon.sv(31) @ 37026311: uvm_test_top.env0.out_mon_h [OUT_MON] GOT AN OUTPUT!: 7ec42cd0706d
UVM_INFO out_mon.sv(31) @ 37031291: uvm_test_top.env0.out_mon_h [OUT_MON] GOT AN OUTPUT!: 0d87d40d9d42
UVM_INFO out_mon.sv(31) @ 37036271: uvm_test_top.env0.out_mon_h [OUT_MON] GOT AN OUTPUT!: 3e4886be4491
UVM_INFO out_mon.sv(31) @ 37041251: uvm_test_top.env0.out_mon_h [OUT_MON] GOT AN OUTPUT!: 324658048e6c
UVM_INFO out_mon.sv(31) @ 37046231: uvm_test_top.env0.out_mon_h [OUT_MON] GOT AN OUTPUT!: a90613a17caf
UVM_INFO out_mon.sv(31) @ 37051211: uvm_test_top.env0.out_mon_h [OUT_MON] GOT AN OUTPUT!: c441b52f4cca
UVM_INFO out_mon.sv(31) @ 37056191: uvm_test_top.env0.out_mon_h [OUT_MON] GOT AN OUTPUT!: a6b171bad605
UVM_INFO out_mon.sv(31) @ 37061171: uvm_test_top.env0.out_mon_h [OUT_MON] GOT AN OUTPUT!: 26030493f24d
UVM_INFO out_mon.sv(31) @ 37066151: uvm_test_top.env0.out_mon_h [OUT_MON] GOT AN OUTPUT!: 87acb1eccee7
UVM_INFO out_mon.sv(31) @ 37071131: uvm_test_top.env0.out_mon_h [OUT_MON] GOT AN OUTPUT!: 00d752a05c69
UVM_INFO out_mon.sv(31) @ 37076111: uvm_test_top.env0.out_mon_h [OUT_MON] GOT AN OUTPUT!: 712b4637a194
UVM_INFO out_mon.sv(31) @ 37081091: uvm_test_top.env0.out_mon_h [OUT_MON] GOT AN OUTPUT!: 90c8c3062484
UVM_INFO out_mon.sv(31) @ 37086071: uvm_test_top.env0.out_mon_h [OUT_MON] GOT AN OUTPUT!: 8916a5f54843
UVM_INFO out_mon.sv(31) @ 37091051: uvm_test_top.env0.out_mon_h [OUT_MON] GOT AN OUTPUT!: b0a7db56abe6
UVM_INFO out_mon.sv(31) @ 37096031: uvm_test_top.env0.out_mon_h [OUT_MON] GOT AN OUTPUT!: e219d7d582ed
UVM_INFO out_mon.sv(31) @ 37101011: uvm_test_top.env0.out_mon_h [OUT_MON] GOT AN OUTPUT!: a5fb035f0670
UVM_INFO out_mon.sv(31) @ 37105991: uvm_test_top.env0.out_mon_h [OUT_MON] GOT AN OUTPUT!: 27a1fa99cab7
UVM_INFO out_mon.sv(31) @ 37110971: uvm_test_top.env0.out_mon_h [OUT_MON] GOT AN OUTPUT!: ad11e34418c2
UVM_INFO out_mon.sv(31) @ 37115951: uvm_test_top.env0.out_mon_h [OUT_MON] GOT AN OUTPUT!: 09dade915a87
UVM_INFO out_mon.sv(31) @ 37120931: uvm_test_top.env0.out_mon_h [OUT_MON] GOT AN OUTPUT!: 44f7ac5e7816
UVM_INFO out_mon.sv(31) @ 37125911: uvm_test_top.env0.out_mon_h [OUT_MON] GOT AN OUTPUT!: 69b0bad533b3
UVM_INFO out_mon.sv(31) @ 37130891: uvm_test_top.env0.out_mon_h [OUT_MON] GOT AN OUTPUT!: 3b78e6d68583
UVM_INFO out_mon.sv(31) @ 37135871: uvm_test_top.env0.out_mon_h [OUT_MON] GOT AN OUTPUT!: 44cf40440b44
UVM_INFO out_mon.sv(31) @ 37140851: uvm_test_top.env0.out_mon_h [OUT_MON] GOT AN OUTPUT!: 791eda0059dc
UVM_INFO out_mon.sv(31) @ 37145831: uvm_test_top.env0.out_mon_h [OUT_MON] GOT AN OUTPUT!: 61a1e23e61c0
UVM_INFO out_mon.sv(31) @ 37150811: uvm_test_top.env0.out_mon_h [OUT_MON] GOT AN OUTPUT!: 8d383777d0e6
UVM_INFO out_mon.sv(31) @ 37155791: uvm_test_top.env0.out_mon_h [OUT_MON] GOT AN OUTPUT!: bb54b52270fe
UVM_INFO out_mon.sv(31) @ 37160771: uvm_test_top.env0.out_mon_h [OUT_MON] GOT AN OUTPUT!: f9d3f9fc8627
UVM_INFO out_mon.sv(31) @ 37165751: uvm_test_top.env0.out_mon_h [OUT_MON] GOT AN OUTPUT!: add6b38836f1
UVM_INFO out_mon.sv(31) @ 37170731: uvm_test_top.env0.out_mon_h [OUT_MON] GOT AN OUTPUT!: 3fb5480ddaee
UVM_INFO out_mon.sv(31) @ 37175711: uvm_test_top.env0.out_mon_h [OUT_MON] GOT AN OUTPUT!: e1cfc53d6de8
UVM_INFO out_mon.sv(31) @ 37180691: uvm_test_top.env0.out_mon_h [OUT_MON] GOT AN OUTPUT!: aa703f46e4e2
UVM_INFO out_mon.sv(31) @ 37185671: uvm_test_top.env0.out_mon_h [OUT_MON] GOT AN OUTPUT!: f8ae6501923c
UVM_INFO out_mon.sv(31) @ 37190651: uvm_test_top.env0.out_mon_h [OUT_MON] GOT AN OUTPUT!: dc4d597a85ce
UVM_INFO out_mon.sv(31) @ 37195631: uvm_test_top.env0.out_mon_h [OUT_MON] GOT AN OUTPUT!: f89c2f01e2da
UVM_INFO out_mon.sv(31) @ 37200611: uvm_test_top.env0.out_mon_h [OUT_MON] GOT AN OUTPUT!: 1a58868f52d3
UVM_INFO out_mon.sv(31) @ 37205591: uvm_test_top.env0.out_mon_h [OUT_MON] GOT AN OUTPUT!: 78883e1557b2
UVM_INFO out_mon.sv(31) @ 37210571: uvm_test_top.env0.out_mon_h [OUT_MON] GOT AN OUTPUT!: 585e801bacc2
UVM_INFO out_mon.sv(31) @ 37215551: uvm_test_top.env0.out_mon_h [OUT_MON] GOT AN OUTPUT!: 8c1dabb8ac73
UVM_INFO out_mon.sv(31) @ 37220531: uvm_test_top.env0.out_mon_h [OUT_MON] GOT AN OUTPUT!: 04ec8ac1aedf
UVM_INFO out_mon.sv(31) @ 37225511: uvm_test_top.env0.out_mon_h [OUT_MON] GOT AN OUTPUT!: 6fc600ca6195
UVM_INFO out_mon.sv(31) @ 37230491: uvm_test_top.env0.out_mon_h [OUT_MON] GOT AN OUTPUT!: 954c154b34b2
UVM_INFO out_mon.sv(31) @ 37235471: uvm_test_top.env0.out_mon_h [OUT_MON] GOT AN OUTPUT!: f4b10906af26
UVM_INFO out_mon.sv(31) @ 37240451: uvm_test_top.env0.out_mon_h [OUT_MON] GOT AN OUTPUT!: d18b8185d92b
UVM_INFO out_mon.sv(31) @ 37245431: uvm_test_top.env0.out_mon_h [OUT_MON] GOT AN OUTPUT!: acc6bf439250
UVM_INFO out_mon.sv(31) @ 37250411: uvm_test_top.env0.out_mon_h [OUT_MON] GOT AN OUTPUT!: e0747bdefacb
UVM_INFO out_mon.sv(31) @ 37255391: uvm_test_top.env0.out_mon_h [OUT_MON] GOT AN OUTPUT!: d6b7bd6cc81a
UVM_INFO out_mon.sv(31) @ 37260371: uvm_test_top.env0.out_mon_h [OUT_MON] GOT AN OUTPUT!: 13941abfb215
UVM_INFO out_mon.sv(31) @ 37265351: uvm_test_top.env0.out_mon_h [OUT_MON] GOT AN OUTPUT!: 09ea123fcd4c
UVM_INFO out_mon.sv(31) @ 37270331: uvm_test_top.env0.out_mon_h [OUT_MON] GOT AN OUTPUT!: 733850a8e0e9
UVM_INFO out_mon.sv(31) @ 37275311: uvm_test_top.env0.out_mon_h [OUT_MON] GOT AN OUTPUT!: a28fb9c7d8f9
UVM_INFO out_mon.sv(31) @ 37280291: uvm_test_top.env0.out_mon_h [OUT_MON] GOT AN OUTPUT!: 0a6bd20f1d1a
UVM_INFO out_mon.sv(31) @ 37285271: uvm_test_top.env0.out_mon_h [OUT_MON] GOT AN OUTPUT!: ed91a799eaa9
UVM_INFO out_mon.sv(31) @ 37290251: uvm_test_top.env0.out_mon_h [OUT_MON] GOT AN OUTPUT!: f2f6f3f6c5e5
UVM_INFO out_mon.sv(31) @ 37295231: uvm_test_top.env0.out_mon_h [OUT_MON] GOT AN OUTPUT!: 149bb4d0c08f
UVM_INFO out_mon.sv(31) @ 37300211: uvm_test_top.env0.out_mon_h [OUT_MON] GOT AN OUTPUT!: 216bb44ff58e
UVM_INFO out_mon.sv(31) @ 37305191: uvm_test_top.env0.out_mon_h [OUT_MON] GOT AN OUTPUT!: ca1b39c8d3d3
UVM_INFO out_mon.sv(31) @ 37310171: uvm_test_top.env0.out_mon_h [OUT_MON] GOT AN OUTPUT!: f110711289ca
UVM_INFO out_mon.sv(31) @ 37315151: uvm_test_top.env0.out_mon_h [OUT_MON] GOT AN OUTPUT!: b53bcd9c5e57
UVM_INFO out_mon.sv(31) @ 37320131: uvm_test_top.env0.out_mon_h [OUT_MON] GOT AN OUTPUT!: 6ff4721a1b42
UVM_INFO out_mon.sv(31) @ 37325111: uvm_test_top.env0.out_mon_h [OUT_MON] GOT AN OUTPUT!: 9de6dd5f60fc
UVM_INFO out_mon.sv(31) @ 37330091: uvm_test_top.env0.out_mon_h [OUT_MON] GOT AN OUTPUT!: 6ae4d0c20bdb
UVM_INFO out_mon.sv(31) @ 37335071: uvm_test_top.env0.out_mon_h [OUT_MON] GOT AN OUTPUT!: 58cc8e1b92de
UVM_INFO out_mon.sv(31) @ 37340051: uvm_test_top.env0.out_mon_h [OUT_MON] GOT AN OUTPUT!: 396be24170fc
UVM_INFO out_mon.sv(31) @ 37345031: uvm_test_top.env0.out_mon_h [OUT_MON] GOT AN OUTPUT!: 7357b88c7571
UVM_INFO out_mon.sv(31) @ 37350011: uvm_test_top.env0.out_mon_h [OUT_MON] GOT AN OUTPUT!: 49d4bac72c8b
UVM_INFO out_mon.sv(31) @ 37354991: uvm_test_top.env0.out_mon_h [OUT_MON] GOT AN OUTPUT!: 9fb04f9b3f0d
UVM_INFO out_mon.sv(31) @ 37359971: uvm_test_top.env0.out_mon_h [OUT_MON] GOT AN OUTPUT!: 6d2bd455d6dc
UVM_INFO out_mon.sv(31) @ 37364951: uvm_test_top.env0.out_mon_h [OUT_MON] GOT AN OUTPUT!: e0c9159af0cf
UVM_INFO out_mon.sv(31) @ 37369931: uvm_test_top.env0.out_mon_h [OUT_MON] GOT AN OUTPUT!: e33f875fcd46
UVM_INFO out_mon.sv(31) @ 37374911: uvm_test_top.env0.out_mon_h [OUT_MON] GOT AN OUTPUT!: 7648f644424e
UVM_INFO out_mon.sv(31) @ 37379891: uvm_test_top.env0.out_mon_h [OUT_MON] GOT AN OUTPUT!: 269654232a98
UVM_INFO out_mon.sv(31) @ 37384871: uvm_test_top.env0.out_mon_h [OUT_MON] GOT AN OUTPUT!: 889fd371b31e
UVM_INFO out_mon.sv(31) @ 37389851: uvm_test_top.env0.out_mon_h [OUT_MON] GOT AN OUTPUT!: 7882aac5ca23
UVM_INFO out_mon.sv(31) @ 37394831: uvm_test_top.env0.out_mon_h [OUT_MON] GOT AN OUTPUT!: 94f4219b7d95
UVM_INFO out_mon.sv(31) @ 37399811: uvm_test_top.env0.out_mon_h [OUT_MON] GOT AN OUTPUT!: 2d0f3e314d9a
UVM_INFO out_mon.sv(31) @ 37404791: uvm_test_top.env0.out_mon_h [OUT_MON] GOT AN OUTPUT!: 993639139dc8
UVM_INFO out_mon.sv(31) @ 37409771: uvm_test_top.env0.out_mon_h [OUT_MON] GOT AN OUTPUT!: b7047baf0b71
UVM_INFO out_mon.sv(31) @ 37414751: uvm_test_top.env0.out_mon_h [OUT_MON] GOT AN OUTPUT!: 0013a001cf44
UVM_INFO out_mon.sv(31) @ 37419731: uvm_test_top.env0.out_mon_h [OUT_MON] GOT AN OUTPUT!: 73f13e441f02
UVM_INFO out_mon.sv(31) @ 37424711: uvm_test_top.env0.out_mon_h [OUT_MON] GOT AN OUTPUT!: 4cf22c1f8d6a
UVM_INFO out_mon.sv(31) @ 37429691: uvm_test_top.env0.out_mon_h [OUT_MON] GOT AN OUTPUT!: 381e60cd6727
UVM_INFO out_mon.sv(31) @ 37434671: uvm_test_top.env0.out_mon_h [OUT_MON] GOT AN OUTPUT!: 88045f3417f4
UVM_INFO out_mon.sv(31) @ 37439651: uvm_test_top.env0.out_mon_h [OUT_MON] GOT AN OUTPUT!: 9a9c2bdb8183
UVM_INFO out_mon.sv(31) @ 37444631: uvm_test_top.env0.out_mon_h [OUT_MON] GOT AN OUTPUT!: 6a31c0506492
UVM_INFO out_mon.sv(31) @ 37449611: uvm_test_top.env0.out_mon_h [OUT_MON] GOT AN OUTPUT!: 01345c4ec434
UVM_INFO out_mon.sv(31) @ 37454591: uvm_test_top.env0.out_mon_h [OUT_MON] GOT AN OUTPUT!: 4929a6cb361d
UVM_INFO out_mon.sv(31) @ 37459571: uvm_test_top.env0.out_mon_h [OUT_MON] GOT AN OUTPUT!: 6c74bcb35123
UVM_INFO out_mon.sv(31) @ 37464551: uvm_test_top.env0.out_mon_h [OUT_MON] GOT AN OUTPUT!: c3522bfd0553
UVM_INFO out_mon.sv(31) @ 37469531: uvm_test_top.env0.out_mon_h [OUT_MON] GOT AN OUTPUT!: 03a7f65cffac
UVM_INFO out_mon.sv(31) @ 37474511: uvm_test_top.env0.out_mon_h [OUT_MON] GOT AN OUTPUT!: 2bdebebc0c9b
UVM_INFO out_mon.sv(31) @ 37479491: uvm_test_top.env0.out_mon_h [OUT_MON] GOT AN OUTPUT!: 60d7ac436ed8
UVM_INFO out_mon.sv(31) @ 37484471: uvm_test_top.env0.out_mon_h [OUT_MON] GOT AN OUTPUT!: b6b917984bbd
UVM_INFO out_mon.sv(31) @ 37489451: uvm_test_top.env0.out_mon_h [OUT_MON] GOT AN OUTPUT!: 9cd2879dfbd9
UVM_INFO out_mon.sv(31) @ 37494431: uvm_test_top.env0.out_mon_h [OUT_MON] GOT AN OUTPUT!: 6488f0d77815
UVM_INFO out_mon.sv(31) @ 37499411: uvm_test_top.env0.out_mon_h [OUT_MON] GOT AN OUTPUT!: 1b242e3fbc0a
UVM_INFO out_mon.sv(31) @ 37504391: uvm_test_top.env0.out_mon_h [OUT_MON] GOT AN OUTPUT!: aebe57311730
UVM_INFO out_mon.sv(31) @ 37509371: uvm_test_top.env0.out_mon_h [OUT_MON] GOT AN OUTPUT!: 161ae4b39327
UVM_INFO out_mon.sv(31) @ 37514351: uvm_test_top.env0.out_mon_h [OUT_MON] GOT AN OUTPUT!: f387ed4a5d46
UVM_INFO out_mon.sv(31) @ 37519331: uvm_test_top.env0.out_mon_h [OUT_MON] GOT AN OUTPUT!: eabfc9181bf0
UVM_INFO out_mon.sv(31) @ 37524311: uvm_test_top.env0.out_mon_h [OUT_MON] GOT AN OUTPUT!: a1cbf9f24a99
UVM_INFO out_mon.sv(31) @ 37529291: uvm_test_top.env0.out_mon_h [OUT_MON] GOT AN OUTPUT!: 24dc68bbacf7
UVM_INFO out_mon.sv(31) @ 37534271: uvm_test_top.env0.out_mon_h [OUT_MON] GOT AN OUTPUT!: 25368e1d9822
UVM_INFO out_mon.sv(31) @ 37539251: uvm_test_top.env0.out_mon_h [OUT_MON] GOT AN OUTPUT!: 4b03987866ce
UVM_INFO out_mon.sv(31) @ 37544231: uvm_test_top.env0.out_mon_h [OUT_MON] GOT AN OUTPUT!: 9236b9a2c587
UVM_INFO out_mon.sv(31) @ 37549211: uvm_test_top.env0.out_mon_h [OUT_MON] GOT AN OUTPUT!: 6a7b60d0224b
UVM_INFO out_mon.sv(31) @ 37554191: uvm_test_top.env0.out_mon_h [OUT_MON] GOT AN OUTPUT!: 11f9f6b60bdd
UVM_INFO out_mon.sv(31) @ 37559171: uvm_test_top.env0.out_mon_h [OUT_MON] GOT AN OUTPUT!: 6350dec88119
UVM_INFO out_mon.sv(31) @ 37564151: uvm_test_top.env0.out_mon_h [OUT_MON] GOT AN OUTPUT!: 0e68d425661e
UVM_INFO out_mon.sv(31) @ 37569131: uvm_test_top.env0.out_mon_h [OUT_MON] GOT AN OUTPUT!: f452d786da57
UVM_INFO out_mon.sv(31) @ 37574111: uvm_test_top.env0.out_mon_h [OUT_MON] GOT AN OUTPUT!: 1e2f185495d4
UVM_INFO out_mon.sv(31) @ 37579091: uvm_test_top.env0.out_mon_h [OUT_MON] GOT AN OUTPUT!: 870b07ac4a6f
UVM_INFO out_mon.sv(31) @ 37584071: uvm_test_top.env0.out_mon_h [OUT_MON] GOT AN OUTPUT!: b0bd3bf90ff3
UVM_INFO out_mon.sv(31) @ 37589051: uvm_test_top.env0.out_mon_h [OUT_MON] GOT AN OUTPUT!: bbc7bf71aeec
UVM_INFO out_mon.sv(31) @ 37594031: uvm_test_top.env0.out_mon_h [OUT_MON] GOT AN OUTPUT!: 7a3898961553
UVM_INFO out_mon.sv(31) @ 37599011: uvm_test_top.env0.out_mon_h [OUT_MON] GOT AN OUTPUT!: b58efd83a27b
UVM_INFO out_mon.sv(31) @ 37603991: uvm_test_top.env0.out_mon_h [OUT_MON] GOT AN OUTPUT!: 9f9327b89fc3
UVM_INFO out_mon.sv(31) @ 37608971: uvm_test_top.env0.out_mon_h [OUT_MON] GOT AN OUTPUT!: 26357c9e84cf
UVM_INFO out_mon.sv(31) @ 37613951: uvm_test_top.env0.out_mon_h [OUT_MON] GOT AN OUTPUT!: a27511f36a39
UVM_INFO out_mon.sv(31) @ 37618931: uvm_test_top.env0.out_mon_h [OUT_MON] GOT AN OUTPUT!: 1a3feaea6bb1
UVM_INFO out_mon.sv(31) @ 37623911: uvm_test_top.env0.out_mon_h [OUT_MON] GOT AN OUTPUT!: 0d4c0a9af605
UVM_INFO out_mon.sv(31) @ 37628891: uvm_test_top.env0.out_mon_h [OUT_MON] GOT AN OUTPUT!: 84fdd11737de
UVM_INFO out_mon.sv(31) @ 37633871: uvm_test_top.env0.out_mon_h [OUT_MON] GOT AN OUTPUT!: df45b1417a86
UVM_INFO out_mon.sv(31) @ 37638851: uvm_test_top.env0.out_mon_h [OUT_MON] GOT AN OUTPUT!: 8c7b4d3883f2
UVM_INFO out_mon.sv(31) @ 37643831: uvm_test_top.env0.out_mon_h [OUT_MON] GOT AN OUTPUT!: b849e3f2f265
UVM_INFO out_mon.sv(31) @ 37648811: uvm_test_top.env0.out_mon_h [OUT_MON] GOT AN OUTPUT!: 95822961ab26
UVM_INFO out_mon.sv(31) @ 37653791: uvm_test_top.env0.out_mon_h [OUT_MON] GOT AN OUTPUT!: c50745311eba
UVM_INFO out_mon.sv(31) @ 37658771: uvm_test_top.env0.out_mon_h [OUT_MON] GOT AN OUTPUT!: 0fa07801c904
UVM_INFO out_mon.sv(31) @ 37663751: uvm_test_top.env0.out_mon_h [OUT_MON] GOT AN OUTPUT!: 6ae9f2af781d
UVM_INFO out_mon.sv(31) @ 37668731: uvm_test_top.env0.out_mon_h [OUT_MON] GOT AN OUTPUT!: 012044ffbad1
UVM_INFO out_mon.sv(31) @ 37673711: uvm_test_top.env0.out_mon_h [OUT_MON] GOT AN OUTPUT!: b41b95cf3b21
UVM_INFO out_mon.sv(31) @ 37678691: uvm_test_top.env0.out_mon_h [OUT_MON] GOT AN OUTPUT!: 53116a961cf5
UVM_INFO out_mon.sv(31) @ 37683671: uvm_test_top.env0.out_mon_h [OUT_MON] GOT AN OUTPUT!: 7b8bcadb6525
UVM_INFO out_mon.sv(31) @ 37688651: uvm_test_top.env0.out_mon_h [OUT_MON] GOT AN OUTPUT!: dd3a3fef4bf3
UVM_INFO out_mon.sv(31) @ 37693631: uvm_test_top.env0.out_mon_h [OUT_MON] GOT AN OUTPUT!: 58e32a04affa
UVM_INFO out_mon.sv(31) @ 37698611: uvm_test_top.env0.out_mon_h [OUT_MON] GOT AN OUTPUT!: 322d0c81605b
UVM_INFO out_mon.sv(31) @ 37703591: uvm_test_top.env0.out_mon_h [OUT_MON] GOT AN OUTPUT!: 4c90c41d9652
UVM_INFO out_mon.sv(31) @ 37708571: uvm_test_top.env0.out_mon_h [OUT_MON] GOT AN OUTPUT!: 2b30042a3a3a
UVM_INFO out_mon.sv(31) @ 37713551: uvm_test_top.env0.out_mon_h [OUT_MON] GOT AN OUTPUT!: 2bbf7216587a
UVM_INFO out_mon.sv(31) @ 37718531: uvm_test_top.env0.out_mon_h [OUT_MON] GOT AN OUTPUT!: 3452c80b7470
UVM_INFO out_mon.sv(31) @ 37723511: uvm_test_top.env0.out_mon_h [OUT_MON] GOT AN OUTPUT!: cc59d138f046
UVM_INFO out_mon.sv(31) @ 37728491: uvm_test_top.env0.out_mon_h [OUT_MON] GOT AN OUTPUT!: 58600e26697c
UVM_INFO out_mon.sv(31) @ 37733471: uvm_test_top.env0.out_mon_h [OUT_MON] GOT AN OUTPUT!: f10d3f251ab8
UVM_INFO out_mon.sv(31) @ 37738451: uvm_test_top.env0.out_mon_h [OUT_MON] GOT AN OUTPUT!: 0ce588b83713
UVM_INFO out_mon.sv(31) @ 37743431: uvm_test_top.env0.out_mon_h [OUT_MON] GOT AN OUTPUT!: f545af8c514d
UVM_INFO out_mon.sv(31) @ 37748411: uvm_test_top.env0.out_mon_h [OUT_MON] GOT AN OUTPUT!: be2d9b55b728
UVM_INFO out_mon.sv(31) @ 37753391: uvm_test_top.env0.out_mon_h [OUT_MON] GOT AN OUTPUT!: 392db0add271
UVM_INFO out_mon.sv(31) @ 37758371: uvm_test_top.env0.out_mon_h [OUT_MON] GOT AN OUTPUT!: 1b420ec786a7
UVM_INFO out_mon.sv(31) @ 37763351: uvm_test_top.env0.out_mon_h [OUT_MON] GOT AN OUTPUT!: 4db37c92980f
UVM_INFO out_mon.sv(31) @ 37768331: uvm_test_top.env0.out_mon_h [OUT_MON] GOT AN OUTPUT!: 21f232a60395
UVM_INFO out_mon.sv(31) @ 37773311: uvm_test_top.env0.out_mon_h [OUT_MON] GOT AN OUTPUT!: e0816d0960b0
UVM_INFO out_mon.sv(31) @ 37778291: uvm_test_top.env0.out_mon_h [OUT_MON] GOT AN OUTPUT!: eacab1b547d1
UVM_INFO out_mon.sv(31) @ 37783271: uvm_test_top.env0.out_mon_h [OUT_MON] GOT AN OUTPUT!: 6805a662a72a
UVM_INFO out_mon.sv(31) @ 37788251: uvm_test_top.env0.out_mon_h [OUT_MON] GOT AN OUTPUT!: 351490012f2e
UVM_INFO out_mon.sv(31) @ 37793231: uvm_test_top.env0.out_mon_h [OUT_MON] GOT AN OUTPUT!: 8f6851eca653
UVM_INFO out_mon.sv(31) @ 37798211: uvm_test_top.env0.out_mon_h [OUT_MON] GOT AN OUTPUT!: b2dc79b95717
UVM_INFO out_mon.sv(31) @ 37803191: uvm_test_top.env0.out_mon_h [OUT_MON] GOT AN OUTPUT!: 6299422f5daa
UVM_INFO out_mon.sv(31) @ 37808171: uvm_test_top.env0.out_mon_h [OUT_MON] GOT AN OUTPUT!: 14f0f4cd1983
UVM_INFO out_mon.sv(31) @ 37813151: uvm_test_top.env0.out_mon_h [OUT_MON] GOT AN OUTPUT!: 3a4366e88577
UVM_INFO out_mon.sv(31) @ 37818131: uvm_test_top.env0.out_mon_h [OUT_MON] GOT AN OUTPUT!: d6db95479460
UVM_INFO out_mon.sv(31) @ 37823111: uvm_test_top.env0.out_mon_h [OUT_MON] GOT AN OUTPUT!: 67d1bcc79a5b
UVM_INFO out_mon.sv(31) @ 37828091: uvm_test_top.env0.out_mon_h [OUT_MON] GOT AN OUTPUT!: cae8c76ba23a
UVM_INFO out_mon.sv(31) @ 37833071: uvm_test_top.env0.out_mon_h [OUT_MON] GOT AN OUTPUT!: a1714fe9d9b9
UVM_INFO out_mon.sv(31) @ 37838051: uvm_test_top.env0.out_mon_h [OUT_MON] GOT AN OUTPUT!: 66253c8fe053
UVM_INFO out_mon.sv(31) @ 37843031: uvm_test_top.env0.out_mon_h [OUT_MON] GOT AN OUTPUT!: 2e0aec163c06
UVM_INFO out_mon.sv(31) @ 37848011: uvm_test_top.env0.out_mon_h [OUT_MON] GOT AN OUTPUT!: cc5babbaabdb
UVM_INFO out_mon.sv(31) @ 37852991: uvm_test_top.env0.out_mon_h [OUT_MON] GOT AN OUTPUT!: d15105b98561
UVM_INFO out_mon.sv(31) @ 37857971: uvm_test_top.env0.out_mon_h [OUT_MON] GOT AN OUTPUT!: 9c16e5fe1d93
UVM_INFO out_mon.sv(31) @ 37862951: uvm_test_top.env0.out_mon_h [OUT_MON] GOT AN OUTPUT!: 77a986a22883
UVM_INFO out_mon.sv(31) @ 37867931: uvm_test_top.env0.out_mon_h [OUT_MON] GOT AN OUTPUT!: 7aa7e294127f
UVM_INFO out_mon.sv(31) @ 37872911: uvm_test_top.env0.out_mon_h [OUT_MON] GOT AN OUTPUT!: a242ff7c6766
UVM_INFO out_mon.sv(31) @ 37877891: uvm_test_top.env0.out_mon_h [OUT_MON] GOT AN OUTPUT!: 6016e0ba29e5
UVM_INFO out_mon.sv(31) @ 37882871: uvm_test_top.env0.out_mon_h [OUT_MON] GOT AN OUTPUT!: 9309f30e3ab4
UVM_INFO out_mon.sv(31) @ 37887851: uvm_test_top.env0.out_mon_h [OUT_MON] GOT AN OUTPUT!: a3301d4db860
UVM_INFO out_mon.sv(31) @ 37892831: uvm_test_top.env0.out_mon_h [OUT_MON] GOT AN OUTPUT!: 38a8b0335e5a
UVM_INFO out_mon.sv(31) @ 37897811: uvm_test_top.env0.out_mon_h [OUT_MON] GOT AN OUTPUT!: c5805727e326
UVM_INFO out_mon.sv(31) @ 37902791: uvm_test_top.env0.out_mon_h [OUT_MON] GOT AN OUTPUT!: da8d7b995359
UVM_INFO out_mon.sv(31) @ 37907771: uvm_test_top.env0.out_mon_h [OUT_MON] GOT AN OUTPUT!: ff52a1397e4a
UVM_INFO out_mon.sv(31) @ 37912751: uvm_test_top.env0.out_mon_h [OUT_MON] GOT AN OUTPUT!: 84e26f3b502a
UVM_INFO out_mon.sv(31) @ 37917731: uvm_test_top.env0.out_mon_h [OUT_MON] GOT AN OUTPUT!: 8bb4a3672a30
UVM_INFO out_mon.sv(31) @ 37922711: uvm_test_top.env0.out_mon_h [OUT_MON] GOT AN OUTPUT!: 3495e29e52c9
UVM_INFO out_mon.sv(31) @ 37927691: uvm_test_top.env0.out_mon_h [OUT_MON] GOT AN OUTPUT!: b471db2543e6
UVM_INFO out_mon.sv(31) @ 37932671: uvm_test_top.env0.out_mon_h [OUT_MON] GOT AN OUTPUT!: c34fb5cd16cb
UVM_INFO out_mon.sv(31) @ 37937651: uvm_test_top.env0.out_mon_h [OUT_MON] GOT AN OUTPUT!: 9e1409d3e399
UVM_INFO out_mon.sv(31) @ 37942631: uvm_test_top.env0.out_mon_h [OUT_MON] GOT AN OUTPUT!: 937d53141988
UVM_INFO out_mon.sv(31) @ 37947611: uvm_test_top.env0.out_mon_h [OUT_MON] GOT AN OUTPUT!: d3ea41dae7eb
UVM_INFO out_mon.sv(31) @ 37952591: uvm_test_top.env0.out_mon_h [OUT_MON] GOT AN OUTPUT!: fc4dc57d95be
UVM_INFO out_mon.sv(31) @ 37957571: uvm_test_top.env0.out_mon_h [OUT_MON] GOT AN OUTPUT!: 9401d785ea4f
UVM_INFO out_mon.sv(31) @ 37962551: uvm_test_top.env0.out_mon_h [OUT_MON] GOT AN OUTPUT!: 75aab60d87be
UVM_INFO out_mon.sv(31) @ 37967531: uvm_test_top.env0.out_mon_h [OUT_MON] GOT AN OUTPUT!: db1fa5a0482f
UVM_INFO out_mon.sv(31) @ 37972511: uvm_test_top.env0.out_mon_h [OUT_MON] GOT AN OUTPUT!: 843eadbdaa79
UVM_INFO out_mon.sv(31) @ 37977491: uvm_test_top.env0.out_mon_h [OUT_MON] GOT AN OUTPUT!: 30d5dcd12017
UVM_INFO out_mon.sv(31) @ 37982471: uvm_test_top.env0.out_mon_h [OUT_MON] GOT AN OUTPUT!: 657866397b8e
UVM_INFO out_mon.sv(31) @ 37987451: uvm_test_top.env0.out_mon_h [OUT_MON] GOT AN OUTPUT!: 336fdcb74b91
UVM_INFO out_mon.sv(31) @ 37992431: uvm_test_top.env0.out_mon_h [OUT_MON] GOT AN OUTPUT!: 7b84a45a37aa
UVM_INFO out_mon.sv(31) @ 37997411: uvm_test_top.env0.out_mon_h [OUT_MON] GOT AN OUTPUT!: e3f745c565f1
UVM_INFO out_mon.sv(31) @ 38002391: uvm_test_top.env0.out_mon_h [OUT_MON] GOT AN OUTPUT!: 794d3e62d64e
UVM_INFO out_mon.sv(31) @ 38007371: uvm_test_top.env0.out_mon_h [OUT_MON] GOT AN OUTPUT!: b238c9ddcbcd
UVM_INFO out_mon.sv(31) @ 38012351: uvm_test_top.env0.out_mon_h [OUT_MON] GOT AN OUTPUT!: 4e7dd8fc1b63
UVM_INFO out_mon.sv(31) @ 38017331: uvm_test_top.env0.out_mon_h [OUT_MON] GOT AN OUTPUT!: 48c2d8ae9851
UVM_INFO out_mon.sv(31) @ 38022311: uvm_test_top.env0.out_mon_h [OUT_MON] GOT AN OUTPUT!: d38211f07a9d
UVM_INFO out_mon.sv(31) @ 38027291: uvm_test_top.env0.out_mon_h [OUT_MON] GOT AN OUTPUT!: 18dfcacdab29
UVM_INFO out_mon.sv(31) @ 38032271: uvm_test_top.env0.out_mon_h [OUT_MON] GOT AN OUTPUT!: 358686a8341f
UVM_INFO out_mon.sv(31) @ 38037251: uvm_test_top.env0.out_mon_h [OUT_MON] GOT AN OUTPUT!: a6988d949d41
UVM_INFO out_mon.sv(31) @ 38042231: uvm_test_top.env0.out_mon_h [OUT_MON] GOT AN OUTPUT!: 227b7a65455a
UVM_INFO out_mon.sv(31) @ 38047211: uvm_test_top.env0.out_mon_h [OUT_MON] GOT AN OUTPUT!: 94be81bcc803
UVM_INFO out_mon.sv(31) @ 38052191: uvm_test_top.env0.out_mon_h [OUT_MON] GOT AN OUTPUT!: b507833f64a6
UVM_INFO out_mon.sv(31) @ 38057171: uvm_test_top.env0.out_mon_h [OUT_MON] GOT AN OUTPUT!: 70da8abb4e5f
UVM_INFO out_mon.sv(31) @ 38062151: uvm_test_top.env0.out_mon_h [OUT_MON] GOT AN OUTPUT!: 209610e0157b
UVM_INFO out_mon.sv(31) @ 38067131: uvm_test_top.env0.out_mon_h [OUT_MON] GOT AN OUTPUT!: 3f3b00dd0641
UVM_INFO out_mon.sv(31) @ 38072111: uvm_test_top.env0.out_mon_h [OUT_MON] GOT AN OUTPUT!: 1d571efe8cd9
UVM_INFO out_mon.sv(31) @ 38077091: uvm_test_top.env0.out_mon_h [OUT_MON] GOT AN OUTPUT!: c6e981228ebe
UVM_INFO out_mon.sv(31) @ 38082071: uvm_test_top.env0.out_mon_h [OUT_MON] GOT AN OUTPUT!: 1434fa9bccc5
UVM_INFO out_mon.sv(31) @ 38087051: uvm_test_top.env0.out_mon_h [OUT_MON] GOT AN OUTPUT!: 9db155dc42a1
UVM_INFO out_mon.sv(31) @ 38092031: uvm_test_top.env0.out_mon_h [OUT_MON] GOT AN OUTPUT!: 0ada62fe8d57
UVM_INFO out_mon.sv(31) @ 38097011: uvm_test_top.env0.out_mon_h [OUT_MON] GOT AN OUTPUT!: f42065063ea2
UVM_INFO out_mon.sv(31) @ 38101991: uvm_test_top.env0.out_mon_h [OUT_MON] GOT AN OUTPUT!: 4fb6e06f4b60
UVM_INFO out_mon.sv(31) @ 38106971: uvm_test_top.env0.out_mon_h [OUT_MON] GOT AN OUTPUT!: 218272645fe6
UVM_INFO out_mon.sv(31) @ 38111951: uvm_test_top.env0.out_mon_h [OUT_MON] GOT AN OUTPUT!: e5f2b9b44203
UVM_INFO out_mon.sv(31) @ 38116931: uvm_test_top.env0.out_mon_h [OUT_MON] GOT AN OUTPUT!: efe38b5e3f20
UVM_INFO out_mon.sv(31) @ 38121911: uvm_test_top.env0.out_mon_h [OUT_MON] GOT AN OUTPUT!: b17b414d7054
UVM_INFO out_mon.sv(31) @ 38126891: uvm_test_top.env0.out_mon_h [OUT_MON] GOT AN OUTPUT!: a80e7b9b39e9
UVM_INFO out_mon.sv(31) @ 38131871: uvm_test_top.env0.out_mon_h [OUT_MON] GOT AN OUTPUT!: 62fdf270916a
UVM_INFO out_mon.sv(31) @ 38136851: uvm_test_top.env0.out_mon_h [OUT_MON] GOT AN OUTPUT!: dd91215e6da0
UVM_INFO out_mon.sv(31) @ 38141831: uvm_test_top.env0.out_mon_h [OUT_MON] GOT AN OUTPUT!: 23e222c51cd9
UVM_INFO out_mon.sv(31) @ 38146811: uvm_test_top.env0.out_mon_h [OUT_MON] GOT AN OUTPUT!: fab46fa2b285
UVM_INFO out_mon.sv(31) @ 38151791: uvm_test_top.env0.out_mon_h [OUT_MON] GOT AN OUTPUT!: 0258a0e0550f
UVM_INFO out_mon.sv(31) @ 38156771: uvm_test_top.env0.out_mon_h [OUT_MON] GOT AN OUTPUT!: 8c890bf6a937
UVM_INFO out_mon.sv(31) @ 38161751: uvm_test_top.env0.out_mon_h [OUT_MON] GOT AN OUTPUT!: 1d4c24813093
UVM_INFO out_mon.sv(31) @ 38166731: uvm_test_top.env0.out_mon_h [OUT_MON] GOT AN OUTPUT!: 4ed93618aa6a
UVM_INFO out_mon.sv(31) @ 38171711: uvm_test_top.env0.out_mon_h [OUT_MON] GOT AN OUTPUT!: 9068dd8c6e8d
UVM_INFO out_mon.sv(31) @ 38176691: uvm_test_top.env0.out_mon_h [OUT_MON] GOT AN OUTPUT!: f82c1b52d5ea
UVM_INFO out_mon.sv(31) @ 38181671: uvm_test_top.env0.out_mon_h [OUT_MON] GOT AN OUTPUT!: 201af6c88ca5
UVM_INFO out_mon.sv(31) @ 38186651: uvm_test_top.env0.out_mon_h [OUT_MON] GOT AN OUTPUT!: c5d4079703c9
UVM_INFO out_mon.sv(31) @ 38191631: uvm_test_top.env0.out_mon_h [OUT_MON] GOT AN OUTPUT!: a58d7159c39e
UVM_INFO out_mon.sv(31) @ 38196611: uvm_test_top.env0.out_mon_h [OUT_MON] GOT AN OUTPUT!: c7dcb35ad1ca
UVM_INFO out_mon.sv(31) @ 38201591: uvm_test_top.env0.out_mon_h [OUT_MON] GOT AN OUTPUT!: 3aaa28fe0dad
UVM_INFO out_mon.sv(31) @ 38206571: uvm_test_top.env0.out_mon_h [OUT_MON] GOT AN OUTPUT!: ed0c373398e4
UVM_INFO out_mon.sv(31) @ 38211551: uvm_test_top.env0.out_mon_h [OUT_MON] GOT AN OUTPUT!: 262352092b08
UVM_INFO out_mon.sv(31) @ 38216531: uvm_test_top.env0.out_mon_h [OUT_MON] GOT AN OUTPUT!: cef6b7327bf6
UVM_INFO out_mon.sv(31) @ 38221511: uvm_test_top.env0.out_mon_h [OUT_MON] GOT AN OUTPUT!: 875e5f209698
UVM_INFO out_mon.sv(31) @ 38226491: uvm_test_top.env0.out_mon_h [OUT_MON] GOT AN OUTPUT!: 3de064004e7e
UVM_INFO out_mon.sv(31) @ 38231471: uvm_test_top.env0.out_mon_h [OUT_MON] GOT AN OUTPUT!: c28b87b78a5b
UVM_INFO out_mon.sv(31) @ 38236451: uvm_test_top.env0.out_mon_h [OUT_MON] GOT AN OUTPUT!: 8cdaefb9b377
UVM_INFO out_mon.sv(31) @ 38241431: uvm_test_top.env0.out_mon_h [OUT_MON] GOT AN OUTPUT!: ac94e54b0656
UVM_INFO out_mon.sv(31) @ 38246411: uvm_test_top.env0.out_mon_h [OUT_MON] GOT AN OUTPUT!: 9daefd8b0227
UVM_INFO out_mon.sv(31) @ 38251391: uvm_test_top.env0.out_mon_h [OUT_MON] GOT AN OUTPUT!: 77296c5dc2a0
UVM_INFO out_mon.sv(31) @ 38256371: uvm_test_top.env0.out_mon_h [OUT_MON] GOT AN OUTPUT!: acebbd0c5a02
UVM_INFO out_mon.sv(31) @ 38261351: uvm_test_top.env0.out_mon_h [OUT_MON] GOT AN OUTPUT!: 5cafa0343c78
UVM_INFO out_mon.sv(31) @ 38266331: uvm_test_top.env0.out_mon_h [OUT_MON] GOT AN OUTPUT!: ddd82f5d966e
UVM_INFO out_mon.sv(31) @ 38271311: uvm_test_top.env0.out_mon_h [OUT_MON] GOT AN OUTPUT!: 0c575650b1dc
UVM_INFO out_mon.sv(31) @ 38276291: uvm_test_top.env0.out_mon_h [OUT_MON] GOT AN OUTPUT!: 86853d025094
UVM_INFO out_mon.sv(31) @ 38281271: uvm_test_top.env0.out_mon_h [OUT_MON] GOT AN OUTPUT!: d60b63af1aa1
UVM_INFO out_mon.sv(31) @ 38286251: uvm_test_top.env0.out_mon_h [OUT_MON] GOT AN OUTPUT!: 3bbd327de8f0
UVM_INFO out_mon.sv(31) @ 38291231: uvm_test_top.env0.out_mon_h [OUT_MON] GOT AN OUTPUT!: 967991c13777
UVM_INFO out_mon.sv(31) @ 38296211: uvm_test_top.env0.out_mon_h [OUT_MON] GOT AN OUTPUT!: 9d0abbaf77f3
UVM_INFO out_mon.sv(31) @ 38301191: uvm_test_top.env0.out_mon_h [OUT_MON] GOT AN OUTPUT!: 630aa02a7ee0
UVM_INFO out_mon.sv(31) @ 38306171: uvm_test_top.env0.out_mon_h [OUT_MON] GOT AN OUTPUT!: e0bcefedda45
UVM_INFO out_mon.sv(31) @ 38311151: uvm_test_top.env0.out_mon_h [OUT_MON] GOT AN OUTPUT!: f5efc93c3384
UVM_INFO out_mon.sv(31) @ 38316131: uvm_test_top.env0.out_mon_h [OUT_MON] GOT AN OUTPUT!: 1fdd92e3ad0d
UVM_INFO out_mon.sv(31) @ 38321111: uvm_test_top.env0.out_mon_h [OUT_MON] GOT AN OUTPUT!: da0c7d314ae6
UVM_INFO out_mon.sv(31) @ 38326091: uvm_test_top.env0.out_mon_h [OUT_MON] GOT AN OUTPUT!: 6236102b4bd0
UVM_INFO out_mon.sv(31) @ 38331071: uvm_test_top.env0.out_mon_h [OUT_MON] GOT AN OUTPUT!: 5716cc2a84e8
UVM_INFO out_mon.sv(31) @ 38336051: uvm_test_top.env0.out_mon_h [OUT_MON] GOT AN OUTPUT!: 6a5964aad137
UVM_INFO out_mon.sv(31) @ 38341031: uvm_test_top.env0.out_mon_h [OUT_MON] GOT AN OUTPUT!: 1d7246ea5c1d
UVM_INFO out_mon.sv(31) @ 38346011: uvm_test_top.env0.out_mon_h [OUT_MON] GOT AN OUTPUT!: 418c68b01b6d
UVM_INFO out_mon.sv(31) @ 38350991: uvm_test_top.env0.out_mon_h [OUT_MON] GOT AN OUTPUT!: b250a9510e60
UVM_INFO out_mon.sv(31) @ 38355971: uvm_test_top.env0.out_mon_h [OUT_MON] GOT AN OUTPUT!: 83dfb9ccc249
UVM_INFO out_mon.sv(31) @ 38360951: uvm_test_top.env0.out_mon_h [OUT_MON] GOT AN OUTPUT!: 9b9d3f9896a1
UVM_INFO out_mon.sv(31) @ 38365931: uvm_test_top.env0.out_mon_h [OUT_MON] GOT AN OUTPUT!: 6c1dbe722902
UVM_INFO out_mon.sv(31) @ 38370911: uvm_test_top.env0.out_mon_h [OUT_MON] GOT AN OUTPUT!: 4bff3650b06a
UVM_INFO out_mon.sv(31) @ 38375891: uvm_test_top.env0.out_mon_h [OUT_MON] GOT AN OUTPUT!: 9fd0f34d64a2
UVM_INFO out_mon.sv(31) @ 38380871: uvm_test_top.env0.out_mon_h [OUT_MON] GOT AN OUTPUT!: cee6d91ad912
UVM_INFO out_mon.sv(31) @ 38385851: uvm_test_top.env0.out_mon_h [OUT_MON] GOT AN OUTPUT!: bb47fb6357ee
UVM_INFO out_mon.sv(31) @ 38390831: uvm_test_top.env0.out_mon_h [OUT_MON] GOT AN OUTPUT!: 3480f426480a
UVM_INFO out_mon.sv(31) @ 38395811: uvm_test_top.env0.out_mon_h [OUT_MON] GOT AN OUTPUT!: 9d8cb1ec9703
UVM_INFO out_mon.sv(31) @ 38400791: uvm_test_top.env0.out_mon_h [OUT_MON] GOT AN OUTPUT!: bdb7456c0150
UVM_INFO out_mon.sv(31) @ 38405771: uvm_test_top.env0.out_mon_h [OUT_MON] GOT AN OUTPUT!: 746eb0f18255
UVM_INFO out_mon.sv(31) @ 38410751: uvm_test_top.env0.out_mon_h [OUT_MON] GOT AN OUTPUT!: c8344faab871
UVM_INFO out_mon.sv(31) @ 38415731: uvm_test_top.env0.out_mon_h [OUT_MON] GOT AN OUTPUT!: 887585a63651
UVM_INFO out_mon.sv(31) @ 38420711: uvm_test_top.env0.out_mon_h [OUT_MON] GOT AN OUTPUT!: 7a666422ee12
UVM_INFO out_mon.sv(31) @ 38425691: uvm_test_top.env0.out_mon_h [OUT_MON] GOT AN OUTPUT!: c8ee07868e53
UVM_INFO out_mon.sv(31) @ 38430671: uvm_test_top.env0.out_mon_h [OUT_MON] GOT AN OUTPUT!: 2f7b4412df86
UVM_INFO out_mon.sv(31) @ 38435651: uvm_test_top.env0.out_mon_h [OUT_MON] GOT AN OUTPUT!: 17e810322530
UVM_INFO out_mon.sv(31) @ 38440631: uvm_test_top.env0.out_mon_h [OUT_MON] GOT AN OUTPUT!: a35d1ff28557
UVM_INFO out_mon.sv(31) @ 38445611: uvm_test_top.env0.out_mon_h [OUT_MON] GOT AN OUTPUT!: 562b08085906
UVM_INFO out_mon.sv(31) @ 38450591: uvm_test_top.env0.out_mon_h [OUT_MON] GOT AN OUTPUT!: deb5616f9b4a
UVM_INFO out_mon.sv(31) @ 38455571: uvm_test_top.env0.out_mon_h [OUT_MON] GOT AN OUTPUT!: 2f477e844387
UVM_INFO out_mon.sv(31) @ 38460551: uvm_test_top.env0.out_mon_h [OUT_MON] GOT AN OUTPUT!: e2f51329a1c6
UVM_INFO out_mon.sv(31) @ 38465531: uvm_test_top.env0.out_mon_h [OUT_MON] GOT AN OUTPUT!: a5834958c382
UVM_INFO out_mon.sv(31) @ 38470511: uvm_test_top.env0.out_mon_h [OUT_MON] GOT AN OUTPUT!: 16422c2dd024
UVM_INFO out_mon.sv(31) @ 38475491: uvm_test_top.env0.out_mon_h [OUT_MON] GOT AN OUTPUT!: 5def604c71da
UVM_INFO out_mon.sv(31) @ 38480471: uvm_test_top.env0.out_mon_h [OUT_MON] GOT AN OUTPUT!: 6f8eac3324dc
UVM_INFO out_mon.sv(31) @ 38485451: uvm_test_top.env0.out_mon_h [OUT_MON] GOT AN OUTPUT!: ac55f5d5ab9f
UVM_INFO out_mon.sv(31) @ 38490431: uvm_test_top.env0.out_mon_h [OUT_MON] GOT AN OUTPUT!: 6283e0965a01
UVM_INFO out_mon.sv(31) @ 38495411: uvm_test_top.env0.out_mon_h [OUT_MON] GOT AN OUTPUT!: 5f42e8768c8e
UVM_INFO out_mon.sv(31) @ 38500391: uvm_test_top.env0.out_mon_h [OUT_MON] GOT AN OUTPUT!: 8b8d9315ee0a
UVM_INFO out_mon.sv(31) @ 38505371: uvm_test_top.env0.out_mon_h [OUT_MON] GOT AN OUTPUT!: 4c023ad8f2a5
UVM_INFO out_mon.sv(31) @ 38510351: uvm_test_top.env0.out_mon_h [OUT_MON] GOT AN OUTPUT!: 1bd6984e1c60
UVM_INFO out_mon.sv(31) @ 38515331: uvm_test_top.env0.out_mon_h [OUT_MON] GOT AN OUTPUT!: 9aa183aa7705
UVM_INFO out_mon.sv(31) @ 38520311: uvm_test_top.env0.out_mon_h [OUT_MON] GOT AN OUTPUT!: 054d80f4e0a7
UVM_INFO out_mon.sv(31) @ 38525291: uvm_test_top.env0.out_mon_h [OUT_MON] GOT AN OUTPUT!: d1eb133879de
UVM_INFO out_mon.sv(31) @ 38530271: uvm_test_top.env0.out_mon_h [OUT_MON] GOT AN OUTPUT!: e69dc9d5f739
UVM_INFO out_mon.sv(31) @ 38535251: uvm_test_top.env0.out_mon_h [OUT_MON] GOT AN OUTPUT!: a36ad3cc109b
UVM_INFO out_mon.sv(31) @ 38540231: uvm_test_top.env0.out_mon_h [OUT_MON] GOT AN OUTPUT!: b731718edacd
UVM_INFO out_mon.sv(31) @ 38545211: uvm_test_top.env0.out_mon_h [OUT_MON] GOT AN OUTPUT!: 776e72c61f03
UVM_INFO out_mon.sv(31) @ 38550191: uvm_test_top.env0.out_mon_h [OUT_MON] GOT AN OUTPUT!: 33342e0ac6c2
UVM_INFO out_mon.sv(31) @ 38555171: uvm_test_top.env0.out_mon_h [OUT_MON] GOT AN OUTPUT!: b9000d7b3b8a
UVM_INFO out_mon.sv(31) @ 38560151: uvm_test_top.env0.out_mon_h [OUT_MON] GOT AN OUTPUT!: 07973cbeb907
UVM_INFO out_mon.sv(31) @ 38565131: uvm_test_top.env0.out_mon_h [OUT_MON] GOT AN OUTPUT!: e1edcdcfc28d
UVM_INFO out_mon.sv(31) @ 38570111: uvm_test_top.env0.out_mon_h [OUT_MON] GOT AN OUTPUT!: be0003a56e15
UVM_INFO out_mon.sv(31) @ 38575091: uvm_test_top.env0.out_mon_h [OUT_MON] GOT AN OUTPUT!: 46c0b293d3a7
UVM_INFO out_mon.sv(31) @ 38580071: uvm_test_top.env0.out_mon_h [OUT_MON] GOT AN OUTPUT!: 68e17efb60f1
UVM_INFO out_mon.sv(31) @ 38585051: uvm_test_top.env0.out_mon_h [OUT_MON] GOT AN OUTPUT!: a2c6079f47e3
UVM_INFO out_mon.sv(31) @ 38590031: uvm_test_top.env0.out_mon_h [OUT_MON] GOT AN OUTPUT!: 0f61aebaccbb
UVM_INFO out_mon.sv(31) @ 38595011: uvm_test_top.env0.out_mon_h [OUT_MON] GOT AN OUTPUT!: 640aaaadb8fd
UVM_INFO out_mon.sv(31) @ 38599991: uvm_test_top.env0.out_mon_h [OUT_MON] GOT AN OUTPUT!: d96df5d7aeab
UVM_INFO out_mon.sv(31) @ 38604971: uvm_test_top.env0.out_mon_h [OUT_MON] GOT AN OUTPUT!: b75abbfa8967
UVM_INFO out_mon.sv(31) @ 38609951: uvm_test_top.env0.out_mon_h [OUT_MON] GOT AN OUTPUT!: fbb2bd3bc110
UVM_INFO out_mon.sv(31) @ 38614931: uvm_test_top.env0.out_mon_h [OUT_MON] GOT AN OUTPUT!: 5441c09cce53
UVM_INFO out_mon.sv(31) @ 38619911: uvm_test_top.env0.out_mon_h [OUT_MON] GOT AN OUTPUT!: 639c2c82832f
UVM_INFO out_mon.sv(31) @ 38624891: uvm_test_top.env0.out_mon_h [OUT_MON] GOT AN OUTPUT!: 090aeaa36a6b
UVM_INFO out_mon.sv(31) @ 38629871: uvm_test_top.env0.out_mon_h [OUT_MON] GOT AN OUTPUT!: 235750752d8a
UVM_INFO out_mon.sv(31) @ 38634851: uvm_test_top.env0.out_mon_h [OUT_MON] GOT AN OUTPUT!: 06c07cf0f585
UVM_INFO out_mon.sv(31) @ 38639831: uvm_test_top.env0.out_mon_h [OUT_MON] GOT AN OUTPUT!: 9dce9346bf88
UVM_INFO out_mon.sv(31) @ 38644811: uvm_test_top.env0.out_mon_h [OUT_MON] GOT AN OUTPUT!: ed3501d7caf7
UVM_INFO out_mon.sv(31) @ 38649791: uvm_test_top.env0.out_mon_h [OUT_MON] GOT AN OUTPUT!: 72afd28ff0e3
UVM_INFO out_mon.sv(31) @ 38654771: uvm_test_top.env0.out_mon_h [OUT_MON] GOT AN OUTPUT!: 96ec5d7609c8
UVM_INFO out_mon.sv(31) @ 38659751: uvm_test_top.env0.out_mon_h [OUT_MON] GOT AN OUTPUT!: 2a65ee0b40ee
UVM_INFO out_mon.sv(31) @ 38664731: uvm_test_top.env0.out_mon_h [OUT_MON] GOT AN OUTPUT!: a5384bd18981
UVM_INFO out_mon.sv(31) @ 38669711: uvm_test_top.env0.out_mon_h [OUT_MON] GOT AN OUTPUT!: a21b2710eb1a
UVM_INFO out_mon.sv(31) @ 38674691: uvm_test_top.env0.out_mon_h [OUT_MON] GOT AN OUTPUT!: cc2577b3ebc5
UVM_INFO out_mon.sv(31) @ 38679671: uvm_test_top.env0.out_mon_h [OUT_MON] GOT AN OUTPUT!: 37bd2cd2ebb5
UVM_INFO out_mon.sv(31) @ 38684651: uvm_test_top.env0.out_mon_h [OUT_MON] GOT AN OUTPUT!: de7bb3468876
UVM_INFO out_mon.sv(31) @ 38689631: uvm_test_top.env0.out_mon_h [OUT_MON] GOT AN OUTPUT!: b5f92558fd60
UVM_INFO out_mon.sv(31) @ 38694611: uvm_test_top.env0.out_mon_h [OUT_MON] GOT AN OUTPUT!: 99c76d6e7d98
UVM_INFO out_mon.sv(31) @ 38699591: uvm_test_top.env0.out_mon_h [OUT_MON] GOT AN OUTPUT!: 0039983c9b2c
UVM_INFO out_mon.sv(31) @ 38704571: uvm_test_top.env0.out_mon_h [OUT_MON] GOT AN OUTPUT!: 3255f8e8a5ab
UVM_INFO out_mon.sv(31) @ 38709551: uvm_test_top.env0.out_mon_h [OUT_MON] GOT AN OUTPUT!: 7eab7e2504de
UVM_INFO out_mon.sv(31) @ 38714531: uvm_test_top.env0.out_mon_h [OUT_MON] GOT AN OUTPUT!: 9f33c9259eb4
UVM_INFO out_mon.sv(31) @ 38719511: uvm_test_top.env0.out_mon_h [OUT_MON] GOT AN OUTPUT!: 4a376a03324e
UVM_INFO out_mon.sv(31) @ 38724491: uvm_test_top.env0.out_mon_h [OUT_MON] GOT AN OUTPUT!: a62b31e5c3ad
UVM_INFO out_mon.sv(31) @ 38729471: uvm_test_top.env0.out_mon_h [OUT_MON] GOT AN OUTPUT!: 188f020de458
UVM_INFO out_mon.sv(31) @ 38734451: uvm_test_top.env0.out_mon_h [OUT_MON] GOT AN OUTPUT!: a7cbbb952f9b
UVM_INFO out_mon.sv(31) @ 38739431: uvm_test_top.env0.out_mon_h [OUT_MON] GOT AN OUTPUT!: e818bf7d935a
UVM_INFO out_mon.sv(31) @ 38744411: uvm_test_top.env0.out_mon_h [OUT_MON] GOT AN OUTPUT!: 2b5dbc67bcee
UVM_INFO out_mon.sv(31) @ 38749391: uvm_test_top.env0.out_mon_h [OUT_MON] GOT AN OUTPUT!: 6c053c087ab8
UVM_INFO out_mon.sv(31) @ 38754371: uvm_test_top.env0.out_mon_h [OUT_MON] GOT AN OUTPUT!: 2aed32350d82
UVM_INFO out_mon.sv(31) @ 38759351: uvm_test_top.env0.out_mon_h [OUT_MON] GOT AN OUTPUT!: 383ee81e9850
UVM_INFO out_mon.sv(31) @ 38764331: uvm_test_top.env0.out_mon_h [OUT_MON] GOT AN OUTPUT!: 1f48881478d6
UVM_INFO out_mon.sv(31) @ 38769311: uvm_test_top.env0.out_mon_h [OUT_MON] GOT AN OUTPUT!: ad6e7fe5a673
UVM_INFO out_mon.sv(31) @ 38774291: uvm_test_top.env0.out_mon_h [OUT_MON] GOT AN OUTPUT!: cbfb57b91bcf
UVM_INFO out_mon.sv(31) @ 38779271: uvm_test_top.env0.out_mon_h [OUT_MON] GOT AN OUTPUT!: a5041df5243d
UVM_INFO out_mon.sv(31) @ 38784251: uvm_test_top.env0.out_mon_h [OUT_MON] GOT AN OUTPUT!: cb50bf8dd0af
UVM_INFO out_mon.sv(31) @ 38789231: uvm_test_top.env0.out_mon_h [OUT_MON] GOT AN OUTPUT!: dd2c3fd24bd3
UVM_INFO out_mon.sv(31) @ 38794211: uvm_test_top.env0.out_mon_h [OUT_MON] GOT AN OUTPUT!: da5469913977
UVM_INFO out_mon.sv(31) @ 38799191: uvm_test_top.env0.out_mon_h [OUT_MON] GOT AN OUTPUT!: 24d1922c197e
UVM_INFO out_mon.sv(31) @ 38804171: uvm_test_top.env0.out_mon_h [OUT_MON] GOT AN OUTPUT!: e4d2d3f1aa77
UVM_INFO out_mon.sv(31) @ 38809151: uvm_test_top.env0.out_mon_h [OUT_MON] GOT AN OUTPUT!: 479ddcd74619
UVM_INFO out_mon.sv(31) @ 38814131: uvm_test_top.env0.out_mon_h [OUT_MON] GOT AN OUTPUT!: d158f769443c
UVM_INFO out_mon.sv(31) @ 38819111: uvm_test_top.env0.out_mon_h [OUT_MON] GOT AN OUTPUT!: b9fde98a52cd
UVM_INFO out_mon.sv(31) @ 38824091: uvm_test_top.env0.out_mon_h [OUT_MON] GOT AN OUTPUT!: 0d30e859e190
UVM_INFO out_mon.sv(31) @ 38829071: uvm_test_top.env0.out_mon_h [OUT_MON] GOT AN OUTPUT!: 051fc0597988
UVM_INFO out_mon.sv(31) @ 38834051: uvm_test_top.env0.out_mon_h [OUT_MON] GOT AN OUTPUT!: d8667ba91fd1
UVM_INFO out_mon.sv(31) @ 38839031: uvm_test_top.env0.out_mon_h [OUT_MON] GOT AN OUTPUT!: f2ee05f2b53d
UVM_INFO out_mon.sv(31) @ 38844011: uvm_test_top.env0.out_mon_h [OUT_MON] GOT AN OUTPUT!: 51c89c5c594a
UVM_INFO out_mon.sv(31) @ 38848991: uvm_test_top.env0.out_mon_h [OUT_MON] GOT AN OUTPUT!: 7a14e299c24b
UVM_INFO out_mon.sv(31) @ 38853971: uvm_test_top.env0.out_mon_h [OUT_MON] GOT AN OUTPUT!: 42e156f4a8d1
UVM_INFO out_mon.sv(31) @ 38858951: uvm_test_top.env0.out_mon_h [OUT_MON] GOT AN OUTPUT!: 6a023ee41d13
UVM_INFO out_mon.sv(31) @ 38863931: uvm_test_top.env0.out_mon_h [OUT_MON] GOT AN OUTPUT!: abfc398aed57
UVM_INFO out_mon.sv(31) @ 38868911: uvm_test_top.env0.out_mon_h [OUT_MON] GOT AN OUTPUT!: d6deaf35023a
UVM_INFO out_mon.sv(31) @ 38873891: uvm_test_top.env0.out_mon_h [OUT_MON] GOT AN OUTPUT!: 10242aabc1a7
UVM_INFO out_mon.sv(31) @ 38878871: uvm_test_top.env0.out_mon_h [OUT_MON] GOT AN OUTPUT!: 4599f2f96d77
UVM_INFO out_mon.sv(31) @ 38883851: uvm_test_top.env0.out_mon_h [OUT_MON] GOT AN OUTPUT!: 812b39f38215
UVM_INFO out_mon.sv(31) @ 38888831: uvm_test_top.env0.out_mon_h [OUT_MON] GOT AN OUTPUT!: 97db45a41985
UVM_INFO out_mon.sv(31) @ 38893811: uvm_test_top.env0.out_mon_h [OUT_MON] GOT AN OUTPUT!: 6b94946a4944
UVM_INFO out_mon.sv(31) @ 38898791: uvm_test_top.env0.out_mon_h [OUT_MON] GOT AN OUTPUT!: b81379698510
UVM_INFO out_mon.sv(31) @ 38903771: uvm_test_top.env0.out_mon_h [OUT_MON] GOT AN OUTPUT!: 22b2349ff4c5
UVM_INFO out_mon.sv(31) @ 38908751: uvm_test_top.env0.out_mon_h [OUT_MON] GOT AN OUTPUT!: 056a1abbe837
UVM_INFO out_mon.sv(31) @ 38913731: uvm_test_top.env0.out_mon_h [OUT_MON] GOT AN OUTPUT!: 2c914c8821c7
UVM_INFO out_mon.sv(31) @ 38918711: uvm_test_top.env0.out_mon_h [OUT_MON] GOT AN OUTPUT!: 7fce78874179
UVM_INFO out_mon.sv(31) @ 38923691: uvm_test_top.env0.out_mon_h [OUT_MON] GOT AN OUTPUT!: 4df82c162990
UVM_INFO out_mon.sv(31) @ 38928671: uvm_test_top.env0.out_mon_h [OUT_MON] GOT AN OUTPUT!: b3ecff2d4ca0
UVM_INFO out_mon.sv(31) @ 38933651: uvm_test_top.env0.out_mon_h [OUT_MON] GOT AN OUTPUT!: 5677989926f3
UVM_INFO out_mon.sv(31) @ 38938631: uvm_test_top.env0.out_mon_h [OUT_MON] GOT AN OUTPUT!: 672e96418796
UVM_INFO out_mon.sv(31) @ 38943611: uvm_test_top.env0.out_mon_h [OUT_MON] GOT AN OUTPUT!: ac5737d7f97d
UVM_INFO out_mon.sv(31) @ 38948591: uvm_test_top.env0.out_mon_h [OUT_MON] GOT AN OUTPUT!: 03c18405289a
UVM_INFO out_mon.sv(31) @ 38953571: uvm_test_top.env0.out_mon_h [OUT_MON] GOT AN OUTPUT!: 98a62fed3a95
UVM_INFO out_mon.sv(31) @ 38958551: uvm_test_top.env0.out_mon_h [OUT_MON] GOT AN OUTPUT!: c4908ba332d1
UVM_INFO out_mon.sv(31) @ 38963531: uvm_test_top.env0.out_mon_h [OUT_MON] GOT AN OUTPUT!: 533088e3483f
UVM_INFO out_mon.sv(31) @ 38968511: uvm_test_top.env0.out_mon_h [OUT_MON] GOT AN OUTPUT!: a148b72c5db0
UVM_INFO out_mon.sv(31) @ 38973491: uvm_test_top.env0.out_mon_h [OUT_MON] GOT AN OUTPUT!: ce836d103ec2
UVM_INFO out_mon.sv(31) @ 38978471: uvm_test_top.env0.out_mon_h [OUT_MON] GOT AN OUTPUT!: fa579553252a
UVM_INFO out_mon.sv(31) @ 38983451: uvm_test_top.env0.out_mon_h [OUT_MON] GOT AN OUTPUT!: 43e7de31f9e2
UVM_INFO out_mon.sv(31) @ 38988431: uvm_test_top.env0.out_mon_h [OUT_MON] GOT AN OUTPUT!: 04e54ce7c627
UVM_INFO out_mon.sv(31) @ 38993411: uvm_test_top.env0.out_mon_h [OUT_MON] GOT AN OUTPUT!: 7f68f44a13f0
UVM_INFO out_mon.sv(31) @ 38998391: uvm_test_top.env0.out_mon_h [OUT_MON] GOT AN OUTPUT!: f6df4d143e34
UVM_INFO out_mon.sv(31) @ 39003371: uvm_test_top.env0.out_mon_h [OUT_MON] GOT AN OUTPUT!: ebd64b39e65a
UVM_INFO out_mon.sv(31) @ 39008351: uvm_test_top.env0.out_mon_h [OUT_MON] GOT AN OUTPUT!: f2f21b5848e4
UVM_INFO out_mon.sv(31) @ 39013331: uvm_test_top.env0.out_mon_h [OUT_MON] GOT AN OUTPUT!: 5ebaa41e94fe
UVM_INFO out_mon.sv(31) @ 39018311: uvm_test_top.env0.out_mon_h [OUT_MON] GOT AN OUTPUT!: b48bd7455ee6
UVM_INFO out_mon.sv(31) @ 39023291: uvm_test_top.env0.out_mon_h [OUT_MON] GOT AN OUTPUT!: a462636cf4f4
UVM_INFO out_mon.sv(31) @ 39028271: uvm_test_top.env0.out_mon_h [OUT_MON] GOT AN OUTPUT!: fbd309fac031
UVM_INFO out_mon.sv(31) @ 39033251: uvm_test_top.env0.out_mon_h [OUT_MON] GOT AN OUTPUT!: cbd8f5cda50b
UVM_INFO out_mon.sv(31) @ 39038231: uvm_test_top.env0.out_mon_h [OUT_MON] GOT AN OUTPUT!: b9b875616658
UVM_INFO out_mon.sv(31) @ 39043211: uvm_test_top.env0.out_mon_h [OUT_MON] GOT AN OUTPUT!: 32e9c2b901a5
UVM_INFO out_mon.sv(31) @ 39048191: uvm_test_top.env0.out_mon_h [OUT_MON] GOT AN OUTPUT!: fbe645280f68
UVM_INFO out_mon.sv(31) @ 39053171: uvm_test_top.env0.out_mon_h [OUT_MON] GOT AN OUTPUT!: 5220b4d3253b
UVM_INFO out_mon.sv(31) @ 39058151: uvm_test_top.env0.out_mon_h [OUT_MON] GOT AN OUTPUT!: 98ca7d7f3556
UVM_INFO out_mon.sv(31) @ 39063131: uvm_test_top.env0.out_mon_h [OUT_MON] GOT AN OUTPUT!: 48cbfc07ec36
UVM_INFO out_mon.sv(31) @ 39068111: uvm_test_top.env0.out_mon_h [OUT_MON] GOT AN OUTPUT!: 9b8fef951575
UVM_INFO out_mon.sv(31) @ 39073091: uvm_test_top.env0.out_mon_h [OUT_MON] GOT AN OUTPUT!: 28f21e66f452
UVM_INFO out_mon.sv(31) @ 39078071: uvm_test_top.env0.out_mon_h [OUT_MON] GOT AN OUTPUT!: 701ea8d1aad9
UVM_INFO out_mon.sv(31) @ 39083051: uvm_test_top.env0.out_mon_h [OUT_MON] GOT AN OUTPUT!: 0366e6bf9755
UVM_INFO out_mon.sv(31) @ 39088031: uvm_test_top.env0.out_mon_h [OUT_MON] GOT AN OUTPUT!: cf2817d2b241
UVM_INFO out_mon.sv(31) @ 39093011: uvm_test_top.env0.out_mon_h [OUT_MON] GOT AN OUTPUT!: b3b159fcf235
UVM_INFO out_mon.sv(31) @ 39097991: uvm_test_top.env0.out_mon_h [OUT_MON] GOT AN OUTPUT!: 6a16ca27a95c
UVM_INFO out_mon.sv(31) @ 39102971: uvm_test_top.env0.out_mon_h [OUT_MON] GOT AN OUTPUT!: 6c1e3e41e186
UVM_INFO out_mon.sv(31) @ 39107951: uvm_test_top.env0.out_mon_h [OUT_MON] GOT AN OUTPUT!: 571726cdc6f9
UVM_INFO out_mon.sv(31) @ 39112931: uvm_test_top.env0.out_mon_h [OUT_MON] GOT AN OUTPUT!: 01ba52c4ff49
UVM_INFO out_mon.sv(31) @ 39117911: uvm_test_top.env0.out_mon_h [OUT_MON] GOT AN OUTPUT!: 3d11e06c0b14
UVM_INFO out_mon.sv(31) @ 39122891: uvm_test_top.env0.out_mon_h [OUT_MON] GOT AN OUTPUT!: f850bd6ca9ee
UVM_INFO out_mon.sv(31) @ 39127871: uvm_test_top.env0.out_mon_h [OUT_MON] GOT AN OUTPUT!: 3fb69c4f3332
UVM_INFO out_mon.sv(31) @ 39132851: uvm_test_top.env0.out_mon_h [OUT_MON] GOT AN OUTPUT!: 4e6df42afbb0
UVM_INFO out_mon.sv(31) @ 39137831: uvm_test_top.env0.out_mon_h [OUT_MON] GOT AN OUTPUT!: ab6e8525b70a
UVM_INFO out_mon.sv(31) @ 39142811: uvm_test_top.env0.out_mon_h [OUT_MON] GOT AN OUTPUT!: 095c7c19d106
UVM_INFO out_mon.sv(31) @ 39147791: uvm_test_top.env0.out_mon_h [OUT_MON] GOT AN OUTPUT!: 6168347bd4f2
UVM_INFO out_mon.sv(31) @ 39152771: uvm_test_top.env0.out_mon_h [OUT_MON] GOT AN OUTPUT!: 812cc956c66a
UVM_INFO out_mon.sv(31) @ 39157751: uvm_test_top.env0.out_mon_h [OUT_MON] GOT AN OUTPUT!: 038fc6f7890b
UVM_INFO out_mon.sv(31) @ 39162731: uvm_test_top.env0.out_mon_h [OUT_MON] GOT AN OUTPUT!: 6ca6be9f3725
UVM_INFO out_mon.sv(31) @ 39167711: uvm_test_top.env0.out_mon_h [OUT_MON] GOT AN OUTPUT!: e08f69548d98
UVM_INFO out_mon.sv(31) @ 39172691: uvm_test_top.env0.out_mon_h [OUT_MON] GOT AN OUTPUT!: ad56edac4055
UVM_INFO out_mon.sv(31) @ 39177671: uvm_test_top.env0.out_mon_h [OUT_MON] GOT AN OUTPUT!: 9fd253206088
UVM_INFO out_mon.sv(31) @ 39182651: uvm_test_top.env0.out_mon_h [OUT_MON] GOT AN OUTPUT!: db89234ebcf4
UVM_INFO out_mon.sv(31) @ 39187631: uvm_test_top.env0.out_mon_h [OUT_MON] GOT AN OUTPUT!: ad8957363fa0
UVM_INFO out_mon.sv(31) @ 39192611: uvm_test_top.env0.out_mon_h [OUT_MON] GOT AN OUTPUT!: 924b714b4908
UVM_INFO out_mon.sv(31) @ 39197591: uvm_test_top.env0.out_mon_h [OUT_MON] GOT AN OUTPUT!: 669a14fb2043
UVM_INFO out_mon.sv(31) @ 39202571: uvm_test_top.env0.out_mon_h [OUT_MON] GOT AN OUTPUT!: 7b662af641bb
UVM_INFO out_mon.sv(31) @ 39207551: uvm_test_top.env0.out_mon_h [OUT_MON] GOT AN OUTPUT!: 04b4fe59c54c
UVM_INFO out_mon.sv(31) @ 39212531: uvm_test_top.env0.out_mon_h [OUT_MON] GOT AN OUTPUT!: 1b6b108fc197
UVM_INFO out_mon.sv(31) @ 39217511: uvm_test_top.env0.out_mon_h [OUT_MON] GOT AN OUTPUT!: 4a421c7ea6f0
UVM_INFO out_mon.sv(31) @ 39222491: uvm_test_top.env0.out_mon_h [OUT_MON] GOT AN OUTPUT!: 5da1225fa590
UVM_INFO out_mon.sv(31) @ 39227471: uvm_test_top.env0.out_mon_h [OUT_MON] GOT AN OUTPUT!: ee73e554022c
UVM_INFO out_mon.sv(31) @ 39232451: uvm_test_top.env0.out_mon_h [OUT_MON] GOT AN OUTPUT!: e0164d91892d
UVM_INFO out_mon.sv(31) @ 39237431: uvm_test_top.env0.out_mon_h [OUT_MON] GOT AN OUTPUT!: c930f9bdd4a5
UVM_INFO out_mon.sv(31) @ 39242411: uvm_test_top.env0.out_mon_h [OUT_MON] GOT AN OUTPUT!: ff9571d0c765
UVM_INFO out_mon.sv(31) @ 39247391: uvm_test_top.env0.out_mon_h [OUT_MON] GOT AN OUTPUT!: bf252195d983
UVM_INFO out_mon.sv(31) @ 39252371: uvm_test_top.env0.out_mon_h [OUT_MON] GOT AN OUTPUT!: a3aaefa47f8f
UVM_INFO out_mon.sv(31) @ 39257351: uvm_test_top.env0.out_mon_h [OUT_MON] GOT AN OUTPUT!: 6dbf6a678932
UVM_INFO out_mon.sv(31) @ 39262331: uvm_test_top.env0.out_mon_h [OUT_MON] GOT AN OUTPUT!: caa5438b88f9
UVM_INFO out_mon.sv(31) @ 39267311: uvm_test_top.env0.out_mon_h [OUT_MON] GOT AN OUTPUT!: 972ab1ec258d
UVM_INFO out_mon.sv(31) @ 39272291: uvm_test_top.env0.out_mon_h [OUT_MON] GOT AN OUTPUT!: d58cd7d88379
UVM_INFO out_mon.sv(31) @ 39277271: uvm_test_top.env0.out_mon_h [OUT_MON] GOT AN OUTPUT!: 4e537246a55c
UVM_INFO out_mon.sv(31) @ 39282251: uvm_test_top.env0.out_mon_h [OUT_MON] GOT AN OUTPUT!: 942f914dc8a4
UVM_INFO out_mon.sv(31) @ 39287231: uvm_test_top.env0.out_mon_h [OUT_MON] GOT AN OUTPUT!: e2e345ffc9ab
UVM_INFO out_mon.sv(31) @ 39292211: uvm_test_top.env0.out_mon_h [OUT_MON] GOT AN OUTPUT!: 1118427976de
UVM_INFO out_mon.sv(31) @ 39297191: uvm_test_top.env0.out_mon_h [OUT_MON] GOT AN OUTPUT!: 8d49c9c208ef
UVM_INFO out_mon.sv(31) @ 39302171: uvm_test_top.env0.out_mon_h [OUT_MON] GOT AN OUTPUT!: 1d958ed1690b
UVM_INFO out_mon.sv(31) @ 39307151: uvm_test_top.env0.out_mon_h [OUT_MON] GOT AN OUTPUT!: daac63d5a365
UVM_INFO out_mon.sv(31) @ 39312131: uvm_test_top.env0.out_mon_h [OUT_MON] GOT AN OUTPUT!: 9daf5d8f3b07
UVM_INFO out_mon.sv(31) @ 39317111: uvm_test_top.env0.out_mon_h [OUT_MON] GOT AN OUTPUT!: d901af5c93b8
UVM_INFO out_mon.sv(31) @ 39322091: uvm_test_top.env0.out_mon_h [OUT_MON] GOT AN OUTPUT!: 9435734c46aa
UVM_INFO out_mon.sv(31) @ 39327071: uvm_test_top.env0.out_mon_h [OUT_MON] GOT AN OUTPUT!: 02ece64e9252
UVM_INFO out_mon.sv(31) @ 39332051: uvm_test_top.env0.out_mon_h [OUT_MON] GOT AN OUTPUT!: eeb1455dac8e
UVM_INFO out_mon.sv(31) @ 39337031: uvm_test_top.env0.out_mon_h [OUT_MON] GOT AN OUTPUT!: ebdd2335235c
UVM_INFO out_mon.sv(31) @ 39342011: uvm_test_top.env0.out_mon_h [OUT_MON] GOT AN OUTPUT!: 1170a8f04545
UVM_INFO out_mon.sv(31) @ 39346991: uvm_test_top.env0.out_mon_h [OUT_MON] GOT AN OUTPUT!: abfde1a77ae1
UVM_INFO out_mon.sv(31) @ 39351971: uvm_test_top.env0.out_mon_h [OUT_MON] GOT AN OUTPUT!: 237e62e4ad45
UVM_INFO out_mon.sv(31) @ 39356951: uvm_test_top.env0.out_mon_h [OUT_MON] GOT AN OUTPUT!: 0c3b72869a0d
UVM_INFO out_mon.sv(31) @ 39361931: uvm_test_top.env0.out_mon_h [OUT_MON] GOT AN OUTPUT!: 1aa7506b4138
UVM_INFO out_mon.sv(31) @ 39366911: uvm_test_top.env0.out_mon_h [OUT_MON] GOT AN OUTPUT!: 7241e6f93bfd
UVM_INFO out_mon.sv(31) @ 39371891: uvm_test_top.env0.out_mon_h [OUT_MON] GOT AN OUTPUT!: 87761d601dee
UVM_INFO out_mon.sv(31) @ 39376871: uvm_test_top.env0.out_mon_h [OUT_MON] GOT AN OUTPUT!: 8c7c2927d822
UVM_INFO out_mon.sv(31) @ 39381851: uvm_test_top.env0.out_mon_h [OUT_MON] GOT AN OUTPUT!: 213934671ca4
UVM_INFO out_mon.sv(31) @ 39386831: uvm_test_top.env0.out_mon_h [OUT_MON] GOT AN OUTPUT!: be18a7b8b199
UVM_INFO out_mon.sv(31) @ 39391811: uvm_test_top.env0.out_mon_h [OUT_MON] GOT AN OUTPUT!: 11f800c7dddd
UVM_INFO out_mon.sv(31) @ 39396791: uvm_test_top.env0.out_mon_h [OUT_MON] GOT AN OUTPUT!: 4b006c0bbe90
UVM_INFO out_mon.sv(31) @ 39401771: uvm_test_top.env0.out_mon_h [OUT_MON] GOT AN OUTPUT!: 02840e09b680
UVM_INFO out_mon.sv(31) @ 39406751: uvm_test_top.env0.out_mon_h [OUT_MON] GOT AN OUTPUT!: 43e2f636be10
UVM_INFO out_mon.sv(31) @ 39411731: uvm_test_top.env0.out_mon_h [OUT_MON] GOT AN OUTPUT!: e6662f4fca76
UVM_INFO out_mon.sv(31) @ 39416711: uvm_test_top.env0.out_mon_h [OUT_MON] GOT AN OUTPUT!: 3228a8c12a3d
UVM_INFO out_mon.sv(31) @ 39421691: uvm_test_top.env0.out_mon_h [OUT_MON] GOT AN OUTPUT!: 87eb3374f184
UVM_INFO out_mon.sv(31) @ 39426671: uvm_test_top.env0.out_mon_h [OUT_MON] GOT AN OUTPUT!: 83ff2d204272
UVM_INFO out_mon.sv(31) @ 39431651: uvm_test_top.env0.out_mon_h [OUT_MON] GOT AN OUTPUT!: d41f45e7c68d
UVM_INFO out_mon.sv(31) @ 39436631: uvm_test_top.env0.out_mon_h [OUT_MON] GOT AN OUTPUT!: b852a3f2fe3b
UVM_INFO out_mon.sv(31) @ 39441611: uvm_test_top.env0.out_mon_h [OUT_MON] GOT AN OUTPUT!: e6ce9f46a900
UVM_INFO out_mon.sv(31) @ 39446591: uvm_test_top.env0.out_mon_h [OUT_MON] GOT AN OUTPUT!: 4acfecfe1da7
UVM_INFO out_mon.sv(31) @ 39451571: uvm_test_top.env0.out_mon_h [OUT_MON] GOT AN OUTPUT!: d6838bbbb3a5
UVM_INFO out_mon.sv(31) @ 39456551: uvm_test_top.env0.out_mon_h [OUT_MON] GOT AN OUTPUT!: 5fe1f2e81add
UVM_INFO out_mon.sv(31) @ 39461531: uvm_test_top.env0.out_mon_h [OUT_MON] GOT AN OUTPUT!: 408b6218c182
UVM_INFO out_mon.sv(31) @ 39466511: uvm_test_top.env0.out_mon_h [OUT_MON] GOT AN OUTPUT!: 30b342b5307b
UVM_INFO out_mon.sv(31) @ 39471491: uvm_test_top.env0.out_mon_h [OUT_MON] GOT AN OUTPUT!: 94f397b36f0d
UVM_INFO out_mon.sv(31) @ 39476471: uvm_test_top.env0.out_mon_h [OUT_MON] GOT AN OUTPUT!: 3730cc035bae
UVM_INFO out_mon.sv(31) @ 39481451: uvm_test_top.env0.out_mon_h [OUT_MON] GOT AN OUTPUT!: 22836601176a
UVM_INFO out_mon.sv(31) @ 39486431: uvm_test_top.env0.out_mon_h [OUT_MON] GOT AN OUTPUT!: 1a082a06587e
UVM_INFO out_mon.sv(31) @ 39491411: uvm_test_top.env0.out_mon_h [OUT_MON] GOT AN OUTPUT!: e2cc43f2d8e1
UVM_INFO out_mon.sv(31) @ 39496391: uvm_test_top.env0.out_mon_h [OUT_MON] GOT AN OUTPUT!: 58a53a43a446
UVM_INFO out_mon.sv(31) @ 39501371: uvm_test_top.env0.out_mon_h [OUT_MON] GOT AN OUTPUT!: 06169e118d58
UVM_INFO out_mon.sv(31) @ 39506351: uvm_test_top.env0.out_mon_h [OUT_MON] GOT AN OUTPUT!: b730710e79d0
UVM_INFO out_mon.sv(31) @ 39511331: uvm_test_top.env0.out_mon_h [OUT_MON] GOT AN OUTPUT!: 3f700e59d0ea
UVM_INFO out_mon.sv(31) @ 39516311: uvm_test_top.env0.out_mon_h [OUT_MON] GOT AN OUTPUT!: 6a9aaec3d407
UVM_INFO out_mon.sv(31) @ 39521291: uvm_test_top.env0.out_mon_h [OUT_MON] GOT AN OUTPUT!: d0a58fd8007b
UVM_INFO out_mon.sv(31) @ 39526271: uvm_test_top.env0.out_mon_h [OUT_MON] GOT AN OUTPUT!: 048efac671c7
UVM_INFO out_mon.sv(31) @ 39531251: uvm_test_top.env0.out_mon_h [OUT_MON] GOT AN OUTPUT!: 5641d004395a
UVM_INFO out_mon.sv(31) @ 39536231: uvm_test_top.env0.out_mon_h [OUT_MON] GOT AN OUTPUT!: 1f75f43acaae
UVM_INFO out_mon.sv(31) @ 39541211: uvm_test_top.env0.out_mon_h [OUT_MON] GOT AN OUTPUT!: 538f3ede54c1
UVM_INFO out_mon.sv(31) @ 39546191: uvm_test_top.env0.out_mon_h [OUT_MON] GOT AN OUTPUT!: ca7c5d831e77
UVM_INFO out_mon.sv(31) @ 39551171: uvm_test_top.env0.out_mon_h [OUT_MON] GOT AN OUTPUT!: 7e9adac9ef6b
UVM_INFO out_mon.sv(31) @ 39556151: uvm_test_top.env0.out_mon_h [OUT_MON] GOT AN OUTPUT!: b591837b69cc
UVM_INFO out_mon.sv(31) @ 39561131: uvm_test_top.env0.out_mon_h [OUT_MON] GOT AN OUTPUT!: cc32772a66e4
UVM_INFO out_mon.sv(31) @ 39566111: uvm_test_top.env0.out_mon_h [OUT_MON] GOT AN OUTPUT!: 1d5ff0756514
UVM_INFO out_mon.sv(31) @ 39571091: uvm_test_top.env0.out_mon_h [OUT_MON] GOT AN OUTPUT!: 3be070bed5e3
UVM_INFO out_mon.sv(31) @ 39576071: uvm_test_top.env0.out_mon_h [OUT_MON] GOT AN OUTPUT!: 775034f48d1f
UVM_INFO out_mon.sv(31) @ 39581051: uvm_test_top.env0.out_mon_h [OUT_MON] GOT AN OUTPUT!: 63f27abe1859
UVM_INFO out_mon.sv(31) @ 39586031: uvm_test_top.env0.out_mon_h [OUT_MON] GOT AN OUTPUT!: dd95232a2142
UVM_INFO out_mon.sv(31) @ 39591011: uvm_test_top.env0.out_mon_h [OUT_MON] GOT AN OUTPUT!: bd72a1b2cb6d
UVM_INFO out_mon.sv(31) @ 39595991: uvm_test_top.env0.out_mon_h [OUT_MON] GOT AN OUTPUT!: 3b12543119c6
UVM_INFO out_mon.sv(31) @ 39600971: uvm_test_top.env0.out_mon_h [OUT_MON] GOT AN OUTPUT!: b02d07174922
UVM_INFO out_mon.sv(31) @ 39605951: uvm_test_top.env0.out_mon_h [OUT_MON] GOT AN OUTPUT!: 377d4a0a3332
UVM_INFO out_mon.sv(31) @ 39610931: uvm_test_top.env0.out_mon_h [OUT_MON] GOT AN OUTPUT!: 5eae86b1aedb
UVM_INFO out_mon.sv(31) @ 39615911: uvm_test_top.env0.out_mon_h [OUT_MON] GOT AN OUTPUT!: e3391357ea58
UVM_INFO out_mon.sv(31) @ 39620891: uvm_test_top.env0.out_mon_h [OUT_MON] GOT AN OUTPUT!: 3243c6afd979
UVM_INFO out_mon.sv(31) @ 39625871: uvm_test_top.env0.out_mon_h [OUT_MON] GOT AN OUTPUT!: 2377bada7caf
UVM_INFO out_mon.sv(31) @ 39630851: uvm_test_top.env0.out_mon_h [OUT_MON] GOT AN OUTPUT!: 26f5dc836145
UVM_INFO out_mon.sv(31) @ 39635831: uvm_test_top.env0.out_mon_h [OUT_MON] GOT AN OUTPUT!: de225dabe5df
UVM_INFO out_mon.sv(31) @ 39640811: uvm_test_top.env0.out_mon_h [OUT_MON] GOT AN OUTPUT!: d793157da762
UVM_INFO out_mon.sv(31) @ 39645791: uvm_test_top.env0.out_mon_h [OUT_MON] GOT AN OUTPUT!: e5e44f3bdf06
UVM_INFO out_mon.sv(31) @ 39650771: uvm_test_top.env0.out_mon_h [OUT_MON] GOT AN OUTPUT!: 49a7fc2bc206
UVM_INFO out_mon.sv(31) @ 39655751: uvm_test_top.env0.out_mon_h [OUT_MON] GOT AN OUTPUT!: a62d090be7aa
UVM_INFO out_mon.sv(31) @ 39660731: uvm_test_top.env0.out_mon_h [OUT_MON] GOT AN OUTPUT!: 797c3272941a
UVM_INFO out_mon.sv(31) @ 39665711: uvm_test_top.env0.out_mon_h [OUT_MON] GOT AN OUTPUT!: 8f26512b37c8
UVM_INFO out_mon.sv(31) @ 39670691: uvm_test_top.env0.out_mon_h [OUT_MON] GOT AN OUTPUT!: a6223b6ab49e
UVM_INFO out_mon.sv(31) @ 39675671: uvm_test_top.env0.out_mon_h [OUT_MON] GOT AN OUTPUT!: 41bd6c72ce06
UVM_INFO out_mon.sv(31) @ 39680651: uvm_test_top.env0.out_mon_h [OUT_MON] GOT AN OUTPUT!: 5d64c6fc8163
UVM_INFO out_mon.sv(31) @ 39685631: uvm_test_top.env0.out_mon_h [OUT_MON] GOT AN OUTPUT!: 7b9bb0816675
UVM_INFO out_mon.sv(31) @ 39690611: uvm_test_top.env0.out_mon_h [OUT_MON] GOT AN OUTPUT!: 47cba03c1470
UVM_INFO out_mon.sv(31) @ 39695591: uvm_test_top.env0.out_mon_h [OUT_MON] GOT AN OUTPUT!: c32c4f777dd8
UVM_INFO out_mon.sv(31) @ 39700571: uvm_test_top.env0.out_mon_h [OUT_MON] GOT AN OUTPUT!: b4a5cf854cb7
UVM_INFO out_mon.sv(31) @ 39705551: uvm_test_top.env0.out_mon_h [OUT_MON] GOT AN OUTPUT!: d3a0b1734d00
UVM_INFO out_mon.sv(31) @ 39710531: uvm_test_top.env0.out_mon_h [OUT_MON] GOT AN OUTPUT!: e5fe0357c25e
UVM_INFO out_mon.sv(31) @ 39715511: uvm_test_top.env0.out_mon_h [OUT_MON] GOT AN OUTPUT!: c8e23fccd30f
UVM_INFO out_mon.sv(31) @ 39720491: uvm_test_top.env0.out_mon_h [OUT_MON] GOT AN OUTPUT!: 1ca1ecf2d651
UVM_INFO out_mon.sv(31) @ 39725471: uvm_test_top.env0.out_mon_h [OUT_MON] GOT AN OUTPUT!: 0b9be811c93c
UVM_INFO out_mon.sv(31) @ 39730451: uvm_test_top.env0.out_mon_h [OUT_MON] GOT AN OUTPUT!: 641c86b1a04d
UVM_INFO out_mon.sv(31) @ 39735431: uvm_test_top.env0.out_mon_h [OUT_MON] GOT AN OUTPUT!: fd3b41c1affd
UVM_INFO out_mon.sv(31) @ 39740411: uvm_test_top.env0.out_mon_h [OUT_MON] GOT AN OUTPUT!: 1eb908270026
UVM_INFO out_mon.sv(31) @ 39745391: uvm_test_top.env0.out_mon_h [OUT_MON] GOT AN OUTPUT!: 63e89ec9bf19
UVM_INFO out_mon.sv(31) @ 39750371: uvm_test_top.env0.out_mon_h [OUT_MON] GOT AN OUTPUT!: 518570f98e7f
UVM_INFO out_mon.sv(31) @ 39755351: uvm_test_top.env0.out_mon_h [OUT_MON] GOT AN OUTPUT!: 9694e7c0f38f
UVM_INFO out_mon.sv(31) @ 39760331: uvm_test_top.env0.out_mon_h [OUT_MON] GOT AN OUTPUT!: b04b657fa8a8
UVM_INFO out_mon.sv(31) @ 39765311: uvm_test_top.env0.out_mon_h [OUT_MON] GOT AN OUTPUT!: 68e998e409d5
UVM_INFO out_mon.sv(31) @ 39770291: uvm_test_top.env0.out_mon_h [OUT_MON] GOT AN OUTPUT!: 6999681b6ad8
UVM_INFO out_mon.sv(31) @ 39775271: uvm_test_top.env0.out_mon_h [OUT_MON] GOT AN OUTPUT!: d752bdd17c63
UVM_INFO out_mon.sv(31) @ 39780251: uvm_test_top.env0.out_mon_h [OUT_MON] GOT AN OUTPUT!: b2b80756b180
UVM_INFO out_mon.sv(31) @ 39785231: uvm_test_top.env0.out_mon_h [OUT_MON] GOT AN OUTPUT!: 72fc34058bfe
UVM_INFO out_mon.sv(31) @ 39790211: uvm_test_top.env0.out_mon_h [OUT_MON] GOT AN OUTPUT!: 13b612bf15f5
UVM_INFO out_mon.sv(31) @ 39795191: uvm_test_top.env0.out_mon_h [OUT_MON] GOT AN OUTPUT!: 8dd325162ec0
UVM_INFO out_mon.sv(31) @ 39800171: uvm_test_top.env0.out_mon_h [OUT_MON] GOT AN OUTPUT!: 73607e81f615
UVM_INFO out_mon.sv(31) @ 39805151: uvm_test_top.env0.out_mon_h [OUT_MON] GOT AN OUTPUT!: 2683f0af2457
UVM_INFO out_mon.sv(31) @ 39810131: uvm_test_top.env0.out_mon_h [OUT_MON] GOT AN OUTPUT!: e34005c86e33
UVM_INFO out_mon.sv(31) @ 39815111: uvm_test_top.env0.out_mon_h [OUT_MON] GOT AN OUTPUT!: 9476814de96a
UVM_INFO out_mon.sv(31) @ 39820091: uvm_test_top.env0.out_mon_h [OUT_MON] GOT AN OUTPUT!: 2ba414d35dfd
UVM_INFO out_mon.sv(31) @ 39825071: uvm_test_top.env0.out_mon_h [OUT_MON] GOT AN OUTPUT!: f3da49bdb5a5
UVM_INFO out_mon.sv(31) @ 39830051: uvm_test_top.env0.out_mon_h [OUT_MON] GOT AN OUTPUT!: 17962ed75889
UVM_INFO out_mon.sv(31) @ 39835031: uvm_test_top.env0.out_mon_h [OUT_MON] GOT AN OUTPUT!: 519ccc53875e
UVM_INFO out_mon.sv(31) @ 39840011: uvm_test_top.env0.out_mon_h [OUT_MON] GOT AN OUTPUT!: 80e25398c151
UVM_INFO out_mon.sv(31) @ 39844991: uvm_test_top.env0.out_mon_h [OUT_MON] GOT AN OUTPUT!: 976705ea1d51
UVM_INFO out_mon.sv(31) @ 39849971: uvm_test_top.env0.out_mon_h [OUT_MON] GOT AN OUTPUT!: 1c1682c7b149
UVM_INFO out_mon.sv(31) @ 39854951: uvm_test_top.env0.out_mon_h [OUT_MON] GOT AN OUTPUT!: 37a78c9dee65
UVM_INFO out_mon.sv(31) @ 39859931: uvm_test_top.env0.out_mon_h [OUT_MON] GOT AN OUTPUT!: 047cf41c04d4
UVM_INFO out_mon.sv(31) @ 39864911: uvm_test_top.env0.out_mon_h [OUT_MON] GOT AN OUTPUT!: 9986cd493af2
UVM_INFO out_mon.sv(31) @ 39869891: uvm_test_top.env0.out_mon_h [OUT_MON] GOT AN OUTPUT!: 0820203156be
UVM_INFO out_mon.sv(31) @ 39874871: uvm_test_top.env0.out_mon_h [OUT_MON] GOT AN OUTPUT!: 44f222bffc8b
UVM_INFO out_mon.sv(31) @ 39879851: uvm_test_top.env0.out_mon_h [OUT_MON] GOT AN OUTPUT!: b3d129230608
UVM_INFO out_mon.sv(31) @ 39884831: uvm_test_top.env0.out_mon_h [OUT_MON] GOT AN OUTPUT!: ce9837cbeeb1
UVM_INFO out_mon.sv(31) @ 39889811: uvm_test_top.env0.out_mon_h [OUT_MON] GOT AN OUTPUT!: 1f16c8e82dab
UVM_INFO out_mon.sv(31) @ 39894791: uvm_test_top.env0.out_mon_h [OUT_MON] GOT AN OUTPUT!: 83e281e89079
UVM_INFO out_mon.sv(31) @ 39899771: uvm_test_top.env0.out_mon_h [OUT_MON] GOT AN OUTPUT!: 7840486fa91a
UVM_INFO out_mon.sv(31) @ 39904751: uvm_test_top.env0.out_mon_h [OUT_MON] GOT AN OUTPUT!: d6fd27bf1a93
UVM_INFO out_mon.sv(31) @ 39909731: uvm_test_top.env0.out_mon_h [OUT_MON] GOT AN OUTPUT!: 5057b87c13ac
UVM_INFO out_mon.sv(31) @ 39914711: uvm_test_top.env0.out_mon_h [OUT_MON] GOT AN OUTPUT!: 8ad43d628caa
UVM_INFO out_mon.sv(31) @ 39919691: uvm_test_top.env0.out_mon_h [OUT_MON] GOT AN OUTPUT!: a72bd73fc8b4
UVM_INFO out_mon.sv(31) @ 39924671: uvm_test_top.env0.out_mon_h [OUT_MON] GOT AN OUTPUT!: 9f14914b9e9e
UVM_INFO out_mon.sv(31) @ 39929651: uvm_test_top.env0.out_mon_h [OUT_MON] GOT AN OUTPUT!: b743e7b8e773
UVM_INFO out_mon.sv(31) @ 39934631: uvm_test_top.env0.out_mon_h [OUT_MON] GOT AN OUTPUT!: fc2a0114cf82
UVM_INFO out_mon.sv(31) @ 39939611: uvm_test_top.env0.out_mon_h [OUT_MON] GOT AN OUTPUT!: 81eef3cd47a7
UVM_INFO out_mon.sv(31) @ 39944591: uvm_test_top.env0.out_mon_h [OUT_MON] GOT AN OUTPUT!: df409bf659e1
UVM_INFO out_mon.sv(31) @ 39949571: uvm_test_top.env0.out_mon_h [OUT_MON] GOT AN OUTPUT!: 1b3b9e2688e6
UVM_INFO out_mon.sv(31) @ 39954551: uvm_test_top.env0.out_mon_h [OUT_MON] GOT AN OUTPUT!: 064364023844
UVM_INFO out_mon.sv(31) @ 39959531: uvm_test_top.env0.out_mon_h [OUT_MON] GOT AN OUTPUT!: b5f11fce067f
UVM_INFO out_mon.sv(31) @ 39964511: uvm_test_top.env0.out_mon_h [OUT_MON] GOT AN OUTPUT!: 9bdf25202a5c
UVM_INFO out_mon.sv(31) @ 39969491: uvm_test_top.env0.out_mon_h [OUT_MON] GOT AN OUTPUT!: 6f9d7488db21
UVM_INFO out_mon.sv(31) @ 39974471: uvm_test_top.env0.out_mon_h [OUT_MON] GOT AN OUTPUT!: e37f13c9a8eb
UVM_INFO out_mon.sv(31) @ 39979451: uvm_test_top.env0.out_mon_h [OUT_MON] GOT AN OUTPUT!: dc8a6ff3e2ef
UVM_INFO out_mon.sv(31) @ 39984431: uvm_test_top.env0.out_mon_h [OUT_MON] GOT AN OUTPUT!: a550a585f3c3
UVM_INFO out_mon.sv(31) @ 39989411: uvm_test_top.env0.out_mon_h [OUT_MON] GOT AN OUTPUT!: 53c8ac5fbc52
UVM_INFO out_mon.sv(31) @ 39994391: uvm_test_top.env0.out_mon_h [OUT_MON] GOT AN OUTPUT!: 5a3d702600e2
UVM_INFO out_mon.sv(31) @ 39999371: uvm_test_top.env0.out_mon_h [OUT_MON] GOT AN OUTPUT!: fb21116cc122
UVM_INFO out_mon.sv(31) @ 40004351: uvm_test_top.env0.out_mon_h [OUT_MON] GOT AN OUTPUT!: 17f570c09329
UVM_INFO out_mon.sv(31) @ 40009331: uvm_test_top.env0.out_mon_h [OUT_MON] GOT AN OUTPUT!: 9320eb670d7c
UVM_INFO out_mon.sv(31) @ 40014311: uvm_test_top.env0.out_mon_h [OUT_MON] GOT AN OUTPUT!: 3cdf7c6e2096
UVM_INFO out_mon.sv(31) @ 40019291: uvm_test_top.env0.out_mon_h [OUT_MON] GOT AN OUTPUT!: 03123a627ae8
UVM_INFO out_mon.sv(31) @ 40024271: uvm_test_top.env0.out_mon_h [OUT_MON] GOT AN OUTPUT!: dc2b59c4e987
UVM_INFO out_mon.sv(31) @ 40029251: uvm_test_top.env0.out_mon_h [OUT_MON] GOT AN OUTPUT!: a5035516aa12
UVM_INFO out_mon.sv(31) @ 40034231: uvm_test_top.env0.out_mon_h [OUT_MON] GOT AN OUTPUT!: e9c42d14e7f4
UVM_INFO out_mon.sv(31) @ 40039211: uvm_test_top.env0.out_mon_h [OUT_MON] GOT AN OUTPUT!: 51be6c7af6c6
UVM_INFO out_mon.sv(31) @ 40044191: uvm_test_top.env0.out_mon_h [OUT_MON] GOT AN OUTPUT!: 2655b863d520
UVM_INFO out_mon.sv(31) @ 40049171: uvm_test_top.env0.out_mon_h [OUT_MON] GOT AN OUTPUT!: 2cd10a227976
UVM_INFO out_mon.sv(31) @ 40054151: uvm_test_top.env0.out_mon_h [OUT_MON] GOT AN OUTPUT!: cb4a232933b8
UVM_INFO out_mon.sv(31) @ 40059131: uvm_test_top.env0.out_mon_h [OUT_MON] GOT AN OUTPUT!: 30872a580ee6
UVM_INFO out_mon.sv(31) @ 40064111: uvm_test_top.env0.out_mon_h [OUT_MON] GOT AN OUTPUT!: f6d3c7ca39cb
UVM_INFO out_mon.sv(31) @ 40069091: uvm_test_top.env0.out_mon_h [OUT_MON] GOT AN OUTPUT!: 79eafefa565b
UVM_INFO out_mon.sv(31) @ 40074071: uvm_test_top.env0.out_mon_h [OUT_MON] GOT AN OUTPUT!: d7d7b7d5e7ab
UVM_INFO out_mon.sv(31) @ 40079051: uvm_test_top.env0.out_mon_h [OUT_MON] GOT AN OUTPUT!: 54c9fa17a9e4
UVM_INFO out_mon.sv(31) @ 40084031: uvm_test_top.env0.out_mon_h [OUT_MON] GOT AN OUTPUT!: 9a036d00f418
UVM_INFO out_mon.sv(31) @ 40089011: uvm_test_top.env0.out_mon_h [OUT_MON] GOT AN OUTPUT!: 07af384a2204
UVM_INFO out_mon.sv(31) @ 40093991: uvm_test_top.env0.out_mon_h [OUT_MON] GOT AN OUTPUT!: 11c372e1e1b7
UVM_INFO out_mon.sv(31) @ 40098971: uvm_test_top.env0.out_mon_h [OUT_MON] GOT AN OUTPUT!: 5fe6d6d39f7d
UVM_INFO out_mon.sv(31) @ 40103951: uvm_test_top.env0.out_mon_h [OUT_MON] GOT AN OUTPUT!: 2844586ce756
UVM_INFO out_mon.sv(31) @ 40108931: uvm_test_top.env0.out_mon_h [OUT_MON] GOT AN OUTPUT!: fd7d6579bd5e
UVM_INFO out_mon.sv(31) @ 40113911: uvm_test_top.env0.out_mon_h [OUT_MON] GOT AN OUTPUT!: 0774dc3003de
UVM_INFO out_mon.sv(31) @ 40118891: uvm_test_top.env0.out_mon_h [OUT_MON] GOT AN OUTPUT!: 5f3ff421d722
UVM_INFO out_mon.sv(31) @ 40123871: uvm_test_top.env0.out_mon_h [OUT_MON] GOT AN OUTPUT!: 05fb884ef080
UVM_INFO out_mon.sv(31) @ 40128851: uvm_test_top.env0.out_mon_h [OUT_MON] GOT AN OUTPUT!: aeb6df2d0606
UVM_INFO out_mon.sv(31) @ 40133831: uvm_test_top.env0.out_mon_h [OUT_MON] GOT AN OUTPUT!: 5349b23f2b10
UVM_INFO out_mon.sv(31) @ 40138811: uvm_test_top.env0.out_mon_h [OUT_MON] GOT AN OUTPUT!: 4c32f2942a61
UVM_INFO out_mon.sv(31) @ 40143791: uvm_test_top.env0.out_mon_h [OUT_MON] GOT AN OUTPUT!: 63852c43f1fc
UVM_INFO out_mon.sv(31) @ 40148771: uvm_test_top.env0.out_mon_h [OUT_MON] GOT AN OUTPUT!: 1abbfcc3df21
UVM_INFO out_mon.sv(31) @ 40153751: uvm_test_top.env0.out_mon_h [OUT_MON] GOT AN OUTPUT!: 1b9f7aaa3ae5
UVM_INFO out_mon.sv(31) @ 40158731: uvm_test_top.env0.out_mon_h [OUT_MON] GOT AN OUTPUT!: 8c2161388138
UVM_INFO out_mon.sv(31) @ 40163711: uvm_test_top.env0.out_mon_h [OUT_MON] GOT AN OUTPUT!: bd40ebc4c647
UVM_INFO out_mon.sv(31) @ 40168691: uvm_test_top.env0.out_mon_h [OUT_MON] GOT AN OUTPUT!: 6cead0da2621
UVM_INFO out_mon.sv(31) @ 40173671: uvm_test_top.env0.out_mon_h [OUT_MON] GOT AN OUTPUT!: 92d971a81231
UVM_INFO out_mon.sv(31) @ 40178651: uvm_test_top.env0.out_mon_h [OUT_MON] GOT AN OUTPUT!: 7068ae18b244
UVM_INFO out_mon.sv(31) @ 40183631: uvm_test_top.env0.out_mon_h [OUT_MON] GOT AN OUTPUT!: 5b9080a6577b
UVM_INFO out_mon.sv(31) @ 40188611: uvm_test_top.env0.out_mon_h [OUT_MON] GOT AN OUTPUT!: 7ca748c7bf61
UVM_INFO out_mon.sv(31) @ 40193591: uvm_test_top.env0.out_mon_h [OUT_MON] GOT AN OUTPUT!: 7754e28b8e7d
UVM_INFO out_mon.sv(31) @ 40198571: uvm_test_top.env0.out_mon_h [OUT_MON] GOT AN OUTPUT!: b66f73baa6cd
UVM_INFO out_mon.sv(31) @ 40203551: uvm_test_top.env0.out_mon_h [OUT_MON] GOT AN OUTPUT!: d2d2c3997bb5
UVM_INFO out_mon.sv(31) @ 40208531: uvm_test_top.env0.out_mon_h [OUT_MON] GOT AN OUTPUT!: 4d4ca22084a4
UVM_INFO out_mon.sv(31) @ 40213511: uvm_test_top.env0.out_mon_h [OUT_MON] GOT AN OUTPUT!: 9375db43945c
UVM_INFO out_mon.sv(31) @ 40218491: uvm_test_top.env0.out_mon_h [OUT_MON] GOT AN OUTPUT!: 078c1aa036b9
UVM_INFO out_mon.sv(31) @ 40223471: uvm_test_top.env0.out_mon_h [OUT_MON] GOT AN OUTPUT!: 836709ab165d
UVM_INFO out_mon.sv(31) @ 40228451: uvm_test_top.env0.out_mon_h [OUT_MON] GOT AN OUTPUT!: 8e3c49345974
UVM_INFO out_mon.sv(31) @ 40233431: uvm_test_top.env0.out_mon_h [OUT_MON] GOT AN OUTPUT!: 3d9638db00a5
UVM_INFO out_mon.sv(31) @ 40238411: uvm_test_top.env0.out_mon_h [OUT_MON] GOT AN OUTPUT!: 7926ecc74657
UVM_INFO out_mon.sv(31) @ 40243391: uvm_test_top.env0.out_mon_h [OUT_MON] GOT AN OUTPUT!: 19aee6c40a4d
UVM_INFO out_mon.sv(31) @ 40248371: uvm_test_top.env0.out_mon_h [OUT_MON] GOT AN OUTPUT!: 1ad8108f1d63
UVM_INFO out_mon.sv(31) @ 40253351: uvm_test_top.env0.out_mon_h [OUT_MON] GOT AN OUTPUT!: d81d1ff8b287
UVM_INFO out_mon.sv(31) @ 40258331: uvm_test_top.env0.out_mon_h [OUT_MON] GOT AN OUTPUT!: 0c9d8029b612
UVM_INFO out_mon.sv(31) @ 40263311: uvm_test_top.env0.out_mon_h [OUT_MON] GOT AN OUTPUT!: 0e0a542934d8
UVM_INFO out_mon.sv(31) @ 40268291: uvm_test_top.env0.out_mon_h [OUT_MON] GOT AN OUTPUT!: 7a7fce78b026
UVM_INFO out_mon.sv(31) @ 40273271: uvm_test_top.env0.out_mon_h [OUT_MON] GOT AN OUTPUT!: 5164ce5f8c82
UVM_INFO out_mon.sv(31) @ 40278251: uvm_test_top.env0.out_mon_h [OUT_MON] GOT AN OUTPUT!: 2f4d7c3d65fc
UVM_INFO out_mon.sv(31) @ 40283231: uvm_test_top.env0.out_mon_h [OUT_MON] GOT AN OUTPUT!: 24d832fb77af
UVM_INFO out_mon.sv(31) @ 40288211: uvm_test_top.env0.out_mon_h [OUT_MON] GOT AN OUTPUT!: 60905a74f39a
UVM_INFO out_mon.sv(31) @ 40293191: uvm_test_top.env0.out_mon_h [OUT_MON] GOT AN OUTPUT!: a3d0cf6e6c3c
UVM_INFO out_mon.sv(31) @ 40298171: uvm_test_top.env0.out_mon_h [OUT_MON] GOT AN OUTPUT!: 3a98ca743340
UVM_INFO out_mon.sv(31) @ 40303151: uvm_test_top.env0.out_mon_h [OUT_MON] GOT AN OUTPUT!: ee7929b7afad
UVM_INFO out_mon.sv(31) @ 40308131: uvm_test_top.env0.out_mon_h [OUT_MON] GOT AN OUTPUT!: 2c6fe2c3c39d
UVM_INFO out_mon.sv(31) @ 40313111: uvm_test_top.env0.out_mon_h [OUT_MON] GOT AN OUTPUT!: 55be8aa0353b
UVM_INFO out_mon.sv(31) @ 40318091: uvm_test_top.env0.out_mon_h [OUT_MON] GOT AN OUTPUT!: f3df1dbbff71
UVM_INFO out_mon.sv(31) @ 40323071: uvm_test_top.env0.out_mon_h [OUT_MON] GOT AN OUTPUT!: 474cf0b6bc77
UVM_INFO out_mon.sv(31) @ 40328051: uvm_test_top.env0.out_mon_h [OUT_MON] GOT AN OUTPUT!: 6977a8e103cf
UVM_INFO out_mon.sv(31) @ 40333031: uvm_test_top.env0.out_mon_h [OUT_MON] GOT AN OUTPUT!: f9903b0bc278
UVM_INFO out_mon.sv(31) @ 40338011: uvm_test_top.env0.out_mon_h [OUT_MON] GOT AN OUTPUT!: 0c80e0feabb5
UVM_INFO out_mon.sv(31) @ 40342991: uvm_test_top.env0.out_mon_h [OUT_MON] GOT AN OUTPUT!: d7b5ebad8309
UVM_INFO out_mon.sv(31) @ 40347971: uvm_test_top.env0.out_mon_h [OUT_MON] GOT AN OUTPUT!: 4f0920049334
UVM_INFO out_mon.sv(31) @ 40352951: uvm_test_top.env0.out_mon_h [OUT_MON] GOT AN OUTPUT!: ada443e3f8d9
UVM_INFO out_mon.sv(31) @ 40357931: uvm_test_top.env0.out_mon_h [OUT_MON] GOT AN OUTPUT!: a1dd7ba215db
UVM_INFO out_mon.sv(31) @ 40362911: uvm_test_top.env0.out_mon_h [OUT_MON] GOT AN OUTPUT!: 940f332ce11a
UVM_INFO out_mon.sv(31) @ 40367891: uvm_test_top.env0.out_mon_h [OUT_MON] GOT AN OUTPUT!: 408666a251ad
UVM_INFO out_mon.sv(31) @ 40372871: uvm_test_top.env0.out_mon_h [OUT_MON] GOT AN OUTPUT!: 9c5cd9f7b689
UVM_INFO out_mon.sv(31) @ 40377851: uvm_test_top.env0.out_mon_h [OUT_MON] GOT AN OUTPUT!: bd5505081f42
UVM_INFO out_mon.sv(31) @ 40382831: uvm_test_top.env0.out_mon_h [OUT_MON] GOT AN OUTPUT!: 3cbcf421b564
UVM_INFO out_mon.sv(31) @ 40387811: uvm_test_top.env0.out_mon_h [OUT_MON] GOT AN OUTPUT!: 4d501cea1d5d
UVM_INFO out_mon.sv(31) @ 40392791: uvm_test_top.env0.out_mon_h [OUT_MON] GOT AN OUTPUT!: 7c162031d92c
UVM_INFO out_mon.sv(31) @ 40397771: uvm_test_top.env0.out_mon_h [OUT_MON] GOT AN OUTPUT!: d4474b0ea7ae
UVM_INFO out_mon.sv(31) @ 40402751: uvm_test_top.env0.out_mon_h [OUT_MON] GOT AN OUTPUT!: de1d3554e0ca
UVM_INFO out_mon.sv(31) @ 40407731: uvm_test_top.env0.out_mon_h [OUT_MON] GOT AN OUTPUT!: b0c2a547d9e6
UVM_INFO out_mon.sv(31) @ 40412711: uvm_test_top.env0.out_mon_h [OUT_MON] GOT AN OUTPUT!: 0f349c1944f6
UVM_INFO out_mon.sv(31) @ 40417691: uvm_test_top.env0.out_mon_h [OUT_MON] GOT AN OUTPUT!: 48123c8f8ff5
UVM_INFO out_mon.sv(31) @ 40422671: uvm_test_top.env0.out_mon_h [OUT_MON] GOT AN OUTPUT!: 508ef8eb4261
UVM_INFO out_mon.sv(31) @ 40427651: uvm_test_top.env0.out_mon_h [OUT_MON] GOT AN OUTPUT!: 5242bee36585
UVM_INFO out_mon.sv(31) @ 40432631: uvm_test_top.env0.out_mon_h [OUT_MON] GOT AN OUTPUT!: a415fd50d6a4
UVM_INFO out_mon.sv(31) @ 40437611: uvm_test_top.env0.out_mon_h [OUT_MON] GOT AN OUTPUT!: e61db3e0b48d
UVM_INFO out_mon.sv(31) @ 40442591: uvm_test_top.env0.out_mon_h [OUT_MON] GOT AN OUTPUT!: b875bde5ba55
UVM_INFO out_mon.sv(31) @ 40447571: uvm_test_top.env0.out_mon_h [OUT_MON] GOT AN OUTPUT!: 452d7c209e16
UVM_INFO out_mon.sv(31) @ 40452551: uvm_test_top.env0.out_mon_h [OUT_MON] GOT AN OUTPUT!: 95185b176e54
UVM_INFO out_mon.sv(31) @ 40457531: uvm_test_top.env0.out_mon_h [OUT_MON] GOT AN OUTPUT!: 67bea453fbfe
UVM_INFO out_mon.sv(31) @ 40462511: uvm_test_top.env0.out_mon_h [OUT_MON] GOT AN OUTPUT!: 062f66a12db1
UVM_INFO out_mon.sv(31) @ 40467491: uvm_test_top.env0.out_mon_h [OUT_MON] GOT AN OUTPUT!: 48e1a41f67ee
UVM_INFO out_mon.sv(31) @ 40472471: uvm_test_top.env0.out_mon_h [OUT_MON] GOT AN OUTPUT!: c8a1c3c7ef37
UVM_INFO out_mon.sv(31) @ 40477451: uvm_test_top.env0.out_mon_h [OUT_MON] GOT AN OUTPUT!: f25da5b73f2d
UVM_INFO out_mon.sv(31) @ 40482431: uvm_test_top.env0.out_mon_h [OUT_MON] GOT AN OUTPUT!: 761a78567304
UVM_INFO out_mon.sv(31) @ 40487411: uvm_test_top.env0.out_mon_h [OUT_MON] GOT AN OUTPUT!: 48c0683b9e9e
UVM_INFO out_mon.sv(31) @ 40492391: uvm_test_top.env0.out_mon_h [OUT_MON] GOT AN OUTPUT!: 31082e59342e
UVM_INFO out_mon.sv(31) @ 40497371: uvm_test_top.env0.out_mon_h [OUT_MON] GOT AN OUTPUT!: 9756dbd4638d
UVM_INFO out_mon.sv(31) @ 40502351: uvm_test_top.env0.out_mon_h [OUT_MON] GOT AN OUTPUT!: 1098c49a71ed
UVM_INFO out_mon.sv(31) @ 40507331: uvm_test_top.env0.out_mon_h [OUT_MON] GOT AN OUTPUT!: dc2d818d2791
UVM_INFO out_mon.sv(31) @ 40512311: uvm_test_top.env0.out_mon_h [OUT_MON] GOT AN OUTPUT!: 4cb7d0de233d
UVM_INFO out_mon.sv(31) @ 40517291: uvm_test_top.env0.out_mon_h [OUT_MON] GOT AN OUTPUT!: d40b41f1452f
UVM_INFO out_mon.sv(31) @ 40522271: uvm_test_top.env0.out_mon_h [OUT_MON] GOT AN OUTPUT!: 2a0a60de077b
UVM_INFO out_mon.sv(31) @ 40527251: uvm_test_top.env0.out_mon_h [OUT_MON] GOT AN OUTPUT!: c680ab67dc88
UVM_INFO out_mon.sv(31) @ 40532231: uvm_test_top.env0.out_mon_h [OUT_MON] GOT AN OUTPUT!: a605cf0597e4
UVM_INFO out_mon.sv(31) @ 40537211: uvm_test_top.env0.out_mon_h [OUT_MON] GOT AN OUTPUT!: 11db5a4fc6b0
UVM_INFO out_mon.sv(31) @ 40542191: uvm_test_top.env0.out_mon_h [OUT_MON] GOT AN OUTPUT!: e2d113ee137b
UVM_INFO out_mon.sv(31) @ 40547171: uvm_test_top.env0.out_mon_h [OUT_MON] GOT AN OUTPUT!: 77227edba1ff
UVM_INFO out_mon.sv(31) @ 40552151: uvm_test_top.env0.out_mon_h [OUT_MON] GOT AN OUTPUT!: 5359529a7253
UVM_INFO out_mon.sv(31) @ 40557131: uvm_test_top.env0.out_mon_h [OUT_MON] GOT AN OUTPUT!: 262534adc707
UVM_INFO out_mon.sv(31) @ 40562111: uvm_test_top.env0.out_mon_h [OUT_MON] GOT AN OUTPUT!: a7481573769a
UVM_INFO out_mon.sv(31) @ 40567091: uvm_test_top.env0.out_mon_h [OUT_MON] GOT AN OUTPUT!: 896ead345566
UVM_INFO out_mon.sv(31) @ 40572071: uvm_test_top.env0.out_mon_h [OUT_MON] GOT AN OUTPUT!: 770ef8039786
UVM_INFO out_mon.sv(31) @ 40577051: uvm_test_top.env0.out_mon_h [OUT_MON] GOT AN OUTPUT!: d24bd9c52735
UVM_INFO out_mon.sv(31) @ 40582031: uvm_test_top.env0.out_mon_h [OUT_MON] GOT AN OUTPUT!: afd22f73116e
UVM_INFO out_mon.sv(31) @ 40587011: uvm_test_top.env0.out_mon_h [OUT_MON] GOT AN OUTPUT!: 44c59a79d942
UVM_INFO out_mon.sv(31) @ 40591991: uvm_test_top.env0.out_mon_h [OUT_MON] GOT AN OUTPUT!: bf86a9c3e037
UVM_INFO out_mon.sv(31) @ 40596971: uvm_test_top.env0.out_mon_h [OUT_MON] GOT AN OUTPUT!: 43aa18cbc5d5
UVM_INFO out_mon.sv(31) @ 40601951: uvm_test_top.env0.out_mon_h [OUT_MON] GOT AN OUTPUT!: 80d243cdc05d
UVM_INFO out_mon.sv(31) @ 40606931: uvm_test_top.env0.out_mon_h [OUT_MON] GOT AN OUTPUT!: 1c875af00b2f
UVM_INFO out_mon.sv(31) @ 40611911: uvm_test_top.env0.out_mon_h [OUT_MON] GOT AN OUTPUT!: e723c7fa30b9
UVM_INFO out_mon.sv(31) @ 40616891: uvm_test_top.env0.out_mon_h [OUT_MON] GOT AN OUTPUT!: 93a6aff38289
UVM_INFO out_mon.sv(31) @ 40621871: uvm_test_top.env0.out_mon_h [OUT_MON] GOT AN OUTPUT!: 6aa22ac06863
UVM_INFO out_mon.sv(31) @ 40626851: uvm_test_top.env0.out_mon_h [OUT_MON] GOT AN OUTPUT!: 30140896cbbb
UVM_INFO out_mon.sv(31) @ 40631831: uvm_test_top.env0.out_mon_h [OUT_MON] GOT AN OUTPUT!: 3441c6e169ad
UVM_INFO out_mon.sv(31) @ 40636811: uvm_test_top.env0.out_mon_h [OUT_MON] GOT AN OUTPUT!: 479dd6ea3f4b
UVM_INFO out_mon.sv(31) @ 40641791: uvm_test_top.env0.out_mon_h [OUT_MON] GOT AN OUTPUT!: 09a7fe63e8ba
UVM_INFO out_mon.sv(31) @ 40646771: uvm_test_top.env0.out_mon_h [OUT_MON] GOT AN OUTPUT!: cacd85a9fa25
UVM_INFO out_mon.sv(31) @ 40651751: uvm_test_top.env0.out_mon_h [OUT_MON] GOT AN OUTPUT!: f94319506798
UVM_INFO out_mon.sv(31) @ 40656731: uvm_test_top.env0.out_mon_h [OUT_MON] GOT AN OUTPUT!: d0ee2d59db9a
UVM_INFO out_mon.sv(31) @ 40661711: uvm_test_top.env0.out_mon_h [OUT_MON] GOT AN OUTPUT!: c63fb32d1f62
UVM_INFO out_mon.sv(31) @ 40666691: uvm_test_top.env0.out_mon_h [OUT_MON] GOT AN OUTPUT!: e40e91217a00
UVM_INFO out_mon.sv(31) @ 40671671: uvm_test_top.env0.out_mon_h [OUT_MON] GOT AN OUTPUT!: 14868c3a0d5c
UVM_INFO out_mon.sv(31) @ 40676651: uvm_test_top.env0.out_mon_h [OUT_MON] GOT AN OUTPUT!: 0cfb0468358a
UVM_INFO out_mon.sv(31) @ 40681631: uvm_test_top.env0.out_mon_h [OUT_MON] GOT AN OUTPUT!: 54c9246cec84
UVM_INFO out_mon.sv(31) @ 40686611: uvm_test_top.env0.out_mon_h [OUT_MON] GOT AN OUTPUT!: 9f3d473128ae
UVM_INFO out_mon.sv(31) @ 40691591: uvm_test_top.env0.out_mon_h [OUT_MON] GOT AN OUTPUT!: 706eee2d398e
UVM_INFO out_mon.sv(31) @ 40696571: uvm_test_top.env0.out_mon_h [OUT_MON] GOT AN OUTPUT!: c52005372eb4
UVM_INFO out_mon.sv(31) @ 40701551: uvm_test_top.env0.out_mon_h [OUT_MON] GOT AN OUTPUT!: 35a470d030bf
UVM_INFO out_mon.sv(31) @ 40706531: uvm_test_top.env0.out_mon_h [OUT_MON] GOT AN OUTPUT!: cbb4f5c8e4c1
UVM_INFO out_mon.sv(31) @ 40711511: uvm_test_top.env0.out_mon_h [OUT_MON] GOT AN OUTPUT!: 83592fd4ccad
UVM_INFO out_mon.sv(31) @ 40716491: uvm_test_top.env0.out_mon_h [OUT_MON] GOT AN OUTPUT!: 2ec44464a702
UVM_INFO out_mon.sv(31) @ 40721471: uvm_test_top.env0.out_mon_h [OUT_MON] GOT AN OUTPUT!: 3534bedfca49
UVM_INFO out_mon.sv(31) @ 40726451: uvm_test_top.env0.out_mon_h [OUT_MON] GOT AN OUTPUT!: 64d95c14913a
UVM_INFO out_mon.sv(31) @ 40731431: uvm_test_top.env0.out_mon_h [OUT_MON] GOT AN OUTPUT!: cfa6c777a83a
UVM_INFO out_mon.sv(31) @ 40736411: uvm_test_top.env0.out_mon_h [OUT_MON] GOT AN OUTPUT!: 6b40a48a7f63
UVM_INFO out_mon.sv(31) @ 40741391: uvm_test_top.env0.out_mon_h [OUT_MON] GOT AN OUTPUT!: ebd961809efb
UVM_INFO out_mon.sv(31) @ 40746371: uvm_test_top.env0.out_mon_h [OUT_MON] GOT AN OUTPUT!: 120948fc0ca5
UVM_INFO out_mon.sv(31) @ 40751351: uvm_test_top.env0.out_mon_h [OUT_MON] GOT AN OUTPUT!: 63b69478a8ae
UVM_INFO out_mon.sv(31) @ 40756331: uvm_test_top.env0.out_mon_h [OUT_MON] GOT AN OUTPUT!: 07f9a8be9453
UVM_INFO out_mon.sv(31) @ 40761311: uvm_test_top.env0.out_mon_h [OUT_MON] GOT AN OUTPUT!: 3def5c738732
UVM_INFO out_mon.sv(31) @ 40766291: uvm_test_top.env0.out_mon_h [OUT_MON] GOT AN OUTPUT!: a6a289a3361f
UVM_INFO out_mon.sv(31) @ 40771271: uvm_test_top.env0.out_mon_h [OUT_MON] GOT AN OUTPUT!: 59ea06d6b251
UVM_INFO out_mon.sv(31) @ 40776251: uvm_test_top.env0.out_mon_h [OUT_MON] GOT AN OUTPUT!: 7e4c9612ca52
UVM_INFO out_mon.sv(31) @ 40781231: uvm_test_top.env0.out_mon_h [OUT_MON] GOT AN OUTPUT!: dbd741d5679f
UVM_INFO out_mon.sv(31) @ 40786211: uvm_test_top.env0.out_mon_h [OUT_MON] GOT AN OUTPUT!: a20753e9ee2b
UVM_INFO out_mon.sv(31) @ 40791191: uvm_test_top.env0.out_mon_h [OUT_MON] GOT AN OUTPUT!: 58a0b4aca2f1
UVM_INFO out_mon.sv(31) @ 40796171: uvm_test_top.env0.out_mon_h [OUT_MON] GOT AN OUTPUT!: b39a0d14fe2c
UVM_INFO out_mon.sv(31) @ 40801151: uvm_test_top.env0.out_mon_h [OUT_MON] GOT AN OUTPUT!: c1f5799f1fe5
UVM_INFO out_mon.sv(31) @ 40806131: uvm_test_top.env0.out_mon_h [OUT_MON] GOT AN OUTPUT!: af96f5ec177b
UVM_INFO out_mon.sv(31) @ 40811111: uvm_test_top.env0.out_mon_h [OUT_MON] GOT AN OUTPUT!: 123a50b15879
UVM_INFO out_mon.sv(31) @ 40816091: uvm_test_top.env0.out_mon_h [OUT_MON] GOT AN OUTPUT!: 7945e44f132c
UVM_INFO out_mon.sv(31) @ 40821071: uvm_test_top.env0.out_mon_h [OUT_MON] GOT AN OUTPUT!: b8a2e3258c24
UVM_INFO out_mon.sv(31) @ 40826051: uvm_test_top.env0.out_mon_h [OUT_MON] GOT AN OUTPUT!: 26b1f6818d89
UVM_INFO out_mon.sv(31) @ 40831031: uvm_test_top.env0.out_mon_h [OUT_MON] GOT AN OUTPUT!: c516f7b7b669
UVM_INFO out_mon.sv(31) @ 40836011: uvm_test_top.env0.out_mon_h [OUT_MON] GOT AN OUTPUT!: 0ca880c6e52b
UVM_INFO out_mon.sv(31) @ 40840991: uvm_test_top.env0.out_mon_h [OUT_MON] GOT AN OUTPUT!: d445d9999361
UVM_INFO out_mon.sv(31) @ 40845971: uvm_test_top.env0.out_mon_h [OUT_MON] GOT AN OUTPUT!: 8ab78fbe3315
UVM_INFO out_mon.sv(31) @ 40850951: uvm_test_top.env0.out_mon_h [OUT_MON] GOT AN OUTPUT!: bb97e92e9a2c
UVM_INFO out_mon.sv(31) @ 40855931: uvm_test_top.env0.out_mon_h [OUT_MON] GOT AN OUTPUT!: 9729757e567c
UVM_INFO out_mon.sv(31) @ 40860911: uvm_test_top.env0.out_mon_h [OUT_MON] GOT AN OUTPUT!: f53b93880ecb
UVM_INFO out_mon.sv(31) @ 40865891: uvm_test_top.env0.out_mon_h [OUT_MON] GOT AN OUTPUT!: 0b088671e88a
UVM_INFO out_mon.sv(31) @ 40870871: uvm_test_top.env0.out_mon_h [OUT_MON] GOT AN OUTPUT!: cc1897a0e64f
UVM_INFO out_mon.sv(31) @ 40875851: uvm_test_top.env0.out_mon_h [OUT_MON] GOT AN OUTPUT!: ae2399f347bf
UVM_INFO out_mon.sv(31) @ 40880831: uvm_test_top.env0.out_mon_h [OUT_MON] GOT AN OUTPUT!: 47e3ea59e1e2
UVM_INFO out_mon.sv(31) @ 40885811: uvm_test_top.env0.out_mon_h [OUT_MON] GOT AN OUTPUT!: 03056aa88c39
UVM_INFO out_mon.sv(31) @ 40890791: uvm_test_top.env0.out_mon_h [OUT_MON] GOT AN OUTPUT!: d8fe19357898
UVM_INFO out_mon.sv(31) @ 40895771: uvm_test_top.env0.out_mon_h [OUT_MON] GOT AN OUTPUT!: d2f86b9f978d
UVM_INFO out_mon.sv(31) @ 40900751: uvm_test_top.env0.out_mon_h [OUT_MON] GOT AN OUTPUT!: c49d79d3eb81
UVM_INFO out_mon.sv(31) @ 40905731: uvm_test_top.env0.out_mon_h [OUT_MON] GOT AN OUTPUT!: 7a0a2c29fe76
UVM_INFO out_mon.sv(31) @ 40910711: uvm_test_top.env0.out_mon_h [OUT_MON] GOT AN OUTPUT!: 50a9002f32fe
UVM_INFO out_mon.sv(31) @ 40915691: uvm_test_top.env0.out_mon_h [OUT_MON] GOT AN OUTPUT!: f308df792406
UVM_INFO out_mon.sv(31) @ 40920671: uvm_test_top.env0.out_mon_h [OUT_MON] GOT AN OUTPUT!: afca23970dc1
UVM_INFO out_mon.sv(31) @ 40925651: uvm_test_top.env0.out_mon_h [OUT_MON] GOT AN OUTPUT!: a37d1ffa219b
UVM_INFO out_mon.sv(31) @ 40930631: uvm_test_top.env0.out_mon_h [OUT_MON] GOT AN OUTPUT!: ad73896cf57e
UVM_INFO out_mon.sv(31) @ 40935611: uvm_test_top.env0.out_mon_h [OUT_MON] GOT AN OUTPUT!: e7b38971d246
UVM_INFO out_mon.sv(31) @ 40940591: uvm_test_top.env0.out_mon_h [OUT_MON] GOT AN OUTPUT!: 19cdf4a024c1
UVM_INFO out_mon.sv(31) @ 40945571: uvm_test_top.env0.out_mon_h [OUT_MON] GOT AN OUTPUT!: 5eb94ad8d3e7
UVM_INFO out_mon.sv(31) @ 40950551: uvm_test_top.env0.out_mon_h [OUT_MON] GOT AN OUTPUT!: f5c22fe99cd5
UVM_INFO out_mon.sv(31) @ 40955531: uvm_test_top.env0.out_mon_h [OUT_MON] GOT AN OUTPUT!: f65a27f77fad
UVM_INFO out_mon.sv(31) @ 40960511: uvm_test_top.env0.out_mon_h [OUT_MON] GOT AN OUTPUT!: 5f0064c8144f
UVM_INFO out_mon.sv(31) @ 40965491: uvm_test_top.env0.out_mon_h [OUT_MON] GOT AN OUTPUT!: b7202dc1f339
UVM_INFO out_mon.sv(31) @ 40970471: uvm_test_top.env0.out_mon_h [OUT_MON] GOT AN OUTPUT!: 3bf2a23c0a14
UVM_INFO out_mon.sv(31) @ 40975451: uvm_test_top.env0.out_mon_h [OUT_MON] GOT AN OUTPUT!: 505a8e740b12
UVM_INFO out_mon.sv(31) @ 40980431: uvm_test_top.env0.out_mon_h [OUT_MON] GOT AN OUTPUT!: a7c7fd43ba6e
UVM_INFO out_mon.sv(31) @ 40985411: uvm_test_top.env0.out_mon_h [OUT_MON] GOT AN OUTPUT!: 6414d46d60b2
UVM_INFO out_mon.sv(31) @ 40990391: uvm_test_top.env0.out_mon_h [OUT_MON] GOT AN OUTPUT!: 1e6914172118
UVM_INFO out_mon.sv(31) @ 40995371: uvm_test_top.env0.out_mon_h [OUT_MON] GOT AN OUTPUT!: 9316f3cd55d1
UVM_INFO out_mon.sv(31) @ 41000351: uvm_test_top.env0.out_mon_h [OUT_MON] GOT AN OUTPUT!: 68805823f6bc
UVM_INFO out_mon.sv(31) @ 41005331: uvm_test_top.env0.out_mon_h [OUT_MON] GOT AN OUTPUT!: 48f258cefe35
UVM_INFO out_mon.sv(31) @ 41010311: uvm_test_top.env0.out_mon_h [OUT_MON] GOT AN OUTPUT!: 4781f0c9bde1
UVM_INFO out_mon.sv(31) @ 41015291: uvm_test_top.env0.out_mon_h [OUT_MON] GOT AN OUTPUT!: 47ef96e53eb9
UVM_INFO out_mon.sv(31) @ 41020271: uvm_test_top.env0.out_mon_h [OUT_MON] GOT AN OUTPUT!: e18e87d5acb9
UVM_INFO out_mon.sv(31) @ 41025251: uvm_test_top.env0.out_mon_h [OUT_MON] GOT AN OUTPUT!: f51bb596adc3
UVM_INFO out_mon.sv(31) @ 41030231: uvm_test_top.env0.out_mon_h [OUT_MON] GOT AN OUTPUT!: ed9bedbec0cb
UVM_INFO out_mon.sv(31) @ 41035211: uvm_test_top.env0.out_mon_h [OUT_MON] GOT AN OUTPUT!: 6441d019a6de
UVM_INFO out_mon.sv(31) @ 41040191: uvm_test_top.env0.out_mon_h [OUT_MON] GOT AN OUTPUT!: 9f4fd3a1b6f1
UVM_INFO out_mon.sv(31) @ 41045171: uvm_test_top.env0.out_mon_h [OUT_MON] GOT AN OUTPUT!: 23ef0ab048bb
UVM_INFO out_mon.sv(31) @ 41050151: uvm_test_top.env0.out_mon_h [OUT_MON] GOT AN OUTPUT!: 531880fd0ba1
UVM_INFO out_mon.sv(31) @ 41055131: uvm_test_top.env0.out_mon_h [OUT_MON] GOT AN OUTPUT!: c96e7bc46e43
UVM_INFO out_mon.sv(31) @ 41060111: uvm_test_top.env0.out_mon_h [OUT_MON] GOT AN OUTPUT!: fa22df2cf8fe
UVM_INFO out_mon.sv(31) @ 41065091: uvm_test_top.env0.out_mon_h [OUT_MON] GOT AN OUTPUT!: 3ccc2ec3b2fb
UVM_INFO out_mon.sv(31) @ 41070071: uvm_test_top.env0.out_mon_h [OUT_MON] GOT AN OUTPUT!: 4658aea77d99
UVM_INFO out_mon.sv(31) @ 41075051: uvm_test_top.env0.out_mon_h [OUT_MON] GOT AN OUTPUT!: c4d7bdbb746f
UVM_INFO out_mon.sv(31) @ 41080031: uvm_test_top.env0.out_mon_h [OUT_MON] GOT AN OUTPUT!: 966931f85273
UVM_INFO out_mon.sv(31) @ 41085011: uvm_test_top.env0.out_mon_h [OUT_MON] GOT AN OUTPUT!: d316b1b4cddd
UVM_INFO out_mon.sv(31) @ 41089991: uvm_test_top.env0.out_mon_h [OUT_MON] GOT AN OUTPUT!: a1bc417cf624
UVM_INFO out_mon.sv(31) @ 41094971: uvm_test_top.env0.out_mon_h [OUT_MON] GOT AN OUTPUT!: 8fda35d09ad7
UVM_INFO out_mon.sv(31) @ 41099951: uvm_test_top.env0.out_mon_h [OUT_MON] GOT AN OUTPUT!: e4810be0a2a3
UVM_INFO out_mon.sv(31) @ 41104931: uvm_test_top.env0.out_mon_h [OUT_MON] GOT AN OUTPUT!: 262d34237716
UVM_INFO out_mon.sv(31) @ 41109911: uvm_test_top.env0.out_mon_h [OUT_MON] GOT AN OUTPUT!: cba3595854ae
UVM_INFO out_mon.sv(31) @ 41114891: uvm_test_top.env0.out_mon_h [OUT_MON] GOT AN OUTPUT!: cfd98351bf30
UVM_INFO out_mon.sv(31) @ 41119871: uvm_test_top.env0.out_mon_h [OUT_MON] GOT AN OUTPUT!: a0cdb99ecb45
UVM_INFO out_mon.sv(31) @ 41124851: uvm_test_top.env0.out_mon_h [OUT_MON] GOT AN OUTPUT!: a16c23eb8f75
UVM_INFO out_mon.sv(31) @ 41129831: uvm_test_top.env0.out_mon_h [OUT_MON] GOT AN OUTPUT!: 366c62b07d2d
UVM_INFO out_mon.sv(31) @ 41134811: uvm_test_top.env0.out_mon_h [OUT_MON] GOT AN OUTPUT!: 16323888c39d
UVM_INFO out_mon.sv(31) @ 41139791: uvm_test_top.env0.out_mon_h [OUT_MON] GOT AN OUTPUT!: 53ac2a47a9fc
UVM_INFO out_mon.sv(31) @ 41144771: uvm_test_top.env0.out_mon_h [OUT_MON] GOT AN OUTPUT!: 5c37d2a4f585
UVM_INFO out_mon.sv(31) @ 41149751: uvm_test_top.env0.out_mon_h [OUT_MON] GOT AN OUTPUT!: e07863184b9c
UVM_INFO out_mon.sv(31) @ 41154731: uvm_test_top.env0.out_mon_h [OUT_MON] GOT AN OUTPUT!: 60471a3b84bc
UVM_INFO out_mon.sv(31) @ 41159711: uvm_test_top.env0.out_mon_h [OUT_MON] GOT AN OUTPUT!: d17ffbcc1cc1
UVM_INFO out_mon.sv(31) @ 41164691: uvm_test_top.env0.out_mon_h [OUT_MON] GOT AN OUTPUT!: 99edf9238a06
UVM_INFO out_mon.sv(31) @ 41169671: uvm_test_top.env0.out_mon_h [OUT_MON] GOT AN OUTPUT!: d429b5be9e51
UVM_INFO out_mon.sv(31) @ 41174651: uvm_test_top.env0.out_mon_h [OUT_MON] GOT AN OUTPUT!: 9777d72be79a
UVM_INFO out_mon.sv(31) @ 41179631: uvm_test_top.env0.out_mon_h [OUT_MON] GOT AN OUTPUT!: baa2d5790926
UVM_INFO out_mon.sv(31) @ 41184611: uvm_test_top.env0.out_mon_h [OUT_MON] GOT AN OUTPUT!: 49ec8af73051
UVM_INFO out_mon.sv(31) @ 41189591: uvm_test_top.env0.out_mon_h [OUT_MON] GOT AN OUTPUT!: a7db13ee5b35
UVM_INFO out_mon.sv(31) @ 41194571: uvm_test_top.env0.out_mon_h [OUT_MON] GOT AN OUTPUT!: 11210897c77d
UVM_INFO out_mon.sv(31) @ 41199551: uvm_test_top.env0.out_mon_h [OUT_MON] GOT AN OUTPUT!: fb7a31774c80
UVM_INFO out_mon.sv(31) @ 41204531: uvm_test_top.env0.out_mon_h [OUT_MON] GOT AN OUTPUT!: 8799f3ebc497
UVM_INFO out_mon.sv(31) @ 41209511: uvm_test_top.env0.out_mon_h [OUT_MON] GOT AN OUTPUT!: fdf10d8e5ddb
UVM_INFO out_mon.sv(31) @ 41214491: uvm_test_top.env0.out_mon_h [OUT_MON] GOT AN OUTPUT!: 0ea5a2b90595
UVM_INFO out_mon.sv(31) @ 41219471: uvm_test_top.env0.out_mon_h [OUT_MON] GOT AN OUTPUT!: 4c677e4bc6ec
UVM_INFO out_mon.sv(31) @ 41224451: uvm_test_top.env0.out_mon_h [OUT_MON] GOT AN OUTPUT!: 1a50b28927fd
UVM_INFO out_mon.sv(31) @ 41229431: uvm_test_top.env0.out_mon_h [OUT_MON] GOT AN OUTPUT!: 04c9e0a18673
UVM_INFO out_mon.sv(31) @ 41234411: uvm_test_top.env0.out_mon_h [OUT_MON] GOT AN OUTPUT!: 3d67be45848c
UVM_INFO out_mon.sv(31) @ 41239391: uvm_test_top.env0.out_mon_h [OUT_MON] GOT AN OUTPUT!: b1c49f575936
UVM_INFO out_mon.sv(31) @ 41244371: uvm_test_top.env0.out_mon_h [OUT_MON] GOT AN OUTPUT!: f5725593389b
UVM_INFO out_mon.sv(31) @ 41249351: uvm_test_top.env0.out_mon_h [OUT_MON] GOT AN OUTPUT!: f6c59fc6b7a7
UVM_INFO out_mon.sv(31) @ 41254331: uvm_test_top.env0.out_mon_h [OUT_MON] GOT AN OUTPUT!: 36c0c6ef21f3
UVM_INFO out_mon.sv(31) @ 41259311: uvm_test_top.env0.out_mon_h [OUT_MON] GOT AN OUTPUT!: fbf6d156e1a2
UVM_INFO out_mon.sv(31) @ 41264291: uvm_test_top.env0.out_mon_h [OUT_MON] GOT AN OUTPUT!: b85fd589db5f
UVM_INFO out_mon.sv(31) @ 41269271: uvm_test_top.env0.out_mon_h [OUT_MON] GOT AN OUTPUT!: 9a42d3b8cf4f
UVM_INFO out_mon.sv(31) @ 41274251: uvm_test_top.env0.out_mon_h [OUT_MON] GOT AN OUTPUT!: 0016fee3bf93
UVM_INFO out_mon.sv(31) @ 41279231: uvm_test_top.env0.out_mon_h [OUT_MON] GOT AN OUTPUT!: 475bf0e34191
UVM_INFO out_mon.sv(31) @ 41284211: uvm_test_top.env0.out_mon_h [OUT_MON] GOT AN OUTPUT!: 2e774c28ebc8
UVM_INFO out_mon.sv(31) @ 41289191: uvm_test_top.env0.out_mon_h [OUT_MON] GOT AN OUTPUT!: c1a561ceae07
UVM_INFO out_mon.sv(31) @ 41294171: uvm_test_top.env0.out_mon_h [OUT_MON] GOT AN OUTPUT!: 8ac86f4d389a
UVM_INFO out_mon.sv(31) @ 41299151: uvm_test_top.env0.out_mon_h [OUT_MON] GOT AN OUTPUT!: 7c5014f15609
UVM_INFO out_mon.sv(31) @ 41304131: uvm_test_top.env0.out_mon_h [OUT_MON] GOT AN OUTPUT!: cf1915e84987
UVM_INFO out_mon.sv(31) @ 41309111: uvm_test_top.env0.out_mon_h [OUT_MON] GOT AN OUTPUT!: cb4be77b35a8
UVM_INFO out_mon.sv(31) @ 41314091: uvm_test_top.env0.out_mon_h [OUT_MON] GOT AN OUTPUT!: 343534d174ab
UVM_INFO out_mon.sv(31) @ 41319071: uvm_test_top.env0.out_mon_h [OUT_MON] GOT AN OUTPUT!: cf3b9b52031c
UVM_INFO out_mon.sv(31) @ 41324051: uvm_test_top.env0.out_mon_h [OUT_MON] GOT AN OUTPUT!: 3da6467bd7fe
UVM_INFO out_mon.sv(31) @ 41329031: uvm_test_top.env0.out_mon_h [OUT_MON] GOT AN OUTPUT!: 21916acd409f
UVM_INFO out_mon.sv(31) @ 41334011: uvm_test_top.env0.out_mon_h [OUT_MON] GOT AN OUTPUT!: 45bd24124cce
UVM_INFO out_mon.sv(31) @ 41338991: uvm_test_top.env0.out_mon_h [OUT_MON] GOT AN OUTPUT!: 40798632262e
UVM_INFO out_mon.sv(31) @ 41343971: uvm_test_top.env0.out_mon_h [OUT_MON] GOT AN OUTPUT!: c9808953759e
UVM_INFO out_mon.sv(31) @ 41348951: uvm_test_top.env0.out_mon_h [OUT_MON] GOT AN OUTPUT!: badd69efb421
UVM_INFO out_mon.sv(31) @ 41353931: uvm_test_top.env0.out_mon_h [OUT_MON] GOT AN OUTPUT!: 74bedc2da63c
UVM_INFO out_mon.sv(31) @ 41358911: uvm_test_top.env0.out_mon_h [OUT_MON] GOT AN OUTPUT!: 1c68409aa31d
UVM_INFO out_mon.sv(31) @ 41363891: uvm_test_top.env0.out_mon_h [OUT_MON] GOT AN OUTPUT!: ee05591b0126
UVM_INFO out_mon.sv(31) @ 41368871: uvm_test_top.env0.out_mon_h [OUT_MON] GOT AN OUTPUT!: 998853a96f47
UVM_INFO out_mon.sv(31) @ 41373851: uvm_test_top.env0.out_mon_h [OUT_MON] GOT AN OUTPUT!: 629c2c3d5d12
UVM_INFO out_mon.sv(31) @ 41378831: uvm_test_top.env0.out_mon_h [OUT_MON] GOT AN OUTPUT!: 7b6abef05447
UVM_INFO out_mon.sv(31) @ 41383811: uvm_test_top.env0.out_mon_h [OUT_MON] GOT AN OUTPUT!: d2929d3a5ac2
UVM_INFO out_mon.sv(31) @ 41388791: uvm_test_top.env0.out_mon_h [OUT_MON] GOT AN OUTPUT!: 4bfa56dd50ff
UVM_INFO out_mon.sv(31) @ 41393771: uvm_test_top.env0.out_mon_h [OUT_MON] GOT AN OUTPUT!: 1cb5e0d754dd
UVM_INFO out_mon.sv(31) @ 41398751: uvm_test_top.env0.out_mon_h [OUT_MON] GOT AN OUTPUT!: c1e007741f74
UVM_INFO out_mon.sv(31) @ 41403731: uvm_test_top.env0.out_mon_h [OUT_MON] GOT AN OUTPUT!: ca8ca155650c
UVM_INFO out_mon.sv(31) @ 41408711: uvm_test_top.env0.out_mon_h [OUT_MON] GOT AN OUTPUT!: 6c8e960a38ea
UVM_INFO out_mon.sv(31) @ 41413691: uvm_test_top.env0.out_mon_h [OUT_MON] GOT AN OUTPUT!: 9c68eb8d690b
UVM_INFO out_mon.sv(31) @ 41418671: uvm_test_top.env0.out_mon_h [OUT_MON] GOT AN OUTPUT!: 202b10c2df99
UVM_INFO out_mon.sv(31) @ 41423651: uvm_test_top.env0.out_mon_h [OUT_MON] GOT AN OUTPUT!: d55173cbfde9
UVM_INFO out_mon.sv(31) @ 41428631: uvm_test_top.env0.out_mon_h [OUT_MON] GOT AN OUTPUT!: 21a4becb090b
UVM_INFO out_mon.sv(31) @ 41433611: uvm_test_top.env0.out_mon_h [OUT_MON] GOT AN OUTPUT!: 4716f46d7f36
UVM_INFO out_mon.sv(31) @ 41438591: uvm_test_top.env0.out_mon_h [OUT_MON] GOT AN OUTPUT!: 12a704557580
UVM_INFO out_mon.sv(31) @ 41443571: uvm_test_top.env0.out_mon_h [OUT_MON] GOT AN OUTPUT!: 1e419e3a0548
UVM_INFO out_mon.sv(31) @ 41448551: uvm_test_top.env0.out_mon_h [OUT_MON] GOT AN OUTPUT!: 9d9ef156a066
UVM_INFO out_mon.sv(31) @ 41453531: uvm_test_top.env0.out_mon_h [OUT_MON] GOT AN OUTPUT!: 6e1e4081715b
UVM_INFO out_mon.sv(31) @ 41458511: uvm_test_top.env0.out_mon_h [OUT_MON] GOT AN OUTPUT!: e1b7e500c552
UVM_INFO out_mon.sv(31) @ 41463491: uvm_test_top.env0.out_mon_h [OUT_MON] GOT AN OUTPUT!: 7cbc42f75dc1
UVM_INFO out_mon.sv(31) @ 41468471: uvm_test_top.env0.out_mon_h [OUT_MON] GOT AN OUTPUT!: 9eda21ffdc71
UVM_INFO out_mon.sv(31) @ 41473451: uvm_test_top.env0.out_mon_h [OUT_MON] GOT AN OUTPUT!: cee4fd4f25de
UVM_INFO out_mon.sv(31) @ 41478431: uvm_test_top.env0.out_mon_h [OUT_MON] GOT AN OUTPUT!: 21b99275a8f8
UVM_INFO out_mon.sv(31) @ 41483411: uvm_test_top.env0.out_mon_h [OUT_MON] GOT AN OUTPUT!: f4229597e317
UVM_INFO out_mon.sv(31) @ 41488391: uvm_test_top.env0.out_mon_h [OUT_MON] GOT AN OUTPUT!: efbabfb5a36f
UVM_INFO out_mon.sv(31) @ 41493371: uvm_test_top.env0.out_mon_h [OUT_MON] GOT AN OUTPUT!: 12c3ec587584
UVM_INFO out_mon.sv(31) @ 41498351: uvm_test_top.env0.out_mon_h [OUT_MON] GOT AN OUTPUT!: 330d24c1056b
UVM_INFO out_mon.sv(31) @ 41503331: uvm_test_top.env0.out_mon_h [OUT_MON] GOT AN OUTPUT!: 33d2b86b7690
UVM_INFO out_mon.sv(31) @ 41508311: uvm_test_top.env0.out_mon_h [OUT_MON] GOT AN OUTPUT!: e69dd182cfa3
UVM_INFO out_mon.sv(31) @ 41513291: uvm_test_top.env0.out_mon_h [OUT_MON] GOT AN OUTPUT!: 4f1c6c9b453b
UVM_INFO out_mon.sv(31) @ 41518271: uvm_test_top.env0.out_mon_h [OUT_MON] GOT AN OUTPUT!: c214b7cbb8d1
UVM_INFO out_mon.sv(31) @ 41523251: uvm_test_top.env0.out_mon_h [OUT_MON] GOT AN OUTPUT!: 172ff4fdfb3d
UVM_INFO out_mon.sv(31) @ 41528231: uvm_test_top.env0.out_mon_h [OUT_MON] GOT AN OUTPUT!: e5e2610e416a
UVM_INFO out_mon.sv(31) @ 41533211: uvm_test_top.env0.out_mon_h [OUT_MON] GOT AN OUTPUT!: 8553e91175ca
UVM_INFO out_mon.sv(31) @ 41538191: uvm_test_top.env0.out_mon_h [OUT_MON] GOT AN OUTPUT!: 47318adaa38b
UVM_INFO out_mon.sv(31) @ 41543171: uvm_test_top.env0.out_mon_h [OUT_MON] GOT AN OUTPUT!: 259456974e13
UVM_INFO out_mon.sv(31) @ 41548151: uvm_test_top.env0.out_mon_h [OUT_MON] GOT AN OUTPUT!: dbeb531ada32
UVM_INFO out_mon.sv(31) @ 41553131: uvm_test_top.env0.out_mon_h [OUT_MON] GOT AN OUTPUT!: 22c2a030e362
UVM_INFO out_mon.sv(31) @ 41558111: uvm_test_top.env0.out_mon_h [OUT_MON] GOT AN OUTPUT!: 86be830ea41a
UVM_INFO out_mon.sv(31) @ 41563091: uvm_test_top.env0.out_mon_h [OUT_MON] GOT AN OUTPUT!: 1267aabb51e9
UVM_INFO out_mon.sv(31) @ 41568071: uvm_test_top.env0.out_mon_h [OUT_MON] GOT AN OUTPUT!: c31797077a50
UVM_INFO out_mon.sv(31) @ 41573051: uvm_test_top.env0.out_mon_h [OUT_MON] GOT AN OUTPUT!: 80cfd16b710c
UVM_INFO out_mon.sv(31) @ 41578031: uvm_test_top.env0.out_mon_h [OUT_MON] GOT AN OUTPUT!: 111f10e49de3
UVM_INFO out_mon.sv(31) @ 41583011: uvm_test_top.env0.out_mon_h [OUT_MON] GOT AN OUTPUT!: 3d05d4a9e15d
UVM_INFO out_mon.sv(31) @ 41587991: uvm_test_top.env0.out_mon_h [OUT_MON] GOT AN OUTPUT!: 21c4bc4f03b6
UVM_INFO out_mon.sv(31) @ 41592971: uvm_test_top.env0.out_mon_h [OUT_MON] GOT AN OUTPUT!: 64d544aefdf9
UVM_INFO out_mon.sv(31) @ 41597951: uvm_test_top.env0.out_mon_h [OUT_MON] GOT AN OUTPUT!: c2b26db56add
UVM_INFO out_mon.sv(31) @ 41602931: uvm_test_top.env0.out_mon_h [OUT_MON] GOT AN OUTPUT!: 30cc8edee08d
UVM_INFO out_mon.sv(31) @ 41607911: uvm_test_top.env0.out_mon_h [OUT_MON] GOT AN OUTPUT!: 8a57e308518e
UVM_INFO out_mon.sv(31) @ 41612891: uvm_test_top.env0.out_mon_h [OUT_MON] GOT AN OUTPUT!: 80363be568ad
UVM_INFO out_mon.sv(31) @ 41617871: uvm_test_top.env0.out_mon_h [OUT_MON] GOT AN OUTPUT!: 43db4635f010
UVM_INFO out_mon.sv(31) @ 41622851: uvm_test_top.env0.out_mon_h [OUT_MON] GOT AN OUTPUT!: 251e809230bb
UVM_INFO out_mon.sv(31) @ 41627831: uvm_test_top.env0.out_mon_h [OUT_MON] GOT AN OUTPUT!: 1b2b126646aa
UVM_INFO out_mon.sv(31) @ 41632811: uvm_test_top.env0.out_mon_h [OUT_MON] GOT AN OUTPUT!: f053b3749214
UVM_INFO out_mon.sv(31) @ 41637791: uvm_test_top.env0.out_mon_h [OUT_MON] GOT AN OUTPUT!: 88f5b9f70f01
UVM_INFO out_mon.sv(31) @ 41642771: uvm_test_top.env0.out_mon_h [OUT_MON] GOT AN OUTPUT!: 7d5dbc37afc6
UVM_INFO out_mon.sv(31) @ 41647751: uvm_test_top.env0.out_mon_h [OUT_MON] GOT AN OUTPUT!: fea2e737c4e4
UVM_INFO out_mon.sv(31) @ 41652731: uvm_test_top.env0.out_mon_h [OUT_MON] GOT AN OUTPUT!: be8a1bbe5c6d
UVM_INFO out_mon.sv(31) @ 41657711: uvm_test_top.env0.out_mon_h [OUT_MON] GOT AN OUTPUT!: 5263b8e5a3f9
UVM_INFO out_mon.sv(31) @ 41662691: uvm_test_top.env0.out_mon_h [OUT_MON] GOT AN OUTPUT!: 48e79cff3b8f
UVM_INFO out_mon.sv(31) @ 41667671: uvm_test_top.env0.out_mon_h [OUT_MON] GOT AN OUTPUT!: eb1cad67a74c
UVM_INFO out_mon.sv(31) @ 41672651: uvm_test_top.env0.out_mon_h [OUT_MON] GOT AN OUTPUT!: 603c54a0a419
UVM_INFO out_mon.sv(31) @ 41677631: uvm_test_top.env0.out_mon_h [OUT_MON] GOT AN OUTPUT!: ac83d1ca8f29
UVM_INFO out_mon.sv(31) @ 41682611: uvm_test_top.env0.out_mon_h [OUT_MON] GOT AN OUTPUT!: c319f754b736
UVM_INFO out_mon.sv(31) @ 41687591: uvm_test_top.env0.out_mon_h [OUT_MON] GOT AN OUTPUT!: a2facb7cd346
UVM_INFO out_mon.sv(31) @ 41692571: uvm_test_top.env0.out_mon_h [OUT_MON] GOT AN OUTPUT!: 36c824f54c4b
UVM_INFO out_mon.sv(31) @ 41697551: uvm_test_top.env0.out_mon_h [OUT_MON] GOT AN OUTPUT!: 6fb44acab0b3
UVM_INFO out_mon.sv(31) @ 41702531: uvm_test_top.env0.out_mon_h [OUT_MON] GOT AN OUTPUT!: d359c1600236
UVM_INFO out_mon.sv(31) @ 41707511: uvm_test_top.env0.out_mon_h [OUT_MON] GOT AN OUTPUT!: 749b981a247e
UVM_INFO out_mon.sv(31) @ 41712491: uvm_test_top.env0.out_mon_h [OUT_MON] GOT AN OUTPUT!: 0f93fc12339a
UVM_INFO out_mon.sv(31) @ 41717471: uvm_test_top.env0.out_mon_h [OUT_MON] GOT AN OUTPUT!: c05aabe6e991
UVM_INFO out_mon.sv(31) @ 41722451: uvm_test_top.env0.out_mon_h [OUT_MON] GOT AN OUTPUT!: 8d030584fd69
UVM_INFO out_mon.sv(31) @ 41727431: uvm_test_top.env0.out_mon_h [OUT_MON] GOT AN OUTPUT!: ba5e937e7dbc
UVM_INFO out_mon.sv(31) @ 41732411: uvm_test_top.env0.out_mon_h [OUT_MON] GOT AN OUTPUT!: a3f425493868
UVM_INFO out_mon.sv(31) @ 41737391: uvm_test_top.env0.out_mon_h [OUT_MON] GOT AN OUTPUT!: 8ed59b7c1b5c
UVM_INFO out_mon.sv(31) @ 41742371: uvm_test_top.env0.out_mon_h [OUT_MON] GOT AN OUTPUT!: af763de385e1
UVM_INFO out_mon.sv(31) @ 41747351: uvm_test_top.env0.out_mon_h [OUT_MON] GOT AN OUTPUT!: 5aa7ee04bca4
UVM_INFO out_mon.sv(31) @ 41752331: uvm_test_top.env0.out_mon_h [OUT_MON] GOT AN OUTPUT!: 19534c683d3a
UVM_INFO out_mon.sv(31) @ 41757311: uvm_test_top.env0.out_mon_h [OUT_MON] GOT AN OUTPUT!: 178126c320f3
UVM_INFO out_mon.sv(31) @ 41762291: uvm_test_top.env0.out_mon_h [OUT_MON] GOT AN OUTPUT!: 261712d77daf
UVM_INFO out_mon.sv(31) @ 41767271: uvm_test_top.env0.out_mon_h [OUT_MON] GOT AN OUTPUT!: 47ce88a3c241
UVM_INFO out_mon.sv(31) @ 41772251: uvm_test_top.env0.out_mon_h [OUT_MON] GOT AN OUTPUT!: 810c6b3920e2
UVM_INFO out_mon.sv(31) @ 41777231: uvm_test_top.env0.out_mon_h [OUT_MON] GOT AN OUTPUT!: 62bf6050de00
UVM_INFO out_mon.sv(31) @ 41782211: uvm_test_top.env0.out_mon_h [OUT_MON] GOT AN OUTPUT!: 88427378c47a
UVM_INFO out_mon.sv(31) @ 41787191: uvm_test_top.env0.out_mon_h [OUT_MON] GOT AN OUTPUT!: 003c3c6e7086
UVM_INFO out_mon.sv(31) @ 41792171: uvm_test_top.env0.out_mon_h [OUT_MON] GOT AN OUTPUT!: 58801401c28e
UVM_INFO out_mon.sv(31) @ 41797151: uvm_test_top.env0.out_mon_h [OUT_MON] GOT AN OUTPUT!: c4f169963563
UVM_INFO out_mon.sv(31) @ 41802131: uvm_test_top.env0.out_mon_h [OUT_MON] GOT AN OUTPUT!: 9956111b3a04
UVM_INFO out_mon.sv(31) @ 41807111: uvm_test_top.env0.out_mon_h [OUT_MON] GOT AN OUTPUT!: 0e4a9413a4a2
UVM_INFO out_mon.sv(31) @ 41812091: uvm_test_top.env0.out_mon_h [OUT_MON] GOT AN OUTPUT!: 0911200405b8
UVM_INFO out_mon.sv(31) @ 41817071: uvm_test_top.env0.out_mon_h [OUT_MON] GOT AN OUTPUT!: 5e76cc600074
UVM_INFO out_mon.sv(31) @ 41822051: uvm_test_top.env0.out_mon_h [OUT_MON] GOT AN OUTPUT!: c8b93bcebe83
UVM_INFO out_mon.sv(31) @ 41827031: uvm_test_top.env0.out_mon_h [OUT_MON] GOT AN OUTPUT!: 885fdf5e4032
UVM_INFO out_mon.sv(31) @ 41832011: uvm_test_top.env0.out_mon_h [OUT_MON] GOT AN OUTPUT!: 681ab2fdc5f5
UVM_INFO out_mon.sv(31) @ 41836991: uvm_test_top.env0.out_mon_h [OUT_MON] GOT AN OUTPUT!: 9baf47572530
UVM_INFO out_mon.sv(31) @ 41841971: uvm_test_top.env0.out_mon_h [OUT_MON] GOT AN OUTPUT!: b1c519df32e7
UVM_INFO out_mon.sv(31) @ 41846951: uvm_test_top.env0.out_mon_h [OUT_MON] GOT AN OUTPUT!: 90d4a1b52561
UVM_INFO out_mon.sv(31) @ 41851931: uvm_test_top.env0.out_mon_h [OUT_MON] GOT AN OUTPUT!: 3701aca8e4a7
UVM_INFO out_mon.sv(31) @ 41856911: uvm_test_top.env0.out_mon_h [OUT_MON] GOT AN OUTPUT!: b4f8e9807f3b
UVM_INFO out_mon.sv(31) @ 41861891: uvm_test_top.env0.out_mon_h [OUT_MON] GOT AN OUTPUT!: 9bda455476f4
UVM_INFO out_mon.sv(31) @ 41866871: uvm_test_top.env0.out_mon_h [OUT_MON] GOT AN OUTPUT!: d60d679b2fd7
UVM_INFO out_mon.sv(31) @ 41871851: uvm_test_top.env0.out_mon_h [OUT_MON] GOT AN OUTPUT!: a321713b4284
UVM_INFO out_mon.sv(31) @ 41876831: uvm_test_top.env0.out_mon_h [OUT_MON] GOT AN OUTPUT!: 2eb89abcefc7
UVM_INFO out_mon.sv(31) @ 41881811: uvm_test_top.env0.out_mon_h [OUT_MON] GOT AN OUTPUT!: fa5dc7726942
UVM_INFO out_mon.sv(31) @ 41886791: uvm_test_top.env0.out_mon_h [OUT_MON] GOT AN OUTPUT!: 1268fc2f3e94
UVM_INFO out_mon.sv(31) @ 41891771: uvm_test_top.env0.out_mon_h [OUT_MON] GOT AN OUTPUT!: c5dc15e6c10d
UVM_INFO out_mon.sv(31) @ 41896751: uvm_test_top.env0.out_mon_h [OUT_MON] GOT AN OUTPUT!: 5948fa495660
UVM_INFO out_mon.sv(31) @ 41901731: uvm_test_top.env0.out_mon_h [OUT_MON] GOT AN OUTPUT!: ecab7338e91e
UVM_INFO out_mon.sv(31) @ 41906711: uvm_test_top.env0.out_mon_h [OUT_MON] GOT AN OUTPUT!: 8c46f7ac36a7
UVM_INFO out_mon.sv(31) @ 41911691: uvm_test_top.env0.out_mon_h [OUT_MON] GOT AN OUTPUT!: 2493e8593dda
UVM_INFO out_mon.sv(31) @ 41916671: uvm_test_top.env0.out_mon_h [OUT_MON] GOT AN OUTPUT!: d10da73e968e
UVM_INFO out_mon.sv(31) @ 41921651: uvm_test_top.env0.out_mon_h [OUT_MON] GOT AN OUTPUT!: be239fe3d845
UVM_INFO out_mon.sv(31) @ 41926631: uvm_test_top.env0.out_mon_h [OUT_MON] GOT AN OUTPUT!: 9608b3e8f4c3
UVM_INFO out_mon.sv(31) @ 41931611: uvm_test_top.env0.out_mon_h [OUT_MON] GOT AN OUTPUT!: 30a45e3c99c8
UVM_INFO out_mon.sv(31) @ 41936591: uvm_test_top.env0.out_mon_h [OUT_MON] GOT AN OUTPUT!: fe64dd118c5e
UVM_INFO out_mon.sv(31) @ 41941571: uvm_test_top.env0.out_mon_h [OUT_MON] GOT AN OUTPUT!: 6624406b1888
UVM_INFO out_mon.sv(31) @ 41946551: uvm_test_top.env0.out_mon_h [OUT_MON] GOT AN OUTPUT!: 0e0ca0d85bb9
UVM_INFO out_mon.sv(31) @ 41951531: uvm_test_top.env0.out_mon_h [OUT_MON] GOT AN OUTPUT!: c7705db6b209
UVM_INFO out_mon.sv(31) @ 41956511: uvm_test_top.env0.out_mon_h [OUT_MON] GOT AN OUTPUT!: 95af7d131bc8
UVM_INFO out_mon.sv(31) @ 41961491: uvm_test_top.env0.out_mon_h [OUT_MON] GOT AN OUTPUT!: 081368028748
UVM_INFO out_mon.sv(31) @ 41966471: uvm_test_top.env0.out_mon_h [OUT_MON] GOT AN OUTPUT!: deb5f50947cc
UVM_INFO out_mon.sv(31) @ 41971451: uvm_test_top.env0.out_mon_h [OUT_MON] GOT AN OUTPUT!: b257e7e96d13
UVM_INFO out_mon.sv(31) @ 41976431: uvm_test_top.env0.out_mon_h [OUT_MON] GOT AN OUTPUT!: 174b6af01ef7
UVM_INFO out_mon.sv(31) @ 41981411: uvm_test_top.env0.out_mon_h [OUT_MON] GOT AN OUTPUT!: 734b1a9a02d3
UVM_INFO out_mon.sv(31) @ 41986391: uvm_test_top.env0.out_mon_h [OUT_MON] GOT AN OUTPUT!: 7e5ec6269ae8
UVM_INFO out_mon.sv(31) @ 41991371: uvm_test_top.env0.out_mon_h [OUT_MON] GOT AN OUTPUT!: 26bb2472a570
UVM_INFO out_mon.sv(31) @ 41996351: uvm_test_top.env0.out_mon_h [OUT_MON] GOT AN OUTPUT!: 4f9a52317972
UVM_INFO out_mon.sv(31) @ 42001331: uvm_test_top.env0.out_mon_h [OUT_MON] GOT AN OUTPUT!: a32e8f5d6fa8
UVM_INFO out_mon.sv(31) @ 42006311: uvm_test_top.env0.out_mon_h [OUT_MON] GOT AN OUTPUT!: 6f6c747737bc
UVM_INFO out_mon.sv(31) @ 42011291: uvm_test_top.env0.out_mon_h [OUT_MON] GOT AN OUTPUT!: 45f6ceec3c6b
UVM_INFO out_mon.sv(31) @ 42016271: uvm_test_top.env0.out_mon_h [OUT_MON] GOT AN OUTPUT!: d6fecfbc0c1d
UVM_INFO out_mon.sv(31) @ 42021251: uvm_test_top.env0.out_mon_h [OUT_MON] GOT AN OUTPUT!: 3f1ec634ab94
UVM_INFO out_mon.sv(31) @ 42026231: uvm_test_top.env0.out_mon_h [OUT_MON] GOT AN OUTPUT!: c03c815df7b0
UVM_INFO out_mon.sv(31) @ 42031211: uvm_test_top.env0.out_mon_h [OUT_MON] GOT AN OUTPUT!: 9d6ffd6c12a0
UVM_INFO out_mon.sv(31) @ 42036191: uvm_test_top.env0.out_mon_h [OUT_MON] GOT AN OUTPUT!: 91d5e950b426
UVM_INFO out_mon.sv(31) @ 42041171: uvm_test_top.env0.out_mon_h [OUT_MON] GOT AN OUTPUT!: 1a78884394ae
UVM_INFO out_mon.sv(31) @ 42046151: uvm_test_top.env0.out_mon_h [OUT_MON] GOT AN OUTPUT!: 8b31c3d9c1b9
UVM_INFO out_mon.sv(31) @ 42051131: uvm_test_top.env0.out_mon_h [OUT_MON] GOT AN OUTPUT!: a6834f04086c
UVM_INFO out_mon.sv(31) @ 42056111: uvm_test_top.env0.out_mon_h [OUT_MON] GOT AN OUTPUT!: 307cf80c54ca
UVM_INFO out_mon.sv(31) @ 42061091: uvm_test_top.env0.out_mon_h [OUT_MON] GOT AN OUTPUT!: b49dbd6a0c3a
UVM_INFO out_mon.sv(31) @ 42066071: uvm_test_top.env0.out_mon_h [OUT_MON] GOT AN OUTPUT!: 76a7f6057014
UVM_INFO out_mon.sv(31) @ 42071051: uvm_test_top.env0.out_mon_h [OUT_MON] GOT AN OUTPUT!: 46917641fc38
UVM_INFO out_mon.sv(31) @ 42076031: uvm_test_top.env0.out_mon_h [OUT_MON] GOT AN OUTPUT!: af5bebe7cdf9
UVM_INFO out_mon.sv(31) @ 42081011: uvm_test_top.env0.out_mon_h [OUT_MON] GOT AN OUTPUT!: b8ec2bc3f567
UVM_INFO out_mon.sv(31) @ 42085991: uvm_test_top.env0.out_mon_h [OUT_MON] GOT AN OUTPUT!: 3501b497e6d9
UVM_INFO out_mon.sv(31) @ 42090971: uvm_test_top.env0.out_mon_h [OUT_MON] GOT AN OUTPUT!: 4efb22afd0af
UVM_INFO out_mon.sv(31) @ 42095951: uvm_test_top.env0.out_mon_h [OUT_MON] GOT AN OUTPUT!: d6c9e737fbe4
UVM_INFO out_mon.sv(31) @ 42100931: uvm_test_top.env0.out_mon_h [OUT_MON] GOT AN OUTPUT!: 7ec78e292bec
UVM_INFO out_mon.sv(31) @ 42105911: uvm_test_top.env0.out_mon_h [OUT_MON] GOT AN OUTPUT!: 049cc0640576
UVM_INFO out_mon.sv(31) @ 42110891: uvm_test_top.env0.out_mon_h [OUT_MON] GOT AN OUTPUT!: fd1e4b5362c6
UVM_INFO out_mon.sv(31) @ 42115871: uvm_test_top.env0.out_mon_h [OUT_MON] GOT AN OUTPUT!: bb2a4d2dc15c
UVM_INFO out_mon.sv(31) @ 42120851: uvm_test_top.env0.out_mon_h [OUT_MON] GOT AN OUTPUT!: 898d17ad9089
UVM_INFO out_mon.sv(31) @ 42125831: uvm_test_top.env0.out_mon_h [OUT_MON] GOT AN OUTPUT!: 2fdcbed8a905
UVM_INFO out_mon.sv(31) @ 42130811: uvm_test_top.env0.out_mon_h [OUT_MON] GOT AN OUTPUT!: 7a5ede2e95b0
UVM_INFO out_mon.sv(31) @ 42135791: uvm_test_top.env0.out_mon_h [OUT_MON] GOT AN OUTPUT!: 3ce01a55fd1e
UVM_INFO out_mon.sv(31) @ 42140771: uvm_test_top.env0.out_mon_h [OUT_MON] GOT AN OUTPUT!: 089e40210766
UVM_INFO out_mon.sv(31) @ 42145751: uvm_test_top.env0.out_mon_h [OUT_MON] GOT AN OUTPUT!: 8d1e4780b581
UVM_INFO out_mon.sv(31) @ 42150731: uvm_test_top.env0.out_mon_h [OUT_MON] GOT AN OUTPUT!: 5c18c6bf44a9
UVM_INFO out_mon.sv(31) @ 42155711: uvm_test_top.env0.out_mon_h [OUT_MON] GOT AN OUTPUT!: 8849ad198ffa
UVM_INFO out_mon.sv(31) @ 42160691: uvm_test_top.env0.out_mon_h [OUT_MON] GOT AN OUTPUT!: 575b0e8f6a51
UVM_INFO out_mon.sv(31) @ 42165671: uvm_test_top.env0.out_mon_h [OUT_MON] GOT AN OUTPUT!: fec4578307dd
UVM_INFO out_mon.sv(31) @ 42170651: uvm_test_top.env0.out_mon_h [OUT_MON] GOT AN OUTPUT!: 23af587f54a8
UVM_INFO out_mon.sv(31) @ 42175631: uvm_test_top.env0.out_mon_h [OUT_MON] GOT AN OUTPUT!: 95c2e73d59d6
UVM_INFO out_mon.sv(31) @ 42180611: uvm_test_top.env0.out_mon_h [OUT_MON] GOT AN OUTPUT!: 7d21aac09cdd
UVM_INFO out_mon.sv(31) @ 42185591: uvm_test_top.env0.out_mon_h [OUT_MON] GOT AN OUTPUT!: f32e272280fe
UVM_INFO out_mon.sv(31) @ 42190571: uvm_test_top.env0.out_mon_h [OUT_MON] GOT AN OUTPUT!: be7e1d64a3ee
UVM_INFO out_mon.sv(31) @ 42195551: uvm_test_top.env0.out_mon_h [OUT_MON] GOT AN OUTPUT!: a9b1b1623b9a
UVM_INFO out_mon.sv(31) @ 42200531: uvm_test_top.env0.out_mon_h [OUT_MON] GOT AN OUTPUT!: ad535bb87e63
UVM_INFO out_mon.sv(31) @ 42205511: uvm_test_top.env0.out_mon_h [OUT_MON] GOT AN OUTPUT!: e4b9593e0390
UVM_INFO out_mon.sv(31) @ 42210491: uvm_test_top.env0.out_mon_h [OUT_MON] GOT AN OUTPUT!: 05e900611172
UVM_INFO out_mon.sv(31) @ 42215471: uvm_test_top.env0.out_mon_h [OUT_MON] GOT AN OUTPUT!: d472dd8513f5
UVM_INFO out_mon.sv(31) @ 42220451: uvm_test_top.env0.out_mon_h [OUT_MON] GOT AN OUTPUT!: c74edf36f1de
UVM_INFO out_mon.sv(31) @ 42225431: uvm_test_top.env0.out_mon_h [OUT_MON] GOT AN OUTPUT!: d9c88fd06abd
UVM_INFO out_mon.sv(31) @ 42230411: uvm_test_top.env0.out_mon_h [OUT_MON] GOT AN OUTPUT!: 3f51d4e27c33
UVM_INFO out_mon.sv(31) @ 42235391: uvm_test_top.env0.out_mon_h [OUT_MON] GOT AN OUTPUT!: 72676a7ec300
UVM_INFO out_mon.sv(31) @ 42240371: uvm_test_top.env0.out_mon_h [OUT_MON] GOT AN OUTPUT!: d6762b37d1ac
UVM_INFO out_mon.sv(31) @ 42245351: uvm_test_top.env0.out_mon_h [OUT_MON] GOT AN OUTPUT!: e4b85d7099c4
UVM_INFO out_mon.sv(31) @ 42250331: uvm_test_top.env0.out_mon_h [OUT_MON] GOT AN OUTPUT!: 9c114552c866
UVM_INFO out_mon.sv(31) @ 42255311: uvm_test_top.env0.out_mon_h [OUT_MON] GOT AN OUTPUT!: abec278428cf
UVM_INFO out_mon.sv(31) @ 42260291: uvm_test_top.env0.out_mon_h [OUT_MON] GOT AN OUTPUT!: 922b8372ff2c
UVM_INFO out_mon.sv(31) @ 42265271: uvm_test_top.env0.out_mon_h [OUT_MON] GOT AN OUTPUT!: a3ee9dd16e71
UVM_INFO out_mon.sv(31) @ 42270251: uvm_test_top.env0.out_mon_h [OUT_MON] GOT AN OUTPUT!: b98d1d97d285
UVM_INFO out_mon.sv(31) @ 42275231: uvm_test_top.env0.out_mon_h [OUT_MON] GOT AN OUTPUT!: f567b3a624cb
UVM_INFO out_mon.sv(31) @ 42280211: uvm_test_top.env0.out_mon_h [OUT_MON] GOT AN OUTPUT!: ddc9f3dc5c3f
UVM_INFO out_mon.sv(31) @ 42285191: uvm_test_top.env0.out_mon_h [OUT_MON] GOT AN OUTPUT!: c1c61f41ca72
UVM_INFO out_mon.sv(31) @ 42290171: uvm_test_top.env0.out_mon_h [OUT_MON] GOT AN OUTPUT!: 2125f4937c3d
UVM_INFO out_mon.sv(31) @ 42295151: uvm_test_top.env0.out_mon_h [OUT_MON] GOT AN OUTPUT!: 8f34e7519a04
UVM_INFO out_mon.sv(31) @ 42300131: uvm_test_top.env0.out_mon_h [OUT_MON] GOT AN OUTPUT!: 48b13023caa4
UVM_INFO out_mon.sv(31) @ 42305111: uvm_test_top.env0.out_mon_h [OUT_MON] GOT AN OUTPUT!: 74a0c02c8f90
UVM_INFO out_mon.sv(31) @ 42310091: uvm_test_top.env0.out_mon_h [OUT_MON] GOT AN OUTPUT!: c83637a3a53f
UVM_INFO out_mon.sv(31) @ 42315071: uvm_test_top.env0.out_mon_h [OUT_MON] GOT AN OUTPUT!: 05b590cf6453
UVM_INFO out_mon.sv(31) @ 42320051: uvm_test_top.env0.out_mon_h [OUT_MON] GOT AN OUTPUT!: 8e44cd352738
UVM_INFO out_mon.sv(31) @ 42325031: uvm_test_top.env0.out_mon_h [OUT_MON] GOT AN OUTPUT!: fedfdb9898c5
UVM_INFO out_mon.sv(31) @ 42330011: uvm_test_top.env0.out_mon_h [OUT_MON] GOT AN OUTPUT!: 902497222dee
UVM_INFO out_mon.sv(31) @ 42334991: uvm_test_top.env0.out_mon_h [OUT_MON] GOT AN OUTPUT!: b14999c46661
UVM_INFO out_mon.sv(31) @ 42339971: uvm_test_top.env0.out_mon_h [OUT_MON] GOT AN OUTPUT!: 15e2d8b85117
UVM_INFO out_mon.sv(31) @ 42344951: uvm_test_top.env0.out_mon_h [OUT_MON] GOT AN OUTPUT!: 2edf1ca8ca33
UVM_INFO out_mon.sv(31) @ 42349931: uvm_test_top.env0.out_mon_h [OUT_MON] GOT AN OUTPUT!: c64dcfe4f3ed
UVM_INFO out_mon.sv(31) @ 42354911: uvm_test_top.env0.out_mon_h [OUT_MON] GOT AN OUTPUT!: 364e8cb1808f
UVM_INFO out_mon.sv(31) @ 42359891: uvm_test_top.env0.out_mon_h [OUT_MON] GOT AN OUTPUT!: 72edd6912a99
UVM_INFO out_mon.sv(31) @ 42364871: uvm_test_top.env0.out_mon_h [OUT_MON] GOT AN OUTPUT!: df03b11c05fc
UVM_INFO out_mon.sv(31) @ 42369851: uvm_test_top.env0.out_mon_h [OUT_MON] GOT AN OUTPUT!: a411d5bdd891
UVM_INFO out_mon.sv(31) @ 42374831: uvm_test_top.env0.out_mon_h [OUT_MON] GOT AN OUTPUT!: 0527747390bc
UVM_INFO out_mon.sv(31) @ 42379811: uvm_test_top.env0.out_mon_h [OUT_MON] GOT AN OUTPUT!: e4c21f5f9430
UVM_INFO out_mon.sv(31) @ 42384791: uvm_test_top.env0.out_mon_h [OUT_MON] GOT AN OUTPUT!: 75a9e2cd23f7
UVM_INFO out_mon.sv(31) @ 42389771: uvm_test_top.env0.out_mon_h [OUT_MON] GOT AN OUTPUT!: cece5ffabd2b
UVM_INFO out_mon.sv(31) @ 42394751: uvm_test_top.env0.out_mon_h [OUT_MON] GOT AN OUTPUT!: da331fc378ef
UVM_INFO out_mon.sv(31) @ 42399731: uvm_test_top.env0.out_mon_h [OUT_MON] GOT AN OUTPUT!: d6c295ff6d2b
UVM_INFO out_mon.sv(31) @ 42404711: uvm_test_top.env0.out_mon_h [OUT_MON] GOT AN OUTPUT!: 653300330a4a
UVM_INFO out_mon.sv(31) @ 42409691: uvm_test_top.env0.out_mon_h [OUT_MON] GOT AN OUTPUT!: d7e8d3e5813d
UVM_INFO out_mon.sv(31) @ 42414671: uvm_test_top.env0.out_mon_h [OUT_MON] GOT AN OUTPUT!: 3dd2c6b616d9
UVM_INFO out_mon.sv(31) @ 42419651: uvm_test_top.env0.out_mon_h [OUT_MON] GOT AN OUTPUT!: 604cc2089252
UVM_INFO out_mon.sv(31) @ 42424631: uvm_test_top.env0.out_mon_h [OUT_MON] GOT AN OUTPUT!: abffb9e098dd
UVM_INFO out_mon.sv(31) @ 42429611: uvm_test_top.env0.out_mon_h [OUT_MON] GOT AN OUTPUT!: bcbd8f440284
UVM_INFO out_mon.sv(31) @ 42434591: uvm_test_top.env0.out_mon_h [OUT_MON] GOT AN OUTPUT!: 04650a3c4a40
UVM_INFO out_mon.sv(31) @ 42439571: uvm_test_top.env0.out_mon_h [OUT_MON] GOT AN OUTPUT!: c4c2534ee862
UVM_INFO out_mon.sv(31) @ 42444551: uvm_test_top.env0.out_mon_h [OUT_MON] GOT AN OUTPUT!: 546eca04adb6
UVM_INFO out_mon.sv(31) @ 42449531: uvm_test_top.env0.out_mon_h [OUT_MON] GOT AN OUTPUT!: 66ac94d824e9
UVM_INFO out_mon.sv(31) @ 42454511: uvm_test_top.env0.out_mon_h [OUT_MON] GOT AN OUTPUT!: ce4959a2f645
UVM_INFO out_mon.sv(31) @ 42459491: uvm_test_top.env0.out_mon_h [OUT_MON] GOT AN OUTPUT!: f383f1624e74
UVM_INFO out_mon.sv(31) @ 42464471: uvm_test_top.env0.out_mon_h [OUT_MON] GOT AN OUTPUT!: f4e015ea2829
UVM_INFO out_mon.sv(31) @ 42469451: uvm_test_top.env0.out_mon_h [OUT_MON] GOT AN OUTPUT!: 2b1794dfc451
UVM_INFO out_mon.sv(31) @ 42474431: uvm_test_top.env0.out_mon_h [OUT_MON] GOT AN OUTPUT!: 87e1b512fb8a
UVM_INFO out_mon.sv(31) @ 42479411: uvm_test_top.env0.out_mon_h [OUT_MON] GOT AN OUTPUT!: 07ef800ea236
UVM_INFO out_mon.sv(31) @ 42484391: uvm_test_top.env0.out_mon_h [OUT_MON] GOT AN OUTPUT!: 2fb61277eaf8
UVM_INFO out_mon.sv(31) @ 42489371: uvm_test_top.env0.out_mon_h [OUT_MON] GOT AN OUTPUT!: 4b5b5894c24b
UVM_INFO out_mon.sv(31) @ 42494351: uvm_test_top.env0.out_mon_h [OUT_MON] GOT AN OUTPUT!: e98ccf11353a
UVM_INFO out_mon.sv(31) @ 42499331: uvm_test_top.env0.out_mon_h [OUT_MON] GOT AN OUTPUT!: c967b3dbc409
UVM_INFO out_mon.sv(31) @ 42504311: uvm_test_top.env0.out_mon_h [OUT_MON] GOT AN OUTPUT!: 334fa0b0d543
UVM_INFO out_mon.sv(31) @ 42509291: uvm_test_top.env0.out_mon_h [OUT_MON] GOT AN OUTPUT!: 74dc90ad039d
UVM_INFO out_mon.sv(31) @ 42514271: uvm_test_top.env0.out_mon_h [OUT_MON] GOT AN OUTPUT!: f7aa93fe86ef
UVM_INFO out_mon.sv(31) @ 42519251: uvm_test_top.env0.out_mon_h [OUT_MON] GOT AN OUTPUT!: 2b49108d9707
UVM_INFO out_mon.sv(31) @ 42524231: uvm_test_top.env0.out_mon_h [OUT_MON] GOT AN OUTPUT!: 3a0a3c33c460
UVM_INFO out_mon.sv(31) @ 42529211: uvm_test_top.env0.out_mon_h [OUT_MON] GOT AN OUTPUT!: 40f7fcda5fb7
UVM_INFO out_mon.sv(31) @ 42534191: uvm_test_top.env0.out_mon_h [OUT_MON] GOT AN OUTPUT!: 829d0597cf7d
UVM_INFO out_mon.sv(31) @ 42539171: uvm_test_top.env0.out_mon_h [OUT_MON] GOT AN OUTPUT!: ccf443a3f8d9
UVM_INFO out_mon.sv(31) @ 42544151: uvm_test_top.env0.out_mon_h [OUT_MON] GOT AN OUTPUT!: 0a4892bb9c95
UVM_INFO out_mon.sv(31) @ 42549131: uvm_test_top.env0.out_mon_h [OUT_MON] GOT AN OUTPUT!: b50df54abc00
UVM_INFO out_mon.sv(31) @ 42554111: uvm_test_top.env0.out_mon_h [OUT_MON] GOT AN OUTPUT!: a6c18375ee90
UVM_INFO out_mon.sv(31) @ 42559091: uvm_test_top.env0.out_mon_h [OUT_MON] GOT AN OUTPUT!: 79cddedac97d
UVM_INFO out_mon.sv(31) @ 42564071: uvm_test_top.env0.out_mon_h [OUT_MON] GOT AN OUTPUT!: 766b6e9f3cad
UVM_INFO out_mon.sv(31) @ 42569051: uvm_test_top.env0.out_mon_h [OUT_MON] GOT AN OUTPUT!: c27f5b27f704
UVM_INFO out_mon.sv(31) @ 42574031: uvm_test_top.env0.out_mon_h [OUT_MON] GOT AN OUTPUT!: 4c766e8dc53f
UVM_INFO out_mon.sv(31) @ 42579011: uvm_test_top.env0.out_mon_h [OUT_MON] GOT AN OUTPUT!: a92f73a9e6e3
UVM_INFO out_mon.sv(31) @ 42583991: uvm_test_top.env0.out_mon_h [OUT_MON] GOT AN OUTPUT!: dcd11551826e
UVM_INFO out_mon.sv(31) @ 42588971: uvm_test_top.env0.out_mon_h [OUT_MON] GOT AN OUTPUT!: c6abdf17f384
UVM_INFO out_mon.sv(31) @ 42593951: uvm_test_top.env0.out_mon_h [OUT_MON] GOT AN OUTPUT!: a82129b03167
UVM_INFO out_mon.sv(31) @ 42598931: uvm_test_top.env0.out_mon_h [OUT_MON] GOT AN OUTPUT!: fe7c0bc53469
UVM_INFO out_mon.sv(31) @ 42603911: uvm_test_top.env0.out_mon_h [OUT_MON] GOT AN OUTPUT!: a7d6f1e14ff3
UVM_INFO out_mon.sv(31) @ 42608891: uvm_test_top.env0.out_mon_h [OUT_MON] GOT AN OUTPUT!: 0af3aebc8b65
UVM_INFO out_mon.sv(31) @ 42613871: uvm_test_top.env0.out_mon_h [OUT_MON] GOT AN OUTPUT!: ba1e7b0a15fc
UVM_INFO out_mon.sv(31) @ 42618851: uvm_test_top.env0.out_mon_h [OUT_MON] GOT AN OUTPUT!: c916099c923f
UVM_INFO out_mon.sv(31) @ 42623831: uvm_test_top.env0.out_mon_h [OUT_MON] GOT AN OUTPUT!: cde3a77983e0
UVM_INFO out_mon.sv(31) @ 42628811: uvm_test_top.env0.out_mon_h [OUT_MON] GOT AN OUTPUT!: 44b47a33a480
UVM_INFO out_mon.sv(31) @ 42633791: uvm_test_top.env0.out_mon_h [OUT_MON] GOT AN OUTPUT!: cecf55a45029
UVM_INFO out_mon.sv(31) @ 42638771: uvm_test_top.env0.out_mon_h [OUT_MON] GOT AN OUTPUT!: 845a5ddbdea1
UVM_INFO out_mon.sv(31) @ 42643751: uvm_test_top.env0.out_mon_h [OUT_MON] GOT AN OUTPUT!: 514f8ce0fc7b
UVM_INFO out_mon.sv(31) @ 42648731: uvm_test_top.env0.out_mon_h [OUT_MON] GOT AN OUTPUT!: 1553ea971b4f
UVM_INFO out_mon.sv(31) @ 42653711: uvm_test_top.env0.out_mon_h [OUT_MON] GOT AN OUTPUT!: fe91f3e3c35b
UVM_INFO out_mon.sv(31) @ 42658691: uvm_test_top.env0.out_mon_h [OUT_MON] GOT AN OUTPUT!: 57a922eaf8fb
UVM_INFO out_mon.sv(31) @ 42663671: uvm_test_top.env0.out_mon_h [OUT_MON] GOT AN OUTPUT!: c08175fa9fa1
UVM_INFO out_mon.sv(31) @ 42668651: uvm_test_top.env0.out_mon_h [OUT_MON] GOT AN OUTPUT!: 8a2b5f7cd37c
UVM_INFO out_mon.sv(31) @ 42673631: uvm_test_top.env0.out_mon_h [OUT_MON] GOT AN OUTPUT!: adc761094c28
UVM_INFO out_mon.sv(31) @ 42678611: uvm_test_top.env0.out_mon_h [OUT_MON] GOT AN OUTPUT!: 96639d6dc2e4
UVM_INFO out_mon.sv(31) @ 42683591: uvm_test_top.env0.out_mon_h [OUT_MON] GOT AN OUTPUT!: b5d5eb4547a0
UVM_INFO out_mon.sv(31) @ 42688571: uvm_test_top.env0.out_mon_h [OUT_MON] GOT AN OUTPUT!: 9c9f2376a654
UVM_INFO out_mon.sv(31) @ 42693551: uvm_test_top.env0.out_mon_h [OUT_MON] GOT AN OUTPUT!: 0cd15ab1cc11
UVM_INFO out_mon.sv(31) @ 42698531: uvm_test_top.env0.out_mon_h [OUT_MON] GOT AN OUTPUT!: 3fe790c41aff
UVM_INFO out_mon.sv(31) @ 42703511: uvm_test_top.env0.out_mon_h [OUT_MON] GOT AN OUTPUT!: 57aabe5bd6ea
UVM_INFO out_mon.sv(31) @ 42708491: uvm_test_top.env0.out_mon_h [OUT_MON] GOT AN OUTPUT!: b20cf3927d11
UVM_INFO out_mon.sv(31) @ 42713471: uvm_test_top.env0.out_mon_h [OUT_MON] GOT AN OUTPUT!: 980c8f562230
UVM_INFO out_mon.sv(31) @ 42718451: uvm_test_top.env0.out_mon_h [OUT_MON] GOT AN OUTPUT!: 7f97fc89e3b9
UVM_INFO out_mon.sv(31) @ 42723431: uvm_test_top.env0.out_mon_h [OUT_MON] GOT AN OUTPUT!: d864f9752eb0
UVM_INFO out_mon.sv(31) @ 42728411: uvm_test_top.env0.out_mon_h [OUT_MON] GOT AN OUTPUT!: 1bd5eada2f09
UVM_INFO out_mon.sv(31) @ 42733391: uvm_test_top.env0.out_mon_h [OUT_MON] GOT AN OUTPUT!: 97dd49cb32bb
UVM_INFO out_mon.sv(31) @ 42738371: uvm_test_top.env0.out_mon_h [OUT_MON] GOT AN OUTPUT!: 2cd33a16fbe8
UVM_INFO out_mon.sv(31) @ 42743351: uvm_test_top.env0.out_mon_h [OUT_MON] GOT AN OUTPUT!: f66133e42a57
UVM_INFO out_mon.sv(31) @ 42748331: uvm_test_top.env0.out_mon_h [OUT_MON] GOT AN OUTPUT!: 975bcbd3a3c3
UVM_INFO out_mon.sv(31) @ 42753311: uvm_test_top.env0.out_mon_h [OUT_MON] GOT AN OUTPUT!: a09e6bc1d76b
UVM_INFO out_mon.sv(31) @ 42758291: uvm_test_top.env0.out_mon_h [OUT_MON] GOT AN OUTPUT!: 4af872ff414b
UVM_INFO out_mon.sv(31) @ 42763271: uvm_test_top.env0.out_mon_h [OUT_MON] GOT AN OUTPUT!: 7c004497b1cf
UVM_INFO out_mon.sv(31) @ 42768251: uvm_test_top.env0.out_mon_h [OUT_MON] GOT AN OUTPUT!: cdf9ad00b2e0
UVM_INFO out_mon.sv(31) @ 42773231: uvm_test_top.env0.out_mon_h [OUT_MON] GOT AN OUTPUT!: 12b2d646f2c4
UVM_INFO out_mon.sv(31) @ 42778211: uvm_test_top.env0.out_mon_h [OUT_MON] GOT AN OUTPUT!: 89687d9294eb
UVM_INFO out_mon.sv(31) @ 42783191: uvm_test_top.env0.out_mon_h [OUT_MON] GOT AN OUTPUT!: bfa2579a9cc9
UVM_INFO out_mon.sv(31) @ 42788171: uvm_test_top.env0.out_mon_h [OUT_MON] GOT AN OUTPUT!: d512075f43ea
UVM_INFO out_mon.sv(31) @ 42793151: uvm_test_top.env0.out_mon_h [OUT_MON] GOT AN OUTPUT!: 9a7b2b43663c
UVM_INFO out_mon.sv(31) @ 42798131: uvm_test_top.env0.out_mon_h [OUT_MON] GOT AN OUTPUT!: c384195cd952
UVM_INFO out_mon.sv(31) @ 42803111: uvm_test_top.env0.out_mon_h [OUT_MON] GOT AN OUTPUT!: 23a85c93ced1
UVM_INFO out_mon.sv(31) @ 42808091: uvm_test_top.env0.out_mon_h [OUT_MON] GOT AN OUTPUT!: ae0819e93209
UVM_INFO out_mon.sv(31) @ 42813071: uvm_test_top.env0.out_mon_h [OUT_MON] GOT AN OUTPUT!: b057effc1141
UVM_INFO out_mon.sv(31) @ 42818051: uvm_test_top.env0.out_mon_h [OUT_MON] GOT AN OUTPUT!: 80ab8ba5ecb5
UVM_INFO out_mon.sv(31) @ 42823031: uvm_test_top.env0.out_mon_h [OUT_MON] GOT AN OUTPUT!: 9671dd462842
UVM_INFO out_mon.sv(31) @ 42828011: uvm_test_top.env0.out_mon_h [OUT_MON] GOT AN OUTPUT!: c638b714618c
UVM_INFO out_mon.sv(31) @ 42832991: uvm_test_top.env0.out_mon_h [OUT_MON] GOT AN OUTPUT!: 18a40e91d323
UVM_INFO out_mon.sv(31) @ 42837971: uvm_test_top.env0.out_mon_h [OUT_MON] GOT AN OUTPUT!: 743d92f1aee9
UVM_INFO out_mon.sv(31) @ 42842951: uvm_test_top.env0.out_mon_h [OUT_MON] GOT AN OUTPUT!: 125d30108820
UVM_INFO out_mon.sv(31) @ 42847931: uvm_test_top.env0.out_mon_h [OUT_MON] GOT AN OUTPUT!: 77047652af58
UVM_INFO out_mon.sv(31) @ 42852911: uvm_test_top.env0.out_mon_h [OUT_MON] GOT AN OUTPUT!: 63c5bc818bd5
UVM_INFO out_mon.sv(31) @ 42857891: uvm_test_top.env0.out_mon_h [OUT_MON] GOT AN OUTPUT!: fd9bcb7fff4a
UVM_INFO out_mon.sv(31) @ 42862871: uvm_test_top.env0.out_mon_h [OUT_MON] GOT AN OUTPUT!: 1dca0a6dd0ca
UVM_INFO out_mon.sv(31) @ 42867851: uvm_test_top.env0.out_mon_h [OUT_MON] GOT AN OUTPUT!: 85cb3791fa3d
UVM_INFO out_mon.sv(31) @ 42872831: uvm_test_top.env0.out_mon_h [OUT_MON] GOT AN OUTPUT!: 6e19bc24199a
UVM_INFO out_mon.sv(31) @ 42877811: uvm_test_top.env0.out_mon_h [OUT_MON] GOT AN OUTPUT!: a82265ccbe75
UVM_INFO out_mon.sv(31) @ 42882791: uvm_test_top.env0.out_mon_h [OUT_MON] GOT AN OUTPUT!: 4b1c7274df98
UVM_INFO out_mon.sv(31) @ 42887771: uvm_test_top.env0.out_mon_h [OUT_MON] GOT AN OUTPUT!: a3ed0dbc261d
UVM_INFO out_mon.sv(31) @ 42892751: uvm_test_top.env0.out_mon_h [OUT_MON] GOT AN OUTPUT!: e000ff2e5f8a
UVM_INFO out_mon.sv(31) @ 42897731: uvm_test_top.env0.out_mon_h [OUT_MON] GOT AN OUTPUT!: ab353d0fcfe8
UVM_INFO out_mon.sv(31) @ 42902711: uvm_test_top.env0.out_mon_h [OUT_MON] GOT AN OUTPUT!: b8b01558954c
UVM_INFO out_mon.sv(31) @ 42907691: uvm_test_top.env0.out_mon_h [OUT_MON] GOT AN OUTPUT!: eec88f371102
UVM_INFO out_mon.sv(31) @ 42912671: uvm_test_top.env0.out_mon_h [OUT_MON] GOT AN OUTPUT!: addaa9313cf8
UVM_INFO out_mon.sv(31) @ 42917651: uvm_test_top.env0.out_mon_h [OUT_MON] GOT AN OUTPUT!: 6a325cbd0d81
UVM_INFO out_mon.sv(31) @ 42922631: uvm_test_top.env0.out_mon_h [OUT_MON] GOT AN OUTPUT!: 90e9f7e7d36b
UVM_INFO out_mon.sv(31) @ 42927611: uvm_test_top.env0.out_mon_h [OUT_MON] GOT AN OUTPUT!: 6fc080649a08
UVM_INFO out_mon.sv(31) @ 42932591: uvm_test_top.env0.out_mon_h [OUT_MON] GOT AN OUTPUT!: 9808731991ba
UVM_INFO out_mon.sv(31) @ 42937571: uvm_test_top.env0.out_mon_h [OUT_MON] GOT AN OUTPUT!: f47dd10458e0
UVM_INFO out_mon.sv(31) @ 42942551: uvm_test_top.env0.out_mon_h [OUT_MON] GOT AN OUTPUT!: 8a22870d7476
UVM_INFO out_mon.sv(31) @ 42947531: uvm_test_top.env0.out_mon_h [OUT_MON] GOT AN OUTPUT!: 9c32d922a230
UVM_INFO out_mon.sv(31) @ 42952511: uvm_test_top.env0.out_mon_h [OUT_MON] GOT AN OUTPUT!: aae96fb03d4f
UVM_INFO out_mon.sv(31) @ 42957491: uvm_test_top.env0.out_mon_h [OUT_MON] GOT AN OUTPUT!: 856eeb5194a0
UVM_INFO out_mon.sv(31) @ 42962471: uvm_test_top.env0.out_mon_h [OUT_MON] GOT AN OUTPUT!: 66c0125060fc
UVM_INFO out_mon.sv(31) @ 42967451: uvm_test_top.env0.out_mon_h [OUT_MON] GOT AN OUTPUT!: d57f334b0b0a
UVM_INFO out_mon.sv(31) @ 42972431: uvm_test_top.env0.out_mon_h [OUT_MON] GOT AN OUTPUT!: bedb2b1a1ee8
UVM_INFO out_mon.sv(31) @ 42977411: uvm_test_top.env0.out_mon_h [OUT_MON] GOT AN OUTPUT!: 046ed2cca17d
UVM_INFO out_mon.sv(31) @ 42982391: uvm_test_top.env0.out_mon_h [OUT_MON] GOT AN OUTPUT!: 752198537398
UVM_INFO out_mon.sv(31) @ 42987371: uvm_test_top.env0.out_mon_h [OUT_MON] GOT AN OUTPUT!: e9089733b14a
UVM_INFO out_mon.sv(31) @ 42992351: uvm_test_top.env0.out_mon_h [OUT_MON] GOT AN OUTPUT!: f8413358164c
UVM_INFO out_mon.sv(31) @ 42997331: uvm_test_top.env0.out_mon_h [OUT_MON] GOT AN OUTPUT!: 84d887d95b4d
UVM_INFO out_mon.sv(31) @ 43002311: uvm_test_top.env0.out_mon_h [OUT_MON] GOT AN OUTPUT!: 0fa5fc558bc2
UVM_INFO out_mon.sv(31) @ 43007291: uvm_test_top.env0.out_mon_h [OUT_MON] GOT AN OUTPUT!: 902aa52e7732
UVM_INFO out_mon.sv(31) @ 43012271: uvm_test_top.env0.out_mon_h [OUT_MON] GOT AN OUTPUT!: 477af6c709a3
UVM_INFO out_mon.sv(31) @ 43017251: uvm_test_top.env0.out_mon_h [OUT_MON] GOT AN OUTPUT!: c60c3b97a3e3
UVM_INFO out_mon.sv(31) @ 43022231: uvm_test_top.env0.out_mon_h [OUT_MON] GOT AN OUTPUT!: 1cad96b18b89
UVM_INFO out_mon.sv(31) @ 43027211: uvm_test_top.env0.out_mon_h [OUT_MON] GOT AN OUTPUT!: f0481d093ae4
UVM_INFO out_mon.sv(31) @ 43032191: uvm_test_top.env0.out_mon_h [OUT_MON] GOT AN OUTPUT!: e8e6059fce19
UVM_INFO out_mon.sv(31) @ 43037171: uvm_test_top.env0.out_mon_h [OUT_MON] GOT AN OUTPUT!: b36c0d635bca
UVM_INFO out_mon.sv(31) @ 43042151: uvm_test_top.env0.out_mon_h [OUT_MON] GOT AN OUTPUT!: 8e942b5e5028
UVM_INFO out_mon.sv(31) @ 43047131: uvm_test_top.env0.out_mon_h [OUT_MON] GOT AN OUTPUT!: 1ac2d28dde8f
UVM_INFO out_mon.sv(31) @ 43052111: uvm_test_top.env0.out_mon_h [OUT_MON] GOT AN OUTPUT!: e4e4bb774d66
UVM_INFO out_mon.sv(31) @ 43057091: uvm_test_top.env0.out_mon_h [OUT_MON] GOT AN OUTPUT!: e458215462ea
UVM_INFO out_mon.sv(31) @ 43062071: uvm_test_top.env0.out_mon_h [OUT_MON] GOT AN OUTPUT!: e3c33b6ebf80
UVM_INFO out_mon.sv(31) @ 43067051: uvm_test_top.env0.out_mon_h [OUT_MON] GOT AN OUTPUT!: 8cf6eb024080
UVM_INFO out_mon.sv(31) @ 43072031: uvm_test_top.env0.out_mon_h [OUT_MON] GOT AN OUTPUT!: 8fd73dbe6239
UVM_INFO out_mon.sv(31) @ 43077011: uvm_test_top.env0.out_mon_h [OUT_MON] GOT AN OUTPUT!: 1c2c20be9901
UVM_INFO out_mon.sv(31) @ 43081991: uvm_test_top.env0.out_mon_h [OUT_MON] GOT AN OUTPUT!: a690b991b26d
UVM_INFO out_mon.sv(31) @ 43086971: uvm_test_top.env0.out_mon_h [OUT_MON] GOT AN OUTPUT!: b04795a8430f
UVM_INFO out_mon.sv(31) @ 43091951: uvm_test_top.env0.out_mon_h [OUT_MON] GOT AN OUTPUT!: 0a1cdc41ef78
UVM_INFO out_mon.sv(31) @ 43096931: uvm_test_top.env0.out_mon_h [OUT_MON] GOT AN OUTPUT!: ca4e0db1dc05
UVM_INFO out_mon.sv(31) @ 43101911: uvm_test_top.env0.out_mon_h [OUT_MON] GOT AN OUTPUT!: ed6417920ffb
UVM_INFO out_mon.sv(31) @ 43106891: uvm_test_top.env0.out_mon_h [OUT_MON] GOT AN OUTPUT!: 5a110c3dc270
UVM_INFO out_mon.sv(31) @ 43111871: uvm_test_top.env0.out_mon_h [OUT_MON] GOT AN OUTPUT!: c015dbaad26d
UVM_INFO out_mon.sv(31) @ 43116851: uvm_test_top.env0.out_mon_h [OUT_MON] GOT AN OUTPUT!: 8a1a877a1062
UVM_INFO out_mon.sv(31) @ 43121831: uvm_test_top.env0.out_mon_h [OUT_MON] GOT AN OUTPUT!: da9bc1d6b381
UVM_INFO out_mon.sv(31) @ 43126811: uvm_test_top.env0.out_mon_h [OUT_MON] GOT AN OUTPUT!: 4bb6067ca260
UVM_INFO out_mon.sv(31) @ 43131791: uvm_test_top.env0.out_mon_h [OUT_MON] GOT AN OUTPUT!: ea1f91fdedc9
UVM_INFO out_mon.sv(31) @ 43136771: uvm_test_top.env0.out_mon_h [OUT_MON] GOT AN OUTPUT!: a2f05d1f151c
UVM_INFO out_mon.sv(31) @ 43141751: uvm_test_top.env0.out_mon_h [OUT_MON] GOT AN OUTPUT!: 1c92eae27d97
UVM_INFO out_mon.sv(31) @ 43146731: uvm_test_top.env0.out_mon_h [OUT_MON] GOT AN OUTPUT!: b2967d9ac1b7
UVM_INFO out_mon.sv(31) @ 43151711: uvm_test_top.env0.out_mon_h [OUT_MON] GOT AN OUTPUT!: 0c9eec1c1d90
UVM_INFO out_mon.sv(31) @ 43156691: uvm_test_top.env0.out_mon_h [OUT_MON] GOT AN OUTPUT!: 88338fe4c7c7
UVM_INFO out_mon.sv(31) @ 43161671: uvm_test_top.env0.out_mon_h [OUT_MON] GOT AN OUTPUT!: 6dafc0d44deb
UVM_INFO out_mon.sv(31) @ 43166651: uvm_test_top.env0.out_mon_h [OUT_MON] GOT AN OUTPUT!: a813dbc9ffd1
UVM_INFO out_mon.sv(31) @ 43171631: uvm_test_top.env0.out_mon_h [OUT_MON] GOT AN OUTPUT!: 77ef504245d8
UVM_INFO out_mon.sv(31) @ 43176611: uvm_test_top.env0.out_mon_h [OUT_MON] GOT AN OUTPUT!: 5941a4cb066f
UVM_INFO out_mon.sv(31) @ 43181591: uvm_test_top.env0.out_mon_h [OUT_MON] GOT AN OUTPUT!: 144c04e705f9
UVM_INFO out_mon.sv(31) @ 43186571: uvm_test_top.env0.out_mon_h [OUT_MON] GOT AN OUTPUT!: b18885b83be5
UVM_INFO out_mon.sv(31) @ 43191551: uvm_test_top.env0.out_mon_h [OUT_MON] GOT AN OUTPUT!: c873e3894479
UVM_INFO out_mon.sv(31) @ 43196531: uvm_test_top.env0.out_mon_h [OUT_MON] GOT AN OUTPUT!: 61796a0db750
UVM_INFO out_mon.sv(31) @ 43201511: uvm_test_top.env0.out_mon_h [OUT_MON] GOT AN OUTPUT!: 62cff4f182a3
UVM_INFO out_mon.sv(31) @ 43206491: uvm_test_top.env0.out_mon_h [OUT_MON] GOT AN OUTPUT!: 405ac60f562e
UVM_INFO out_mon.sv(31) @ 43211471: uvm_test_top.env0.out_mon_h [OUT_MON] GOT AN OUTPUT!: 668b2665fb8c
UVM_INFO out_mon.sv(31) @ 43216451: uvm_test_top.env0.out_mon_h [OUT_MON] GOT AN OUTPUT!: 983a0da4b677
UVM_INFO out_mon.sv(31) @ 43221431: uvm_test_top.env0.out_mon_h [OUT_MON] GOT AN OUTPUT!: 3793a8e6a8a7
UVM_INFO out_mon.sv(31) @ 43226411: uvm_test_top.env0.out_mon_h [OUT_MON] GOT AN OUTPUT!: 31e71af530fb
UVM_INFO out_mon.sv(31) @ 43231391: uvm_test_top.env0.out_mon_h [OUT_MON] GOT AN OUTPUT!: 0695002948da
UVM_INFO out_mon.sv(31) @ 43236371: uvm_test_top.env0.out_mon_h [OUT_MON] GOT AN OUTPUT!: 20e992c3e543
UVM_INFO out_mon.sv(31) @ 43241351: uvm_test_top.env0.out_mon_h [OUT_MON] GOT AN OUTPUT!: 7cfabc5555f6
UVM_INFO out_mon.sv(31) @ 43246331: uvm_test_top.env0.out_mon_h [OUT_MON] GOT AN OUTPUT!: 4f8dd88baba3
UVM_INFO out_mon.sv(31) @ 43251311: uvm_test_top.env0.out_mon_h [OUT_MON] GOT AN OUTPUT!: 28f11a800c1b
UVM_INFO out_mon.sv(31) @ 43256291: uvm_test_top.env0.out_mon_h [OUT_MON] GOT AN OUTPUT!: cae0b55b21c2
UVM_INFO out_mon.sv(31) @ 43261271: uvm_test_top.env0.out_mon_h [OUT_MON] GOT AN OUTPUT!: a9646be869eb
UVM_INFO out_mon.sv(31) @ 43266251: uvm_test_top.env0.out_mon_h [OUT_MON] GOT AN OUTPUT!: ceb03f70a34a
UVM_INFO out_mon.sv(31) @ 43271231: uvm_test_top.env0.out_mon_h [OUT_MON] GOT AN OUTPUT!: 9a01a9f32621
UVM_INFO out_mon.sv(31) @ 43276211: uvm_test_top.env0.out_mon_h [OUT_MON] GOT AN OUTPUT!: 918423964df1
UVM_INFO out_mon.sv(31) @ 43281191: uvm_test_top.env0.out_mon_h [OUT_MON] GOT AN OUTPUT!: 3f33fae6c463
UVM_INFO out_mon.sv(31) @ 43286171: uvm_test_top.env0.out_mon_h [OUT_MON] GOT AN OUTPUT!: d0acdf3dfb9c
UVM_INFO out_mon.sv(31) @ 43291151: uvm_test_top.env0.out_mon_h [OUT_MON] GOT AN OUTPUT!: f2248b677ae2
UVM_INFO out_mon.sv(31) @ 43296131: uvm_test_top.env0.out_mon_h [OUT_MON] GOT AN OUTPUT!: 1c35125d48d8
UVM_INFO out_mon.sv(31) @ 43301111: uvm_test_top.env0.out_mon_h [OUT_MON] GOT AN OUTPUT!: 4cc392b345b3
UVM_INFO out_mon.sv(31) @ 43306091: uvm_test_top.env0.out_mon_h [OUT_MON] GOT AN OUTPUT!: e2e565099152
UVM_INFO out_mon.sv(31) @ 43311071: uvm_test_top.env0.out_mon_h [OUT_MON] GOT AN OUTPUT!: 15bad09de259
UVM_INFO out_mon.sv(31) @ 43316051: uvm_test_top.env0.out_mon_h [OUT_MON] GOT AN OUTPUT!: 3e4f40d3f38f
UVM_INFO out_mon.sv(31) @ 43321031: uvm_test_top.env0.out_mon_h [OUT_MON] GOT AN OUTPUT!: ec776f4ccf7e
UVM_INFO out_mon.sv(31) @ 43326011: uvm_test_top.env0.out_mon_h [OUT_MON] GOT AN OUTPUT!: 7eb9c6e546a5
UVM_INFO out_mon.sv(31) @ 43330991: uvm_test_top.env0.out_mon_h [OUT_MON] GOT AN OUTPUT!: b52295b3424f
UVM_INFO out_mon.sv(31) @ 43335971: uvm_test_top.env0.out_mon_h [OUT_MON] GOT AN OUTPUT!: 77324cda2a17
UVM_INFO out_mon.sv(31) @ 43340951: uvm_test_top.env0.out_mon_h [OUT_MON] GOT AN OUTPUT!: c4ad75ce3e6f
UVM_INFO out_mon.sv(31) @ 43345931: uvm_test_top.env0.out_mon_h [OUT_MON] GOT AN OUTPUT!: 8986cb5efba0
UVM_INFO out_mon.sv(31) @ 43350911: uvm_test_top.env0.out_mon_h [OUT_MON] GOT AN OUTPUT!: ccc14fa07b05
UVM_INFO out_mon.sv(31) @ 43355891: uvm_test_top.env0.out_mon_h [OUT_MON] GOT AN OUTPUT!: 7242728bd21d
UVM_INFO out_mon.sv(31) @ 43360871: uvm_test_top.env0.out_mon_h [OUT_MON] GOT AN OUTPUT!: 87c721ee74cd
UVM_INFO out_mon.sv(31) @ 43365851: uvm_test_top.env0.out_mon_h [OUT_MON] GOT AN OUTPUT!: d4b1f7008e4a
UVM_INFO out_mon.sv(31) @ 43370831: uvm_test_top.env0.out_mon_h [OUT_MON] GOT AN OUTPUT!: 24ee6aba68b7
UVM_INFO out_mon.sv(31) @ 43375811: uvm_test_top.env0.out_mon_h [OUT_MON] GOT AN OUTPUT!: 86dca5c0c995
UVM_INFO out_mon.sv(31) @ 43380791: uvm_test_top.env0.out_mon_h [OUT_MON] GOT AN OUTPUT!: 7423dc8053f5
UVM_INFO out_mon.sv(31) @ 43385771: uvm_test_top.env0.out_mon_h [OUT_MON] GOT AN OUTPUT!: 9d94dbcfe0b5
UVM_INFO out_mon.sv(31) @ 43390751: uvm_test_top.env0.out_mon_h [OUT_MON] GOT AN OUTPUT!: d2104b31ee06
UVM_INFO out_mon.sv(31) @ 43395731: uvm_test_top.env0.out_mon_h [OUT_MON] GOT AN OUTPUT!: 3862088cef3f
UVM_INFO out_mon.sv(31) @ 43400711: uvm_test_top.env0.out_mon_h [OUT_MON] GOT AN OUTPUT!: d423b3f2b6ab
UVM_INFO out_mon.sv(31) @ 43405691: uvm_test_top.env0.out_mon_h [OUT_MON] GOT AN OUTPUT!: 0d95b8ced2f3
UVM_INFO out_mon.sv(31) @ 43410671: uvm_test_top.env0.out_mon_h [OUT_MON] GOT AN OUTPUT!: b487b793eb3d
UVM_INFO out_mon.sv(31) @ 43415651: uvm_test_top.env0.out_mon_h [OUT_MON] GOT AN OUTPUT!: b634cfc024ff
UVM_INFO out_mon.sv(31) @ 43420631: uvm_test_top.env0.out_mon_h [OUT_MON] GOT AN OUTPUT!: 7e2462d0825b
UVM_INFO out_mon.sv(31) @ 43425611: uvm_test_top.env0.out_mon_h [OUT_MON] GOT AN OUTPUT!: ba0f8f7b42de
UVM_INFO out_mon.sv(31) @ 43430591: uvm_test_top.env0.out_mon_h [OUT_MON] GOT AN OUTPUT!: f8af91493c78
UVM_INFO out_mon.sv(31) @ 43435571: uvm_test_top.env0.out_mon_h [OUT_MON] GOT AN OUTPUT!: 5bb074664822
UVM_INFO out_mon.sv(31) @ 43440551: uvm_test_top.env0.out_mon_h [OUT_MON] GOT AN OUTPUT!: 548ace409526
UVM_INFO out_mon.sv(31) @ 43445531: uvm_test_top.env0.out_mon_h [OUT_MON] GOT AN OUTPUT!: 24658c4f13cc
UVM_INFO out_mon.sv(31) @ 43450511: uvm_test_top.env0.out_mon_h [OUT_MON] GOT AN OUTPUT!: 96e90316c6ae
UVM_INFO out_mon.sv(31) @ 43455491: uvm_test_top.env0.out_mon_h [OUT_MON] GOT AN OUTPUT!: 303756473b7a
UVM_INFO out_mon.sv(31) @ 43460471: uvm_test_top.env0.out_mon_h [OUT_MON] GOT AN OUTPUT!: c5b4d385cedf
UVM_INFO out_mon.sv(31) @ 43465451: uvm_test_top.env0.out_mon_h [OUT_MON] GOT AN OUTPUT!: 39f5ce40201a
UVM_INFO out_mon.sv(31) @ 43470431: uvm_test_top.env0.out_mon_h [OUT_MON] GOT AN OUTPUT!: d397f99d6993
UVM_INFO out_mon.sv(31) @ 43475411: uvm_test_top.env0.out_mon_h [OUT_MON] GOT AN OUTPUT!: 6729b066dd5c
UVM_INFO out_mon.sv(31) @ 43480391: uvm_test_top.env0.out_mon_h [OUT_MON] GOT AN OUTPUT!: 4bff7a7f10de
UVM_INFO out_mon.sv(31) @ 43485371: uvm_test_top.env0.out_mon_h [OUT_MON] GOT AN OUTPUT!: d41f95404e9e
UVM_INFO out_mon.sv(31) @ 43490351: uvm_test_top.env0.out_mon_h [OUT_MON] GOT AN OUTPUT!: bf180dda0063
UVM_INFO out_mon.sv(31) @ 43495331: uvm_test_top.env0.out_mon_h [OUT_MON] GOT AN OUTPUT!: dfe5f9850f83
UVM_INFO out_mon.sv(31) @ 43500311: uvm_test_top.env0.out_mon_h [OUT_MON] GOT AN OUTPUT!: edcf8b2738be
UVM_INFO out_mon.sv(31) @ 43505291: uvm_test_top.env0.out_mon_h [OUT_MON] GOT AN OUTPUT!: 3846ccbd7bf5
UVM_INFO out_mon.sv(31) @ 43510271: uvm_test_top.env0.out_mon_h [OUT_MON] GOT AN OUTPUT!: b5cdc3a57189
UVM_INFO out_mon.sv(31) @ 43515251: uvm_test_top.env0.out_mon_h [OUT_MON] GOT AN OUTPUT!: a5cc9b9daec9
UVM_INFO out_mon.sv(31) @ 43520231: uvm_test_top.env0.out_mon_h [OUT_MON] GOT AN OUTPUT!: bd7e811527ea
UVM_INFO out_mon.sv(31) @ 43525211: uvm_test_top.env0.out_mon_h [OUT_MON] GOT AN OUTPUT!: 97c6f32187b2
UVM_INFO out_mon.sv(31) @ 43530191: uvm_test_top.env0.out_mon_h [OUT_MON] GOT AN OUTPUT!: e0122f349722
UVM_INFO out_mon.sv(31) @ 43535171: uvm_test_top.env0.out_mon_h [OUT_MON] GOT AN OUTPUT!: 70410e689ccc
UVM_INFO out_mon.sv(31) @ 43540151: uvm_test_top.env0.out_mon_h [OUT_MON] GOT AN OUTPUT!: 5975dafbbc1b
UVM_INFO out_mon.sv(31) @ 43545131: uvm_test_top.env0.out_mon_h [OUT_MON] GOT AN OUTPUT!: 90036b52516c
UVM_INFO out_mon.sv(31) @ 43550111: uvm_test_top.env0.out_mon_h [OUT_MON] GOT AN OUTPUT!: b24cf9985269
UVM_INFO out_mon.sv(31) @ 43555091: uvm_test_top.env0.out_mon_h [OUT_MON] GOT AN OUTPUT!: 229e58d9bb6b
UVM_INFO out_mon.sv(31) @ 43560071: uvm_test_top.env0.out_mon_h [OUT_MON] GOT AN OUTPUT!: 6c0cce29d8b0
UVM_INFO out_mon.sv(31) @ 43565051: uvm_test_top.env0.out_mon_h [OUT_MON] GOT AN OUTPUT!: aa5b2131bbb0
UVM_INFO out_mon.sv(31) @ 43570031: uvm_test_top.env0.out_mon_h [OUT_MON] GOT AN OUTPUT!: 6cdabc3d89fa
UVM_INFO out_mon.sv(31) @ 43575011: uvm_test_top.env0.out_mon_h [OUT_MON] GOT AN OUTPUT!: 4c46e0a0e823
UVM_INFO out_mon.sv(31) @ 43579991: uvm_test_top.env0.out_mon_h [OUT_MON] GOT AN OUTPUT!: 2ba6600a5cde
UVM_INFO out_mon.sv(31) @ 43584971: uvm_test_top.env0.out_mon_h [OUT_MON] GOT AN OUTPUT!: dc2d991da2cc
UVM_INFO out_mon.sv(31) @ 43589951: uvm_test_top.env0.out_mon_h [OUT_MON] GOT AN OUTPUT!: 9c1bcf6d12fc
UVM_INFO out_mon.sv(31) @ 43594931: uvm_test_top.env0.out_mon_h [OUT_MON] GOT AN OUTPUT!: a89bb1aa054f
UVM_INFO out_mon.sv(31) @ 43599911: uvm_test_top.env0.out_mon_h [OUT_MON] GOT AN OUTPUT!: daa5cfa426cd
UVM_INFO out_mon.sv(31) @ 43604891: uvm_test_top.env0.out_mon_h [OUT_MON] GOT AN OUTPUT!: 06db5a6feb80
UVM_INFO out_mon.sv(31) @ 43609871: uvm_test_top.env0.out_mon_h [OUT_MON] GOT AN OUTPUT!: 986f61cbd527
UVM_INFO out_mon.sv(31) @ 43614851: uvm_test_top.env0.out_mon_h [OUT_MON] GOT AN OUTPUT!: 9ef90f9cef49
UVM_INFO out_mon.sv(31) @ 43619831: uvm_test_top.env0.out_mon_h [OUT_MON] GOT AN OUTPUT!: 47656e1a198e
UVM_INFO out_mon.sv(31) @ 43624811: uvm_test_top.env0.out_mon_h [OUT_MON] GOT AN OUTPUT!: 77c3b4fe718f
UVM_INFO out_mon.sv(31) @ 43629791: uvm_test_top.env0.out_mon_h [OUT_MON] GOT AN OUTPUT!: 063502daafa9
UVM_INFO out_mon.sv(31) @ 43634771: uvm_test_top.env0.out_mon_h [OUT_MON] GOT AN OUTPUT!: c2c2755d8966
UVM_INFO out_mon.sv(31) @ 43639751: uvm_test_top.env0.out_mon_h [OUT_MON] GOT AN OUTPUT!: 4c49d22b13f0
UVM_INFO out_mon.sv(31) @ 43644731: uvm_test_top.env0.out_mon_h [OUT_MON] GOT AN OUTPUT!: 6847f49b162b
UVM_INFO out_mon.sv(31) @ 43649711: uvm_test_top.env0.out_mon_h [OUT_MON] GOT AN OUTPUT!: 55cc82767ef0
UVM_INFO out_mon.sv(31) @ 43654691: uvm_test_top.env0.out_mon_h [OUT_MON] GOT AN OUTPUT!: 5359f08bb2d9
UVM_INFO out_mon.sv(31) @ 43659671: uvm_test_top.env0.out_mon_h [OUT_MON] GOT AN OUTPUT!: 4faf68b1f039
UVM_INFO out_mon.sv(31) @ 43664651: uvm_test_top.env0.out_mon_h [OUT_MON] GOT AN OUTPUT!: 7dc5e693ba43
UVM_INFO out_mon.sv(31) @ 43669631: uvm_test_top.env0.out_mon_h [OUT_MON] GOT AN OUTPUT!: 439838582750
UVM_INFO out_mon.sv(31) @ 43674611: uvm_test_top.env0.out_mon_h [OUT_MON] GOT AN OUTPUT!: bc18d9034b6c
UVM_INFO out_mon.sv(31) @ 43679591: uvm_test_top.env0.out_mon_h [OUT_MON] GOT AN OUTPUT!: c3f8672598bc
UVM_INFO out_mon.sv(31) @ 43684571: uvm_test_top.env0.out_mon_h [OUT_MON] GOT AN OUTPUT!: 499fc6323eb6
UVM_INFO out_mon.sv(31) @ 43689551: uvm_test_top.env0.out_mon_h [OUT_MON] GOT AN OUTPUT!: 57f9a0948489
UVM_INFO out_mon.sv(31) @ 43694531: uvm_test_top.env0.out_mon_h [OUT_MON] GOT AN OUTPUT!: 1463f05c3024
UVM_INFO out_mon.sv(31) @ 43699511: uvm_test_top.env0.out_mon_h [OUT_MON] GOT AN OUTPUT!: a7852318e750
UVM_INFO out_mon.sv(31) @ 43704491: uvm_test_top.env0.out_mon_h [OUT_MON] GOT AN OUTPUT!: c933873c8060
UVM_INFO out_mon.sv(31) @ 43709471: uvm_test_top.env0.out_mon_h [OUT_MON] GOT AN OUTPUT!: 674a621c782e
UVM_INFO out_mon.sv(31) @ 43714451: uvm_test_top.env0.out_mon_h [OUT_MON] GOT AN OUTPUT!: 9f98d76a47c0
UVM_INFO out_mon.sv(31) @ 43719431: uvm_test_top.env0.out_mon_h [OUT_MON] GOT AN OUTPUT!: 04b4c0babba7
UVM_INFO out_mon.sv(31) @ 43724411: uvm_test_top.env0.out_mon_h [OUT_MON] GOT AN OUTPUT!: e5e381746208
UVM_INFO out_mon.sv(31) @ 43729391: uvm_test_top.env0.out_mon_h [OUT_MON] GOT AN OUTPUT!: 11efb43ce4ee
UVM_INFO out_mon.sv(31) @ 43734371: uvm_test_top.env0.out_mon_h [OUT_MON] GOT AN OUTPUT!: 4d18eebd6d15
UVM_INFO out_mon.sv(31) @ 43739351: uvm_test_top.env0.out_mon_h [OUT_MON] GOT AN OUTPUT!: 71e64455f686
UVM_INFO out_mon.sv(31) @ 43744331: uvm_test_top.env0.out_mon_h [OUT_MON] GOT AN OUTPUT!: f50c7b17c232
UVM_INFO out_mon.sv(31) @ 43749311: uvm_test_top.env0.out_mon_h [OUT_MON] GOT AN OUTPUT!: 44461a1ea8ba
UVM_INFO out_mon.sv(31) @ 43754291: uvm_test_top.env0.out_mon_h [OUT_MON] GOT AN OUTPUT!: 38458e21814e
UVM_INFO out_mon.sv(31) @ 43759271: uvm_test_top.env0.out_mon_h [OUT_MON] GOT AN OUTPUT!: 917c0fd179db
UVM_INFO out_mon.sv(31) @ 43764251: uvm_test_top.env0.out_mon_h [OUT_MON] GOT AN OUTPUT!: 3811166080c8
UVM_INFO out_mon.sv(31) @ 43769231: uvm_test_top.env0.out_mon_h [OUT_MON] GOT AN OUTPUT!: b6b38f46a3ca
UVM_INFO out_mon.sv(31) @ 43774211: uvm_test_top.env0.out_mon_h [OUT_MON] GOT AN OUTPUT!: 287da21e620c
UVM_INFO out_mon.sv(31) @ 43779191: uvm_test_top.env0.out_mon_h [OUT_MON] GOT AN OUTPUT!: 91d5a53023b4
UVM_INFO out_mon.sv(31) @ 43784171: uvm_test_top.env0.out_mon_h [OUT_MON] GOT AN OUTPUT!: 5c52960480b2
UVM_INFO out_mon.sv(31) @ 43789151: uvm_test_top.env0.out_mon_h [OUT_MON] GOT AN OUTPUT!: 6d900215b488
UVM_INFO out_mon.sv(31) @ 43794131: uvm_test_top.env0.out_mon_h [OUT_MON] GOT AN OUTPUT!: 111ea477f564
UVM_INFO out_mon.sv(31) @ 43799111: uvm_test_top.env0.out_mon_h [OUT_MON] GOT AN OUTPUT!: ad51e910d216
UVM_INFO out_mon.sv(31) @ 43804091: uvm_test_top.env0.out_mon_h [OUT_MON] GOT AN OUTPUT!: fb2d11b59d3b
UVM_INFO out_mon.sv(31) @ 43809071: uvm_test_top.env0.out_mon_h [OUT_MON] GOT AN OUTPUT!: 39423e48bc52
UVM_INFO out_mon.sv(31) @ 43814051: uvm_test_top.env0.out_mon_h [OUT_MON] GOT AN OUTPUT!: 918af7ae17c1
UVM_INFO out_mon.sv(31) @ 43819031: uvm_test_top.env0.out_mon_h [OUT_MON] GOT AN OUTPUT!: aa4fad2e6bb4
UVM_INFO out_mon.sv(31) @ 43824011: uvm_test_top.env0.out_mon_h [OUT_MON] GOT AN OUTPUT!: 1a02f8a1bb69
UVM_INFO out_mon.sv(31) @ 43828991: uvm_test_top.env0.out_mon_h [OUT_MON] GOT AN OUTPUT!: 362728789d26
UVM_INFO out_mon.sv(31) @ 43833971: uvm_test_top.env0.out_mon_h [OUT_MON] GOT AN OUTPUT!: 7523a27ca79c
UVM_INFO out_mon.sv(31) @ 43838951: uvm_test_top.env0.out_mon_h [OUT_MON] GOT AN OUTPUT!: 5b30a4dfcb87
UVM_INFO out_mon.sv(31) @ 43843931: uvm_test_top.env0.out_mon_h [OUT_MON] GOT AN OUTPUT!: aa35fff2b525
UVM_INFO out_mon.sv(31) @ 43848911: uvm_test_top.env0.out_mon_h [OUT_MON] GOT AN OUTPUT!: 4c9d669a3227
UVM_INFO out_mon.sv(31) @ 43853891: uvm_test_top.env0.out_mon_h [OUT_MON] GOT AN OUTPUT!: 33456e5b8524
UVM_INFO out_mon.sv(31) @ 43858871: uvm_test_top.env0.out_mon_h [OUT_MON] GOT AN OUTPUT!: 1e56b897d145
UVM_INFO out_mon.sv(31) @ 43863851: uvm_test_top.env0.out_mon_h [OUT_MON] GOT AN OUTPUT!: 09216e4e7050
UVM_INFO out_mon.sv(31) @ 43868831: uvm_test_top.env0.out_mon_h [OUT_MON] GOT AN OUTPUT!: b107617e5f00
UVM_INFO out_mon.sv(31) @ 43873811: uvm_test_top.env0.out_mon_h [OUT_MON] GOT AN OUTPUT!: 6f535afe93b5
UVM_INFO out_mon.sv(31) @ 43878791: uvm_test_top.env0.out_mon_h [OUT_MON] GOT AN OUTPUT!: 5e1db8655cb4
UVM_INFO out_mon.sv(31) @ 43883771: uvm_test_top.env0.out_mon_h [OUT_MON] GOT AN OUTPUT!: 8029c756c9ac
UVM_INFO out_mon.sv(31) @ 43888751: uvm_test_top.env0.out_mon_h [OUT_MON] GOT AN OUTPUT!: 63c5a6520234
UVM_INFO out_mon.sv(31) @ 43893731: uvm_test_top.env0.out_mon_h [OUT_MON] GOT AN OUTPUT!: 78ac7ed5b13d
UVM_INFO out_mon.sv(31) @ 43898711: uvm_test_top.env0.out_mon_h [OUT_MON] GOT AN OUTPUT!: 10e9727351e8
UVM_INFO out_mon.sv(31) @ 43903691: uvm_test_top.env0.out_mon_h [OUT_MON] GOT AN OUTPUT!: c4abd329a3b0
UVM_INFO out_mon.sv(31) @ 43908671: uvm_test_top.env0.out_mon_h [OUT_MON] GOT AN OUTPUT!: b135ad1dfe3c
UVM_INFO out_mon.sv(31) @ 43913651: uvm_test_top.env0.out_mon_h [OUT_MON] GOT AN OUTPUT!: cab1418cbd77
UVM_INFO out_mon.sv(31) @ 43918631: uvm_test_top.env0.out_mon_h [OUT_MON] GOT AN OUTPUT!: 39141e888a55
UVM_INFO out_mon.sv(31) @ 43923611: uvm_test_top.env0.out_mon_h [OUT_MON] GOT AN OUTPUT!: 78090ee0d933
UVM_INFO out_mon.sv(31) @ 43928591: uvm_test_top.env0.out_mon_h [OUT_MON] GOT AN OUTPUT!: b1b6f7473192
UVM_INFO out_mon.sv(31) @ 43933571: uvm_test_top.env0.out_mon_h [OUT_MON] GOT AN OUTPUT!: 8cbff58b970b
UVM_INFO out_mon.sv(31) @ 43938551: uvm_test_top.env0.out_mon_h [OUT_MON] GOT AN OUTPUT!: 65073887ecc5
UVM_INFO out_mon.sv(31) @ 43943531: uvm_test_top.env0.out_mon_h [OUT_MON] GOT AN OUTPUT!: a7a171125000
UVM_INFO out_mon.sv(31) @ 43948511: uvm_test_top.env0.out_mon_h [OUT_MON] GOT AN OUTPUT!: c9ac950e7b9a
UVM_INFO out_mon.sv(31) @ 43953491: uvm_test_top.env0.out_mon_h [OUT_MON] GOT AN OUTPUT!: 1238d276208e
UVM_INFO out_mon.sv(31) @ 43958471: uvm_test_top.env0.out_mon_h [OUT_MON] GOT AN OUTPUT!: 2f1ab0f05433
UVM_INFO out_mon.sv(31) @ 43963451: uvm_test_top.env0.out_mon_h [OUT_MON] GOT AN OUTPUT!: 4cd49a4fe53e
UVM_INFO out_mon.sv(31) @ 43968431: uvm_test_top.env0.out_mon_h [OUT_MON] GOT AN OUTPUT!: 29770a10ba64
UVM_INFO out_mon.sv(31) @ 43973411: uvm_test_top.env0.out_mon_h [OUT_MON] GOT AN OUTPUT!: 5a7d52ac3963
UVM_INFO out_mon.sv(31) @ 43978391: uvm_test_top.env0.out_mon_h [OUT_MON] GOT AN OUTPUT!: bdb07b5ca582
UVM_INFO out_mon.sv(31) @ 43983371: uvm_test_top.env0.out_mon_h [OUT_MON] GOT AN OUTPUT!: cd025da77bc7
UVM_INFO out_mon.sv(31) @ 43988351: uvm_test_top.env0.out_mon_h [OUT_MON] GOT AN OUTPUT!: 4d728cc6d157
UVM_INFO out_mon.sv(31) @ 43993331: uvm_test_top.env0.out_mon_h [OUT_MON] GOT AN OUTPUT!: 90ecedc9c073
UVM_INFO out_mon.sv(31) @ 43998311: uvm_test_top.env0.out_mon_h [OUT_MON] GOT AN OUTPUT!: 432a8a03bc10
UVM_INFO out_mon.sv(31) @ 44003291: uvm_test_top.env0.out_mon_h [OUT_MON] GOT AN OUTPUT!: 798aaa22ec50
UVM_INFO out_mon.sv(31) @ 44008271: uvm_test_top.env0.out_mon_h [OUT_MON] GOT AN OUTPUT!: 7e03aa05a0b8
UVM_INFO out_mon.sv(31) @ 44013251: uvm_test_top.env0.out_mon_h [OUT_MON] GOT AN OUTPUT!: 8ce92f2698d4
UVM_INFO out_mon.sv(31) @ 44018231: uvm_test_top.env0.out_mon_h [OUT_MON] GOT AN OUTPUT!: 7de71a38792e
UVM_INFO out_mon.sv(31) @ 44023211: uvm_test_top.env0.out_mon_h [OUT_MON] GOT AN OUTPUT!: 0fd0dc48217c
UVM_INFO out_mon.sv(31) @ 44028191: uvm_test_top.env0.out_mon_h [OUT_MON] GOT AN OUTPUT!: 4f844e7e040c
UVM_INFO out_mon.sv(31) @ 44033171: uvm_test_top.env0.out_mon_h [OUT_MON] GOT AN OUTPUT!: 51cf38569e42
UVM_INFO out_mon.sv(31) @ 44038151: uvm_test_top.env0.out_mon_h [OUT_MON] GOT AN OUTPUT!: 38476ae9be7b
UVM_INFO out_mon.sv(31) @ 44043131: uvm_test_top.env0.out_mon_h [OUT_MON] GOT AN OUTPUT!: 392e5e98f1cb
UVM_INFO out_mon.sv(31) @ 44048111: uvm_test_top.env0.out_mon_h [OUT_MON] GOT AN OUTPUT!: 22591e3ce168
UVM_INFO out_mon.sv(31) @ 44053091: uvm_test_top.env0.out_mon_h [OUT_MON] GOT AN OUTPUT!: 8efe97a9b383
UVM_INFO out_mon.sv(31) @ 44058071: uvm_test_top.env0.out_mon_h [OUT_MON] GOT AN OUTPUT!: c8a8c9226b18
UVM_INFO out_mon.sv(31) @ 44063051: uvm_test_top.env0.out_mon_h [OUT_MON] GOT AN OUTPUT!: 0b08be134166
UVM_INFO out_mon.sv(31) @ 44068031: uvm_test_top.env0.out_mon_h [OUT_MON] GOT AN OUTPUT!: a2e1412b158e
UVM_INFO out_mon.sv(31) @ 44073011: uvm_test_top.env0.out_mon_h [OUT_MON] GOT AN OUTPUT!: 1fdb80abb6a1
UVM_INFO out_mon.sv(31) @ 44077991: uvm_test_top.env0.out_mon_h [OUT_MON] GOT AN OUTPUT!: 916e0f895dbd
UVM_INFO out_mon.sv(31) @ 44082971: uvm_test_top.env0.out_mon_h [OUT_MON] GOT AN OUTPUT!: 86bf11b0f1d1
UVM_INFO out_mon.sv(31) @ 44087951: uvm_test_top.env0.out_mon_h [OUT_MON] GOT AN OUTPUT!: 497c828d7efb
UVM_INFO out_mon.sv(31) @ 44092931: uvm_test_top.env0.out_mon_h [OUT_MON] GOT AN OUTPUT!: 8bc06da48b0d
UVM_INFO out_mon.sv(31) @ 44097911: uvm_test_top.env0.out_mon_h [OUT_MON] GOT AN OUTPUT!: 80f76be177b3
UVM_INFO out_mon.sv(31) @ 44102891: uvm_test_top.env0.out_mon_h [OUT_MON] GOT AN OUTPUT!: 19aec2e7df79
UVM_INFO out_mon.sv(31) @ 44107871: uvm_test_top.env0.out_mon_h [OUT_MON] GOT AN OUTPUT!: da8bd38501cb
UVM_INFO out_mon.sv(31) @ 44112851: uvm_test_top.env0.out_mon_h [OUT_MON] GOT AN OUTPUT!: 861315180d9c
UVM_INFO out_mon.sv(31) @ 44117831: uvm_test_top.env0.out_mon_h [OUT_MON] GOT AN OUTPUT!: 91a2998996ad
UVM_INFO out_mon.sv(31) @ 44122811: uvm_test_top.env0.out_mon_h [OUT_MON] GOT AN OUTPUT!: 1d3bbc29ed24
UVM_INFO out_mon.sv(31) @ 44127791: uvm_test_top.env0.out_mon_h [OUT_MON] GOT AN OUTPUT!: e66a2f8e7881
UVM_INFO out_mon.sv(31) @ 44132771: uvm_test_top.env0.out_mon_h [OUT_MON] GOT AN OUTPUT!: 6e30c8461c66
UVM_INFO out_mon.sv(31) @ 44137751: uvm_test_top.env0.out_mon_h [OUT_MON] GOT AN OUTPUT!: 49d174fc9f77
UVM_INFO out_mon.sv(31) @ 44142731: uvm_test_top.env0.out_mon_h [OUT_MON] GOT AN OUTPUT!: 56c1f464f93c
UVM_INFO out_mon.sv(31) @ 44147711: uvm_test_top.env0.out_mon_h [OUT_MON] GOT AN OUTPUT!: 497fde02c7ae
UVM_INFO out_mon.sv(31) @ 44152691: uvm_test_top.env0.out_mon_h [OUT_MON] GOT AN OUTPUT!: cf782daa9c87
UVM_INFO out_mon.sv(31) @ 44157671: uvm_test_top.env0.out_mon_h [OUT_MON] GOT AN OUTPUT!: 3be2ea516d98
UVM_INFO out_mon.sv(31) @ 44162651: uvm_test_top.env0.out_mon_h [OUT_MON] GOT AN OUTPUT!: 77a25682e505
UVM_INFO out_mon.sv(31) @ 44167631: uvm_test_top.env0.out_mon_h [OUT_MON] GOT AN OUTPUT!: ac261796cc77
UVM_INFO out_mon.sv(31) @ 44172611: uvm_test_top.env0.out_mon_h [OUT_MON] GOT AN OUTPUT!: e14a577d6dba
UVM_INFO out_mon.sv(31) @ 44177591: uvm_test_top.env0.out_mon_h [OUT_MON] GOT AN OUTPUT!: 86364dbae3bf
UVM_INFO out_mon.sv(31) @ 44182571: uvm_test_top.env0.out_mon_h [OUT_MON] GOT AN OUTPUT!: 9d3f0fe98fa3
UVM_INFO out_mon.sv(31) @ 44187551: uvm_test_top.env0.out_mon_h [OUT_MON] GOT AN OUTPUT!: 02c104db6bfd
UVM_INFO out_mon.sv(31) @ 44192531: uvm_test_top.env0.out_mon_h [OUT_MON] GOT AN OUTPUT!: 070946326bde
UVM_INFO out_mon.sv(31) @ 44197511: uvm_test_top.env0.out_mon_h [OUT_MON] GOT AN OUTPUT!: 532f0607e120
UVM_INFO out_mon.sv(31) @ 44202491: uvm_test_top.env0.out_mon_h [OUT_MON] GOT AN OUTPUT!: d0f735fad913
UVM_INFO out_mon.sv(31) @ 44207471: uvm_test_top.env0.out_mon_h [OUT_MON] GOT AN OUTPUT!: 0dae24bd7fa5
UVM_INFO out_mon.sv(31) @ 44212451: uvm_test_top.env0.out_mon_h [OUT_MON] GOT AN OUTPUT!: 5013bcf9764d
UVM_INFO out_mon.sv(31) @ 44217431: uvm_test_top.env0.out_mon_h [OUT_MON] GOT AN OUTPUT!: 5928ac2343a8
UVM_INFO out_mon.sv(31) @ 44222411: uvm_test_top.env0.out_mon_h [OUT_MON] GOT AN OUTPUT!: 8829d994a0f3
UVM_INFO out_mon.sv(31) @ 44227391: uvm_test_top.env0.out_mon_h [OUT_MON] GOT AN OUTPUT!: d94f0f05ea3c
UVM_INFO out_mon.sv(31) @ 44232371: uvm_test_top.env0.out_mon_h [OUT_MON] GOT AN OUTPUT!: f7c47f3e7324
UVM_INFO out_mon.sv(31) @ 44237351: uvm_test_top.env0.out_mon_h [OUT_MON] GOT AN OUTPUT!: 5a877293ef17
UVM_INFO out_mon.sv(31) @ 44242331: uvm_test_top.env0.out_mon_h [OUT_MON] GOT AN OUTPUT!: 24346a90c931
UVM_INFO out_mon.sv(31) @ 44247311: uvm_test_top.env0.out_mon_h [OUT_MON] GOT AN OUTPUT!: 3e009ad98dff
UVM_INFO out_mon.sv(31) @ 44252291: uvm_test_top.env0.out_mon_h [OUT_MON] GOT AN OUTPUT!: e584ef293e5a
UVM_INFO out_mon.sv(31) @ 44257271: uvm_test_top.env0.out_mon_h [OUT_MON] GOT AN OUTPUT!: a5a6fdfcc0f3
UVM_INFO out_mon.sv(31) @ 44262251: uvm_test_top.env0.out_mon_h [OUT_MON] GOT AN OUTPUT!: 727e86452e9e
UVM_INFO out_mon.sv(31) @ 44267231: uvm_test_top.env0.out_mon_h [OUT_MON] GOT AN OUTPUT!: 602656394586
UVM_INFO out_mon.sv(31) @ 44272211: uvm_test_top.env0.out_mon_h [OUT_MON] GOT AN OUTPUT!: 2caf021db8c4
UVM_INFO out_mon.sv(31) @ 44277191: uvm_test_top.env0.out_mon_h [OUT_MON] GOT AN OUTPUT!: 94eb959c9965
UVM_INFO out_mon.sv(31) @ 44282171: uvm_test_top.env0.out_mon_h [OUT_MON] GOT AN OUTPUT!: 2c612403b55c
UVM_INFO out_mon.sv(31) @ 44287151: uvm_test_top.env0.out_mon_h [OUT_MON] GOT AN OUTPUT!: 30207881f785
UVM_INFO out_mon.sv(31) @ 44292131: uvm_test_top.env0.out_mon_h [OUT_MON] GOT AN OUTPUT!: 8ca29f3bc0f2
UVM_INFO out_mon.sv(31) @ 44297111: uvm_test_top.env0.out_mon_h [OUT_MON] GOT AN OUTPUT!: 0eb3bace58e7
UVM_INFO out_mon.sv(31) @ 44302091: uvm_test_top.env0.out_mon_h [OUT_MON] GOT AN OUTPUT!: 773f1a9a3929
UVM_INFO out_mon.sv(31) @ 44307071: uvm_test_top.env0.out_mon_h [OUT_MON] GOT AN OUTPUT!: ea4c17ec7d75
UVM_INFO out_mon.sv(31) @ 44312051: uvm_test_top.env0.out_mon_h [OUT_MON] GOT AN OUTPUT!: f0c259df39ef
UVM_INFO out_mon.sv(31) @ 44317031: uvm_test_top.env0.out_mon_h [OUT_MON] GOT AN OUTPUT!: 055a1688dee5
UVM_INFO out_mon.sv(31) @ 44322011: uvm_test_top.env0.out_mon_h [OUT_MON] GOT AN OUTPUT!: 647910d29d93
UVM_INFO out_mon.sv(31) @ 44326991: uvm_test_top.env0.out_mon_h [OUT_MON] GOT AN OUTPUT!: 970bd50dbb20
UVM_INFO out_mon.sv(31) @ 44331971: uvm_test_top.env0.out_mon_h [OUT_MON] GOT AN OUTPUT!: f06f8d2001e0
UVM_INFO out_mon.sv(31) @ 44336951: uvm_test_top.env0.out_mon_h [OUT_MON] GOT AN OUTPUT!: f749cfdf0d2b
UVM_INFO out_mon.sv(31) @ 44341931: uvm_test_top.env0.out_mon_h [OUT_MON] GOT AN OUTPUT!: 716cc4f2be05
UVM_INFO out_mon.sv(31) @ 44346911: uvm_test_top.env0.out_mon_h [OUT_MON] GOT AN OUTPUT!: 8abcdb5690fe
UVM_INFO out_mon.sv(31) @ 44351891: uvm_test_top.env0.out_mon_h [OUT_MON] GOT AN OUTPUT!: 4f03d851f680
UVM_INFO out_mon.sv(31) @ 44356871: uvm_test_top.env0.out_mon_h [OUT_MON] GOT AN OUTPUT!: 6ed73e7fc044
UVM_INFO out_mon.sv(31) @ 44361851: uvm_test_top.env0.out_mon_h [OUT_MON] GOT AN OUTPUT!: 077dba3c81b6
UVM_INFO out_mon.sv(31) @ 44366831: uvm_test_top.env0.out_mon_h [OUT_MON] GOT AN OUTPUT!: e5c24193dd87
UVM_INFO out_mon.sv(31) @ 44371811: uvm_test_top.env0.out_mon_h [OUT_MON] GOT AN OUTPUT!: 7be5f484fb85
UVM_INFO out_mon.sv(31) @ 44376791: uvm_test_top.env0.out_mon_h [OUT_MON] GOT AN OUTPUT!: 826afd35dcac
UVM_INFO out_mon.sv(31) @ 44381771: uvm_test_top.env0.out_mon_h [OUT_MON] GOT AN OUTPUT!: fc07416dc176
UVM_INFO out_mon.sv(31) @ 44386751: uvm_test_top.env0.out_mon_h [OUT_MON] GOT AN OUTPUT!: 147ad26e8150
UVM_INFO out_mon.sv(31) @ 44391731: uvm_test_top.env0.out_mon_h [OUT_MON] GOT AN OUTPUT!: 1271f604eed8
UVM_INFO out_mon.sv(31) @ 44396711: uvm_test_top.env0.out_mon_h [OUT_MON] GOT AN OUTPUT!: 54615a6840e6
UVM_INFO out_mon.sv(31) @ 44401691: uvm_test_top.env0.out_mon_h [OUT_MON] GOT AN OUTPUT!: 106de8406162
UVM_INFO out_mon.sv(31) @ 44406671: uvm_test_top.env0.out_mon_h [OUT_MON] GOT AN OUTPUT!: 4f4528eb5a1b
UVM_INFO out_mon.sv(31) @ 44411651: uvm_test_top.env0.out_mon_h [OUT_MON] GOT AN OUTPUT!: 5a06e2d9b2b9
UVM_INFO out_mon.sv(31) @ 44416631: uvm_test_top.env0.out_mon_h [OUT_MON] GOT AN OUTPUT!: 93183199ca79
UVM_INFO out_mon.sv(31) @ 44421611: uvm_test_top.env0.out_mon_h [OUT_MON] GOT AN OUTPUT!: 720c3cea3e6d
UVM_INFO out_mon.sv(31) @ 44426591: uvm_test_top.env0.out_mon_h [OUT_MON] GOT AN OUTPUT!: 1a8438eb4ab7
UVM_INFO out_mon.sv(31) @ 44431571: uvm_test_top.env0.out_mon_h [OUT_MON] GOT AN OUTPUT!: c609af4725be
UVM_INFO out_mon.sv(31) @ 44436551: uvm_test_top.env0.out_mon_h [OUT_MON] GOT AN OUTPUT!: f8f515e95bbf
UVM_INFO out_mon.sv(31) @ 44441531: uvm_test_top.env0.out_mon_h [OUT_MON] GOT AN OUTPUT!: 3a49009d3dd5
UVM_INFO out_mon.sv(31) @ 44446511: uvm_test_top.env0.out_mon_h [OUT_MON] GOT AN OUTPUT!: c6942dab33cb
UVM_INFO out_mon.sv(31) @ 44451491: uvm_test_top.env0.out_mon_h [OUT_MON] GOT AN OUTPUT!: 75d79a4d24ae
UVM_INFO out_mon.sv(31) @ 44456471: uvm_test_top.env0.out_mon_h [OUT_MON] GOT AN OUTPUT!: cc53ed91d2a5
UVM_INFO out_mon.sv(31) @ 44461451: uvm_test_top.env0.out_mon_h [OUT_MON] GOT AN OUTPUT!: ee7ead07386c
UVM_INFO out_mon.sv(31) @ 44466431: uvm_test_top.env0.out_mon_h [OUT_MON] GOT AN OUTPUT!: efd9b143f37a
UVM_INFO out_mon.sv(31) @ 44471411: uvm_test_top.env0.out_mon_h [OUT_MON] GOT AN OUTPUT!: b4cfe7279444
UVM_INFO out_mon.sv(31) @ 44476391: uvm_test_top.env0.out_mon_h [OUT_MON] GOT AN OUTPUT!: 5f95de6a1038
UVM_INFO out_mon.sv(31) @ 44481371: uvm_test_top.env0.out_mon_h [OUT_MON] GOT AN OUTPUT!: 001066d215cb
UVM_INFO out_mon.sv(31) @ 44486351: uvm_test_top.env0.out_mon_h [OUT_MON] GOT AN OUTPUT!: feb18d2a69ee
UVM_INFO out_mon.sv(31) @ 44491331: uvm_test_top.env0.out_mon_h [OUT_MON] GOT AN OUTPUT!: 7a50f6ce54cb
UVM_INFO out_mon.sv(31) @ 44496311: uvm_test_top.env0.out_mon_h [OUT_MON] GOT AN OUTPUT!: 9118a564f726
UVM_INFO out_mon.sv(31) @ 44501291: uvm_test_top.env0.out_mon_h [OUT_MON] GOT AN OUTPUT!: 4c5c3a23af62
UVM_INFO out_mon.sv(31) @ 44506271: uvm_test_top.env0.out_mon_h [OUT_MON] GOT AN OUTPUT!: a77aadaf76bb
UVM_INFO out_mon.sv(31) @ 44511251: uvm_test_top.env0.out_mon_h [OUT_MON] GOT AN OUTPUT!: e9bec57543a0
UVM_INFO out_mon.sv(31) @ 44516231: uvm_test_top.env0.out_mon_h [OUT_MON] GOT AN OUTPUT!: 4b404411630e
UVM_INFO out_mon.sv(31) @ 44521211: uvm_test_top.env0.out_mon_h [OUT_MON] GOT AN OUTPUT!: 9cc2d91de962
UVM_INFO out_mon.sv(31) @ 44526191: uvm_test_top.env0.out_mon_h [OUT_MON] GOT AN OUTPUT!: 6a96807ffb28
UVM_INFO out_mon.sv(31) @ 44531171: uvm_test_top.env0.out_mon_h [OUT_MON] GOT AN OUTPUT!: d276c50c3e90
UVM_INFO out_mon.sv(31) @ 44536151: uvm_test_top.env0.out_mon_h [OUT_MON] GOT AN OUTPUT!: 046b1c1a36b8
UVM_INFO out_mon.sv(31) @ 44541131: uvm_test_top.env0.out_mon_h [OUT_MON] GOT AN OUTPUT!: 26a6965ea190
UVM_INFO out_mon.sv(31) @ 44546111: uvm_test_top.env0.out_mon_h [OUT_MON] GOT AN OUTPUT!: 1467c224d558
UVM_INFO out_mon.sv(31) @ 44551091: uvm_test_top.env0.out_mon_h [OUT_MON] GOT AN OUTPUT!: 2fdb18bf2b13
UVM_INFO out_mon.sv(31) @ 44556071: uvm_test_top.env0.out_mon_h [OUT_MON] GOT AN OUTPUT!: 3ef858c6532f
UVM_INFO out_mon.sv(31) @ 44561051: uvm_test_top.env0.out_mon_h [OUT_MON] GOT AN OUTPUT!: 0b63d87fb9f4
UVM_INFO out_mon.sv(31) @ 44566031: uvm_test_top.env0.out_mon_h [OUT_MON] GOT AN OUTPUT!: 3d4b9682e84b
UVM_INFO out_mon.sv(31) @ 44571011: uvm_test_top.env0.out_mon_h [OUT_MON] GOT AN OUTPUT!: a94b2b75e772
UVM_INFO out_mon.sv(31) @ 44575991: uvm_test_top.env0.out_mon_h [OUT_MON] GOT AN OUTPUT!: 0948c87893b6
UVM_INFO out_mon.sv(31) @ 44580971: uvm_test_top.env0.out_mon_h [OUT_MON] GOT AN OUTPUT!: d85ae1970f67
UVM_INFO out_mon.sv(31) @ 44585951: uvm_test_top.env0.out_mon_h [OUT_MON] GOT AN OUTPUT!: c9a1115b10ca
UVM_INFO out_mon.sv(31) @ 44590931: uvm_test_top.env0.out_mon_h [OUT_MON] GOT AN OUTPUT!: 1225b25451c2
UVM_INFO out_mon.sv(31) @ 44595911: uvm_test_top.env0.out_mon_h [OUT_MON] GOT AN OUTPUT!: 7dbc0c2fdca0
UVM_INFO out_mon.sv(31) @ 44600891: uvm_test_top.env0.out_mon_h [OUT_MON] GOT AN OUTPUT!: 06eefeb685ff
UVM_INFO out_mon.sv(31) @ 44605871: uvm_test_top.env0.out_mon_h [OUT_MON] GOT AN OUTPUT!: 69c918ca312f
UVM_INFO out_mon.sv(31) @ 44610851: uvm_test_top.env0.out_mon_h [OUT_MON] GOT AN OUTPUT!: e9c8013a48c2
UVM_INFO out_mon.sv(31) @ 44615831: uvm_test_top.env0.out_mon_h [OUT_MON] GOT AN OUTPUT!: 42b230070d04
UVM_INFO out_mon.sv(31) @ 44620811: uvm_test_top.env0.out_mon_h [OUT_MON] GOT AN OUTPUT!: 7c7d0a6bf964
UVM_INFO out_mon.sv(31) @ 44625791: uvm_test_top.env0.out_mon_h [OUT_MON] GOT AN OUTPUT!: 1a26a6c92807
UVM_INFO out_mon.sv(31) @ 44630771: uvm_test_top.env0.out_mon_h [OUT_MON] GOT AN OUTPUT!: db98cb43b09c
UVM_INFO out_mon.sv(31) @ 44635751: uvm_test_top.env0.out_mon_h [OUT_MON] GOT AN OUTPUT!: 0a8d96b50357
UVM_INFO out_mon.sv(31) @ 44640731: uvm_test_top.env0.out_mon_h [OUT_MON] GOT AN OUTPUT!: 0a6764414cfc
UVM_INFO out_mon.sv(31) @ 44645711: uvm_test_top.env0.out_mon_h [OUT_MON] GOT AN OUTPUT!: a3156bacd79d
UVM_INFO out_mon.sv(31) @ 44650691: uvm_test_top.env0.out_mon_h [OUT_MON] GOT AN OUTPUT!: 3ef238486784
UVM_INFO out_mon.sv(31) @ 44655671: uvm_test_top.env0.out_mon_h [OUT_MON] GOT AN OUTPUT!: 13a94e0ca0e4
UVM_INFO out_mon.sv(31) @ 44660651: uvm_test_top.env0.out_mon_h [OUT_MON] GOT AN OUTPUT!: ee0b2d3c5ff8
UVM_INFO out_mon.sv(31) @ 44665631: uvm_test_top.env0.out_mon_h [OUT_MON] GOT AN OUTPUT!: 18f6d4a61c5f
UVM_INFO out_mon.sv(31) @ 44670611: uvm_test_top.env0.out_mon_h [OUT_MON] GOT AN OUTPUT!: 9739635c4c36
UVM_INFO out_mon.sv(31) @ 44675591: uvm_test_top.env0.out_mon_h [OUT_MON] GOT AN OUTPUT!: a869c97cc41e
UVM_INFO out_mon.sv(31) @ 44680571: uvm_test_top.env0.out_mon_h [OUT_MON] GOT AN OUTPUT!: 50cb005f1146
UVM_INFO out_mon.sv(31) @ 44685551: uvm_test_top.env0.out_mon_h [OUT_MON] GOT AN OUTPUT!: 5c2d6a41d826
UVM_INFO out_mon.sv(31) @ 44690531: uvm_test_top.env0.out_mon_h [OUT_MON] GOT AN OUTPUT!: 13cb344f4256
UVM_INFO out_mon.sv(31) @ 44695511: uvm_test_top.env0.out_mon_h [OUT_MON] GOT AN OUTPUT!: 9f2beb9051df
UVM_INFO out_mon.sv(31) @ 44700491: uvm_test_top.env0.out_mon_h [OUT_MON] GOT AN OUTPUT!: c804f3274160
UVM_INFO out_mon.sv(31) @ 44705471: uvm_test_top.env0.out_mon_h [OUT_MON] GOT AN OUTPUT!: 991499e8ea5d
UVM_INFO out_mon.sv(31) @ 44710451: uvm_test_top.env0.out_mon_h [OUT_MON] GOT AN OUTPUT!: 10069c2d26ae
UVM_INFO out_mon.sv(31) @ 44715431: uvm_test_top.env0.out_mon_h [OUT_MON] GOT AN OUTPUT!: da507d6e2374
UVM_INFO out_mon.sv(31) @ 44720411: uvm_test_top.env0.out_mon_h [OUT_MON] GOT AN OUTPUT!: d51a070ed1f8
UVM_INFO out_mon.sv(31) @ 44725391: uvm_test_top.env0.out_mon_h [OUT_MON] GOT AN OUTPUT!: c80ecd603508
UVM_INFO out_mon.sv(31) @ 44730371: uvm_test_top.env0.out_mon_h [OUT_MON] GOT AN OUTPUT!: 934c2fbdd94d
UVM_INFO out_mon.sv(31) @ 44735351: uvm_test_top.env0.out_mon_h [OUT_MON] GOT AN OUTPUT!: c83a03591da0
UVM_INFO out_mon.sv(31) @ 44740331: uvm_test_top.env0.out_mon_h [OUT_MON] GOT AN OUTPUT!: 656af20b9f8a
UVM_INFO out_mon.sv(31) @ 44745311: uvm_test_top.env0.out_mon_h [OUT_MON] GOT AN OUTPUT!: 2d7dfc4896aa
UVM_INFO out_mon.sv(31) @ 44750291: uvm_test_top.env0.out_mon_h [OUT_MON] GOT AN OUTPUT!: d0ff1f053b88
UVM_INFO out_mon.sv(31) @ 44755271: uvm_test_top.env0.out_mon_h [OUT_MON] GOT AN OUTPUT!: e344eb301e6a
UVM_INFO out_mon.sv(31) @ 44760251: uvm_test_top.env0.out_mon_h [OUT_MON] GOT AN OUTPUT!: 52544a0f8cca
UVM_INFO out_mon.sv(31) @ 44765231: uvm_test_top.env0.out_mon_h [OUT_MON] GOT AN OUTPUT!: d9be839eef0d
UVM_INFO out_mon.sv(31) @ 44770211: uvm_test_top.env0.out_mon_h [OUT_MON] GOT AN OUTPUT!: a87b99c32dd5
UVM_INFO out_mon.sv(31) @ 44775191: uvm_test_top.env0.out_mon_h [OUT_MON] GOT AN OUTPUT!: 31d424ee07d7
UVM_INFO out_mon.sv(31) @ 44780171: uvm_test_top.env0.out_mon_h [OUT_MON] GOT AN OUTPUT!: e13c0f8879f3
UVM_INFO out_mon.sv(31) @ 44785151: uvm_test_top.env0.out_mon_h [OUT_MON] GOT AN OUTPUT!: 29326e3c1ee8
UVM_INFO out_mon.sv(31) @ 44790131: uvm_test_top.env0.out_mon_h [OUT_MON] GOT AN OUTPUT!: 25227cf38d8f
UVM_INFO out_mon.sv(31) @ 44795111: uvm_test_top.env0.out_mon_h [OUT_MON] GOT AN OUTPUT!: c6440d29b584
UVM_INFO out_mon.sv(31) @ 44800091: uvm_test_top.env0.out_mon_h [OUT_MON] GOT AN OUTPUT!: 437c98e045f5
UVM_INFO out_mon.sv(31) @ 44805071: uvm_test_top.env0.out_mon_h [OUT_MON] GOT AN OUTPUT!: 443916550468
UVM_INFO out_mon.sv(31) @ 44810051: uvm_test_top.env0.out_mon_h [OUT_MON] GOT AN OUTPUT!: fe56774e3a92
UVM_INFO out_mon.sv(31) @ 44815031: uvm_test_top.env0.out_mon_h [OUT_MON] GOT AN OUTPUT!: 3efbcc960b17
UVM_INFO out_mon.sv(31) @ 44820011: uvm_test_top.env0.out_mon_h [OUT_MON] GOT AN OUTPUT!: 1678dcfccf87
UVM_INFO out_mon.sv(31) @ 44824991: uvm_test_top.env0.out_mon_h [OUT_MON] GOT AN OUTPUT!: 9f3329fa8095
UVM_INFO out_mon.sv(31) @ 44829971: uvm_test_top.env0.out_mon_h [OUT_MON] GOT AN OUTPUT!: 177486c718b9
UVM_INFO out_mon.sv(31) @ 44834951: uvm_test_top.env0.out_mon_h [OUT_MON] GOT AN OUTPUT!: 4652fe81e79b
UVM_INFO out_mon.sv(31) @ 44839931: uvm_test_top.env0.out_mon_h [OUT_MON] GOT AN OUTPUT!: e3901dbff813
UVM_INFO out_mon.sv(31) @ 44844911: uvm_test_top.env0.out_mon_h [OUT_MON] GOT AN OUTPUT!: 7a810899779b
UVM_INFO out_mon.sv(31) @ 44849891: uvm_test_top.env0.out_mon_h [OUT_MON] GOT AN OUTPUT!: ffddc50e0740
UVM_INFO out_mon.sv(31) @ 44854871: uvm_test_top.env0.out_mon_h [OUT_MON] GOT AN OUTPUT!: 12adcc582bb4
UVM_INFO out_mon.sv(31) @ 44859851: uvm_test_top.env0.out_mon_h [OUT_MON] GOT AN OUTPUT!: a022f787a085
UVM_INFO out_mon.sv(31) @ 44864831: uvm_test_top.env0.out_mon_h [OUT_MON] GOT AN OUTPUT!: 6281907ac1ec
UVM_INFO out_mon.sv(31) @ 44869811: uvm_test_top.env0.out_mon_h [OUT_MON] GOT AN OUTPUT!: 72f0b60ee200
UVM_INFO out_mon.sv(31) @ 44874791: uvm_test_top.env0.out_mon_h [OUT_MON] GOT AN OUTPUT!: e66b5b1fb4ba
UVM_INFO out_mon.sv(31) @ 44879771: uvm_test_top.env0.out_mon_h [OUT_MON] GOT AN OUTPUT!: 2d91c4ada9fb
UVM_INFO out_mon.sv(31) @ 44884751: uvm_test_top.env0.out_mon_h [OUT_MON] GOT AN OUTPUT!: af9537434250
UVM_INFO out_mon.sv(31) @ 44889731: uvm_test_top.env0.out_mon_h [OUT_MON] GOT AN OUTPUT!: d80fd3718c90
UVM_INFO out_mon.sv(31) @ 44894711: uvm_test_top.env0.out_mon_h [OUT_MON] GOT AN OUTPUT!: 8feaa5fb66a9
UVM_INFO out_mon.sv(31) @ 44899691: uvm_test_top.env0.out_mon_h [OUT_MON] GOT AN OUTPUT!: d9386d07ee56
UVM_INFO out_mon.sv(31) @ 44904671: uvm_test_top.env0.out_mon_h [OUT_MON] GOT AN OUTPUT!: 061b9273dcc2
UVM_INFO out_mon.sv(31) @ 44909651: uvm_test_top.env0.out_mon_h [OUT_MON] GOT AN OUTPUT!: c2998d19e746
UVM_INFO out_mon.sv(31) @ 44914631: uvm_test_top.env0.out_mon_h [OUT_MON] GOT AN OUTPUT!: e98fa3aa2101
UVM_INFO out_mon.sv(31) @ 44919611: uvm_test_top.env0.out_mon_h [OUT_MON] GOT AN OUTPUT!: dc7d936854a4
UVM_INFO out_mon.sv(31) @ 44924591: uvm_test_top.env0.out_mon_h [OUT_MON] GOT AN OUTPUT!: d67337e96c3f
UVM_INFO out_mon.sv(31) @ 44929571: uvm_test_top.env0.out_mon_h [OUT_MON] GOT AN OUTPUT!: 71efa6a7d00f
UVM_INFO out_mon.sv(31) @ 44934551: uvm_test_top.env0.out_mon_h [OUT_MON] GOT AN OUTPUT!: 59b4ea06be74
UVM_INFO out_mon.sv(31) @ 44939531: uvm_test_top.env0.out_mon_h [OUT_MON] GOT AN OUTPUT!: dcbb191cb976
UVM_INFO out_mon.sv(31) @ 44944511: uvm_test_top.env0.out_mon_h [OUT_MON] GOT AN OUTPUT!: dcfe035cd568
UVM_INFO out_mon.sv(31) @ 44949491: uvm_test_top.env0.out_mon_h [OUT_MON] GOT AN OUTPUT!: 516feef72935
UVM_INFO out_mon.sv(31) @ 44954471: uvm_test_top.env0.out_mon_h [OUT_MON] GOT AN OUTPUT!: 52bf96882783
UVM_INFO out_mon.sv(31) @ 44959451: uvm_test_top.env0.out_mon_h [OUT_MON] GOT AN OUTPUT!: 6b54106efd06
UVM_INFO out_mon.sv(31) @ 44964431: uvm_test_top.env0.out_mon_h [OUT_MON] GOT AN OUTPUT!: a21fb9e2f20b
UVM_INFO out_mon.sv(31) @ 44969411: uvm_test_top.env0.out_mon_h [OUT_MON] GOT AN OUTPUT!: 78785a9fcffd
UVM_INFO out_mon.sv(31) @ 44974391: uvm_test_top.env0.out_mon_h [OUT_MON] GOT AN OUTPUT!: d30ba1c135f3
UVM_INFO out_mon.sv(31) @ 44979371: uvm_test_top.env0.out_mon_h [OUT_MON] GOT AN OUTPUT!: 85a80324ff50
UVM_INFO out_mon.sv(31) @ 44984351: uvm_test_top.env0.out_mon_h [OUT_MON] GOT AN OUTPUT!: fa31056ca78a
UVM_INFO out_mon.sv(31) @ 44989331: uvm_test_top.env0.out_mon_h [OUT_MON] GOT AN OUTPUT!: 2a6e8475a520
UVM_INFO out_mon.sv(31) @ 44994311: uvm_test_top.env0.out_mon_h [OUT_MON] GOT AN OUTPUT!: e4fa95e0c925
UVM_INFO out_mon.sv(31) @ 44999291: uvm_test_top.env0.out_mon_h [OUT_MON] GOT AN OUTPUT!: 15199e00a1f8
UVM_INFO out_mon.sv(31) @ 45004271: uvm_test_top.env0.out_mon_h [OUT_MON] GOT AN OUTPUT!: 8594e546d222
UVM_INFO out_mon.sv(31) @ 45009251: uvm_test_top.env0.out_mon_h [OUT_MON] GOT AN OUTPUT!: 56ae80088b34
UVM_INFO out_mon.sv(31) @ 45014231: uvm_test_top.env0.out_mon_h [OUT_MON] GOT AN OUTPUT!: 1eeca031c54c
UVM_INFO out_mon.sv(31) @ 45019211: uvm_test_top.env0.out_mon_h [OUT_MON] GOT AN OUTPUT!: 6f02be3fc01e
UVM_INFO out_mon.sv(31) @ 45024191: uvm_test_top.env0.out_mon_h [OUT_MON] GOT AN OUTPUT!: 30ac629a5711
UVM_INFO out_mon.sv(31) @ 45029171: uvm_test_top.env0.out_mon_h [OUT_MON] GOT AN OUTPUT!: 189b1e245ee0
UVM_INFO out_mon.sv(31) @ 45034151: uvm_test_top.env0.out_mon_h [OUT_MON] GOT AN OUTPUT!: 2342049b0783
UVM_INFO out_mon.sv(31) @ 45039131: uvm_test_top.env0.out_mon_h [OUT_MON] GOT AN OUTPUT!: d4c7db1c3e0e
UVM_INFO out_mon.sv(31) @ 45044111: uvm_test_top.env0.out_mon_h [OUT_MON] GOT AN OUTPUT!: b3d8bdec119d
UVM_INFO out_mon.sv(31) @ 45049091: uvm_test_top.env0.out_mon_h [OUT_MON] GOT AN OUTPUT!: 37937e510104
UVM_INFO out_mon.sv(31) @ 45054071: uvm_test_top.env0.out_mon_h [OUT_MON] GOT AN OUTPUT!: 205aee1f70c6
UVM_INFO out_mon.sv(31) @ 45059051: uvm_test_top.env0.out_mon_h [OUT_MON] GOT AN OUTPUT!: f3c8cf4bfeca
UVM_INFO out_mon.sv(31) @ 45064031: uvm_test_top.env0.out_mon_h [OUT_MON] GOT AN OUTPUT!: 1377ec9ce2ff
UVM_INFO out_mon.sv(31) @ 45069011: uvm_test_top.env0.out_mon_h [OUT_MON] GOT AN OUTPUT!: a6f4115252b4
UVM_INFO out_mon.sv(31) @ 45073991: uvm_test_top.env0.out_mon_h [OUT_MON] GOT AN OUTPUT!: 5097a65de1c8
UVM_INFO out_mon.sv(31) @ 45078971: uvm_test_top.env0.out_mon_h [OUT_MON] GOT AN OUTPUT!: 65630680db7f
UVM_INFO out_mon.sv(31) @ 45083951: uvm_test_top.env0.out_mon_h [OUT_MON] GOT AN OUTPUT!: 1fe97e69ab22
UVM_INFO out_mon.sv(31) @ 45088931: uvm_test_top.env0.out_mon_h [OUT_MON] GOT AN OUTPUT!: 0620f0a83517
UVM_INFO out_mon.sv(31) @ 45093911: uvm_test_top.env0.out_mon_h [OUT_MON] GOT AN OUTPUT!: 7a55241139ac
UVM_INFO out_mon.sv(31) @ 45098891: uvm_test_top.env0.out_mon_h [OUT_MON] GOT AN OUTPUT!: 2ef906e8b8cd
UVM_INFO out_mon.sv(31) @ 45103871: uvm_test_top.env0.out_mon_h [OUT_MON] GOT AN OUTPUT!: f58ddfeb4a53
UVM_INFO out_mon.sv(31) @ 45108851: uvm_test_top.env0.out_mon_h [OUT_MON] GOT AN OUTPUT!: 2079980e8526
UVM_INFO out_mon.sv(31) @ 45113831: uvm_test_top.env0.out_mon_h [OUT_MON] GOT AN OUTPUT!: 6ff602905997
UVM_INFO out_mon.sv(31) @ 45118811: uvm_test_top.env0.out_mon_h [OUT_MON] GOT AN OUTPUT!: 41eb5aad73ff
UVM_INFO out_mon.sv(31) @ 45123791: uvm_test_top.env0.out_mon_h [OUT_MON] GOT AN OUTPUT!: 7cc3fc16a1c2
UVM_INFO out_mon.sv(31) @ 45128771: uvm_test_top.env0.out_mon_h [OUT_MON] GOT AN OUTPUT!: 6d5a06fd234b
UVM_INFO out_mon.sv(31) @ 45133751: uvm_test_top.env0.out_mon_h [OUT_MON] GOT AN OUTPUT!: 8fddcf4e1f2c
UVM_INFO out_mon.sv(31) @ 45138731: uvm_test_top.env0.out_mon_h [OUT_MON] GOT AN OUTPUT!: fb96df74ee10
UVM_INFO out_mon.sv(31) @ 45143711: uvm_test_top.env0.out_mon_h [OUT_MON] GOT AN OUTPUT!: e9ed43bc8ce9
UVM_INFO out_mon.sv(31) @ 45148691: uvm_test_top.env0.out_mon_h [OUT_MON] GOT AN OUTPUT!: 90293327f0e4
UVM_INFO out_mon.sv(31) @ 45153671: uvm_test_top.env0.out_mon_h [OUT_MON] GOT AN OUTPUT!: 4462c0596be2
UVM_INFO out_mon.sv(31) @ 45158651: uvm_test_top.env0.out_mon_h [OUT_MON] GOT AN OUTPUT!: a55e6fe106a3
UVM_INFO out_mon.sv(31) @ 45163631: uvm_test_top.env0.out_mon_h [OUT_MON] GOT AN OUTPUT!: 3d6a0809f1d8
UVM_INFO out_mon.sv(31) @ 45168611: uvm_test_top.env0.out_mon_h [OUT_MON] GOT AN OUTPUT!: d842e9fecf99
UVM_INFO out_mon.sv(31) @ 45173591: uvm_test_top.env0.out_mon_h [OUT_MON] GOT AN OUTPUT!: 83efc9dd1f39
UVM_INFO out_mon.sv(31) @ 45178571: uvm_test_top.env0.out_mon_h [OUT_MON] GOT AN OUTPUT!: f4a1e70fa0cc
UVM_INFO out_mon.sv(31) @ 45183551: uvm_test_top.env0.out_mon_h [OUT_MON] GOT AN OUTPUT!: c39a4707ac56
UVM_INFO out_mon.sv(31) @ 45188531: uvm_test_top.env0.out_mon_h [OUT_MON] GOT AN OUTPUT!: c107072d9aa6
UVM_INFO out_mon.sv(31) @ 45193511: uvm_test_top.env0.out_mon_h [OUT_MON] GOT AN OUTPUT!: 50db08a019d3
UVM_INFO out_mon.sv(31) @ 45198491: uvm_test_top.env0.out_mon_h [OUT_MON] GOT AN OUTPUT!: 8abe9b1a97c0
UVM_INFO out_mon.sv(31) @ 45203471: uvm_test_top.env0.out_mon_h [OUT_MON] GOT AN OUTPUT!: 94dcc91a9fec
UVM_INFO out_mon.sv(31) @ 45208451: uvm_test_top.env0.out_mon_h [OUT_MON] GOT AN OUTPUT!: 71d4141c35f0
UVM_INFO out_mon.sv(31) @ 45213431: uvm_test_top.env0.out_mon_h [OUT_MON] GOT AN OUTPUT!: 398ca0853b69
UVM_INFO out_mon.sv(31) @ 45218411: uvm_test_top.env0.out_mon_h [OUT_MON] GOT AN OUTPUT!: 75171697cf67
UVM_INFO out_mon.sv(31) @ 45223391: uvm_test_top.env0.out_mon_h [OUT_MON] GOT AN OUTPUT!: 1592a483a8cb
UVM_INFO out_mon.sv(31) @ 45228371: uvm_test_top.env0.out_mon_h [OUT_MON] GOT AN OUTPUT!: 3e0f406e7f0a
UVM_INFO out_mon.sv(31) @ 45233351: uvm_test_top.env0.out_mon_h [OUT_MON] GOT AN OUTPUT!: d861e50b63a4
UVM_INFO out_mon.sv(31) @ 45238331: uvm_test_top.env0.out_mon_h [OUT_MON] GOT AN OUTPUT!: ad0a511922c8
UVM_INFO out_mon.sv(31) @ 45243311: uvm_test_top.env0.out_mon_h [OUT_MON] GOT AN OUTPUT!: 761d20dfa991
UVM_INFO out_mon.sv(31) @ 45248291: uvm_test_top.env0.out_mon_h [OUT_MON] GOT AN OUTPUT!: 2513ba845615
UVM_INFO out_mon.sv(31) @ 45253271: uvm_test_top.env0.out_mon_h [OUT_MON] GOT AN OUTPUT!: 53b6f4cd73d3
UVM_INFO out_mon.sv(31) @ 45258251: uvm_test_top.env0.out_mon_h [OUT_MON] GOT AN OUTPUT!: 97f833ac7859
UVM_INFO out_mon.sv(31) @ 45263231: uvm_test_top.env0.out_mon_h [OUT_MON] GOT AN OUTPUT!: 32d9fca77ff5
UVM_INFO out_mon.sv(31) @ 45268211: uvm_test_top.env0.out_mon_h [OUT_MON] GOT AN OUTPUT!: 52436ef99e77
UVM_INFO out_mon.sv(31) @ 45273191: uvm_test_top.env0.out_mon_h [OUT_MON] GOT AN OUTPUT!: ddf0a3024b84
UVM_INFO out_mon.sv(31) @ 45278171: uvm_test_top.env0.out_mon_h [OUT_MON] GOT AN OUTPUT!: 8741835baa2e
UVM_INFO out_mon.sv(31) @ 45283151: uvm_test_top.env0.out_mon_h [OUT_MON] GOT AN OUTPUT!: 94280bb00e47
UVM_INFO out_mon.sv(31) @ 45288131: uvm_test_top.env0.out_mon_h [OUT_MON] GOT AN OUTPUT!: 9cff21263786
UVM_INFO out_mon.sv(31) @ 45293111: uvm_test_top.env0.out_mon_h [OUT_MON] GOT AN OUTPUT!: 356cd6fcc7f5
UVM_INFO out_mon.sv(31) @ 45298091: uvm_test_top.env0.out_mon_h [OUT_MON] GOT AN OUTPUT!: 384730ac9e09
UVM_INFO out_mon.sv(31) @ 45303071: uvm_test_top.env0.out_mon_h [OUT_MON] GOT AN OUTPUT!: 2e6a3caa33dd
UVM_INFO out_mon.sv(31) @ 45308051: uvm_test_top.env0.out_mon_h [OUT_MON] GOT AN OUTPUT!: 08a5e89dfcfb
UVM_INFO out_mon.sv(31) @ 45313031: uvm_test_top.env0.out_mon_h [OUT_MON] GOT AN OUTPUT!: 248d30abcc75
UVM_INFO out_mon.sv(31) @ 45318011: uvm_test_top.env0.out_mon_h [OUT_MON] GOT AN OUTPUT!: 5464fe212f46
UVM_INFO out_mon.sv(31) @ 45322991: uvm_test_top.env0.out_mon_h [OUT_MON] GOT AN OUTPUT!: 61fefca2ce57
UVM_INFO out_mon.sv(31) @ 45327971: uvm_test_top.env0.out_mon_h [OUT_MON] GOT AN OUTPUT!: 449406b0d159
UVM_INFO out_mon.sv(31) @ 45332951: uvm_test_top.env0.out_mon_h [OUT_MON] GOT AN OUTPUT!: 01ae281a3990
UVM_INFO out_mon.sv(31) @ 45337931: uvm_test_top.env0.out_mon_h [OUT_MON] GOT AN OUTPUT!: f0ff8fb73ead
UVM_INFO out_mon.sv(31) @ 45342911: uvm_test_top.env0.out_mon_h [OUT_MON] GOT AN OUTPUT!: db47f982c3c7
UVM_INFO out_mon.sv(31) @ 45347891: uvm_test_top.env0.out_mon_h [OUT_MON] GOT AN OUTPUT!: 2c3128ea9429
UVM_INFO out_mon.sv(31) @ 45352871: uvm_test_top.env0.out_mon_h [OUT_MON] GOT AN OUTPUT!: 2f347aeeeb2d
UVM_INFO out_mon.sv(31) @ 45357851: uvm_test_top.env0.out_mon_h [OUT_MON] GOT AN OUTPUT!: 0f75d068ae20
UVM_INFO out_mon.sv(31) @ 45362831: uvm_test_top.env0.out_mon_h [OUT_MON] GOT AN OUTPUT!: 12a2448eedb7
UVM_INFO out_mon.sv(31) @ 45367811: uvm_test_top.env0.out_mon_h [OUT_MON] GOT AN OUTPUT!: 46d7fc93281b
UVM_INFO out_mon.sv(31) @ 45372791: uvm_test_top.env0.out_mon_h [OUT_MON] GOT AN OUTPUT!: 9b7cfdecc585
UVM_INFO out_mon.sv(31) @ 45377771: uvm_test_top.env0.out_mon_h [OUT_MON] GOT AN OUTPUT!: 1d25c0ab5c2b
UVM_INFO out_mon.sv(31) @ 45382751: uvm_test_top.env0.out_mon_h [OUT_MON] GOT AN OUTPUT!: cc70d3e82f11
UVM_INFO out_mon.sv(31) @ 45387731: uvm_test_top.env0.out_mon_h [OUT_MON] GOT AN OUTPUT!: 47e9302e6b00
UVM_INFO out_mon.sv(31) @ 45392711: uvm_test_top.env0.out_mon_h [OUT_MON] GOT AN OUTPUT!: 40e8d272a4f6
UVM_INFO out_mon.sv(31) @ 45397691: uvm_test_top.env0.out_mon_h [OUT_MON] GOT AN OUTPUT!: 7370a0f12b6f
UVM_INFO out_mon.sv(31) @ 45402671: uvm_test_top.env0.out_mon_h [OUT_MON] GOT AN OUTPUT!: 9911690b66e8
UVM_INFO out_mon.sv(31) @ 45407651: uvm_test_top.env0.out_mon_h [OUT_MON] GOT AN OUTPUT!: 8ec7cbfc3baf
UVM_INFO out_mon.sv(31) @ 45412631: uvm_test_top.env0.out_mon_h [OUT_MON] GOT AN OUTPUT!: a5d7fbfb6cbd
UVM_INFO out_mon.sv(31) @ 45417611: uvm_test_top.env0.out_mon_h [OUT_MON] GOT AN OUTPUT!: d7b67d27f7f8
UVM_INFO out_mon.sv(31) @ 45422591: uvm_test_top.env0.out_mon_h [OUT_MON] GOT AN OUTPUT!: 54e5d2517418
UVM_INFO out_mon.sv(31) @ 45427571: uvm_test_top.env0.out_mon_h [OUT_MON] GOT AN OUTPUT!: a6cee7787bc2
UVM_INFO out_mon.sv(31) @ 45432551: uvm_test_top.env0.out_mon_h [OUT_MON] GOT AN OUTPUT!: 5ca84a9dfa8d
UVM_INFO out_mon.sv(31) @ 45437531: uvm_test_top.env0.out_mon_h [OUT_MON] GOT AN OUTPUT!: fb591739a264
UVM_INFO out_mon.sv(31) @ 45442511: uvm_test_top.env0.out_mon_h [OUT_MON] GOT AN OUTPUT!: a84d8d6f3bd6
UVM_INFO out_mon.sv(31) @ 45447491: uvm_test_top.env0.out_mon_h [OUT_MON] GOT AN OUTPUT!: c760cfdb0b33
UVM_INFO out_mon.sv(31) @ 45452471: uvm_test_top.env0.out_mon_h [OUT_MON] GOT AN OUTPUT!: 83bcb98d3103
UVM_INFO out_mon.sv(31) @ 45457451: uvm_test_top.env0.out_mon_h [OUT_MON] GOT AN OUTPUT!: fbb4318c0cf9
UVM_INFO out_mon.sv(31) @ 45462431: uvm_test_top.env0.out_mon_h [OUT_MON] GOT AN OUTPUT!: 87a7c9f59911
UVM_INFO out_mon.sv(31) @ 45467411: uvm_test_top.env0.out_mon_h [OUT_MON] GOT AN OUTPUT!: 53df7897c9dd
UVM_INFO out_mon.sv(31) @ 45472391: uvm_test_top.env0.out_mon_h [OUT_MON] GOT AN OUTPUT!: 45751697ef01
UVM_INFO out_mon.sv(31) @ 45477371: uvm_test_top.env0.out_mon_h [OUT_MON] GOT AN OUTPUT!: e22d3981168f
UVM_INFO out_mon.sv(31) @ 45482351: uvm_test_top.env0.out_mon_h [OUT_MON] GOT AN OUTPUT!: b355cbd16cbb
UVM_INFO out_mon.sv(31) @ 45487331: uvm_test_top.env0.out_mon_h [OUT_MON] GOT AN OUTPUT!: 5ba85cde94d9
UVM_INFO out_mon.sv(31) @ 45492311: uvm_test_top.env0.out_mon_h [OUT_MON] GOT AN OUTPUT!: 582e1ea911e3
UVM_INFO out_mon.sv(31) @ 45497291: uvm_test_top.env0.out_mon_h [OUT_MON] GOT AN OUTPUT!: 241e54f69f61
UVM_INFO out_mon.sv(31) @ 45502271: uvm_test_top.env0.out_mon_h [OUT_MON] GOT AN OUTPUT!: 37b5b2cb98ef
UVM_INFO out_mon.sv(31) @ 45507251: uvm_test_top.env0.out_mon_h [OUT_MON] GOT AN OUTPUT!: 1a1bb61b51c2
UVM_INFO out_mon.sv(31) @ 45512231: uvm_test_top.env0.out_mon_h [OUT_MON] GOT AN OUTPUT!: 7e4dea477c96
UVM_INFO out_mon.sv(31) @ 45517211: uvm_test_top.env0.out_mon_h [OUT_MON] GOT AN OUTPUT!: 22eac8c687bf
UVM_INFO out_mon.sv(31) @ 45522191: uvm_test_top.env0.out_mon_h [OUT_MON] GOT AN OUTPUT!: ed279708fafa
UVM_INFO out_mon.sv(31) @ 45527171: uvm_test_top.env0.out_mon_h [OUT_MON] GOT AN OUTPUT!: 769b1a75ddcc
UVM_INFO out_mon.sv(31) @ 45532151: uvm_test_top.env0.out_mon_h [OUT_MON] GOT AN OUTPUT!: 062cc6160f90
UVM_INFO out_mon.sv(31) @ 45537131: uvm_test_top.env0.out_mon_h [OUT_MON] GOT AN OUTPUT!: abf4c946ac96
UVM_INFO out_mon.sv(31) @ 45542111: uvm_test_top.env0.out_mon_h [OUT_MON] GOT AN OUTPUT!: f80d138a723f
UVM_INFO out_mon.sv(31) @ 45547091: uvm_test_top.env0.out_mon_h [OUT_MON] GOT AN OUTPUT!: 8485775216cc
UVM_INFO out_mon.sv(31) @ 45552071: uvm_test_top.env0.out_mon_h [OUT_MON] GOT AN OUTPUT!: 4a305e53a7a4
UVM_INFO out_mon.sv(31) @ 45557051: uvm_test_top.env0.out_mon_h [OUT_MON] GOT AN OUTPUT!: 7896a2c8f3e5
UVM_INFO out_mon.sv(31) @ 45562031: uvm_test_top.env0.out_mon_h [OUT_MON] GOT AN OUTPUT!: 48c720ace401
UVM_INFO out_mon.sv(31) @ 45567011: uvm_test_top.env0.out_mon_h [OUT_MON] GOT AN OUTPUT!: 033868cfde0f
UVM_INFO out_mon.sv(31) @ 45571991: uvm_test_top.env0.out_mon_h [OUT_MON] GOT AN OUTPUT!: 30b95a5b27be
UVM_INFO out_mon.sv(31) @ 45576971: uvm_test_top.env0.out_mon_h [OUT_MON] GOT AN OUTPUT!: ae35431b370a
UVM_INFO out_mon.sv(31) @ 45581951: uvm_test_top.env0.out_mon_h [OUT_MON] GOT AN OUTPUT!: 1bb25ca92a09
UVM_INFO out_mon.sv(31) @ 45586931: uvm_test_top.env0.out_mon_h [OUT_MON] GOT AN OUTPUT!: de18f74b171e
UVM_INFO out_mon.sv(31) @ 45591911: uvm_test_top.env0.out_mon_h [OUT_MON] GOT AN OUTPUT!: ac2149236d76
UVM_INFO out_mon.sv(31) @ 45596891: uvm_test_top.env0.out_mon_h [OUT_MON] GOT AN OUTPUT!: 5e2e26075af0
UVM_INFO out_mon.sv(31) @ 45601871: uvm_test_top.env0.out_mon_h [OUT_MON] GOT AN OUTPUT!: 7931ac14282c
UVM_INFO out_mon.sv(31) @ 45606851: uvm_test_top.env0.out_mon_h [OUT_MON] GOT AN OUTPUT!: ac85b7db9e5b
UVM_INFO out_mon.sv(31) @ 45611831: uvm_test_top.env0.out_mon_h [OUT_MON] GOT AN OUTPUT!: 3acef8bf5a87
UVM_INFO out_mon.sv(31) @ 45616811: uvm_test_top.env0.out_mon_h [OUT_MON] GOT AN OUTPUT!: 05e2a2d33c1f
UVM_INFO out_mon.sv(31) @ 45621791: uvm_test_top.env0.out_mon_h [OUT_MON] GOT AN OUTPUT!: b5a3435ebeb2
UVM_INFO out_mon.sv(31) @ 45626771: uvm_test_top.env0.out_mon_h [OUT_MON] GOT AN OUTPUT!: 31d83ad55581
UVM_INFO out_mon.sv(31) @ 45631751: uvm_test_top.env0.out_mon_h [OUT_MON] GOT AN OUTPUT!: 671d24ddcf29
UVM_INFO out_mon.sv(31) @ 45636731: uvm_test_top.env0.out_mon_h [OUT_MON] GOT AN OUTPUT!: 0eb28ec0bead
UVM_INFO out_mon.sv(31) @ 45641711: uvm_test_top.env0.out_mon_h [OUT_MON] GOT AN OUTPUT!: f169fd55cba0
UVM_INFO out_mon.sv(31) @ 45646691: uvm_test_top.env0.out_mon_h [OUT_MON] GOT AN OUTPUT!: dd7bf1481802
UVM_INFO out_mon.sv(31) @ 45651671: uvm_test_top.env0.out_mon_h [OUT_MON] GOT AN OUTPUT!: 47718e49ab46
UVM_INFO out_mon.sv(31) @ 45656651: uvm_test_top.env0.out_mon_h [OUT_MON] GOT AN OUTPUT!: 4dfc528dbe09
UVM_INFO out_mon.sv(31) @ 45661631: uvm_test_top.env0.out_mon_h [OUT_MON] GOT AN OUTPUT!: 98e12ba22edb
UVM_INFO out_mon.sv(31) @ 45666611: uvm_test_top.env0.out_mon_h [OUT_MON] GOT AN OUTPUT!: 4ac6667fcd46
UVM_INFO out_mon.sv(31) @ 45671591: uvm_test_top.env0.out_mon_h [OUT_MON] GOT AN OUTPUT!: fe266b69ce90
UVM_INFO out_mon.sv(31) @ 45676571: uvm_test_top.env0.out_mon_h [OUT_MON] GOT AN OUTPUT!: 852251f41eab
UVM_INFO out_mon.sv(31) @ 45681551: uvm_test_top.env0.out_mon_h [OUT_MON] GOT AN OUTPUT!: e46aad48c930
UVM_INFO out_mon.sv(31) @ 45686531: uvm_test_top.env0.out_mon_h [OUT_MON] GOT AN OUTPUT!: c11cd58450cd
UVM_INFO out_mon.sv(31) @ 45691511: uvm_test_top.env0.out_mon_h [OUT_MON] GOT AN OUTPUT!: 399e3cc1197b
UVM_INFO out_mon.sv(31) @ 45696491: uvm_test_top.env0.out_mon_h [OUT_MON] GOT AN OUTPUT!: e183af29bda8
UVM_INFO out_mon.sv(31) @ 45701471: uvm_test_top.env0.out_mon_h [OUT_MON] GOT AN OUTPUT!: 586b7e2a783e
UVM_INFO out_mon.sv(31) @ 45706451: uvm_test_top.env0.out_mon_h [OUT_MON] GOT AN OUTPUT!: b3df29998227
UVM_INFO out_mon.sv(31) @ 45711431: uvm_test_top.env0.out_mon_h [OUT_MON] GOT AN OUTPUT!: b43bfb6e6910
UVM_INFO out_mon.sv(31) @ 45716411: uvm_test_top.env0.out_mon_h [OUT_MON] GOT AN OUTPUT!: 7c7e84607a18
UVM_INFO out_mon.sv(31) @ 45721391: uvm_test_top.env0.out_mon_h [OUT_MON] GOT AN OUTPUT!: 453a90842139
UVM_INFO out_mon.sv(31) @ 45726371: uvm_test_top.env0.out_mon_h [OUT_MON] GOT AN OUTPUT!: 426c56bf42db
UVM_INFO out_mon.sv(31) @ 45731351: uvm_test_top.env0.out_mon_h [OUT_MON] GOT AN OUTPUT!: b459b3aca1a9
UVM_INFO out_mon.sv(31) @ 45736331: uvm_test_top.env0.out_mon_h [OUT_MON] GOT AN OUTPUT!: db756146366e
UVM_INFO out_mon.sv(31) @ 45741311: uvm_test_top.env0.out_mon_h [OUT_MON] GOT AN OUTPUT!: 473e126ea092
UVM_INFO out_mon.sv(31) @ 45746291: uvm_test_top.env0.out_mon_h [OUT_MON] GOT AN OUTPUT!: b82415317222
UVM_INFO out_mon.sv(31) @ 45751271: uvm_test_top.env0.out_mon_h [OUT_MON] GOT AN OUTPUT!: 8c5b71529e82
UVM_INFO out_mon.sv(31) @ 45756251: uvm_test_top.env0.out_mon_h [OUT_MON] GOT AN OUTPUT!: 6fc63c84d3a1
UVM_INFO out_mon.sv(31) @ 45761231: uvm_test_top.env0.out_mon_h [OUT_MON] GOT AN OUTPUT!: c6d7135ed682
UVM_INFO out_mon.sv(31) @ 45766211: uvm_test_top.env0.out_mon_h [OUT_MON] GOT AN OUTPUT!: 0c67fee7f285
UVM_INFO out_mon.sv(31) @ 45771191: uvm_test_top.env0.out_mon_h [OUT_MON] GOT AN OUTPUT!: 1a9e96534436
UVM_INFO out_mon.sv(31) @ 45776171: uvm_test_top.env0.out_mon_h [OUT_MON] GOT AN OUTPUT!: 16d2be422c3c
UVM_INFO out_mon.sv(31) @ 45781151: uvm_test_top.env0.out_mon_h [OUT_MON] GOT AN OUTPUT!: 786184a5a46b
UVM_INFO out_mon.sv(31) @ 45786131: uvm_test_top.env0.out_mon_h [OUT_MON] GOT AN OUTPUT!: 62940216a160
UVM_INFO out_mon.sv(31) @ 45791111: uvm_test_top.env0.out_mon_h [OUT_MON] GOT AN OUTPUT!: 49878c3d7012
UVM_INFO out_mon.sv(31) @ 45796091: uvm_test_top.env0.out_mon_h [OUT_MON] GOT AN OUTPUT!: 99f9e9a02751
UVM_INFO out_mon.sv(31) @ 45801071: uvm_test_top.env0.out_mon_h [OUT_MON] GOT AN OUTPUT!: dc3c9defe921
UVM_INFO out_mon.sv(31) @ 45806051: uvm_test_top.env0.out_mon_h [OUT_MON] GOT AN OUTPUT!: 8a0c4bad5c3b
UVM_INFO out_mon.sv(31) @ 45811031: uvm_test_top.env0.out_mon_h [OUT_MON] GOT AN OUTPUT!: 8f71d9bc044d
UVM_INFO out_mon.sv(31) @ 45816011: uvm_test_top.env0.out_mon_h [OUT_MON] GOT AN OUTPUT!: 2e9d283c9f42
UVM_INFO out_mon.sv(31) @ 45820991: uvm_test_top.env0.out_mon_h [OUT_MON] GOT AN OUTPUT!: becd9dc68215
UVM_INFO out_mon.sv(31) @ 45825971: uvm_test_top.env0.out_mon_h [OUT_MON] GOT AN OUTPUT!: 7e306ed8080f
UVM_INFO out_mon.sv(31) @ 45830951: uvm_test_top.env0.out_mon_h [OUT_MON] GOT AN OUTPUT!: 6ebe8e15e120
UVM_INFO out_mon.sv(31) @ 45835931: uvm_test_top.env0.out_mon_h [OUT_MON] GOT AN OUTPUT!: f618b7b17675
UVM_INFO out_mon.sv(31) @ 45840911: uvm_test_top.env0.out_mon_h [OUT_MON] GOT AN OUTPUT!: b870ef0e5756
UVM_INFO out_mon.sv(31) @ 45845891: uvm_test_top.env0.out_mon_h [OUT_MON] GOT AN OUTPUT!: e660117e8462
UVM_INFO out_mon.sv(31) @ 45850871: uvm_test_top.env0.out_mon_h [OUT_MON] GOT AN OUTPUT!: f5cf21ade0bb
UVM_INFO out_mon.sv(31) @ 45855851: uvm_test_top.env0.out_mon_h [OUT_MON] GOT AN OUTPUT!: 7dd170148de0
UVM_INFO out_mon.sv(31) @ 45860831: uvm_test_top.env0.out_mon_h [OUT_MON] GOT AN OUTPUT!: ad87ad883e7b
UVM_INFO out_mon.sv(31) @ 45865811: uvm_test_top.env0.out_mon_h [OUT_MON] GOT AN OUTPUT!: 95faddc4ae47
UVM_INFO out_mon.sv(31) @ 45870791: uvm_test_top.env0.out_mon_h [OUT_MON] GOT AN OUTPUT!: 3f029a82ea1f
UVM_INFO out_mon.sv(31) @ 45875771: uvm_test_top.env0.out_mon_h [OUT_MON] GOT AN OUTPUT!: 3f25f477c378
UVM_INFO out_mon.sv(31) @ 45880751: uvm_test_top.env0.out_mon_h [OUT_MON] GOT AN OUTPUT!: 4e6f82511e6a
UVM_INFO out_mon.sv(31) @ 45885731: uvm_test_top.env0.out_mon_h [OUT_MON] GOT AN OUTPUT!: 0c5fdc8a673b
UVM_INFO out_mon.sv(31) @ 45890711: uvm_test_top.env0.out_mon_h [OUT_MON] GOT AN OUTPUT!: f0b927afdad1
UVM_INFO out_mon.sv(31) @ 45895691: uvm_test_top.env0.out_mon_h [OUT_MON] GOT AN OUTPUT!: 1f733668f684
UVM_INFO out_mon.sv(31) @ 45900671: uvm_test_top.env0.out_mon_h [OUT_MON] GOT AN OUTPUT!: 978cef61d600
UVM_INFO out_mon.sv(31) @ 45905651: uvm_test_top.env0.out_mon_h [OUT_MON] GOT AN OUTPUT!: f4ee35eb8fe5
UVM_INFO out_mon.sv(31) @ 45910631: uvm_test_top.env0.out_mon_h [OUT_MON] GOT AN OUTPUT!: bd5213eb9175
UVM_INFO out_mon.sv(31) @ 45915611: uvm_test_top.env0.out_mon_h [OUT_MON] GOT AN OUTPUT!: f01c67720bc6
UVM_INFO out_mon.sv(31) @ 45920591: uvm_test_top.env0.out_mon_h [OUT_MON] GOT AN OUTPUT!: 513bea0f4596
UVM_INFO out_mon.sv(31) @ 45925571: uvm_test_top.env0.out_mon_h [OUT_MON] GOT AN OUTPUT!: a70949c004b9
UVM_INFO out_mon.sv(31) @ 45930551: uvm_test_top.env0.out_mon_h [OUT_MON] GOT AN OUTPUT!: e32e1308ef44
UVM_INFO out_mon.sv(31) @ 45935531: uvm_test_top.env0.out_mon_h [OUT_MON] GOT AN OUTPUT!: ee804398dd8f
UVM_INFO out_mon.sv(31) @ 45940511: uvm_test_top.env0.out_mon_h [OUT_MON] GOT AN OUTPUT!: 8fdce78a4b67
UVM_INFO out_mon.sv(31) @ 45945491: uvm_test_top.env0.out_mon_h [OUT_MON] GOT AN OUTPUT!: a60e271baa70
UVM_INFO out_mon.sv(31) @ 45950471: uvm_test_top.env0.out_mon_h [OUT_MON] GOT AN OUTPUT!: acafff76d25e
UVM_INFO out_mon.sv(31) @ 45955451: uvm_test_top.env0.out_mon_h [OUT_MON] GOT AN OUTPUT!: 4401b8df4fa9
UVM_INFO out_mon.sv(31) @ 45960431: uvm_test_top.env0.out_mon_h [OUT_MON] GOT AN OUTPUT!: 33d2345fc6da
UVM_INFO out_mon.sv(31) @ 45965411: uvm_test_top.env0.out_mon_h [OUT_MON] GOT AN OUTPUT!: 21606ece606b
UVM_INFO out_mon.sv(31) @ 45970391: uvm_test_top.env0.out_mon_h [OUT_MON] GOT AN OUTPUT!: f031dfc01f0b
UVM_INFO out_mon.sv(31) @ 45975371: uvm_test_top.env0.out_mon_h [OUT_MON] GOT AN OUTPUT!: 85fbf3c33f2d
UVM_INFO out_mon.sv(31) @ 45980351: uvm_test_top.env0.out_mon_h [OUT_MON] GOT AN OUTPUT!: 697bc2f898a9
UVM_INFO out_mon.sv(31) @ 45985331: uvm_test_top.env0.out_mon_h [OUT_MON] GOT AN OUTPUT!: 745c84e404f3
UVM_INFO out_mon.sv(31) @ 45990311: uvm_test_top.env0.out_mon_h [OUT_MON] GOT AN OUTPUT!: 9016650bb1c8
UVM_INFO out_mon.sv(31) @ 45995291: uvm_test_top.env0.out_mon_h [OUT_MON] GOT AN OUTPUT!: 35d1cabe8e2b
UVM_INFO out_mon.sv(31) @ 46000271: uvm_test_top.env0.out_mon_h [OUT_MON] GOT AN OUTPUT!: 29354619a3e6
UVM_INFO out_mon.sv(31) @ 46005251: uvm_test_top.env0.out_mon_h [OUT_MON] GOT AN OUTPUT!: a66335247756
UVM_INFO out_mon.sv(31) @ 46010231: uvm_test_top.env0.out_mon_h [OUT_MON] GOT AN OUTPUT!: fac0b79c6a43
UVM_INFO out_mon.sv(31) @ 46015211: uvm_test_top.env0.out_mon_h [OUT_MON] GOT AN OUTPUT!: 40e08ac71d3d
UVM_INFO out_mon.sv(31) @ 46020191: uvm_test_top.env0.out_mon_h [OUT_MON] GOT AN OUTPUT!: b762b963c5e0
UVM_INFO out_mon.sv(31) @ 46025171: uvm_test_top.env0.out_mon_h [OUT_MON] GOT AN OUTPUT!: ead4a79399e5
UVM_INFO out_mon.sv(31) @ 46030151: uvm_test_top.env0.out_mon_h [OUT_MON] GOT AN OUTPUT!: aa8aad512d32
UVM_INFO out_mon.sv(31) @ 46035131: uvm_test_top.env0.out_mon_h [OUT_MON] GOT AN OUTPUT!: 808a1fcecaf5
UVM_INFO out_mon.sv(31) @ 46040111: uvm_test_top.env0.out_mon_h [OUT_MON] GOT AN OUTPUT!: 246540d3dcf1
UVM_INFO out_mon.sv(31) @ 46045091: uvm_test_top.env0.out_mon_h [OUT_MON] GOT AN OUTPUT!: 2110bef14bd5
UVM_INFO out_mon.sv(31) @ 46050071: uvm_test_top.env0.out_mon_h [OUT_MON] GOT AN OUTPUT!: a5db5924d50a
UVM_INFO out_mon.sv(31) @ 46055051: uvm_test_top.env0.out_mon_h [OUT_MON] GOT AN OUTPUT!: 3a329e43772c
UVM_INFO out_mon.sv(31) @ 46060031: uvm_test_top.env0.out_mon_h [OUT_MON] GOT AN OUTPUT!: cc986b42cc1e
UVM_INFO out_mon.sv(31) @ 46065011: uvm_test_top.env0.out_mon_h [OUT_MON] GOT AN OUTPUT!: 5478ce396b00
UVM_INFO out_mon.sv(31) @ 46069991: uvm_test_top.env0.out_mon_h [OUT_MON] GOT AN OUTPUT!: ff0a01ae4393
UVM_INFO out_mon.sv(31) @ 46074971: uvm_test_top.env0.out_mon_h [OUT_MON] GOT AN OUTPUT!: 9f33358f0231
UVM_INFO out_mon.sv(31) @ 46079951: uvm_test_top.env0.out_mon_h [OUT_MON] GOT AN OUTPUT!: d85fdbe573a1
UVM_INFO out_mon.sv(31) @ 46084931: uvm_test_top.env0.out_mon_h [OUT_MON] GOT AN OUTPUT!: 3c6cbe23d97e
UVM_INFO out_mon.sv(31) @ 46089911: uvm_test_top.env0.out_mon_h [OUT_MON] GOT AN OUTPUT!: 548172a05863
UVM_INFO out_mon.sv(31) @ 46094891: uvm_test_top.env0.out_mon_h [OUT_MON] GOT AN OUTPUT!: 4cee70974dd7
UVM_INFO out_mon.sv(31) @ 46099871: uvm_test_top.env0.out_mon_h [OUT_MON] GOT AN OUTPUT!: bc1943ccae51
UVM_INFO out_mon.sv(31) @ 46104851: uvm_test_top.env0.out_mon_h [OUT_MON] GOT AN OUTPUT!: bc4b7da47729
UVM_INFO out_mon.sv(31) @ 46109831: uvm_test_top.env0.out_mon_h [OUT_MON] GOT AN OUTPUT!: 5099ae49f432
UVM_INFO out_mon.sv(31) @ 46114811: uvm_test_top.env0.out_mon_h [OUT_MON] GOT AN OUTPUT!: ccc7e93e3666
UVM_INFO out_mon.sv(31) @ 46119791: uvm_test_top.env0.out_mon_h [OUT_MON] GOT AN OUTPUT!: b826cb6565e6
UVM_INFO out_mon.sv(31) @ 46124771: uvm_test_top.env0.out_mon_h [OUT_MON] GOT AN OUTPUT!: 6372e06b24fa
UVM_INFO out_mon.sv(31) @ 46129751: uvm_test_top.env0.out_mon_h [OUT_MON] GOT AN OUTPUT!: 29b20415f914
UVM_INFO out_mon.sv(31) @ 46134731: uvm_test_top.env0.out_mon_h [OUT_MON] GOT AN OUTPUT!: 141950e19f69
UVM_INFO out_mon.sv(31) @ 46139711: uvm_test_top.env0.out_mon_h [OUT_MON] GOT AN OUTPUT!: 58e7d4f86e23
UVM_INFO out_mon.sv(31) @ 46144691: uvm_test_top.env0.out_mon_h [OUT_MON] GOT AN OUTPUT!: ed46dd63c04a
UVM_INFO out_mon.sv(31) @ 46149671: uvm_test_top.env0.out_mon_h [OUT_MON] GOT AN OUTPUT!: 2231800b438c
UVM_INFO out_mon.sv(31) @ 46154651: uvm_test_top.env0.out_mon_h [OUT_MON] GOT AN OUTPUT!: 0446d6db665d
UVM_INFO out_mon.sv(31) @ 46159631: uvm_test_top.env0.out_mon_h [OUT_MON] GOT AN OUTPUT!: f6ba1b2ab0dc
UVM_INFO out_mon.sv(31) @ 46164611: uvm_test_top.env0.out_mon_h [OUT_MON] GOT AN OUTPUT!: c12425362bee
UVM_INFO out_mon.sv(31) @ 46169591: uvm_test_top.env0.out_mon_h [OUT_MON] GOT AN OUTPUT!: 0871c04cb486
UVM_INFO out_mon.sv(31) @ 46174571: uvm_test_top.env0.out_mon_h [OUT_MON] GOT AN OUTPUT!: eaaef9016d40
UVM_INFO out_mon.sv(31) @ 46179551: uvm_test_top.env0.out_mon_h [OUT_MON] GOT AN OUTPUT!: 36013c7d0ada
UVM_INFO out_mon.sv(31) @ 46184531: uvm_test_top.env0.out_mon_h [OUT_MON] GOT AN OUTPUT!: 726e1ec64537
UVM_INFO out_mon.sv(31) @ 46189511: uvm_test_top.env0.out_mon_h [OUT_MON] GOT AN OUTPUT!: b6d425992e2f
UVM_INFO out_mon.sv(31) @ 46194491: uvm_test_top.env0.out_mon_h [OUT_MON] GOT AN OUTPUT!: 00b3b22592fe
UVM_INFO out_mon.sv(31) @ 46199471: uvm_test_top.env0.out_mon_h [OUT_MON] GOT AN OUTPUT!: 871893cc5ba9
UVM_INFO out_mon.sv(31) @ 46204451: uvm_test_top.env0.out_mon_h [OUT_MON] GOT AN OUTPUT!: 408442b3eed3
UVM_INFO out_mon.sv(31) @ 46209431: uvm_test_top.env0.out_mon_h [OUT_MON] GOT AN OUTPUT!: 93bb69cb8da7
UVM_INFO out_mon.sv(31) @ 46214411: uvm_test_top.env0.out_mon_h [OUT_MON] GOT AN OUTPUT!: ebb0f795b7c5
UVM_INFO out_mon.sv(31) @ 46219391: uvm_test_top.env0.out_mon_h [OUT_MON] GOT AN OUTPUT!: a66581d18237
UVM_INFO out_mon.sv(31) @ 46224371: uvm_test_top.env0.out_mon_h [OUT_MON] GOT AN OUTPUT!: 96c4d5db0789
UVM_INFO out_mon.sv(31) @ 46229351: uvm_test_top.env0.out_mon_h [OUT_MON] GOT AN OUTPUT!: 11858e5ab59e
UVM_INFO out_mon.sv(31) @ 46234331: uvm_test_top.env0.out_mon_h [OUT_MON] GOT AN OUTPUT!: 3d0ab29bbb2f
UVM_INFO out_mon.sv(31) @ 46239311: uvm_test_top.env0.out_mon_h [OUT_MON] GOT AN OUTPUT!: 1c4410a16061
UVM_INFO out_mon.sv(31) @ 46244291: uvm_test_top.env0.out_mon_h [OUT_MON] GOT AN OUTPUT!: 8c8f03d36cdb
UVM_INFO out_mon.sv(31) @ 46249271: uvm_test_top.env0.out_mon_h [OUT_MON] GOT AN OUTPUT!: 2e9034d983c7
UVM_INFO out_mon.sv(31) @ 46254251: uvm_test_top.env0.out_mon_h [OUT_MON] GOT AN OUTPUT!: f21e01fd7c53
UVM_INFO out_mon.sv(31) @ 46259231: uvm_test_top.env0.out_mon_h [OUT_MON] GOT AN OUTPUT!: bd17f32cd556
UVM_INFO out_mon.sv(31) @ 46264211: uvm_test_top.env0.out_mon_h [OUT_MON] GOT AN OUTPUT!: 65445a710382
UVM_INFO out_mon.sv(31) @ 46269191: uvm_test_top.env0.out_mon_h [OUT_MON] GOT AN OUTPUT!: f5414b76d730
UVM_INFO out_mon.sv(31) @ 46274171: uvm_test_top.env0.out_mon_h [OUT_MON] GOT AN OUTPUT!: f44fe97cdfb6
UVM_INFO out_mon.sv(31) @ 46279151: uvm_test_top.env0.out_mon_h [OUT_MON] GOT AN OUTPUT!: 293becc0c0e1
UVM_INFO out_mon.sv(31) @ 46284131: uvm_test_top.env0.out_mon_h [OUT_MON] GOT AN OUTPUT!: 1045a843a9d0
UVM_INFO out_mon.sv(31) @ 46289111: uvm_test_top.env0.out_mon_h [OUT_MON] GOT AN OUTPUT!: fbf2277d937a
UVM_INFO out_mon.sv(31) @ 46294091: uvm_test_top.env0.out_mon_h [OUT_MON] GOT AN OUTPUT!: 98f95d57bf16
UVM_INFO out_mon.sv(31) @ 46299071: uvm_test_top.env0.out_mon_h [OUT_MON] GOT AN OUTPUT!: 4d138c86058f
UVM_INFO out_mon.sv(31) @ 46304051: uvm_test_top.env0.out_mon_h [OUT_MON] GOT AN OUTPUT!: a8f12f173dec
UVM_INFO out_mon.sv(31) @ 46309031: uvm_test_top.env0.out_mon_h [OUT_MON] GOT AN OUTPUT!: e508f1d494ef
UVM_INFO out_mon.sv(31) @ 46314011: uvm_test_top.env0.out_mon_h [OUT_MON] GOT AN OUTPUT!: 217ca8c7fd1b
UVM_INFO out_mon.sv(31) @ 46318991: uvm_test_top.env0.out_mon_h [OUT_MON] GOT AN OUTPUT!: e0ff59017fb4
UVM_INFO out_mon.sv(31) @ 46323971: uvm_test_top.env0.out_mon_h [OUT_MON] GOT AN OUTPUT!: f6a847739ff2
UVM_INFO out_mon.sv(31) @ 46328951: uvm_test_top.env0.out_mon_h [OUT_MON] GOT AN OUTPUT!: dee07b7ebf78
UVM_INFO out_mon.sv(31) @ 46333931: uvm_test_top.env0.out_mon_h [OUT_MON] GOT AN OUTPUT!: 3b3e3c837ce7
UVM_INFO out_mon.sv(31) @ 46338911: uvm_test_top.env0.out_mon_h [OUT_MON] GOT AN OUTPUT!: e95d4f941155
UVM_INFO out_mon.sv(31) @ 46343891: uvm_test_top.env0.out_mon_h [OUT_MON] GOT AN OUTPUT!: ecca571cb1f6
UVM_INFO out_mon.sv(31) @ 46348871: uvm_test_top.env0.out_mon_h [OUT_MON] GOT AN OUTPUT!: 23dc741aee78
UVM_INFO out_mon.sv(31) @ 46353851: uvm_test_top.env0.out_mon_h [OUT_MON] GOT AN OUTPUT!: 7f98da3c1982
UVM_INFO out_mon.sv(31) @ 46358831: uvm_test_top.env0.out_mon_h [OUT_MON] GOT AN OUTPUT!: 368fc4fa98ed
UVM_INFO out_mon.sv(31) @ 46363811: uvm_test_top.env0.out_mon_h [OUT_MON] GOT AN OUTPUT!: 2ab72e9253db
UVM_INFO out_mon.sv(31) @ 46368791: uvm_test_top.env0.out_mon_h [OUT_MON] GOT AN OUTPUT!: 7a5bf864077c
UVM_INFO out_mon.sv(31) @ 46373771: uvm_test_top.env0.out_mon_h [OUT_MON] GOT AN OUTPUT!: f3ef1f1fb72e
UVM_INFO out_mon.sv(31) @ 46378751: uvm_test_top.env0.out_mon_h [OUT_MON] GOT AN OUTPUT!: e4f2a9cdf917
UVM_INFO out_mon.sv(31) @ 46383731: uvm_test_top.env0.out_mon_h [OUT_MON] GOT AN OUTPUT!: 7bcebe906319
UVM_INFO out_mon.sv(31) @ 46388711: uvm_test_top.env0.out_mon_h [OUT_MON] GOT AN OUTPUT!: b4bc89b0e7db
UVM_INFO out_mon.sv(31) @ 46393691: uvm_test_top.env0.out_mon_h [OUT_MON] GOT AN OUTPUT!: 89a06d583090
UVM_INFO out_mon.sv(31) @ 46398671: uvm_test_top.env0.out_mon_h [OUT_MON] GOT AN OUTPUT!: dce931030f10
UVM_INFO out_mon.sv(31) @ 46403651: uvm_test_top.env0.out_mon_h [OUT_MON] GOT AN OUTPUT!: 57703c8ec059
UVM_INFO out_mon.sv(31) @ 46408631: uvm_test_top.env0.out_mon_h [OUT_MON] GOT AN OUTPUT!: 31635a746d24
UVM_INFO out_mon.sv(31) @ 46413611: uvm_test_top.env0.out_mon_h [OUT_MON] GOT AN OUTPUT!: 9e0d358b6dc5
UVM_INFO out_mon.sv(31) @ 46418591: uvm_test_top.env0.out_mon_h [OUT_MON] GOT AN OUTPUT!: 52d3d06aba20
UVM_INFO out_mon.sv(31) @ 46423571: uvm_test_top.env0.out_mon_h [OUT_MON] GOT AN OUTPUT!: 60fe94414ef4
UVM_INFO out_mon.sv(31) @ 46428551: uvm_test_top.env0.out_mon_h [OUT_MON] GOT AN OUTPUT!: 5aa908bd787d
UVM_INFO out_mon.sv(31) @ 46433531: uvm_test_top.env0.out_mon_h [OUT_MON] GOT AN OUTPUT!: 7a94a65b454a
UVM_INFO out_mon.sv(31) @ 46438511: uvm_test_top.env0.out_mon_h [OUT_MON] GOT AN OUTPUT!: 4710a031dfe6
UVM_INFO out_mon.sv(31) @ 46443491: uvm_test_top.env0.out_mon_h [OUT_MON] GOT AN OUTPUT!: e7d84917ec54
UVM_INFO out_mon.sv(31) @ 46448471: uvm_test_top.env0.out_mon_h [OUT_MON] GOT AN OUTPUT!: 26f5acb6ecd3
UVM_INFO out_mon.sv(31) @ 46453451: uvm_test_top.env0.out_mon_h [OUT_MON] GOT AN OUTPUT!: d497b7e59ed3
UVM_INFO out_mon.sv(31) @ 46458431: uvm_test_top.env0.out_mon_h [OUT_MON] GOT AN OUTPUT!: 060024615b76
UVM_INFO out_mon.sv(31) @ 46463411: uvm_test_top.env0.out_mon_h [OUT_MON] GOT AN OUTPUT!: 675caebe792f
UVM_INFO out_mon.sv(31) @ 46468391: uvm_test_top.env0.out_mon_h [OUT_MON] GOT AN OUTPUT!: 98a14b27a7f6
UVM_INFO out_mon.sv(31) @ 46473371: uvm_test_top.env0.out_mon_h [OUT_MON] GOT AN OUTPUT!: 4d758e4455f4
UVM_INFO out_mon.sv(31) @ 46478351: uvm_test_top.env0.out_mon_h [OUT_MON] GOT AN OUTPUT!: a802695e0d68
UVM_INFO out_mon.sv(31) @ 46483331: uvm_test_top.env0.out_mon_h [OUT_MON] GOT AN OUTPUT!: 06ea829cd2ab
UVM_INFO out_mon.sv(31) @ 46488311: uvm_test_top.env0.out_mon_h [OUT_MON] GOT AN OUTPUT!: 3e12acf2888d
UVM_INFO out_mon.sv(31) @ 46493291: uvm_test_top.env0.out_mon_h [OUT_MON] GOT AN OUTPUT!: f28d4f0d4cb2
UVM_INFO out_mon.sv(31) @ 46498271: uvm_test_top.env0.out_mon_h [OUT_MON] GOT AN OUTPUT!: 91788d68d6ba
UVM_INFO out_mon.sv(31) @ 46503251: uvm_test_top.env0.out_mon_h [OUT_MON] GOT AN OUTPUT!: 19e5e856dd58
UVM_INFO out_mon.sv(31) @ 46508231: uvm_test_top.env0.out_mon_h [OUT_MON] GOT AN OUTPUT!: b1a68b9670f1
UVM_INFO out_mon.sv(31) @ 46513211: uvm_test_top.env0.out_mon_h [OUT_MON] GOT AN OUTPUT!: bd4147d261f1
UVM_INFO out_mon.sv(31) @ 46518191: uvm_test_top.env0.out_mon_h [OUT_MON] GOT AN OUTPUT!: f2c29d1e969a
UVM_INFO out_mon.sv(31) @ 46523171: uvm_test_top.env0.out_mon_h [OUT_MON] GOT AN OUTPUT!: 9fa9c74c7414
UVM_INFO out_mon.sv(31) @ 46528151: uvm_test_top.env0.out_mon_h [OUT_MON] GOT AN OUTPUT!: 19bd2aae40dd
UVM_INFO out_mon.sv(31) @ 46533131: uvm_test_top.env0.out_mon_h [OUT_MON] GOT AN OUTPUT!: 12ef74a177c7
UVM_INFO out_mon.sv(31) @ 46538111: uvm_test_top.env0.out_mon_h [OUT_MON] GOT AN OUTPUT!: 483fdef82d09
UVM_INFO out_mon.sv(31) @ 46543091: uvm_test_top.env0.out_mon_h [OUT_MON] GOT AN OUTPUT!: c39881197cc6
UVM_INFO out_mon.sv(31) @ 46548071: uvm_test_top.env0.out_mon_h [OUT_MON] GOT AN OUTPUT!: a8b64570d80c
UVM_INFO out_mon.sv(31) @ 46553051: uvm_test_top.env0.out_mon_h [OUT_MON] GOT AN OUTPUT!: 44f7728469a5
UVM_INFO out_mon.sv(31) @ 46558031: uvm_test_top.env0.out_mon_h [OUT_MON] GOT AN OUTPUT!: da4f69ca7c69
UVM_INFO out_mon.sv(31) @ 46563011: uvm_test_top.env0.out_mon_h [OUT_MON] GOT AN OUTPUT!: 5d141015d4fe
UVM_INFO out_mon.sv(31) @ 46567991: uvm_test_top.env0.out_mon_h [OUT_MON] GOT AN OUTPUT!: 1cf3663115ae
UVM_INFO out_mon.sv(31) @ 46572971: uvm_test_top.env0.out_mon_h [OUT_MON] GOT AN OUTPUT!: 10bdc8011c6a
UVM_INFO out_mon.sv(31) @ 46577951: uvm_test_top.env0.out_mon_h [OUT_MON] GOT AN OUTPUT!: 3d51344661dc
UVM_INFO out_mon.sv(31) @ 46582931: uvm_test_top.env0.out_mon_h [OUT_MON] GOT AN OUTPUT!: 6f7b80d55a75
UVM_INFO out_mon.sv(31) @ 46587911: uvm_test_top.env0.out_mon_h [OUT_MON] GOT AN OUTPUT!: 40d296dddabb
UVM_INFO out_mon.sv(31) @ 46592891: uvm_test_top.env0.out_mon_h [OUT_MON] GOT AN OUTPUT!: 1f9a8e996c51
UVM_INFO out_mon.sv(31) @ 46597871: uvm_test_top.env0.out_mon_h [OUT_MON] GOT AN OUTPUT!: d1a57178bc90
UVM_INFO out_mon.sv(31) @ 46602851: uvm_test_top.env0.out_mon_h [OUT_MON] GOT AN OUTPUT!: aa2bcba7ef6d
UVM_INFO out_mon.sv(31) @ 46607831: uvm_test_top.env0.out_mon_h [OUT_MON] GOT AN OUTPUT!: 6ab572820731
UVM_INFO out_mon.sv(31) @ 46612811: uvm_test_top.env0.out_mon_h [OUT_MON] GOT AN OUTPUT!: 86f57d4b3cc0
UVM_INFO out_mon.sv(31) @ 46617791: uvm_test_top.env0.out_mon_h [OUT_MON] GOT AN OUTPUT!: 43ac544a71e6
UVM_INFO out_mon.sv(31) @ 46622771: uvm_test_top.env0.out_mon_h [OUT_MON] GOT AN OUTPUT!: e886111972ec
UVM_INFO out_mon.sv(31) @ 46627751: uvm_test_top.env0.out_mon_h [OUT_MON] GOT AN OUTPUT!: fcfa9dc47823
UVM_INFO out_mon.sv(31) @ 46632731: uvm_test_top.env0.out_mon_h [OUT_MON] GOT AN OUTPUT!: 482b56106df8
UVM_INFO out_mon.sv(31) @ 46637711: uvm_test_top.env0.out_mon_h [OUT_MON] GOT AN OUTPUT!: 0bc834005a76
UVM_INFO out_mon.sv(31) @ 46642691: uvm_test_top.env0.out_mon_h [OUT_MON] GOT AN OUTPUT!: b1ed3971c6de
UVM_INFO out_mon.sv(31) @ 46647671: uvm_test_top.env0.out_mon_h [OUT_MON] GOT AN OUTPUT!: e603936812b8
UVM_INFO out_mon.sv(31) @ 46652651: uvm_test_top.env0.out_mon_h [OUT_MON] GOT AN OUTPUT!: d09ab15edaa0
UVM_INFO out_mon.sv(31) @ 46657631: uvm_test_top.env0.out_mon_h [OUT_MON] GOT AN OUTPUT!: ee560dbb5df7
UVM_INFO out_mon.sv(31) @ 46662611: uvm_test_top.env0.out_mon_h [OUT_MON] GOT AN OUTPUT!: b9bee534c816
UVM_INFO out_mon.sv(31) @ 46667591: uvm_test_top.env0.out_mon_h [OUT_MON] GOT AN OUTPUT!: 202edccbb3fd
UVM_INFO out_mon.sv(31) @ 46672571: uvm_test_top.env0.out_mon_h [OUT_MON] GOT AN OUTPUT!: 79a624a8693b
UVM_INFO out_mon.sv(31) @ 46677551: uvm_test_top.env0.out_mon_h [OUT_MON] GOT AN OUTPUT!: 7bb668f85409
UVM_INFO out_mon.sv(31) @ 46682531: uvm_test_top.env0.out_mon_h [OUT_MON] GOT AN OUTPUT!: 5f5dd2a25827
UVM_INFO out_mon.sv(31) @ 46687511: uvm_test_top.env0.out_mon_h [OUT_MON] GOT AN OUTPUT!: 31dc9e6a3b9c
UVM_INFO out_mon.sv(31) @ 46692491: uvm_test_top.env0.out_mon_h [OUT_MON] GOT AN OUTPUT!: 08add2daf56f
UVM_INFO out_mon.sv(31) @ 46697471: uvm_test_top.env0.out_mon_h [OUT_MON] GOT AN OUTPUT!: 904a991023da
UVM_INFO out_mon.sv(31) @ 46702451: uvm_test_top.env0.out_mon_h [OUT_MON] GOT AN OUTPUT!: 2e2592365928
UVM_INFO out_mon.sv(31) @ 46707431: uvm_test_top.env0.out_mon_h [OUT_MON] GOT AN OUTPUT!: ad6f935a8976
UVM_INFO out_mon.sv(31) @ 46712411: uvm_test_top.env0.out_mon_h [OUT_MON] GOT AN OUTPUT!: 2f0e50e0613b
UVM_INFO out_mon.sv(31) @ 46717391: uvm_test_top.env0.out_mon_h [OUT_MON] GOT AN OUTPUT!: d47261b7a8a9
UVM_INFO out_mon.sv(31) @ 46722371: uvm_test_top.env0.out_mon_h [OUT_MON] GOT AN OUTPUT!: 5d77a428a952
UVM_INFO out_mon.sv(31) @ 46727351: uvm_test_top.env0.out_mon_h [OUT_MON] GOT AN OUTPUT!: b14259cf7e17
UVM_INFO out_mon.sv(31) @ 46732331: uvm_test_top.env0.out_mon_h [OUT_MON] GOT AN OUTPUT!: 0a2af81e8a02
UVM_INFO out_mon.sv(31) @ 46737311: uvm_test_top.env0.out_mon_h [OUT_MON] GOT AN OUTPUT!: 3c8df87fc734
UVM_INFO out_mon.sv(31) @ 46742291: uvm_test_top.env0.out_mon_h [OUT_MON] GOT AN OUTPUT!: 50b5f4ed267d
UVM_INFO out_mon.sv(31) @ 46747271: uvm_test_top.env0.out_mon_h [OUT_MON] GOT AN OUTPUT!: 67bb2697fc0f
UVM_INFO out_mon.sv(31) @ 46752251: uvm_test_top.env0.out_mon_h [OUT_MON] GOT AN OUTPUT!: a3638df75579
UVM_INFO out_mon.sv(31) @ 46757231: uvm_test_top.env0.out_mon_h [OUT_MON] GOT AN OUTPUT!: 88fa69555bfc
UVM_INFO out_mon.sv(31) @ 46762211: uvm_test_top.env0.out_mon_h [OUT_MON] GOT AN OUTPUT!: 173eb2b3b383
UVM_INFO out_mon.sv(31) @ 46767191: uvm_test_top.env0.out_mon_h [OUT_MON] GOT AN OUTPUT!: 8735dd9ede27
UVM_INFO out_mon.sv(31) @ 46772171: uvm_test_top.env0.out_mon_h [OUT_MON] GOT AN OUTPUT!: 70154a489c7c
UVM_INFO out_mon.sv(31) @ 46777151: uvm_test_top.env0.out_mon_h [OUT_MON] GOT AN OUTPUT!: c61a5701466a
UVM_INFO out_mon.sv(31) @ 46782131: uvm_test_top.env0.out_mon_h [OUT_MON] GOT AN OUTPUT!: ec718de82f79
UVM_INFO out_mon.sv(31) @ 46787111: uvm_test_top.env0.out_mon_h [OUT_MON] GOT AN OUTPUT!: d2127b6b0a7a
UVM_INFO out_mon.sv(31) @ 46792091: uvm_test_top.env0.out_mon_h [OUT_MON] GOT AN OUTPUT!: d1a14dec45b5
UVM_INFO out_mon.sv(31) @ 46797071: uvm_test_top.env0.out_mon_h [OUT_MON] GOT AN OUTPUT!: cc4d23a868d7
UVM_INFO out_mon.sv(31) @ 46802051: uvm_test_top.env0.out_mon_h [OUT_MON] GOT AN OUTPUT!: b7b053b27ad5
UVM_INFO out_mon.sv(31) @ 46807031: uvm_test_top.env0.out_mon_h [OUT_MON] GOT AN OUTPUT!: 96b3f39f5c6d
UVM_INFO out_mon.sv(31) @ 46812011: uvm_test_top.env0.out_mon_h [OUT_MON] GOT AN OUTPUT!: 956a5f382a32
UVM_INFO out_mon.sv(31) @ 46816991: uvm_test_top.env0.out_mon_h [OUT_MON] GOT AN OUTPUT!: bff26b4ba176
UVM_INFO out_mon.sv(31) @ 46821971: uvm_test_top.env0.out_mon_h [OUT_MON] GOT AN OUTPUT!: 8c5ae5767466
UVM_INFO out_mon.sv(31) @ 46826951: uvm_test_top.env0.out_mon_h [OUT_MON] GOT AN OUTPUT!: 2f77587ab580
UVM_INFO out_mon.sv(31) @ 46831931: uvm_test_top.env0.out_mon_h [OUT_MON] GOT AN OUTPUT!: 74cc207e31ce
UVM_INFO out_mon.sv(31) @ 46836911: uvm_test_top.env0.out_mon_h [OUT_MON] GOT AN OUTPUT!: 916def47d218
UVM_INFO out_mon.sv(31) @ 46841891: uvm_test_top.env0.out_mon_h [OUT_MON] GOT AN OUTPUT!: 29ce9653fc3a
UVM_INFO out_mon.sv(31) @ 46846871: uvm_test_top.env0.out_mon_h [OUT_MON] GOT AN OUTPUT!: 82bf7757f50e
UVM_INFO out_mon.sv(31) @ 46851851: uvm_test_top.env0.out_mon_h [OUT_MON] GOT AN OUTPUT!: 952b978c3587
UVM_INFO out_mon.sv(31) @ 46856831: uvm_test_top.env0.out_mon_h [OUT_MON] GOT AN OUTPUT!: 7d19d2d5d8d3
UVM_INFO out_mon.sv(31) @ 46861811: uvm_test_top.env0.out_mon_h [OUT_MON] GOT AN OUTPUT!: 7b6ee6a6f457
UVM_INFO out_mon.sv(31) @ 46866791: uvm_test_top.env0.out_mon_h [OUT_MON] GOT AN OUTPUT!: 82e6c52dfadc
UVM_INFO out_mon.sv(31) @ 46871771: uvm_test_top.env0.out_mon_h [OUT_MON] GOT AN OUTPUT!: 07e5142c19a4
UVM_INFO out_mon.sv(31) @ 46876751: uvm_test_top.env0.out_mon_h [OUT_MON] GOT AN OUTPUT!: 8b57438a978b
UVM_INFO out_mon.sv(31) @ 46881731: uvm_test_top.env0.out_mon_h [OUT_MON] GOT AN OUTPUT!: 189b9e873d5d
UVM_INFO out_mon.sv(31) @ 46886711: uvm_test_top.env0.out_mon_h [OUT_MON] GOT AN OUTPUT!: ae55b50fa894
UVM_INFO out_mon.sv(31) @ 46891691: uvm_test_top.env0.out_mon_h [OUT_MON] GOT AN OUTPUT!: 4a5982a3bbcd
UVM_INFO out_mon.sv(31) @ 46896671: uvm_test_top.env0.out_mon_h [OUT_MON] GOT AN OUTPUT!: 108976d6ec55
UVM_INFO out_mon.sv(31) @ 46901651: uvm_test_top.env0.out_mon_h [OUT_MON] GOT AN OUTPUT!: c4ae4548b304
UVM_INFO out_mon.sv(31) @ 46906631: uvm_test_top.env0.out_mon_h [OUT_MON] GOT AN OUTPUT!: 8f636babdc1b
UVM_INFO out_mon.sv(31) @ 46911611: uvm_test_top.env0.out_mon_h [OUT_MON] GOT AN OUTPUT!: c5e91134fcf4
UVM_INFO out_mon.sv(31) @ 46916591: uvm_test_top.env0.out_mon_h [OUT_MON] GOT AN OUTPUT!: 2d0f1087b8c5
UVM_INFO out_mon.sv(31) @ 46921571: uvm_test_top.env0.out_mon_h [OUT_MON] GOT AN OUTPUT!: ef1103fb367d
UVM_INFO out_mon.sv(31) @ 46926551: uvm_test_top.env0.out_mon_h [OUT_MON] GOT AN OUTPUT!: 3c76cccd78c9
UVM_INFO out_mon.sv(31) @ 46931531: uvm_test_top.env0.out_mon_h [OUT_MON] GOT AN OUTPUT!: 4ff33e9dbd27
UVM_INFO out_mon.sv(31) @ 46936511: uvm_test_top.env0.out_mon_h [OUT_MON] GOT AN OUTPUT!: 4d47e645dc0c
UVM_INFO out_mon.sv(31) @ 46941491: uvm_test_top.env0.out_mon_h [OUT_MON] GOT AN OUTPUT!: 331cd8eaaaaf
UVM_INFO out_mon.sv(31) @ 46946471: uvm_test_top.env0.out_mon_h [OUT_MON] GOT AN OUTPUT!: d7edf5db5d7f
UVM_INFO out_mon.sv(31) @ 46951451: uvm_test_top.env0.out_mon_h [OUT_MON] GOT AN OUTPUT!: a9d84197dd3d
UVM_INFO out_mon.sv(31) @ 46956431: uvm_test_top.env0.out_mon_h [OUT_MON] GOT AN OUTPUT!: a99121163608
UVM_INFO out_mon.sv(31) @ 46961411: uvm_test_top.env0.out_mon_h [OUT_MON] GOT AN OUTPUT!: d833351eee56
UVM_INFO out_mon.sv(31) @ 46966391: uvm_test_top.env0.out_mon_h [OUT_MON] GOT AN OUTPUT!: 10240c58679e
UVM_INFO out_mon.sv(31) @ 46971371: uvm_test_top.env0.out_mon_h [OUT_MON] GOT AN OUTPUT!: 00f9d6593a66
UVM_INFO out_mon.sv(31) @ 46976351: uvm_test_top.env0.out_mon_h [OUT_MON] GOT AN OUTPUT!: c651bfd9a723
UVM_INFO out_mon.sv(31) @ 46981331: uvm_test_top.env0.out_mon_h [OUT_MON] GOT AN OUTPUT!: 51b4fcdbe001
UVM_INFO out_mon.sv(31) @ 46986311: uvm_test_top.env0.out_mon_h [OUT_MON] GOT AN OUTPUT!: 9f81716376de
UVM_INFO out_mon.sv(31) @ 46991291: uvm_test_top.env0.out_mon_h [OUT_MON] GOT AN OUTPUT!: 6eb56813b99c
UVM_INFO out_mon.sv(31) @ 46996271: uvm_test_top.env0.out_mon_h [OUT_MON] GOT AN OUTPUT!: f3e179cd0f21
UVM_INFO out_mon.sv(31) @ 47001251: uvm_test_top.env0.out_mon_h [OUT_MON] GOT AN OUTPUT!: bf02d72161f6
UVM_INFO out_mon.sv(31) @ 47006231: uvm_test_top.env0.out_mon_h [OUT_MON] GOT AN OUTPUT!: cc5e55376e06
UVM_INFO out_mon.sv(31) @ 47011211: uvm_test_top.env0.out_mon_h [OUT_MON] GOT AN OUTPUT!: 786ba07534ec
UVM_INFO out_mon.sv(31) @ 47016191: uvm_test_top.env0.out_mon_h [OUT_MON] GOT AN OUTPUT!: cea405094ec2
UVM_INFO out_mon.sv(31) @ 47021171: uvm_test_top.env0.out_mon_h [OUT_MON] GOT AN OUTPUT!: 6b7af42b51ea
UVM_INFO out_mon.sv(31) @ 47026151: uvm_test_top.env0.out_mon_h [OUT_MON] GOT AN OUTPUT!: e921abab2c81
UVM_INFO out_mon.sv(31) @ 47031131: uvm_test_top.env0.out_mon_h [OUT_MON] GOT AN OUTPUT!: 8f7d4b2790ae
UVM_INFO out_mon.sv(31) @ 47036111: uvm_test_top.env0.out_mon_h [OUT_MON] GOT AN OUTPUT!: befcb703444a
UVM_INFO out_mon.sv(31) @ 47041091: uvm_test_top.env0.out_mon_h [OUT_MON] GOT AN OUTPUT!: 4e7c22f190a5
UVM_INFO out_mon.sv(31) @ 47046071: uvm_test_top.env0.out_mon_h [OUT_MON] GOT AN OUTPUT!: d4247bb192d7
UVM_INFO out_mon.sv(31) @ 47051051: uvm_test_top.env0.out_mon_h [OUT_MON] GOT AN OUTPUT!: 9149a550aa8a
UVM_INFO out_mon.sv(31) @ 47056031: uvm_test_top.env0.out_mon_h [OUT_MON] GOT AN OUTPUT!: 7946860bd2ea
UVM_INFO out_mon.sv(31) @ 47061011: uvm_test_top.env0.out_mon_h [OUT_MON] GOT AN OUTPUT!: 8b6a49a7ff81
UVM_INFO out_mon.sv(31) @ 47065991: uvm_test_top.env0.out_mon_h [OUT_MON] GOT AN OUTPUT!: 77cd94d97e03
UVM_INFO out_mon.sv(31) @ 47070971: uvm_test_top.env0.out_mon_h [OUT_MON] GOT AN OUTPUT!: 472e08126470
UVM_INFO out_mon.sv(31) @ 47075951: uvm_test_top.env0.out_mon_h [OUT_MON] GOT AN OUTPUT!: 7de270cfd705
UVM_INFO out_mon.sv(31) @ 47080931: uvm_test_top.env0.out_mon_h [OUT_MON] GOT AN OUTPUT!: f1a2453e7bc4
UVM_INFO out_mon.sv(31) @ 47085911: uvm_test_top.env0.out_mon_h [OUT_MON] GOT AN OUTPUT!: 4a77a2cdd3ab
UVM_INFO out_mon.sv(31) @ 47090891: uvm_test_top.env0.out_mon_h [OUT_MON] GOT AN OUTPUT!: e692f50a9d60
UVM_INFO out_mon.sv(31) @ 47095871: uvm_test_top.env0.out_mon_h [OUT_MON] GOT AN OUTPUT!: 99323bd83159
UVM_INFO out_mon.sv(31) @ 47100851: uvm_test_top.env0.out_mon_h [OUT_MON] GOT AN OUTPUT!: 7c8726e0e7e5
UVM_INFO out_mon.sv(31) @ 47105831: uvm_test_top.env0.out_mon_h [OUT_MON] GOT AN OUTPUT!: ce859dd56f35
UVM_INFO out_mon.sv(31) @ 47110811: uvm_test_top.env0.out_mon_h [OUT_MON] GOT AN OUTPUT!: 90ce7fd3341d
UVM_INFO out_mon.sv(31) @ 47115791: uvm_test_top.env0.out_mon_h [OUT_MON] GOT AN OUTPUT!: 63979609c504
UVM_INFO out_mon.sv(31) @ 47120771: uvm_test_top.env0.out_mon_h [OUT_MON] GOT AN OUTPUT!: d376c57722a8
UVM_INFO out_mon.sv(31) @ 47125751: uvm_test_top.env0.out_mon_h [OUT_MON] GOT AN OUTPUT!: 1255a0532fc0
UVM_INFO out_mon.sv(31) @ 47130731: uvm_test_top.env0.out_mon_h [OUT_MON] GOT AN OUTPUT!: d34613820bbd
UVM_INFO out_mon.sv(31) @ 47135711: uvm_test_top.env0.out_mon_h [OUT_MON] GOT AN OUTPUT!: c16da3256c6a
UVM_INFO out_mon.sv(31) @ 47140691: uvm_test_top.env0.out_mon_h [OUT_MON] GOT AN OUTPUT!: c9d1c1250c1e
UVM_INFO out_mon.sv(31) @ 47145671: uvm_test_top.env0.out_mon_h [OUT_MON] GOT AN OUTPUT!: 30481845f8fa
UVM_INFO out_mon.sv(31) @ 47150651: uvm_test_top.env0.out_mon_h [OUT_MON] GOT AN OUTPUT!: 275baa290012
UVM_INFO out_mon.sv(31) @ 47155631: uvm_test_top.env0.out_mon_h [OUT_MON] GOT AN OUTPUT!: 6314d2480d00
UVM_INFO out_mon.sv(31) @ 47160611: uvm_test_top.env0.out_mon_h [OUT_MON] GOT AN OUTPUT!: def4dbca8481
UVM_INFO out_mon.sv(31) @ 47165591: uvm_test_top.env0.out_mon_h [OUT_MON] GOT AN OUTPUT!: cebf5bc8a8d7
UVM_INFO out_mon.sv(31) @ 47170571: uvm_test_top.env0.out_mon_h [OUT_MON] GOT AN OUTPUT!: 72684c55f400
UVM_INFO out_mon.sv(31) @ 47175551: uvm_test_top.env0.out_mon_h [OUT_MON] GOT AN OUTPUT!: 44f32a6a85f0
UVM_INFO out_mon.sv(31) @ 47180531: uvm_test_top.env0.out_mon_h [OUT_MON] GOT AN OUTPUT!: be45b1836cf9
UVM_INFO out_mon.sv(31) @ 47185511: uvm_test_top.env0.out_mon_h [OUT_MON] GOT AN OUTPUT!: a01999921e29
UVM_INFO out_mon.sv(31) @ 47190491: uvm_test_top.env0.out_mon_h [OUT_MON] GOT AN OUTPUT!: 85d20392c9a9
UVM_INFO out_mon.sv(31) @ 47195471: uvm_test_top.env0.out_mon_h [OUT_MON] GOT AN OUTPUT!: 2f60e8e1b3a1
UVM_INFO out_mon.sv(31) @ 47200451: uvm_test_top.env0.out_mon_h [OUT_MON] GOT AN OUTPUT!: bf1ed727a234
UVM_INFO out_mon.sv(31) @ 47205431: uvm_test_top.env0.out_mon_h [OUT_MON] GOT AN OUTPUT!: e2b52d753c14
UVM_INFO out_mon.sv(31) @ 47210411: uvm_test_top.env0.out_mon_h [OUT_MON] GOT AN OUTPUT!: 9ef71de55a79
UVM_INFO out_mon.sv(31) @ 47215391: uvm_test_top.env0.out_mon_h [OUT_MON] GOT AN OUTPUT!: 36c384de781d
UVM_INFO out_mon.sv(31) @ 47220371: uvm_test_top.env0.out_mon_h [OUT_MON] GOT AN OUTPUT!: 64e554cb08eb
UVM_INFO out_mon.sv(31) @ 47225351: uvm_test_top.env0.out_mon_h [OUT_MON] GOT AN OUTPUT!: e0f555e0e06b
UVM_INFO out_mon.sv(31) @ 47230331: uvm_test_top.env0.out_mon_h [OUT_MON] GOT AN OUTPUT!: e736df4f8d1c
UVM_INFO out_mon.sv(31) @ 47235311: uvm_test_top.env0.out_mon_h [OUT_MON] GOT AN OUTPUT!: 3b7914edb459
UVM_INFO out_mon.sv(31) @ 47240291: uvm_test_top.env0.out_mon_h [OUT_MON] GOT AN OUTPUT!: def77d3d7e3e
UVM_INFO out_mon.sv(31) @ 47245271: uvm_test_top.env0.out_mon_h [OUT_MON] GOT AN OUTPUT!: 7137405fece0
UVM_INFO out_mon.sv(31) @ 47250251: uvm_test_top.env0.out_mon_h [OUT_MON] GOT AN OUTPUT!: f3f18d4f3d46
UVM_INFO out_mon.sv(31) @ 47255231: uvm_test_top.env0.out_mon_h [OUT_MON] GOT AN OUTPUT!: 69e00e78465c
UVM_INFO out_mon.sv(31) @ 47260211: uvm_test_top.env0.out_mon_h [OUT_MON] GOT AN OUTPUT!: 88b32f8ae3f3
UVM_INFO out_mon.sv(31) @ 47265191: uvm_test_top.env0.out_mon_h [OUT_MON] GOT AN OUTPUT!: 75dd84193f20
UVM_INFO out_mon.sv(31) @ 47270171: uvm_test_top.env0.out_mon_h [OUT_MON] GOT AN OUTPUT!: 4687d45e4d66
UVM_INFO out_mon.sv(31) @ 47275151: uvm_test_top.env0.out_mon_h [OUT_MON] GOT AN OUTPUT!: ba5b6d431046
UVM_INFO out_mon.sv(31) @ 47280131: uvm_test_top.env0.out_mon_h [OUT_MON] GOT AN OUTPUT!: 6979687b1494
UVM_INFO out_mon.sv(31) @ 47285111: uvm_test_top.env0.out_mon_h [OUT_MON] GOT AN OUTPUT!: 5d47f04fb9c6
UVM_INFO out_mon.sv(31) @ 47290091: uvm_test_top.env0.out_mon_h [OUT_MON] GOT AN OUTPUT!: cc5795729a34
UVM_INFO out_mon.sv(31) @ 47295071: uvm_test_top.env0.out_mon_h [OUT_MON] GOT AN OUTPUT!: 714930eef235
UVM_INFO out_mon.sv(31) @ 47300051: uvm_test_top.env0.out_mon_h [OUT_MON] GOT AN OUTPUT!: b4ab4911f774
UVM_INFO out_mon.sv(31) @ 47305031: uvm_test_top.env0.out_mon_h [OUT_MON] GOT AN OUTPUT!: a1d1bfe23a37
UVM_INFO out_mon.sv(31) @ 47310011: uvm_test_top.env0.out_mon_h [OUT_MON] GOT AN OUTPUT!: 5ec0127e0820
UVM_INFO out_mon.sv(31) @ 47314991: uvm_test_top.env0.out_mon_h [OUT_MON] GOT AN OUTPUT!: 9f0b4378cb10
UVM_INFO out_mon.sv(31) @ 47319971: uvm_test_top.env0.out_mon_h [OUT_MON] GOT AN OUTPUT!: 49a6680f6884
UVM_INFO out_mon.sv(31) @ 47324951: uvm_test_top.env0.out_mon_h [OUT_MON] GOT AN OUTPUT!: 49e02acba355
UVM_INFO out_mon.sv(31) @ 47329931: uvm_test_top.env0.out_mon_h [OUT_MON] GOT AN OUTPUT!: 432978ee74a1
UVM_INFO out_mon.sv(31) @ 47334911: uvm_test_top.env0.out_mon_h [OUT_MON] GOT AN OUTPUT!: 9ffebbb97a2b
UVM_INFO out_mon.sv(31) @ 47339891: uvm_test_top.env0.out_mon_h [OUT_MON] GOT AN OUTPUT!: 33ce926f481a
UVM_INFO out_mon.sv(31) @ 47344871: uvm_test_top.env0.out_mon_h [OUT_MON] GOT AN OUTPUT!: 67d15ea2d117
UVM_INFO out_mon.sv(31) @ 47349851: uvm_test_top.env0.out_mon_h [OUT_MON] GOT AN OUTPUT!: aae9c92dc164
UVM_INFO out_mon.sv(31) @ 47354831: uvm_test_top.env0.out_mon_h [OUT_MON] GOT AN OUTPUT!: 9c857fe5e1cd
UVM_INFO out_mon.sv(31) @ 47359811: uvm_test_top.env0.out_mon_h [OUT_MON] GOT AN OUTPUT!: 2a82e2e9768f
UVM_INFO out_mon.sv(31) @ 47364791: uvm_test_top.env0.out_mon_h [OUT_MON] GOT AN OUTPUT!: 9a07cd1aa700
UVM_INFO out_mon.sv(31) @ 47369771: uvm_test_top.env0.out_mon_h [OUT_MON] GOT AN OUTPUT!: 33652821cb5a
UVM_INFO out_mon.sv(31) @ 47374751: uvm_test_top.env0.out_mon_h [OUT_MON] GOT AN OUTPUT!: 08fe480edc9c
UVM_INFO out_mon.sv(31) @ 47379731: uvm_test_top.env0.out_mon_h [OUT_MON] GOT AN OUTPUT!: 11203e71d5ba
UVM_INFO out_mon.sv(31) @ 47384711: uvm_test_top.env0.out_mon_h [OUT_MON] GOT AN OUTPUT!: 8adfdf820377
UVM_INFO out_mon.sv(31) @ 47389691: uvm_test_top.env0.out_mon_h [OUT_MON] GOT AN OUTPUT!: 65fd84ac75a9
UVM_INFO out_mon.sv(31) @ 47394671: uvm_test_top.env0.out_mon_h [OUT_MON] GOT AN OUTPUT!: 25cd04a153dd
UVM_INFO out_mon.sv(31) @ 47399651: uvm_test_top.env0.out_mon_h [OUT_MON] GOT AN OUTPUT!: 770930b84253
UVM_INFO out_mon.sv(31) @ 47404631: uvm_test_top.env0.out_mon_h [OUT_MON] GOT AN OUTPUT!: 70b80843c7fc
UVM_INFO out_mon.sv(31) @ 47409611: uvm_test_top.env0.out_mon_h [OUT_MON] GOT AN OUTPUT!: 380fa42b9c7a
UVM_INFO out_mon.sv(31) @ 47414591: uvm_test_top.env0.out_mon_h [OUT_MON] GOT AN OUTPUT!: 7f4d9ae61ca1
UVM_INFO out_mon.sv(31) @ 47419571: uvm_test_top.env0.out_mon_h [OUT_MON] GOT AN OUTPUT!: 179d26a89f2f
UVM_INFO out_mon.sv(31) @ 47424551: uvm_test_top.env0.out_mon_h [OUT_MON] GOT AN OUTPUT!: 8df73d66d042
UVM_INFO out_mon.sv(31) @ 47429531: uvm_test_top.env0.out_mon_h [OUT_MON] GOT AN OUTPUT!: 8afd8ff925a7
UVM_INFO out_mon.sv(31) @ 47434511: uvm_test_top.env0.out_mon_h [OUT_MON] GOT AN OUTPUT!: 6de10e821fcb
UVM_INFO out_mon.sv(31) @ 47439491: uvm_test_top.env0.out_mon_h [OUT_MON] GOT AN OUTPUT!: 5a3b04eac861
UVM_INFO out_mon.sv(31) @ 47444471: uvm_test_top.env0.out_mon_h [OUT_MON] GOT AN OUTPUT!: b0f7bf0e0224
UVM_INFO out_mon.sv(31) @ 47449451: uvm_test_top.env0.out_mon_h [OUT_MON] GOT AN OUTPUT!: ac2459eaeb4d
UVM_INFO out_mon.sv(31) @ 47454431: uvm_test_top.env0.out_mon_h [OUT_MON] GOT AN OUTPUT!: 95e701f638f1
UVM_INFO out_mon.sv(31) @ 47459411: uvm_test_top.env0.out_mon_h [OUT_MON] GOT AN OUTPUT!: d2452962a23a
UVM_INFO out_mon.sv(31) @ 47464391: uvm_test_top.env0.out_mon_h [OUT_MON] GOT AN OUTPUT!: b41a57f83c79
UVM_INFO out_mon.sv(31) @ 47469371: uvm_test_top.env0.out_mon_h [OUT_MON] GOT AN OUTPUT!: d4e94fd2d037
UVM_INFO out_mon.sv(31) @ 47474351: uvm_test_top.env0.out_mon_h [OUT_MON] GOT AN OUTPUT!: 67bf941f482e
UVM_INFO out_mon.sv(31) @ 47479331: uvm_test_top.env0.out_mon_h [OUT_MON] GOT AN OUTPUT!: bf1ac3b00c25
UVM_INFO out_mon.sv(31) @ 47484311: uvm_test_top.env0.out_mon_h [OUT_MON] GOT AN OUTPUT!: fdc1e3005ad4
UVM_INFO out_mon.sv(31) @ 47489291: uvm_test_top.env0.out_mon_h [OUT_MON] GOT AN OUTPUT!: aaa681feb42f
UVM_INFO out_mon.sv(31) @ 47494271: uvm_test_top.env0.out_mon_h [OUT_MON] GOT AN OUTPUT!: 9fcbb1b630bd
UVM_INFO out_mon.sv(31) @ 47499251: uvm_test_top.env0.out_mon_h [OUT_MON] GOT AN OUTPUT!: 8c1a8daee567
UVM_INFO out_mon.sv(31) @ 47504231: uvm_test_top.env0.out_mon_h [OUT_MON] GOT AN OUTPUT!: 004b4e9d420f
UVM_INFO out_mon.sv(31) @ 47509211: uvm_test_top.env0.out_mon_h [OUT_MON] GOT AN OUTPUT!: bec0abb8782f
UVM_INFO out_mon.sv(31) @ 47514191: uvm_test_top.env0.out_mon_h [OUT_MON] GOT AN OUTPUT!: c66ba5cfce89
UVM_INFO out_mon.sv(31) @ 47519171: uvm_test_top.env0.out_mon_h [OUT_MON] GOT AN OUTPUT!: 50a4e8f70bbf
UVM_INFO out_mon.sv(31) @ 47524151: uvm_test_top.env0.out_mon_h [OUT_MON] GOT AN OUTPUT!: ba17db61d1cc
UVM_INFO out_mon.sv(31) @ 47529131: uvm_test_top.env0.out_mon_h [OUT_MON] GOT AN OUTPUT!: 0e9484c5fa6b
UVM_INFO out_mon.sv(31) @ 47534111: uvm_test_top.env0.out_mon_h [OUT_MON] GOT AN OUTPUT!: affc2b5d0290
UVM_INFO out_mon.sv(31) @ 47539091: uvm_test_top.env0.out_mon_h [OUT_MON] GOT AN OUTPUT!: 501b5a5c61e6
UVM_INFO out_mon.sv(31) @ 47544071: uvm_test_top.env0.out_mon_h [OUT_MON] GOT AN OUTPUT!: 3587e27ce4c8
UVM_INFO out_mon.sv(31) @ 47549051: uvm_test_top.env0.out_mon_h [OUT_MON] GOT AN OUTPUT!: 838565e91c45
UVM_INFO out_mon.sv(31) @ 47554031: uvm_test_top.env0.out_mon_h [OUT_MON] GOT AN OUTPUT!: fce1c9aaae2b
UVM_INFO out_mon.sv(31) @ 47559011: uvm_test_top.env0.out_mon_h [OUT_MON] GOT AN OUTPUT!: 79db646ec7ea
UVM_INFO out_mon.sv(31) @ 47563991: uvm_test_top.env0.out_mon_h [OUT_MON] GOT AN OUTPUT!: 08f9dc396012
UVM_INFO out_mon.sv(31) @ 47568971: uvm_test_top.env0.out_mon_h [OUT_MON] GOT AN OUTPUT!: 72ef565fbc1a
UVM_INFO out_mon.sv(31) @ 47573951: uvm_test_top.env0.out_mon_h [OUT_MON] GOT AN OUTPUT!: 997899e1b333
UVM_INFO out_mon.sv(31) @ 47578931: uvm_test_top.env0.out_mon_h [OUT_MON] GOT AN OUTPUT!: e946c1fa1b71
UVM_INFO out_mon.sv(31) @ 47583911: uvm_test_top.env0.out_mon_h [OUT_MON] GOT AN OUTPUT!: d6cfd77e2320
UVM_INFO out_mon.sv(31) @ 47588891: uvm_test_top.env0.out_mon_h [OUT_MON] GOT AN OUTPUT!: 1e327c63baf0
UVM_INFO out_mon.sv(31) @ 47593871: uvm_test_top.env0.out_mon_h [OUT_MON] GOT AN OUTPUT!: 3e246486ed0d
UVM_INFO out_mon.sv(31) @ 47598851: uvm_test_top.env0.out_mon_h [OUT_MON] GOT AN OUTPUT!: 65befe863dd7
UVM_INFO out_mon.sv(31) @ 47603831: uvm_test_top.env0.out_mon_h [OUT_MON] GOT AN OUTPUT!: cd674d4e0ccc
UVM_INFO out_mon.sv(31) @ 47608811: uvm_test_top.env0.out_mon_h [OUT_MON] GOT AN OUTPUT!: 32b5dcaafa07
UVM_INFO out_mon.sv(31) @ 47613791: uvm_test_top.env0.out_mon_h [OUT_MON] GOT AN OUTPUT!: ef432dfb3e89
UVM_INFO out_mon.sv(31) @ 47618771: uvm_test_top.env0.out_mon_h [OUT_MON] GOT AN OUTPUT!: e2a077d70e29
UVM_INFO out_mon.sv(31) @ 47623751: uvm_test_top.env0.out_mon_h [OUT_MON] GOT AN OUTPUT!: 27235247fd24
UVM_INFO out_mon.sv(31) @ 47628731: uvm_test_top.env0.out_mon_h [OUT_MON] GOT AN OUTPUT!: 49cf8ee75645
UVM_INFO out_mon.sv(31) @ 47633711: uvm_test_top.env0.out_mon_h [OUT_MON] GOT AN OUTPUT!: 7d3410fb86b3
UVM_INFO out_mon.sv(31) @ 47638691: uvm_test_top.env0.out_mon_h [OUT_MON] GOT AN OUTPUT!: ff4cb16c710c
UVM_INFO out_mon.sv(31) @ 47643671: uvm_test_top.env0.out_mon_h [OUT_MON] GOT AN OUTPUT!: aa612926d426
UVM_INFO out_mon.sv(31) @ 47648651: uvm_test_top.env0.out_mon_h [OUT_MON] GOT AN OUTPUT!: 68e44446b58a
UVM_INFO out_mon.sv(31) @ 47653631: uvm_test_top.env0.out_mon_h [OUT_MON] GOT AN OUTPUT!: 04588620a672
UVM_INFO out_mon.sv(31) @ 47658611: uvm_test_top.env0.out_mon_h [OUT_MON] GOT AN OUTPUT!: 872417024076
UVM_INFO out_mon.sv(31) @ 47663591: uvm_test_top.env0.out_mon_h [OUT_MON] GOT AN OUTPUT!: 298338417554
UVM_INFO out_mon.sv(31) @ 47668571: uvm_test_top.env0.out_mon_h [OUT_MON] GOT AN OUTPUT!: 815637f2efd9
UVM_INFO out_mon.sv(31) @ 47673551: uvm_test_top.env0.out_mon_h [OUT_MON] GOT AN OUTPUT!: 6d0e045f7d10
UVM_INFO out_mon.sv(31) @ 47678531: uvm_test_top.env0.out_mon_h [OUT_MON] GOT AN OUTPUT!: f1870f105f4c
UVM_INFO out_mon.sv(31) @ 47683511: uvm_test_top.env0.out_mon_h [OUT_MON] GOT AN OUTPUT!: 02e85a0aba2e
UVM_INFO out_mon.sv(31) @ 47688491: uvm_test_top.env0.out_mon_h [OUT_MON] GOT AN OUTPUT!: f0836d91ea6d
UVM_INFO out_mon.sv(31) @ 47693471: uvm_test_top.env0.out_mon_h [OUT_MON] GOT AN OUTPUT!: ebb80788e9a7
UVM_INFO out_mon.sv(31) @ 47698451: uvm_test_top.env0.out_mon_h [OUT_MON] GOT AN OUTPUT!: e1d47f4aace6
UVM_INFO out_mon.sv(31) @ 47703431: uvm_test_top.env0.out_mon_h [OUT_MON] GOT AN OUTPUT!: a0ef91918785
UVM_INFO out_mon.sv(31) @ 47708411: uvm_test_top.env0.out_mon_h [OUT_MON] GOT AN OUTPUT!: ffcb6dc582a1
UVM_INFO out_mon.sv(31) @ 47713391: uvm_test_top.env0.out_mon_h [OUT_MON] GOT AN OUTPUT!: 80b66fc9cd5f
UVM_INFO out_mon.sv(31) @ 47718371: uvm_test_top.env0.out_mon_h [OUT_MON] GOT AN OUTPUT!: a76f9f210a6c
UVM_INFO out_mon.sv(31) @ 47723351: uvm_test_top.env0.out_mon_h [OUT_MON] GOT AN OUTPUT!: f9fa1b00bbb6
UVM_INFO out_mon.sv(31) @ 47728331: uvm_test_top.env0.out_mon_h [OUT_MON] GOT AN OUTPUT!: 648c42ab9cc7
UVM_INFO out_mon.sv(31) @ 47733311: uvm_test_top.env0.out_mon_h [OUT_MON] GOT AN OUTPUT!: 7866422b089e
UVM_INFO out_mon.sv(31) @ 47738291: uvm_test_top.env0.out_mon_h [OUT_MON] GOT AN OUTPUT!: bdb3373f5612
UVM_INFO out_mon.sv(31) @ 47743271: uvm_test_top.env0.out_mon_h [OUT_MON] GOT AN OUTPUT!: 1067e61f35be
UVM_INFO out_mon.sv(31) @ 47748251: uvm_test_top.env0.out_mon_h [OUT_MON] GOT AN OUTPUT!: c02ae95e12d0
UVM_INFO out_mon.sv(31) @ 47753231: uvm_test_top.env0.out_mon_h [OUT_MON] GOT AN OUTPUT!: eb28d7117b08
UVM_INFO out_mon.sv(31) @ 47758211: uvm_test_top.env0.out_mon_h [OUT_MON] GOT AN OUTPUT!: 4c003c0d703c
UVM_INFO out_mon.sv(31) @ 47763191: uvm_test_top.env0.out_mon_h [OUT_MON] GOT AN OUTPUT!: 72985ccfd733
UVM_INFO out_mon.sv(31) @ 47768171: uvm_test_top.env0.out_mon_h [OUT_MON] GOT AN OUTPUT!: 20031c72cae0
UVM_INFO out_mon.sv(31) @ 47773151: uvm_test_top.env0.out_mon_h [OUT_MON] GOT AN OUTPUT!: 3d5f50be0469
UVM_INFO out_mon.sv(31) @ 47778131: uvm_test_top.env0.out_mon_h [OUT_MON] GOT AN OUTPUT!: a5bbc92f3a78
UVM_INFO out_mon.sv(31) @ 47783111: uvm_test_top.env0.out_mon_h [OUT_MON] GOT AN OUTPUT!: baeda1917f1b
UVM_INFO out_mon.sv(31) @ 47788091: uvm_test_top.env0.out_mon_h [OUT_MON] GOT AN OUTPUT!: 7d767c7b9fba
UVM_INFO out_mon.sv(31) @ 47793071: uvm_test_top.env0.out_mon_h [OUT_MON] GOT AN OUTPUT!: 9f6881cd847d
UVM_INFO out_mon.sv(31) @ 47798051: uvm_test_top.env0.out_mon_h [OUT_MON] GOT AN OUTPUT!: ca3e79049262
UVM_INFO out_mon.sv(31) @ 47803031: uvm_test_top.env0.out_mon_h [OUT_MON] GOT AN OUTPUT!: 0fc21cff0f9f
UVM_INFO out_mon.sv(31) @ 47808011: uvm_test_top.env0.out_mon_h [OUT_MON] GOT AN OUTPUT!: 3de520867511
UVM_INFO out_mon.sv(31) @ 47812991: uvm_test_top.env0.out_mon_h [OUT_MON] GOT AN OUTPUT!: 8da533b8db95
UVM_INFO out_mon.sv(31) @ 47817971: uvm_test_top.env0.out_mon_h [OUT_MON] GOT AN OUTPUT!: e4ef25295a5e
UVM_INFO out_mon.sv(31) @ 47822951: uvm_test_top.env0.out_mon_h [OUT_MON] GOT AN OUTPUT!: a37c6f4f66aa
UVM_INFO out_mon.sv(31) @ 47827931: uvm_test_top.env0.out_mon_h [OUT_MON] GOT AN OUTPUT!: b2ad799d27b3
UVM_INFO out_mon.sv(31) @ 47832911: uvm_test_top.env0.out_mon_h [OUT_MON] GOT AN OUTPUT!: 5074c654ea1e
UVM_INFO out_mon.sv(31) @ 47837891: uvm_test_top.env0.out_mon_h [OUT_MON] GOT AN OUTPUT!: cd2afdf5723b
UVM_INFO out_mon.sv(31) @ 47842871: uvm_test_top.env0.out_mon_h [OUT_MON] GOT AN OUTPUT!: 3479cad56357
UVM_INFO out_mon.sv(31) @ 47847851: uvm_test_top.env0.out_mon_h [OUT_MON] GOT AN OUTPUT!: 9933a3459b9e
UVM_INFO out_mon.sv(31) @ 47852831: uvm_test_top.env0.out_mon_h [OUT_MON] GOT AN OUTPUT!: 7c3636528f0a
UVM_INFO out_mon.sv(31) @ 47857811: uvm_test_top.env0.out_mon_h [OUT_MON] GOT AN OUTPUT!: 865103fcb9b1
UVM_INFO out_mon.sv(31) @ 47862791: uvm_test_top.env0.out_mon_h [OUT_MON] GOT AN OUTPUT!: 8d189d7fe84e
UVM_INFO out_mon.sv(31) @ 47867771: uvm_test_top.env0.out_mon_h [OUT_MON] GOT AN OUTPUT!: 9ad00d01abec
UVM_INFO out_mon.sv(31) @ 47872751: uvm_test_top.env0.out_mon_h [OUT_MON] GOT AN OUTPUT!: 714b7cbeab15
UVM_INFO out_mon.sv(31) @ 47877731: uvm_test_top.env0.out_mon_h [OUT_MON] GOT AN OUTPUT!: bfc0e58f0cbf
UVM_INFO out_mon.sv(31) @ 47882711: uvm_test_top.env0.out_mon_h [OUT_MON] GOT AN OUTPUT!: 03bbaa59d4fa
UVM_INFO out_mon.sv(31) @ 47887691: uvm_test_top.env0.out_mon_h [OUT_MON] GOT AN OUTPUT!: cceb85cf3a9f
UVM_INFO out_mon.sv(31) @ 47892671: uvm_test_top.env0.out_mon_h [OUT_MON] GOT AN OUTPUT!: dc1351821eed
UVM_INFO out_mon.sv(31) @ 47897651: uvm_test_top.env0.out_mon_h [OUT_MON] GOT AN OUTPUT!: 54dd3c3851e8
UVM_INFO out_mon.sv(31) @ 47902631: uvm_test_top.env0.out_mon_h [OUT_MON] GOT AN OUTPUT!: fac1790a079e
UVM_INFO out_mon.sv(31) @ 47907611: uvm_test_top.env0.out_mon_h [OUT_MON] GOT AN OUTPUT!: 30e0a4a82a57
UVM_INFO out_mon.sv(31) @ 47912591: uvm_test_top.env0.out_mon_h [OUT_MON] GOT AN OUTPUT!: 34ef52e1c837
UVM_INFO out_mon.sv(31) @ 47917571: uvm_test_top.env0.out_mon_h [OUT_MON] GOT AN OUTPUT!: cd0323406458
UVM_INFO out_mon.sv(31) @ 47922551: uvm_test_top.env0.out_mon_h [OUT_MON] GOT AN OUTPUT!: 60882e53604c
UVM_INFO out_mon.sv(31) @ 47927531: uvm_test_top.env0.out_mon_h [OUT_MON] GOT AN OUTPUT!: 3410960259da
UVM_INFO out_mon.sv(31) @ 47932511: uvm_test_top.env0.out_mon_h [OUT_MON] GOT AN OUTPUT!: 403c82fe8b7b
UVM_INFO out_mon.sv(31) @ 47937491: uvm_test_top.env0.out_mon_h [OUT_MON] GOT AN OUTPUT!: db95332b27de
UVM_INFO out_mon.sv(31) @ 47942471: uvm_test_top.env0.out_mon_h [OUT_MON] GOT AN OUTPUT!: 2f75b694c0c1
UVM_INFO out_mon.sv(31) @ 47947451: uvm_test_top.env0.out_mon_h [OUT_MON] GOT AN OUTPUT!: 2fdd484fa786
UVM_INFO out_mon.sv(31) @ 47952431: uvm_test_top.env0.out_mon_h [OUT_MON] GOT AN OUTPUT!: 8e5c2f5542e6
UVM_INFO out_mon.sv(31) @ 47957411: uvm_test_top.env0.out_mon_h [OUT_MON] GOT AN OUTPUT!: dff3df3876cc
UVM_INFO out_mon.sv(31) @ 47962391: uvm_test_top.env0.out_mon_h [OUT_MON] GOT AN OUTPUT!: ede25d490914
UVM_INFO out_mon.sv(31) @ 47967371: uvm_test_top.env0.out_mon_h [OUT_MON] GOT AN OUTPUT!: e9a2f17df2a2
UVM_INFO out_mon.sv(31) @ 47972351: uvm_test_top.env0.out_mon_h [OUT_MON] GOT AN OUTPUT!: fbb1313ed1f2
UVM_INFO out_mon.sv(31) @ 47977331: uvm_test_top.env0.out_mon_h [OUT_MON] GOT AN OUTPUT!: 657b2ee437b7
UVM_INFO out_mon.sv(31) @ 47982311: uvm_test_top.env0.out_mon_h [OUT_MON] GOT AN OUTPUT!: 2e35c4871755
UVM_INFO out_mon.sv(31) @ 47987291: uvm_test_top.env0.out_mon_h [OUT_MON] GOT AN OUTPUT!: 12c500771e8a
UVM_INFO out_mon.sv(31) @ 47992271: uvm_test_top.env0.out_mon_h [OUT_MON] GOT AN OUTPUT!: 3099947017ee
UVM_INFO out_mon.sv(31) @ 47997251: uvm_test_top.env0.out_mon_h [OUT_MON] GOT AN OUTPUT!: a38dd7664716
UVM_INFO out_mon.sv(31) @ 48002231: uvm_test_top.env0.out_mon_h [OUT_MON] GOT AN OUTPUT!: 0ec82e81cdfd
UVM_INFO out_mon.sv(31) @ 48007211: uvm_test_top.env0.out_mon_h [OUT_MON] GOT AN OUTPUT!: c8a061a109bf
UVM_INFO out_mon.sv(31) @ 48012191: uvm_test_top.env0.out_mon_h [OUT_MON] GOT AN OUTPUT!: 21729279f566
UVM_INFO out_mon.sv(31) @ 48017171: uvm_test_top.env0.out_mon_h [OUT_MON] GOT AN OUTPUT!: fd8bb93284c0
UVM_INFO out_mon.sv(31) @ 48022151: uvm_test_top.env0.out_mon_h [OUT_MON] GOT AN OUTPUT!: ba0037080b4a
UVM_INFO out_mon.sv(31) @ 48027131: uvm_test_top.env0.out_mon_h [OUT_MON] GOT AN OUTPUT!: 1499305d92d4
UVM_INFO out_mon.sv(31) @ 48032111: uvm_test_top.env0.out_mon_h [OUT_MON] GOT AN OUTPUT!: 8ea0fd494868
UVM_INFO out_mon.sv(31) @ 48037091: uvm_test_top.env0.out_mon_h [OUT_MON] GOT AN OUTPUT!: 82d5bd78d14a
UVM_INFO out_mon.sv(31) @ 48042071: uvm_test_top.env0.out_mon_h [OUT_MON] GOT AN OUTPUT!: e63ae704ad74
UVM_INFO out_mon.sv(31) @ 48047051: uvm_test_top.env0.out_mon_h [OUT_MON] GOT AN OUTPUT!: 6c0bbc8a9b43
UVM_INFO out_mon.sv(31) @ 48052031: uvm_test_top.env0.out_mon_h [OUT_MON] GOT AN OUTPUT!: 8481ffa6f5ab
UVM_INFO out_mon.sv(31) @ 48057011: uvm_test_top.env0.out_mon_h [OUT_MON] GOT AN OUTPUT!: 6ec706a50d4b
UVM_INFO out_mon.sv(31) @ 48061991: uvm_test_top.env0.out_mon_h [OUT_MON] GOT AN OUTPUT!: 55d824fe99c3
UVM_INFO out_mon.sv(31) @ 48066971: uvm_test_top.env0.out_mon_h [OUT_MON] GOT AN OUTPUT!: 3056fa020214
UVM_INFO out_mon.sv(31) @ 48071951: uvm_test_top.env0.out_mon_h [OUT_MON] GOT AN OUTPUT!: db723db7d697
UVM_INFO out_mon.sv(31) @ 48076931: uvm_test_top.env0.out_mon_h [OUT_MON] GOT AN OUTPUT!: a8c799df1873
UVM_INFO out_mon.sv(31) @ 48081911: uvm_test_top.env0.out_mon_h [OUT_MON] GOT AN OUTPUT!: 57398498aa8b
UVM_INFO out_mon.sv(31) @ 48086891: uvm_test_top.env0.out_mon_h [OUT_MON] GOT AN OUTPUT!: 2ee04819a872
UVM_INFO out_mon.sv(31) @ 48091871: uvm_test_top.env0.out_mon_h [OUT_MON] GOT AN OUTPUT!: b7d95d7cce2c
UVM_INFO out_mon.sv(31) @ 48096851: uvm_test_top.env0.out_mon_h [OUT_MON] GOT AN OUTPUT!: 44304c8ad293
UVM_INFO out_mon.sv(31) @ 48101831: uvm_test_top.env0.out_mon_h [OUT_MON] GOT AN OUTPUT!: 44bd8211c3fa
UVM_INFO out_mon.sv(31) @ 48106811: uvm_test_top.env0.out_mon_h [OUT_MON] GOT AN OUTPUT!: 21029e236e18
UVM_INFO out_mon.sv(31) @ 48111791: uvm_test_top.env0.out_mon_h [OUT_MON] GOT AN OUTPUT!: 0a13e452c0ca
UVM_INFO out_mon.sv(31) @ 48116771: uvm_test_top.env0.out_mon_h [OUT_MON] GOT AN OUTPUT!: 00642ac81a73
UVM_INFO out_mon.sv(31) @ 48121751: uvm_test_top.env0.out_mon_h [OUT_MON] GOT AN OUTPUT!: 04c510c4c3d7
UVM_INFO out_mon.sv(31) @ 48126731: uvm_test_top.env0.out_mon_h [OUT_MON] GOT AN OUTPUT!: 2c2116ed339f
UVM_INFO out_mon.sv(31) @ 48131711: uvm_test_top.env0.out_mon_h [OUT_MON] GOT AN OUTPUT!: 0e7f7c7286d4
UVM_INFO out_mon.sv(31) @ 48136691: uvm_test_top.env0.out_mon_h [OUT_MON] GOT AN OUTPUT!: c8c527f2d299
UVM_INFO out_mon.sv(31) @ 48141671: uvm_test_top.env0.out_mon_h [OUT_MON] GOT AN OUTPUT!: 89ad89a88817
UVM_INFO out_mon.sv(31) @ 48146651: uvm_test_top.env0.out_mon_h [OUT_MON] GOT AN OUTPUT!: 619ad840d6b0
UVM_INFO out_mon.sv(31) @ 48151631: uvm_test_top.env0.out_mon_h [OUT_MON] GOT AN OUTPUT!: cd7d9771043c
UVM_INFO out_mon.sv(31) @ 48156611: uvm_test_top.env0.out_mon_h [OUT_MON] GOT AN OUTPUT!: 34b04222dbe4
UVM_INFO out_mon.sv(31) @ 48161591: uvm_test_top.env0.out_mon_h [OUT_MON] GOT AN OUTPUT!: 51db06cff651
UVM_INFO out_mon.sv(31) @ 48166571: uvm_test_top.env0.out_mon_h [OUT_MON] GOT AN OUTPUT!: 3ece6664380e
UVM_INFO out_mon.sv(31) @ 48171551: uvm_test_top.env0.out_mon_h [OUT_MON] GOT AN OUTPUT!: 9b6e73bf1ae7
UVM_INFO out_mon.sv(31) @ 48176531: uvm_test_top.env0.out_mon_h [OUT_MON] GOT AN OUTPUT!: 0784faac1009
UVM_INFO out_mon.sv(31) @ 48181511: uvm_test_top.env0.out_mon_h [OUT_MON] GOT AN OUTPUT!: e7a911e9ea19
UVM_INFO out_mon.sv(31) @ 48186491: uvm_test_top.env0.out_mon_h [OUT_MON] GOT AN OUTPUT!: 2d1e44993b8b
UVM_INFO out_mon.sv(31) @ 48191471: uvm_test_top.env0.out_mon_h [OUT_MON] GOT AN OUTPUT!: 98b47929a7f4
UVM_INFO out_mon.sv(31) @ 48196451: uvm_test_top.env0.out_mon_h [OUT_MON] GOT AN OUTPUT!: b0a62b9e55f7
UVM_INFO out_mon.sv(31) @ 48201431: uvm_test_top.env0.out_mon_h [OUT_MON] GOT AN OUTPUT!: 617db6c14635
UVM_INFO out_mon.sv(31) @ 48206411: uvm_test_top.env0.out_mon_h [OUT_MON] GOT AN OUTPUT!: 01e9069dbbd1
UVM_INFO out_mon.sv(31) @ 48211391: uvm_test_top.env0.out_mon_h [OUT_MON] GOT AN OUTPUT!: 31ac04598be4
UVM_INFO out_mon.sv(31) @ 48216371: uvm_test_top.env0.out_mon_h [OUT_MON] GOT AN OUTPUT!: cb724b458812
UVM_INFO out_mon.sv(31) @ 48221351: uvm_test_top.env0.out_mon_h [OUT_MON] GOT AN OUTPUT!: e1b2f7bceab3
UVM_INFO out_mon.sv(31) @ 48226331: uvm_test_top.env0.out_mon_h [OUT_MON] GOT AN OUTPUT!: 7e8eb82b9a16
UVM_INFO out_mon.sv(31) @ 48231311: uvm_test_top.env0.out_mon_h [OUT_MON] GOT AN OUTPUT!: 9eb78353a5a2
UVM_INFO out_mon.sv(31) @ 48236291: uvm_test_top.env0.out_mon_h [OUT_MON] GOT AN OUTPUT!: 9f4903a98c55
UVM_INFO out_mon.sv(31) @ 48241271: uvm_test_top.env0.out_mon_h [OUT_MON] GOT AN OUTPUT!: 16aaa05fb5e2
UVM_INFO out_mon.sv(31) @ 48246251: uvm_test_top.env0.out_mon_h [OUT_MON] GOT AN OUTPUT!: d06faf78b9a8
UVM_INFO out_mon.sv(31) @ 48251231: uvm_test_top.env0.out_mon_h [OUT_MON] GOT AN OUTPUT!: 6437faf8d467
UVM_INFO out_mon.sv(31) @ 48256211: uvm_test_top.env0.out_mon_h [OUT_MON] GOT AN OUTPUT!: 9f8a290e3e4e
UVM_INFO out_mon.sv(31) @ 48261191: uvm_test_top.env0.out_mon_h [OUT_MON] GOT AN OUTPUT!: bac677c88429
UVM_INFO out_mon.sv(31) @ 48266171: uvm_test_top.env0.out_mon_h [OUT_MON] GOT AN OUTPUT!: 10eaacb6f75f
UVM_INFO out_mon.sv(31) @ 48271151: uvm_test_top.env0.out_mon_h [OUT_MON] GOT AN OUTPUT!: d287e985fc85
UVM_INFO out_mon.sv(31) @ 48276131: uvm_test_top.env0.out_mon_h [OUT_MON] GOT AN OUTPUT!: eb981d737efe
UVM_INFO out_mon.sv(31) @ 48281111: uvm_test_top.env0.out_mon_h [OUT_MON] GOT AN OUTPUT!: 1464d4323cbc
UVM_INFO out_mon.sv(31) @ 48286091: uvm_test_top.env0.out_mon_h [OUT_MON] GOT AN OUTPUT!: c5606b9432e7
UVM_INFO out_mon.sv(31) @ 48291071: uvm_test_top.env0.out_mon_h [OUT_MON] GOT AN OUTPUT!: 860a8b13fd08
UVM_INFO out_mon.sv(31) @ 48296051: uvm_test_top.env0.out_mon_h [OUT_MON] GOT AN OUTPUT!: ced185152e9c
UVM_INFO out_mon.sv(31) @ 48301031: uvm_test_top.env0.out_mon_h [OUT_MON] GOT AN OUTPUT!: 75e78e73bb34
UVM_INFO out_mon.sv(31) @ 48306011: uvm_test_top.env0.out_mon_h [OUT_MON] GOT AN OUTPUT!: 5f3290ba4ff3
UVM_INFO out_mon.sv(31) @ 48310991: uvm_test_top.env0.out_mon_h [OUT_MON] GOT AN OUTPUT!: e7237917b244
UVM_INFO out_mon.sv(31) @ 48315971: uvm_test_top.env0.out_mon_h [OUT_MON] GOT AN OUTPUT!: 409264eb2e2b
UVM_INFO out_mon.sv(31) @ 48320951: uvm_test_top.env0.out_mon_h [OUT_MON] GOT AN OUTPUT!: bdab557fe008
UVM_INFO out_mon.sv(31) @ 48325931: uvm_test_top.env0.out_mon_h [OUT_MON] GOT AN OUTPUT!: bbbfef4f294c
UVM_INFO out_mon.sv(31) @ 48330911: uvm_test_top.env0.out_mon_h [OUT_MON] GOT AN OUTPUT!: aa2cb3e20137
UVM_INFO out_mon.sv(31) @ 48335891: uvm_test_top.env0.out_mon_h [OUT_MON] GOT AN OUTPUT!: 644098295d04
UVM_INFO out_mon.sv(31) @ 48340871: uvm_test_top.env0.out_mon_h [OUT_MON] GOT AN OUTPUT!: d6135de58de1
UVM_INFO out_mon.sv(31) @ 48345851: uvm_test_top.env0.out_mon_h [OUT_MON] GOT AN OUTPUT!: a4643774a3be
UVM_INFO out_mon.sv(31) @ 48350831: uvm_test_top.env0.out_mon_h [OUT_MON] GOT AN OUTPUT!: 4f88fa1fc5d4
UVM_INFO out_mon.sv(31) @ 48355811: uvm_test_top.env0.out_mon_h [OUT_MON] GOT AN OUTPUT!: 0939b6bf982b
UVM_INFO out_mon.sv(31) @ 48360791: uvm_test_top.env0.out_mon_h [OUT_MON] GOT AN OUTPUT!: 357d784fa1d2
UVM_INFO out_mon.sv(31) @ 48365771: uvm_test_top.env0.out_mon_h [OUT_MON] GOT AN OUTPUT!: 4e88fec89ae9
UVM_INFO out_mon.sv(31) @ 48370751: uvm_test_top.env0.out_mon_h [OUT_MON] GOT AN OUTPUT!: a3989b59de24
UVM_INFO out_mon.sv(31) @ 48375731: uvm_test_top.env0.out_mon_h [OUT_MON] GOT AN OUTPUT!: 2adc40d9c595
UVM_INFO out_mon.sv(31) @ 48380711: uvm_test_top.env0.out_mon_h [OUT_MON] GOT AN OUTPUT!: 5e4a8404fc70
UVM_INFO out_mon.sv(31) @ 48385691: uvm_test_top.env0.out_mon_h [OUT_MON] GOT AN OUTPUT!: db842de4f3ed
UVM_INFO out_mon.sv(31) @ 48390671: uvm_test_top.env0.out_mon_h [OUT_MON] GOT AN OUTPUT!: 3ebc8c753254
UVM_INFO out_mon.sv(31) @ 48395651: uvm_test_top.env0.out_mon_h [OUT_MON] GOT AN OUTPUT!: 708c465fc144
UVM_INFO out_mon.sv(31) @ 48400631: uvm_test_top.env0.out_mon_h [OUT_MON] GOT AN OUTPUT!: 5edb42687dc6
UVM_INFO out_mon.sv(31) @ 48405611: uvm_test_top.env0.out_mon_h [OUT_MON] GOT AN OUTPUT!: d8bdc9df89fd
UVM_INFO out_mon.sv(31) @ 48410591: uvm_test_top.env0.out_mon_h [OUT_MON] GOT AN OUTPUT!: 0553f4329b98
UVM_INFO out_mon.sv(31) @ 48415571: uvm_test_top.env0.out_mon_h [OUT_MON] GOT AN OUTPUT!: ada75f756a46
UVM_INFO out_mon.sv(31) @ 48420551: uvm_test_top.env0.out_mon_h [OUT_MON] GOT AN OUTPUT!: 518f86790632
UVM_INFO out_mon.sv(31) @ 48425531: uvm_test_top.env0.out_mon_h [OUT_MON] GOT AN OUTPUT!: bf911fca3ecb
UVM_INFO out_mon.sv(31) @ 48430511: uvm_test_top.env0.out_mon_h [OUT_MON] GOT AN OUTPUT!: a7ba09aefbf1
UVM_INFO out_mon.sv(31) @ 48435491: uvm_test_top.env0.out_mon_h [OUT_MON] GOT AN OUTPUT!: 618a00faa395
UVM_INFO out_mon.sv(31) @ 48440471: uvm_test_top.env0.out_mon_h [OUT_MON] GOT AN OUTPUT!: dcc5cb517616
UVM_INFO out_mon.sv(31) @ 48445451: uvm_test_top.env0.out_mon_h [OUT_MON] GOT AN OUTPUT!: 755f4e32f2d8
UVM_INFO out_mon.sv(31) @ 48450431: uvm_test_top.env0.out_mon_h [OUT_MON] GOT AN OUTPUT!: 225858e332d7
UVM_INFO out_mon.sv(31) @ 48455411: uvm_test_top.env0.out_mon_h [OUT_MON] GOT AN OUTPUT!: 379a3e0b4ad6
UVM_INFO out_mon.sv(31) @ 48460391: uvm_test_top.env0.out_mon_h [OUT_MON] GOT AN OUTPUT!: b2df27a8ac71
UVM_INFO out_mon.sv(31) @ 48465371: uvm_test_top.env0.out_mon_h [OUT_MON] GOT AN OUTPUT!: cb8935a387a3
UVM_INFO out_mon.sv(31) @ 48470351: uvm_test_top.env0.out_mon_h [OUT_MON] GOT AN OUTPUT!: 3d87642420c0
UVM_INFO out_mon.sv(31) @ 48475331: uvm_test_top.env0.out_mon_h [OUT_MON] GOT AN OUTPUT!: 8735e37f40f4
UVM_INFO out_mon.sv(31) @ 48480311: uvm_test_top.env0.out_mon_h [OUT_MON] GOT AN OUTPUT!: 123b9c518a56
UVM_INFO out_mon.sv(31) @ 48485291: uvm_test_top.env0.out_mon_h [OUT_MON] GOT AN OUTPUT!: ff6cb921d9b8
UVM_INFO out_mon.sv(31) @ 48490271: uvm_test_top.env0.out_mon_h [OUT_MON] GOT AN OUTPUT!: 0da9aca2a783
UVM_INFO out_mon.sv(31) @ 48495251: uvm_test_top.env0.out_mon_h [OUT_MON] GOT AN OUTPUT!: d3bbeb6a66a8
UVM_INFO out_mon.sv(31) @ 48500231: uvm_test_top.env0.out_mon_h [OUT_MON] GOT AN OUTPUT!: 453accbaef45
UVM_INFO out_mon.sv(31) @ 48505211: uvm_test_top.env0.out_mon_h [OUT_MON] GOT AN OUTPUT!: 3a6d76afca9f
UVM_INFO out_mon.sv(31) @ 48510191: uvm_test_top.env0.out_mon_h [OUT_MON] GOT AN OUTPUT!: 731f0aeba3a3
UVM_INFO out_mon.sv(31) @ 48515171: uvm_test_top.env0.out_mon_h [OUT_MON] GOT AN OUTPUT!: 4c8d629c9ccf
UVM_INFO out_mon.sv(31) @ 48520151: uvm_test_top.env0.out_mon_h [OUT_MON] GOT AN OUTPUT!: 223d0e6fba5e
UVM_INFO out_mon.sv(31) @ 48525131: uvm_test_top.env0.out_mon_h [OUT_MON] GOT AN OUTPUT!: 11e6c4cb3aab
UVM_INFO out_mon.sv(31) @ 48530111: uvm_test_top.env0.out_mon_h [OUT_MON] GOT AN OUTPUT!: 9a467d67f476
UVM_INFO out_mon.sv(31) @ 48535091: uvm_test_top.env0.out_mon_h [OUT_MON] GOT AN OUTPUT!: 4d099a21c0ac
UVM_INFO out_mon.sv(31) @ 48540071: uvm_test_top.env0.out_mon_h [OUT_MON] GOT AN OUTPUT!: 8ba2dd96cc7d
UVM_INFO out_mon.sv(31) @ 48545051: uvm_test_top.env0.out_mon_h [OUT_MON] GOT AN OUTPUT!: 073d26ee0aa9
UVM_INFO out_mon.sv(31) @ 48550031: uvm_test_top.env0.out_mon_h [OUT_MON] GOT AN OUTPUT!: 7b8042dc7f29
UVM_INFO out_mon.sv(31) @ 48555011: uvm_test_top.env0.out_mon_h [OUT_MON] GOT AN OUTPUT!: dc8fc9c1b209
UVM_INFO out_mon.sv(31) @ 48559991: uvm_test_top.env0.out_mon_h [OUT_MON] GOT AN OUTPUT!: efccad73072a
UVM_INFO out_mon.sv(31) @ 48564971: uvm_test_top.env0.out_mon_h [OUT_MON] GOT AN OUTPUT!: 07cd140e1970
UVM_INFO out_mon.sv(31) @ 48569951: uvm_test_top.env0.out_mon_h [OUT_MON] GOT AN OUTPUT!: 5b2e62ea20a9
UVM_INFO out_mon.sv(31) @ 48574931: uvm_test_top.env0.out_mon_h [OUT_MON] GOT AN OUTPUT!: 2e8004805535
UVM_INFO out_mon.sv(31) @ 48579911: uvm_test_top.env0.out_mon_h [OUT_MON] GOT AN OUTPUT!: c91721e34879
UVM_INFO out_mon.sv(31) @ 48584891: uvm_test_top.env0.out_mon_h [OUT_MON] GOT AN OUTPUT!: ecf7251d474c
UVM_INFO out_mon.sv(31) @ 48589871: uvm_test_top.env0.out_mon_h [OUT_MON] GOT AN OUTPUT!: 49b18c8db86b
UVM_INFO out_mon.sv(31) @ 48594851: uvm_test_top.env0.out_mon_h [OUT_MON] GOT AN OUTPUT!: 223d981d86e0
UVM_INFO out_mon.sv(31) @ 48599831: uvm_test_top.env0.out_mon_h [OUT_MON] GOT AN OUTPUT!: 1de798e271b9
UVM_INFO out_mon.sv(31) @ 48604811: uvm_test_top.env0.out_mon_h [OUT_MON] GOT AN OUTPUT!: fc1f9d897353
UVM_INFO out_mon.sv(31) @ 48609791: uvm_test_top.env0.out_mon_h [OUT_MON] GOT AN OUTPUT!: a3645da0280f
UVM_INFO out_mon.sv(31) @ 48614771: uvm_test_top.env0.out_mon_h [OUT_MON] GOT AN OUTPUT!: c324c79527df
UVM_INFO out_mon.sv(31) @ 48619751: uvm_test_top.env0.out_mon_h [OUT_MON] GOT AN OUTPUT!: 009724075f10
UVM_INFO out_mon.sv(31) @ 48624731: uvm_test_top.env0.out_mon_h [OUT_MON] GOT AN OUTPUT!: 669f54bc7e8f
UVM_INFO out_mon.sv(31) @ 48629711: uvm_test_top.env0.out_mon_h [OUT_MON] GOT AN OUTPUT!: 90ab01564fec
UVM_INFO out_mon.sv(31) @ 48634691: uvm_test_top.env0.out_mon_h [OUT_MON] GOT AN OUTPUT!: c899e39f14c7
UVM_INFO out_mon.sv(31) @ 48639671: uvm_test_top.env0.out_mon_h [OUT_MON] GOT AN OUTPUT!: 0f8ddc04f5ee
UVM_INFO out_mon.sv(31) @ 48644651: uvm_test_top.env0.out_mon_h [OUT_MON] GOT AN OUTPUT!: c9da039c4911
UVM_INFO out_mon.sv(31) @ 48649631: uvm_test_top.env0.out_mon_h [OUT_MON] GOT AN OUTPUT!: 85e537c10a75
UVM_INFO out_mon.sv(31) @ 48654611: uvm_test_top.env0.out_mon_h [OUT_MON] GOT AN OUTPUT!: 15f7c82f336e
UVM_INFO out_mon.sv(31) @ 48659591: uvm_test_top.env0.out_mon_h [OUT_MON] GOT AN OUTPUT!: f5248f2a1068
UVM_INFO out_mon.sv(31) @ 48664571: uvm_test_top.env0.out_mon_h [OUT_MON] GOT AN OUTPUT!: af33ef0ab2dc
UVM_INFO out_mon.sv(31) @ 48669551: uvm_test_top.env0.out_mon_h [OUT_MON] GOT AN OUTPUT!: c372b34d407e
UVM_INFO out_mon.sv(31) @ 48674531: uvm_test_top.env0.out_mon_h [OUT_MON] GOT AN OUTPUT!: 3a9fb6f56049
UVM_INFO out_mon.sv(31) @ 48679511: uvm_test_top.env0.out_mon_h [OUT_MON] GOT AN OUTPUT!: e7bed9e1956d
UVM_INFO out_mon.sv(31) @ 48684491: uvm_test_top.env0.out_mon_h [OUT_MON] GOT AN OUTPUT!: 0c04f4659ab6
UVM_INFO out_mon.sv(31) @ 48689471: uvm_test_top.env0.out_mon_h [OUT_MON] GOT AN OUTPUT!: d5b3e343ca66
UVM_INFO out_mon.sv(31) @ 48694451: uvm_test_top.env0.out_mon_h [OUT_MON] GOT AN OUTPUT!: f1f28fdd7dad
UVM_INFO out_mon.sv(31) @ 48699431: uvm_test_top.env0.out_mon_h [OUT_MON] GOT AN OUTPUT!: 29bd92325fde
UVM_INFO out_mon.sv(31) @ 48704411: uvm_test_top.env0.out_mon_h [OUT_MON] GOT AN OUTPUT!: c1b2ef06e2da
UVM_INFO out_mon.sv(31) @ 48709391: uvm_test_top.env0.out_mon_h [OUT_MON] GOT AN OUTPUT!: 150710498c1c
UVM_INFO out_mon.sv(31) @ 48714371: uvm_test_top.env0.out_mon_h [OUT_MON] GOT AN OUTPUT!: a351718f66eb
UVM_INFO out_mon.sv(31) @ 48719351: uvm_test_top.env0.out_mon_h [OUT_MON] GOT AN OUTPUT!: 897da33f5082
UVM_INFO out_mon.sv(31) @ 48724331: uvm_test_top.env0.out_mon_h [OUT_MON] GOT AN OUTPUT!: 1d9b8cc4697f
UVM_INFO out_mon.sv(31) @ 48729311: uvm_test_top.env0.out_mon_h [OUT_MON] GOT AN OUTPUT!: 25cde0df6607
UVM_INFO out_mon.sv(31) @ 48734291: uvm_test_top.env0.out_mon_h [OUT_MON] GOT AN OUTPUT!: e21badef014f
UVM_INFO out_mon.sv(31) @ 48739271: uvm_test_top.env0.out_mon_h [OUT_MON] GOT AN OUTPUT!: e16139c74ae1
UVM_INFO out_mon.sv(31) @ 48744251: uvm_test_top.env0.out_mon_h [OUT_MON] GOT AN OUTPUT!: 591f6c700f50
UVM_INFO out_mon.sv(31) @ 48749231: uvm_test_top.env0.out_mon_h [OUT_MON] GOT AN OUTPUT!: 78653ce236cd
UVM_INFO out_mon.sv(31) @ 48754211: uvm_test_top.env0.out_mon_h [OUT_MON] GOT AN OUTPUT!: edb0299c2b05
UVM_INFO out_mon.sv(31) @ 48759191: uvm_test_top.env0.out_mon_h [OUT_MON] GOT AN OUTPUT!: 97c75ba528f9
UVM_INFO out_mon.sv(31) @ 48764171: uvm_test_top.env0.out_mon_h [OUT_MON] GOT AN OUTPUT!: 199cb657b3b6
UVM_INFO out_mon.sv(31) @ 48769151: uvm_test_top.env0.out_mon_h [OUT_MON] GOT AN OUTPUT!: c931930adffa
UVM_INFO out_mon.sv(31) @ 48774131: uvm_test_top.env0.out_mon_h [OUT_MON] GOT AN OUTPUT!: 31701672c3ce
UVM_INFO out_mon.sv(31) @ 48779111: uvm_test_top.env0.out_mon_h [OUT_MON] GOT AN OUTPUT!: 1f11d64fd1d4
UVM_INFO out_mon.sv(31) @ 48784091: uvm_test_top.env0.out_mon_h [OUT_MON] GOT AN OUTPUT!: f076fbc53707
UVM_INFO out_mon.sv(31) @ 48789071: uvm_test_top.env0.out_mon_h [OUT_MON] GOT AN OUTPUT!: a091796e3d84
UVM_INFO out_mon.sv(31) @ 48794051: uvm_test_top.env0.out_mon_h [OUT_MON] GOT AN OUTPUT!: c4bb0b0aa9aa
UVM_INFO out_mon.sv(31) @ 48799031: uvm_test_top.env0.out_mon_h [OUT_MON] GOT AN OUTPUT!: 759d965a1f02
UVM_INFO out_mon.sv(31) @ 48804011: uvm_test_top.env0.out_mon_h [OUT_MON] GOT AN OUTPUT!: db0a897e7896
UVM_INFO out_mon.sv(31) @ 48808991: uvm_test_top.env0.out_mon_h [OUT_MON] GOT AN OUTPUT!: d2e2adfd3039
UVM_INFO out_mon.sv(31) @ 48813971: uvm_test_top.env0.out_mon_h [OUT_MON] GOT AN OUTPUT!: eaf08337bf4c
UVM_INFO out_mon.sv(31) @ 48818951: uvm_test_top.env0.out_mon_h [OUT_MON] GOT AN OUTPUT!: a5cd59f2f2ed
UVM_INFO out_mon.sv(31) @ 48823931: uvm_test_top.env0.out_mon_h [OUT_MON] GOT AN OUTPUT!: c2bb0f455aa4
UVM_INFO out_mon.sv(31) @ 48828911: uvm_test_top.env0.out_mon_h [OUT_MON] GOT AN OUTPUT!: 00877e049d00
UVM_INFO out_mon.sv(31) @ 48833891: uvm_test_top.env0.out_mon_h [OUT_MON] GOT AN OUTPUT!: 9370b789e483
UVM_INFO out_mon.sv(31) @ 48838871: uvm_test_top.env0.out_mon_h [OUT_MON] GOT AN OUTPUT!: 45febc652e12
UVM_INFO out_mon.sv(31) @ 48843851: uvm_test_top.env0.out_mon_h [OUT_MON] GOT AN OUTPUT!: fce5ab57ba2a
UVM_INFO out_mon.sv(31) @ 48848831: uvm_test_top.env0.out_mon_h [OUT_MON] GOT AN OUTPUT!: 15de88ad60ff
UVM_INFO out_mon.sv(31) @ 48853811: uvm_test_top.env0.out_mon_h [OUT_MON] GOT AN OUTPUT!: d99cd5ccf871
UVM_INFO out_mon.sv(31) @ 48858791: uvm_test_top.env0.out_mon_h [OUT_MON] GOT AN OUTPUT!: f895b597b117
UVM_INFO out_mon.sv(31) @ 48863771: uvm_test_top.env0.out_mon_h [OUT_MON] GOT AN OUTPUT!: cae857ef788d
UVM_INFO out_mon.sv(31) @ 48868751: uvm_test_top.env0.out_mon_h [OUT_MON] GOT AN OUTPUT!: cb4add7c5aa8
UVM_INFO out_mon.sv(31) @ 48873731: uvm_test_top.env0.out_mon_h [OUT_MON] GOT AN OUTPUT!: 84d4a388dbb1
UVM_INFO out_mon.sv(31) @ 48878711: uvm_test_top.env0.out_mon_h [OUT_MON] GOT AN OUTPUT!: ebec638d5bc1
UVM_INFO out_mon.sv(31) @ 48883691: uvm_test_top.env0.out_mon_h [OUT_MON] GOT AN OUTPUT!: da2aafc2792b
UVM_INFO out_mon.sv(31) @ 48888671: uvm_test_top.env0.out_mon_h [OUT_MON] GOT AN OUTPUT!: 252886d26d9d
UVM_INFO out_mon.sv(31) @ 48893651: uvm_test_top.env0.out_mon_h [OUT_MON] GOT AN OUTPUT!: 887771816c4f
UVM_INFO out_mon.sv(31) @ 48898631: uvm_test_top.env0.out_mon_h [OUT_MON] GOT AN OUTPUT!: 5a6940e50acd
UVM_INFO out_mon.sv(31) @ 48903611: uvm_test_top.env0.out_mon_h [OUT_MON] GOT AN OUTPUT!: c404218294c9
UVM_INFO out_mon.sv(31) @ 48908591: uvm_test_top.env0.out_mon_h [OUT_MON] GOT AN OUTPUT!: f3db636c7574
UVM_INFO out_mon.sv(31) @ 48913571: uvm_test_top.env0.out_mon_h [OUT_MON] GOT AN OUTPUT!: 83e27b368fac
UVM_INFO out_mon.sv(31) @ 48918551: uvm_test_top.env0.out_mon_h [OUT_MON] GOT AN OUTPUT!: 0a67b659a2a8
UVM_INFO out_mon.sv(31) @ 48923531: uvm_test_top.env0.out_mon_h [OUT_MON] GOT AN OUTPUT!: 8ddb755db2e2
UVM_INFO out_mon.sv(31) @ 48928511: uvm_test_top.env0.out_mon_h [OUT_MON] GOT AN OUTPUT!: 53be74e35563
UVM_INFO out_mon.sv(31) @ 48933491: uvm_test_top.env0.out_mon_h [OUT_MON] GOT AN OUTPUT!: 427aa0641e3c
UVM_INFO out_mon.sv(31) @ 48938471: uvm_test_top.env0.out_mon_h [OUT_MON] GOT AN OUTPUT!: ce490f420302
UVM_INFO out_mon.sv(31) @ 48943451: uvm_test_top.env0.out_mon_h [OUT_MON] GOT AN OUTPUT!: 290db87dacda
UVM_INFO out_mon.sv(31) @ 48948431: uvm_test_top.env0.out_mon_h [OUT_MON] GOT AN OUTPUT!: 2d35762beac4
UVM_INFO out_mon.sv(31) @ 48953411: uvm_test_top.env0.out_mon_h [OUT_MON] GOT AN OUTPUT!: 3b9d8081fd25
UVM_INFO out_mon.sv(31) @ 48958391: uvm_test_top.env0.out_mon_h [OUT_MON] GOT AN OUTPUT!: 046fce110948
UVM_INFO out_mon.sv(31) @ 48963371: uvm_test_top.env0.out_mon_h [OUT_MON] GOT AN OUTPUT!: f2f889886909
UVM_INFO out_mon.sv(31) @ 48968351: uvm_test_top.env0.out_mon_h [OUT_MON] GOT AN OUTPUT!: b49ee917167c
UVM_INFO out_mon.sv(31) @ 48973331: uvm_test_top.env0.out_mon_h [OUT_MON] GOT AN OUTPUT!: 12abf4440bba
UVM_INFO out_mon.sv(31) @ 48978311: uvm_test_top.env0.out_mon_h [OUT_MON] GOT AN OUTPUT!: 17355ad595f9
UVM_INFO out_mon.sv(31) @ 48983291: uvm_test_top.env0.out_mon_h [OUT_MON] GOT AN OUTPUT!: 3501c41fc1a8
UVM_INFO out_mon.sv(31) @ 48988271: uvm_test_top.env0.out_mon_h [OUT_MON] GOT AN OUTPUT!: ea5c73d1bb43
UVM_INFO out_mon.sv(31) @ 48993251: uvm_test_top.env0.out_mon_h [OUT_MON] GOT AN OUTPUT!: 1705ea1a28e2
UVM_INFO out_mon.sv(31) @ 48998231: uvm_test_top.env0.out_mon_h [OUT_MON] GOT AN OUTPUT!: fd0017ba88e1
UVM_INFO out_mon.sv(31) @ 49003211: uvm_test_top.env0.out_mon_h [OUT_MON] GOT AN OUTPUT!: a48289619ba6
UVM_INFO out_mon.sv(31) @ 49008191: uvm_test_top.env0.out_mon_h [OUT_MON] GOT AN OUTPUT!: 1acda464b6cc
UVM_INFO out_mon.sv(31) @ 49013171: uvm_test_top.env0.out_mon_h [OUT_MON] GOT AN OUTPUT!: c409a1b0344f
UVM_INFO out_mon.sv(31) @ 49018151: uvm_test_top.env0.out_mon_h [OUT_MON] GOT AN OUTPUT!: b82dd986c22b
UVM_INFO out_mon.sv(31) @ 49023131: uvm_test_top.env0.out_mon_h [OUT_MON] GOT AN OUTPUT!: e2e1ab67d154
UVM_INFO out_mon.sv(31) @ 49028111: uvm_test_top.env0.out_mon_h [OUT_MON] GOT AN OUTPUT!: 5e4f1434e9ca
UVM_INFO out_mon.sv(31) @ 49033091: uvm_test_top.env0.out_mon_h [OUT_MON] GOT AN OUTPUT!: 4116446e0fa2
UVM_INFO out_mon.sv(31) @ 49038071: uvm_test_top.env0.out_mon_h [OUT_MON] GOT AN OUTPUT!: d71eb11d245a
UVM_INFO out_mon.sv(31) @ 49043051: uvm_test_top.env0.out_mon_h [OUT_MON] GOT AN OUTPUT!: fd797bc848f3
UVM_INFO out_mon.sv(31) @ 49048031: uvm_test_top.env0.out_mon_h [OUT_MON] GOT AN OUTPUT!: 1945ee8332d7
UVM_INFO out_mon.sv(31) @ 49053011: uvm_test_top.env0.out_mon_h [OUT_MON] GOT AN OUTPUT!: e191e3f79969
UVM_INFO out_mon.sv(31) @ 49057991: uvm_test_top.env0.out_mon_h [OUT_MON] GOT AN OUTPUT!: f43227fc8d21
UVM_INFO out_mon.sv(31) @ 49062971: uvm_test_top.env0.out_mon_h [OUT_MON] GOT AN OUTPUT!: edacf114dd24
UVM_INFO out_mon.sv(31) @ 49067951: uvm_test_top.env0.out_mon_h [OUT_MON] GOT AN OUTPUT!: 7c0fcaec723b
UVM_INFO out_mon.sv(31) @ 49072931: uvm_test_top.env0.out_mon_h [OUT_MON] GOT AN OUTPUT!: a4d4d1acb1fd
UVM_INFO out_mon.sv(31) @ 49077911: uvm_test_top.env0.out_mon_h [OUT_MON] GOT AN OUTPUT!: 35c8cabfdd1b
UVM_INFO out_mon.sv(31) @ 49082891: uvm_test_top.env0.out_mon_h [OUT_MON] GOT AN OUTPUT!: 18da385b7336
UVM_INFO out_mon.sv(31) @ 49087871: uvm_test_top.env0.out_mon_h [OUT_MON] GOT AN OUTPUT!: 030afae98897
UVM_INFO out_mon.sv(31) @ 49092851: uvm_test_top.env0.out_mon_h [OUT_MON] GOT AN OUTPUT!: b6445b293840
UVM_INFO out_mon.sv(31) @ 49097831: uvm_test_top.env0.out_mon_h [OUT_MON] GOT AN OUTPUT!: ce42219df45d
UVM_INFO out_mon.sv(31) @ 49102811: uvm_test_top.env0.out_mon_h [OUT_MON] GOT AN OUTPUT!: d06297a5e559
UVM_INFO out_mon.sv(31) @ 49107791: uvm_test_top.env0.out_mon_h [OUT_MON] GOT AN OUTPUT!: f69b214f5866
UVM_INFO out_mon.sv(31) @ 49112771: uvm_test_top.env0.out_mon_h [OUT_MON] GOT AN OUTPUT!: ed40e7c5103f
UVM_INFO out_mon.sv(31) @ 49117751: uvm_test_top.env0.out_mon_h [OUT_MON] GOT AN OUTPUT!: 7bff02e9b1f1
UVM_INFO out_mon.sv(31) @ 49122731: uvm_test_top.env0.out_mon_h [OUT_MON] GOT AN OUTPUT!: d1a9c17a18a6
UVM_INFO out_mon.sv(31) @ 49127711: uvm_test_top.env0.out_mon_h [OUT_MON] GOT AN OUTPUT!: eb1c43cebc67
UVM_INFO out_mon.sv(31) @ 49132691: uvm_test_top.env0.out_mon_h [OUT_MON] GOT AN OUTPUT!: 4d276e1417b0
UVM_INFO out_mon.sv(31) @ 49137671: uvm_test_top.env0.out_mon_h [OUT_MON] GOT AN OUTPUT!: 095e4491f62f
UVM_INFO out_mon.sv(31) @ 49142651: uvm_test_top.env0.out_mon_h [OUT_MON] GOT AN OUTPUT!: c6067b59e916
UVM_INFO out_mon.sv(31) @ 49147631: uvm_test_top.env0.out_mon_h [OUT_MON] GOT AN OUTPUT!: 40f01e7498e4
UVM_INFO out_mon.sv(31) @ 49152611: uvm_test_top.env0.out_mon_h [OUT_MON] GOT AN OUTPUT!: 855655662a4e
UVM_INFO out_mon.sv(31) @ 49157591: uvm_test_top.env0.out_mon_h [OUT_MON] GOT AN OUTPUT!: ccc1cda1a3ed
UVM_INFO out_mon.sv(31) @ 49162571: uvm_test_top.env0.out_mon_h [OUT_MON] GOT AN OUTPUT!: c2e0a943394a
UVM_INFO out_mon.sv(31) @ 49167551: uvm_test_top.env0.out_mon_h [OUT_MON] GOT AN OUTPUT!: a479f129cdda
UVM_INFO out_mon.sv(31) @ 49172531: uvm_test_top.env0.out_mon_h [OUT_MON] GOT AN OUTPUT!: 7133a8472e1e
UVM_INFO out_mon.sv(31) @ 49177511: uvm_test_top.env0.out_mon_h [OUT_MON] GOT AN OUTPUT!: 28860ebf949d
UVM_INFO out_mon.sv(31) @ 49182491: uvm_test_top.env0.out_mon_h [OUT_MON] GOT AN OUTPUT!: c996b92fe83e
UVM_INFO out_mon.sv(31) @ 49187471: uvm_test_top.env0.out_mon_h [OUT_MON] GOT AN OUTPUT!: 8e149f3337fc
UVM_INFO out_mon.sv(31) @ 49192451: uvm_test_top.env0.out_mon_h [OUT_MON] GOT AN OUTPUT!: 9818bbff0387
UVM_INFO out_mon.sv(31) @ 49197431: uvm_test_top.env0.out_mon_h [OUT_MON] GOT AN OUTPUT!: 0b0fceaeaf41
UVM_INFO out_mon.sv(31) @ 49202411: uvm_test_top.env0.out_mon_h [OUT_MON] GOT AN OUTPUT!: 47866e95d6d7
UVM_INFO out_mon.sv(31) @ 49207391: uvm_test_top.env0.out_mon_h [OUT_MON] GOT AN OUTPUT!: c22331b1b89f
UVM_INFO out_mon.sv(31) @ 49212371: uvm_test_top.env0.out_mon_h [OUT_MON] GOT AN OUTPUT!: ad6b1b118558
UVM_INFO out_mon.sv(31) @ 49217351: uvm_test_top.env0.out_mon_h [OUT_MON] GOT AN OUTPUT!: 6eba60cdce41
UVM_INFO out_mon.sv(31) @ 49222331: uvm_test_top.env0.out_mon_h [OUT_MON] GOT AN OUTPUT!: 96130be6e551
UVM_INFO out_mon.sv(31) @ 49227311: uvm_test_top.env0.out_mon_h [OUT_MON] GOT AN OUTPUT!: d103bb22307e
UVM_INFO out_mon.sv(31) @ 49232291: uvm_test_top.env0.out_mon_h [OUT_MON] GOT AN OUTPUT!: 1088f2be949f
UVM_INFO out_mon.sv(31) @ 49237271: uvm_test_top.env0.out_mon_h [OUT_MON] GOT AN OUTPUT!: d9e83997d625
UVM_INFO out_mon.sv(31) @ 49242251: uvm_test_top.env0.out_mon_h [OUT_MON] GOT AN OUTPUT!: 7a98dc10f092
UVM_INFO out_mon.sv(31) @ 49247231: uvm_test_top.env0.out_mon_h [OUT_MON] GOT AN OUTPUT!: 97169ddd7f61
UVM_INFO out_mon.sv(31) @ 49252211: uvm_test_top.env0.out_mon_h [OUT_MON] GOT AN OUTPUT!: 4cd0bc821471
UVM_INFO out_mon.sv(31) @ 49257191: uvm_test_top.env0.out_mon_h [OUT_MON] GOT AN OUTPUT!: defbdd23a528
UVM_INFO out_mon.sv(31) @ 49262171: uvm_test_top.env0.out_mon_h [OUT_MON] GOT AN OUTPUT!: a67a27fddd51
UVM_INFO out_mon.sv(31) @ 49267151: uvm_test_top.env0.out_mon_h [OUT_MON] GOT AN OUTPUT!: bcbe259884a7
UVM_INFO out_mon.sv(31) @ 49272131: uvm_test_top.env0.out_mon_h [OUT_MON] GOT AN OUTPUT!: 99a26793e581
UVM_INFO out_mon.sv(31) @ 49277111: uvm_test_top.env0.out_mon_h [OUT_MON] GOT AN OUTPUT!: 9c4f37a41bb3
UVM_INFO out_mon.sv(31) @ 49282091: uvm_test_top.env0.out_mon_h [OUT_MON] GOT AN OUTPUT!: 37176e138730
UVM_INFO out_mon.sv(31) @ 49287071: uvm_test_top.env0.out_mon_h [OUT_MON] GOT AN OUTPUT!: 365896e422a7
UVM_INFO out_mon.sv(31) @ 49292051: uvm_test_top.env0.out_mon_h [OUT_MON] GOT AN OUTPUT!: 5a61c867e3a4
UVM_INFO out_mon.sv(31) @ 49297031: uvm_test_top.env0.out_mon_h [OUT_MON] GOT AN OUTPUT!: 3c4748e819b1
UVM_INFO out_mon.sv(31) @ 49302011: uvm_test_top.env0.out_mon_h [OUT_MON] GOT AN OUTPUT!: 35cf22b3d19f
UVM_INFO out_mon.sv(31) @ 49306991: uvm_test_top.env0.out_mon_h [OUT_MON] GOT AN OUTPUT!: c44687ad36ff
UVM_INFO out_mon.sv(31) @ 49311971: uvm_test_top.env0.out_mon_h [OUT_MON] GOT AN OUTPUT!: 9e6a7d2def30
UVM_INFO out_mon.sv(31) @ 49316951: uvm_test_top.env0.out_mon_h [OUT_MON] GOT AN OUTPUT!: 75403eda7ac9
UVM_INFO out_mon.sv(31) @ 49321931: uvm_test_top.env0.out_mon_h [OUT_MON] GOT AN OUTPUT!: 1800aabc98b5
UVM_INFO out_mon.sv(31) @ 49326911: uvm_test_top.env0.out_mon_h [OUT_MON] GOT AN OUTPUT!: 72e7a8bca3b3
UVM_INFO out_mon.sv(31) @ 49331891: uvm_test_top.env0.out_mon_h [OUT_MON] GOT AN OUTPUT!: a11d2151ea36
UVM_INFO out_mon.sv(31) @ 49336871: uvm_test_top.env0.out_mon_h [OUT_MON] GOT AN OUTPUT!: 099fe6022772
UVM_INFO out_mon.sv(31) @ 49341851: uvm_test_top.env0.out_mon_h [OUT_MON] GOT AN OUTPUT!: 3f0cce07c1da
UVM_INFO out_mon.sv(31) @ 49346831: uvm_test_top.env0.out_mon_h [OUT_MON] GOT AN OUTPUT!: 1a99e637453a
UVM_INFO out_mon.sv(31) @ 49351811: uvm_test_top.env0.out_mon_h [OUT_MON] GOT AN OUTPUT!: 49ddecfbb7a7
UVM_INFO out_mon.sv(31) @ 49356791: uvm_test_top.env0.out_mon_h [OUT_MON] GOT AN OUTPUT!: 47be7a01f8ea
UVM_INFO out_mon.sv(31) @ 49361771: uvm_test_top.env0.out_mon_h [OUT_MON] GOT AN OUTPUT!: 785784eb2655
UVM_INFO out_mon.sv(31) @ 49366751: uvm_test_top.env0.out_mon_h [OUT_MON] GOT AN OUTPUT!: dfbee91dfd62
UVM_INFO out_mon.sv(31) @ 49371731: uvm_test_top.env0.out_mon_h [OUT_MON] GOT AN OUTPUT!: ac06ad8f3051
UVM_INFO out_mon.sv(31) @ 49376711: uvm_test_top.env0.out_mon_h [OUT_MON] GOT AN OUTPUT!: 8a03dd18d010
UVM_INFO out_mon.sv(31) @ 49381691: uvm_test_top.env0.out_mon_h [OUT_MON] GOT AN OUTPUT!: 7d391ab8adc1
UVM_INFO out_mon.sv(31) @ 49386671: uvm_test_top.env0.out_mon_h [OUT_MON] GOT AN OUTPUT!: b2b9ffcdaf17
UVM_INFO out_mon.sv(31) @ 49391651: uvm_test_top.env0.out_mon_h [OUT_MON] GOT AN OUTPUT!: 86fa232c39ba
UVM_INFO out_mon.sv(31) @ 49396631: uvm_test_top.env0.out_mon_h [OUT_MON] GOT AN OUTPUT!: b6cb25a19119
UVM_INFO out_mon.sv(31) @ 49401611: uvm_test_top.env0.out_mon_h [OUT_MON] GOT AN OUTPUT!: 7316c03e3054
UVM_INFO out_mon.sv(31) @ 49406591: uvm_test_top.env0.out_mon_h [OUT_MON] GOT AN OUTPUT!: cfe4577f350c
UVM_INFO out_mon.sv(31) @ 49411571: uvm_test_top.env0.out_mon_h [OUT_MON] GOT AN OUTPUT!: c61ab92eb0e6
UVM_INFO out_mon.sv(31) @ 49416551: uvm_test_top.env0.out_mon_h [OUT_MON] GOT AN OUTPUT!: c07295931627
UVM_INFO out_mon.sv(31) @ 49421531: uvm_test_top.env0.out_mon_h [OUT_MON] GOT AN OUTPUT!: 6b5074459514
UVM_INFO out_mon.sv(31) @ 49426511: uvm_test_top.env0.out_mon_h [OUT_MON] GOT AN OUTPUT!: 3fa3aac77341
UVM_INFO out_mon.sv(31) @ 49431491: uvm_test_top.env0.out_mon_h [OUT_MON] GOT AN OUTPUT!: 00c6a4ae78f1
UVM_INFO out_mon.sv(31) @ 49436471: uvm_test_top.env0.out_mon_h [OUT_MON] GOT AN OUTPUT!: 2561ec0044c0
UVM_INFO out_mon.sv(31) @ 49441451: uvm_test_top.env0.out_mon_h [OUT_MON] GOT AN OUTPUT!: e3444d14b7e4
UVM_INFO out_mon.sv(31) @ 49446431: uvm_test_top.env0.out_mon_h [OUT_MON] GOT AN OUTPUT!: 56553a174968
UVM_INFO out_mon.sv(31) @ 49451411: uvm_test_top.env0.out_mon_h [OUT_MON] GOT AN OUTPUT!: fa5b57ff6f8f
UVM_INFO out_mon.sv(31) @ 49456391: uvm_test_top.env0.out_mon_h [OUT_MON] GOT AN OUTPUT!: 6fef1897f825
UVM_INFO out_mon.sv(31) @ 49461371: uvm_test_top.env0.out_mon_h [OUT_MON] GOT AN OUTPUT!: 445526ed7971
UVM_INFO out_mon.sv(31) @ 49466351: uvm_test_top.env0.out_mon_h [OUT_MON] GOT AN OUTPUT!: 345b383b942e
UVM_INFO out_mon.sv(31) @ 49471331: uvm_test_top.env0.out_mon_h [OUT_MON] GOT AN OUTPUT!: 223c6831736e
UVM_INFO out_mon.sv(31) @ 49476311: uvm_test_top.env0.out_mon_h [OUT_MON] GOT AN OUTPUT!: b6834d25148a
UVM_INFO out_mon.sv(31) @ 49481291: uvm_test_top.env0.out_mon_h [OUT_MON] GOT AN OUTPUT!: 63dea88db907
UVM_INFO out_mon.sv(31) @ 49486271: uvm_test_top.env0.out_mon_h [OUT_MON] GOT AN OUTPUT!: 461284dd3963
UVM_INFO out_mon.sv(31) @ 49491251: uvm_test_top.env0.out_mon_h [OUT_MON] GOT AN OUTPUT!: 13c9c090666f
UVM_INFO out_mon.sv(31) @ 49496231: uvm_test_top.env0.out_mon_h [OUT_MON] GOT AN OUTPUT!: 1b78720e792c
UVM_INFO out_mon.sv(31) @ 49501211: uvm_test_top.env0.out_mon_h [OUT_MON] GOT AN OUTPUT!: 0344b8af5837
UVM_INFO out_mon.sv(31) @ 49506191: uvm_test_top.env0.out_mon_h [OUT_MON] GOT AN OUTPUT!: c3dcd3011300
UVM_INFO out_mon.sv(31) @ 49511171: uvm_test_top.env0.out_mon_h [OUT_MON] GOT AN OUTPUT!: 165f3e242bca
UVM_INFO out_mon.sv(31) @ 49516151: uvm_test_top.env0.out_mon_h [OUT_MON] GOT AN OUTPUT!: 4d30f8d70347
UVM_INFO out_mon.sv(31) @ 49521131: uvm_test_top.env0.out_mon_h [OUT_MON] GOT AN OUTPUT!: 4fe43c88366f
UVM_INFO out_mon.sv(31) @ 49526111: uvm_test_top.env0.out_mon_h [OUT_MON] GOT AN OUTPUT!: 321d3088030b
UVM_INFO out_mon.sv(31) @ 49531091: uvm_test_top.env0.out_mon_h [OUT_MON] GOT AN OUTPUT!: 9d61af309c0c
UVM_INFO out_mon.sv(31) @ 49536071: uvm_test_top.env0.out_mon_h [OUT_MON] GOT AN OUTPUT!: 060c0e9d93f1
UVM_INFO out_mon.sv(31) @ 49541051: uvm_test_top.env0.out_mon_h [OUT_MON] GOT AN OUTPUT!: 63214e4a3462
UVM_INFO out_mon.sv(31) @ 49546031: uvm_test_top.env0.out_mon_h [OUT_MON] GOT AN OUTPUT!: e12cdfaeea63
UVM_INFO out_mon.sv(31) @ 49551011: uvm_test_top.env0.out_mon_h [OUT_MON] GOT AN OUTPUT!: c82f29b59cf5
UVM_INFO out_mon.sv(31) @ 49555991: uvm_test_top.env0.out_mon_h [OUT_MON] GOT AN OUTPUT!: 8c6a2f9d0acb
UVM_INFO out_mon.sv(31) @ 49560971: uvm_test_top.env0.out_mon_h [OUT_MON] GOT AN OUTPUT!: c256c1a3315d
UVM_INFO out_mon.sv(31) @ 49565951: uvm_test_top.env0.out_mon_h [OUT_MON] GOT AN OUTPUT!: 6d70a28eaa65
UVM_INFO out_mon.sv(31) @ 49570931: uvm_test_top.env0.out_mon_h [OUT_MON] GOT AN OUTPUT!: e226c7ef0d37
UVM_INFO out_mon.sv(31) @ 49575911: uvm_test_top.env0.out_mon_h [OUT_MON] GOT AN OUTPUT!: 32ac1aac499d
UVM_INFO out_mon.sv(31) @ 49580891: uvm_test_top.env0.out_mon_h [OUT_MON] GOT AN OUTPUT!: dee90d3d0c70
UVM_INFO out_mon.sv(31) @ 49585871: uvm_test_top.env0.out_mon_h [OUT_MON] GOT AN OUTPUT!: 3f485a9c2171
UVM_INFO out_mon.sv(31) @ 49590851: uvm_test_top.env0.out_mon_h [OUT_MON] GOT AN OUTPUT!: e2a9c3d4cc17
UVM_INFO out_mon.sv(31) @ 49595831: uvm_test_top.env0.out_mon_h [OUT_MON] GOT AN OUTPUT!: d73023be2ecb
UVM_INFO out_mon.sv(31) @ 49600811: uvm_test_top.env0.out_mon_h [OUT_MON] GOT AN OUTPUT!: 96349d3da782
UVM_INFO out_mon.sv(31) @ 49605791: uvm_test_top.env0.out_mon_h [OUT_MON] GOT AN OUTPUT!: 0b130a282e54
UVM_INFO out_mon.sv(31) @ 49610771: uvm_test_top.env0.out_mon_h [OUT_MON] GOT AN OUTPUT!: ed17f19abae9
UVM_INFO out_mon.sv(31) @ 49615751: uvm_test_top.env0.out_mon_h [OUT_MON] GOT AN OUTPUT!: 6459e6619aac
UVM_INFO out_mon.sv(31) @ 49620731: uvm_test_top.env0.out_mon_h [OUT_MON] GOT AN OUTPUT!: b19b75c6e03d
UVM_INFO out_mon.sv(31) @ 49625711: uvm_test_top.env0.out_mon_h [OUT_MON] GOT AN OUTPUT!: 512f3adfb28d
UVM_INFO out_mon.sv(31) @ 49630691: uvm_test_top.env0.out_mon_h [OUT_MON] GOT AN OUTPUT!: d0cf9b30b670
UVM_INFO out_mon.sv(31) @ 49635671: uvm_test_top.env0.out_mon_h [OUT_MON] GOT AN OUTPUT!: 50825a416fc2
UVM_INFO out_mon.sv(31) @ 49640651: uvm_test_top.env0.out_mon_h [OUT_MON] GOT AN OUTPUT!: 667e427698de
UVM_INFO out_mon.sv(31) @ 49645631: uvm_test_top.env0.out_mon_h [OUT_MON] GOT AN OUTPUT!: ddffbd4b8d76
UVM_INFO out_mon.sv(31) @ 49650611: uvm_test_top.env0.out_mon_h [OUT_MON] GOT AN OUTPUT!: 8932bbc2a21f
UVM_INFO out_mon.sv(31) @ 49655591: uvm_test_top.env0.out_mon_h [OUT_MON] GOT AN OUTPUT!: 1e1044a48bcf
UVM_INFO out_mon.sv(31) @ 49660571: uvm_test_top.env0.out_mon_h [OUT_MON] GOT AN OUTPUT!: d63ac3e6b0e5
UVM_INFO out_mon.sv(31) @ 49665551: uvm_test_top.env0.out_mon_h [OUT_MON] GOT AN OUTPUT!: 49e2d050a048
UVM_INFO out_mon.sv(31) @ 49670531: uvm_test_top.env0.out_mon_h [OUT_MON] GOT AN OUTPUT!: bda395385f36
UVM_INFO out_mon.sv(31) @ 49675511: uvm_test_top.env0.out_mon_h [OUT_MON] GOT AN OUTPUT!: db6109edcbcd
UVM_INFO out_mon.sv(31) @ 49680491: uvm_test_top.env0.out_mon_h [OUT_MON] GOT AN OUTPUT!: 8e33932d07a2
UVM_INFO out_mon.sv(31) @ 49685471: uvm_test_top.env0.out_mon_h [OUT_MON] GOT AN OUTPUT!: 79399eafc905
UVM_INFO out_mon.sv(31) @ 49690451: uvm_test_top.env0.out_mon_h [OUT_MON] GOT AN OUTPUT!: 417cb6b5c9c1
UVM_INFO out_mon.sv(31) @ 49695431: uvm_test_top.env0.out_mon_h [OUT_MON] GOT AN OUTPUT!: a2d5e51c14c8
UVM_INFO out_mon.sv(31) @ 49700411: uvm_test_top.env0.out_mon_h [OUT_MON] GOT AN OUTPUT!: 07c7545b7ca4
UVM_INFO out_mon.sv(31) @ 49705391: uvm_test_top.env0.out_mon_h [OUT_MON] GOT AN OUTPUT!: 1c602685e83d
UVM_INFO out_mon.sv(31) @ 49710371: uvm_test_top.env0.out_mon_h [OUT_MON] GOT AN OUTPUT!: 94204b1ac178
UVM_INFO out_mon.sv(31) @ 49715351: uvm_test_top.env0.out_mon_h [OUT_MON] GOT AN OUTPUT!: 1acb784a458e
UVM_INFO out_mon.sv(31) @ 49720331: uvm_test_top.env0.out_mon_h [OUT_MON] GOT AN OUTPUT!: 28553cfff00b
UVM_INFO out_mon.sv(31) @ 49725311: uvm_test_top.env0.out_mon_h [OUT_MON] GOT AN OUTPUT!: 2fbf78cbe1b5
UVM_INFO out_mon.sv(31) @ 49730291: uvm_test_top.env0.out_mon_h [OUT_MON] GOT AN OUTPUT!: 60f0dc83287d
UVM_INFO out_mon.sv(31) @ 49735271: uvm_test_top.env0.out_mon_h [OUT_MON] GOT AN OUTPUT!: f5a5bd2f3b4e
UVM_INFO out_mon.sv(31) @ 49740251: uvm_test_top.env0.out_mon_h [OUT_MON] GOT AN OUTPUT!: c13effa444b5
UVM_INFO out_mon.sv(31) @ 49745231: uvm_test_top.env0.out_mon_h [OUT_MON] GOT AN OUTPUT!: 7bac5ed68ff1
UVM_INFO out_mon.sv(31) @ 49750211: uvm_test_top.env0.out_mon_h [OUT_MON] GOT AN OUTPUT!: ff4b6bc6dffb
UVM_INFO out_mon.sv(31) @ 49755191: uvm_test_top.env0.out_mon_h [OUT_MON] GOT AN OUTPUT!: 71c05e9dd909
UVM_INFO out_mon.sv(31) @ 49760171: uvm_test_top.env0.out_mon_h [OUT_MON] GOT AN OUTPUT!: 0fe21a4e564a
UVM_INFO out_mon.sv(31) @ 49765151: uvm_test_top.env0.out_mon_h [OUT_MON] GOT AN OUTPUT!: 148e5ed6d497
UVM_INFO out_mon.sv(31) @ 49770131: uvm_test_top.env0.out_mon_h [OUT_MON] GOT AN OUTPUT!: f290ebf9c4a7
UVM_INFO out_mon.sv(31) @ 49775111: uvm_test_top.env0.out_mon_h [OUT_MON] GOT AN OUTPUT!: d9816304fdec
UVM_INFO out_mon.sv(31) @ 49780091: uvm_test_top.env0.out_mon_h [OUT_MON] GOT AN OUTPUT!: 3da27c000932
UVM_INFO out_mon.sv(31) @ 49785071: uvm_test_top.env0.out_mon_h [OUT_MON] GOT AN OUTPUT!: dac5175991b8
UVM_INFO out_mon.sv(31) @ 49790051: uvm_test_top.env0.out_mon_h [OUT_MON] GOT AN OUTPUT!: 6a231cebbb1d
UVM_INFO out_mon.sv(31) @ 49795031: uvm_test_top.env0.out_mon_h [OUT_MON] GOT AN OUTPUT!: 034248ef8885
UVM_INFO out_mon.sv(31) @ 49800011: uvm_test_top.env0.out_mon_h [OUT_MON] GOT AN OUTPUT!: dfdc9537385c
UVM_INFO out_mon.sv(31) @ 49804991: uvm_test_top.env0.out_mon_h [OUT_MON] GOT AN OUTPUT!: 15ffaafe9049
UVM_INFO comparator.sv(28) @ 49804991: uvm_test_top.env0.comparator_h [ERROR: COMPARATOR] Expected:15ffbafe9049, Actual: 15ffaafe9049
UVM_INFO /home/morris/uvm-1.2/src/base/uvm_objection.svh(1270) @ 49804991: reporter [TEST_DONE] 'run' phase is ready to proceed to the 'extract' phase
UVM_INFO /home/morris/uvm-1.2/src/base/uvm_report_server.svh(847) @ 49804991: reporter [UVM/REPORT/SERVER] 
--- UVM Report Summary ---

** Report counts by severity
UVM_INFO :10010
UVM_WARNING :    0
UVM_ERROR :    0
UVM_FATAL :    0
** Report counts by id
[DRVR]     1
[ERROR: COMPARATOR]     2
[IN_MON]     1
[OUT_MON] 10002
[RNTST]     1
[TEST_DONE]     1
[UVM/RELNOTES]     1
[UVMTOP]     1

$finish called from file "/home/morris/uvm-1.2/src/base/uvm_root.svh", line 517.
$finish at simulation time             49804991
           V C S   S i m u l a t i o n   R e p o r t 
Time: 49804991 ns
CPU Time:     12.200 seconds;       Data structure size:   0.2Mb
Thu May  9 01:09:24 2024
